01-26 09:49:35.078 21486 22074 I am_finish_activity: [0,153875950,2127,com.mediatek.connectivity/.CdsRadioInfoActivity,app-request]
01-26 09:49:35.080 21486 22074 I am_home_stack_moved: [0,0,1,1,finishActivity adjustTopFocus setFocusedActivity]
01-26 09:49:35.084 21486 22074 I am_focused_activity: [0,com.mediatek.connectivity/.CdsRadioMenuActivity]
01-26 09:49:35.085 21486 22074 I am_pause_activity: [0,153875950,com.mediatek.connectivity/.CdsRadioInfoActivity]
01-26 09:49:35.090 22179 22179 I am_on_paused_called: [0,com.mediatek.connectivity.CdsRadioInfoActivity]
01-26 09:49:35.094 21486 22228 I am_resume_activity: [0,226074969,2127,com.mediatek.connectivity/.CdsRadioMenuActivity]
01-26 09:49:35.101 21486 22228 I am_focused_activity: [0,com.mediatek.connectivity/.CdsRadioMenuActivity]
01-26 09:49:35.112 22179 22179 I am_on_resume_called: [0,com.mediatek.connectivity.CdsRadioMenuActivity]
01-26 09:49:35.438 21486 21518 I am_proc_start: [0,20718,10007,com.htc.calendar,broadcast,com.htc.calendar/.ProviderChangeReceiver]
01-26 09:49:35.446 21486 21518 I am_destroy_activity: [0,153875950,2127,com.mediatek.connectivity/.CdsRadioInfoActivity,finish-imm]
01-26 09:49:35.458 21486 22154 I am_proc_bound: [0,20718,com.htc.calendar]
01-26 09:49:35.461   341   341 I sf_frame_dur: [com.mediatek.connectivity/com.mediatek.connectivity.CdsRadioInfoActivity,15,1,0,2,2,0,0]
01-26 09:49:35.559 22179 22179 I content_update_sample: [content://gsmapn/siminfo,update,_id=1,66,com.android.phone,14]
01-26 09:49:35.597 21486 21486 I notification_cancel: [10007,20718,com.htc.calendar,1,NULL,0,0,64,8,NULL]
01-26 09:49:35.664 21486 22796 I am_proc_died: [0,20535,com.android.settings]
01-26 09:49:35.763 21486 21486 I notification_cancel: [1001,22179,com.android.phone,16,NULL,0,0,64,8,NULL]
01-26 09:49:35.780 21486 21516 I am_finish_activity: [0,226074969,2127,com.mediatek.connectivity/.CdsRadioMenuActivity,app-request]
01-26 09:49:35.781 21486 21516 I am_home_stack_moved: [0,0,1,1,finishActivity adjustTopFocus setFocusedActivity]
01-26 09:49:35.786 21486 21516 I am_focused_activity: [0,com.facebook.katana/com.facebook.composer.activity.ComposerActivity]
01-26 09:49:35.816 21486 21516 I am_pause_activity: [0,226074969,com.mediatek.connectivity/.CdsRadioMenuActivity]
01-26 09:49:35.821 21486 21486 I notification_cancel: [1001,22179,com.android.phone,21,NULL,0,0,64,8,NULL]
01-26 09:49:35.861 22179 22179 I am_on_paused_called: [0,com.mediatek.connectivity.CdsRadioMenuActivity]
01-26 09:49:35.893 21486 23315 I am_resume_activity: [0,388761529,2126,com.facebook.katana/com.facebook.composer.activity.ComposerActivity]
01-26 09:49:35.910 21486 23315 I am_focused_activity: [0,com.facebook.katana/com.facebook.composer.activity.ComposerActivity]
01-26 09:49:35.948  3445  3445 I am_on_resume_called: [0,com.facebook.composer.activity.ComposerActivity]
01-26 09:49:36.158 21486 22228 I am_proc_died: [0,17486,com.htc.sense.mms:mms]
01-26 09:49:36.276 22179 20754 I content_update_sample: Binder:22179, Delete uri:content://sms/icc-db/0, selection:null, selectionArgs:null
01-26 09:49:36.334 21486 21486 I notification_cancel: [1001,22179,com.android.phone,19,NULL,0,0,64,8,NULL]
01-26 09:49:36.334 21486 21518 I am_destroy_activity: [0,226074969,2127,com.mediatek.connectivity/.CdsRadioMenuActivity,finish-imm]
01-26 09:49:36.353 21486 22202 I wm_task_removed: [2127,removeAppToken: last token]
01-26 09:49:36.353 21486 22202 I wm_task_removed: [2127,removeTask]
01-26 09:49:36.685 21486 21486 I notification_cancel: [10015,21690,com.android.systemui,100,low_battery,-1,0,64,8,NULL]
01-26 09:49:36.685 21486 21486 I notification_cancel: [10015,21690,com.android.systemui,2130838302,power_saver,-1,0,64,8,NULL]
01-26 09:49:36.986 21486 22177 I am_proc_start: [0,20766,10020,com.google.android.gms,service,com.google.android.gms/.gcm.PushMessagingRegistrarProxy]
01-26 09:49:37.004 21486 22178 I am_proc_bound: [0,20766,com.google.android.gms]
01-26 09:49:37.192 21486 22075 I am_home_stack_moved: [0,0,1,1,startingNewTask]
01-26 09:49:37.192 21486 22075 I wm_task_moved: [2126,1,7]
01-26 09:49:37.197 21486 22075 I am_create_task: [0,2129]
01-26 09:49:37.198 21486 22075 I am_create_activity: [0,286839010,2129,com.android.phone/.dualsim.DualSetting,android.intent.action.MAIN,NULL,NULL,268435456]
01-26 09:49:37.199 21486 22075 I wm_task_created: [2129,1]
01-26 09:49:37.199 21486 22075 I wm_task_moved: [2129,1,8]
01-26 09:49:37.262 21486 22075 I am_pause_activity: [0,388761529,com.facebook.katana/com.facebook.composer.activity.ComposerActivity]
01-26 09:49:37.271 21486 22075 I am_home_stack_moved: [0,0,1,1,startedActivity setFocusedActivity]
01-26 09:49:37.282 21486 22075 I am_focused_activity: [0,com.android.phone/.dualsim.DualSetting]
01-26 09:49:37.284 21486 22251 I am_proc_died: [0,20718,com.htc.calendar]
01-26 09:49:37.370  3445  3445 I am_on_paused_called: [0,com.facebook.composer.activity.ComposerActivity]
01-26 09:49:37.407 21486 22178 I am_restart_activity: [0,286839010,2129,com.android.phone/.dualsim.DualSetting]
01-26 09:49:37.450 21486 22178 I am_focused_activity: [0,com.android.phone/.dualsim.DualSetting]
01-26 09:49:37.485 22179 22179 I binder_sample: [android.app.IActivityManager,185,74,com.android.phone,14]
01-26 09:49:37.598 21486 22075 I am_proc_died: [0,20513,com.htc.mobiledata:remote]
01-26 09:49:37.633 22179 22179 I am_on_resume_called: [0,com.android.phone.dualsim.DualSetting]
01-26 09:49:37.685   341   341 I sf_frame_dur: [com.facebook.katana/com.facebook.composer.activity.ComposerActivity,0,2,0,0,0,0,1]
01-26 09:49:37.743 22179 22179 I binder_sample: [android.view.IWindowSession,6,26,com.android.phone,5]
01-26 09:49:37.820   341   341 I sf_frame_dur: [com.facebook.katana/com.facebook.composer.activity.ComposerActivity,4,3,0,0,1,1,0]
01-26 09:49:37.858 21486  7839 I am_proc_start: [0,20794,10020,com.google.process.gapps,content provider,com.google.android.gsf/.gservices.GservicesProvider]
01-26 09:49:37.891 21486 23315 I am_proc_bound: [0,20794,com.google.process.gapps]
01-26 09:49:37.897 21486 21528 I am_activity_launch_time: [0,286839010,com.android.phone/.dualsim.DualSetting,526,526]
01-26 09:49:37.963 21486 23315 I am_proc_died: [0,20682,com.htc.bgp]
01-26 09:49:38.120 20766 20766 I binder_sample: [android.app.IActivityManager,29,294,com.google.android.gms,58]
01-26 09:49:38.219 21486 21486 I notification_cancel: [10020,20766,com.google.android.gms,10436,NOT_LMP,0,0,64,8,NULL]
01-26 09:49:38.220 21486 21486 I notification_cancel: [10020,20766,com.google.android.gms,39789,NOT_LMP,0,0,64,8,NULL]
01-26 09:49:38.232 21486 22074 I am_proc_died: [0,19538,com.htc.sense.mms]
01-26 09:49:38.826 21486 21486 I notification_enqueue: [10020,22078,com.google.android.gms,0,com.google.android.gms.auth.TokenNotificationManager:gftrss081@gmail.com:com.google,0,Notification(pri=0 contentView=null vibrate=null sound=null defaults=0x0 flags=0xa color=0x00000000 vis=PRIVATE),1]
01-26 09:49:38.827 21486 21486 I notification_skip_beep_vibrate: [0,0,0,0,0,1,0,1,0,0]
01-26 09:49:38.827 21486 21486 I notification_skip_light: [1,0,1,0,0]
01-26 09:49:38.975 20766 20836 I content_query_sample: [content://com.android.contacts/contacts?directory=0,_id/contact_last_updated_timestamp,contact_last_updated_timestamp>1453293786896,,28,com.google.android.gms,6]
01-26 09:49:39.048 20766 20836 I content_update_sample: [content://com.google.android.gms.icing.proxy/contacts,update,delta,173,com.google.android.gms,35]
01-26 09:49:39.437 22431 20834 I content_query_sample: [content://icc/phonebook/subId/1,name/number/hidden/recordNumber/number1/number2/emails,,,629,com.android.providers.contacts,100]
01-26 09:49:42.755 21486 23315 I am_home_stack_moved: [0,0,1,1,startingNewTask]
01-26 09:49:42.755 21486 23315 I wm_task_moved: [2129,1,8]
01-26 09:49:42.761 21486 23315 I am_create_task: [0,2130]
01-26 09:49:42.761 21486 23315 I am_create_activity: [0,127758643,2130,com.android.phone/.dualsim.DualSettingsSlotPreference,android.intent.action.MAIN,NULL,NULL,276824064]
01-26 09:49:42.762 21486 23315 I wm_task_created: [2130,1]
01-26 09:49:42.762 21486 23315 I wm_task_moved: [2130,1,9]
01-26 09:49:42.781 21486 23315 I am_pause_activity: [0,286839010,com.android.phone/.dualsim.DualSetting]
01-26 09:49:42.795 21486 23315 I am_home_stack_moved: [0,0,1,1,startedActivity setFocusedActivity]
01-26 09:49:42.798 21486 23315 I am_focused_activity: [0,com.android.phone/.dualsim.DualSettingsSlotPreference]
01-26 09:49:42.804 22179 22179 I am_on_paused_called: [0,com.android.phone.dualsim.DualSetting]
01-26 09:49:42.807 21486 22129 I am_restart_activity: [0,127758643,2130,com.android.phone/.dualsim.DualSettingsSlotPreference]
01-26 09:49:42.813 21486 22129 I am_focused_activity: [0,com.android.phone/.dualsim.DualSettingsSlotPreference]
01-26 09:49:42.924 22179 22179 I am_on_resume_called: [0,com.android.phone.dualsim.DualSettingsSlotPreference]
01-26 09:49:43.062 21486 21528 I am_activity_launch_time: [0,127758643,com.android.phone/.dualsim.DualSettingsSlotPreference,256,256]
01-26 09:49:43.095   341   341 I sf_frame_dur: [com.android.phone/com.android.phone.dualsim.DualSetting,15,0,1,1,0,1,0]
01-26 09:49:44.173 22179 22179 I binder_sample: [com.android.internal.telephony.ITelephonyRegistry,10,101,com.android.phone,20]
01-26 09:49:46.690 21486 21486 I notification_cancel: [10015,21690,com.android.systemui,100,low_battery,-1,0,64,8,NULL]
01-26 09:49:46.691 21486 21486 I notification_cancel: [10015,21690,com.android.systemui,2130838302,power_saver,-1,0,64,8,NULL]
01-26 09:49:47.963 21486 22074 I am_home_stack_moved: [0,0,1,1,startingNewTask]
01-26 09:49:47.963 21486 22074 I wm_task_moved: [2130,1,9]
01-26 09:49:47.969 21486 22074 I am_create_task: [0,2131]
01-26 09:49:47.969 21486 22074 I am_create_activity: [0,322594821,2131,com.android.phone/.dualsim.DualNetworkSettingsPreference,android.intent.action.MAIN,NULL,NULL,268435456]
01-26 09:49:47.971 21486 22074 I wm_task_created: [2131,1]
01-26 09:49:47.971 21486 22074 I wm_task_moved: [2131,1,10]
01-26 09:49:47.990 21486 21486 I free_storage_changed: 5982416896
01-26 09:49:47.993 21486 22074 I am_pause_activity: [0,127758643,com.android.phone/.dualsim.DualSettingsSlotPreference]
01-26 09:49:47.995 22179 22179 I am_on_paused_called: [0,com.android.phone.dualsim.DualSettingsSlotPreference]
01-26 09:49:48.021 21486 22074 I am_home_stack_moved: [0,0,1,1,startedActivity setFocusedActivity]
01-26 09:49:48.025 21486 22074 I am_focused_activity: [0,com.android.phone/.dualsim.DualNetworkSettingsPreference]
01-26 09:49:48.027 21486 21507 I am_restart_activity: [0,322594821,2131,com.android.phone/.dualsim.DualNetworkSettingsPreference]
01-26 09:49:48.032 21486 21507 I am_focused_activity: [0,com.android.phone/.dualsim.DualNetworkSettingsPreference]
01-26 09:49:48.033 22179 22179 I binder_sample: [android.app.IActivityManager,19,37,com.android.phone,7]
01-26 09:49:48.127 22179 22179 I am_on_resume_called: [0,com.android.phone.dualsim.DualNetworkSettingsPreference]
01-26 09:49:48.294 21486 21528 I am_activity_launch_time: [0,322594821,com.android.phone/.dualsim.DualNetworkSettingsPreference,269,269]
01-26 09:49:48.317   341   341 I sf_frame_dur: [com.android.phone/com.android.phone.dualsim.DualSettingsSlotPreference,12,2,1,1,0,0,0]
01-26 09:49:51.087 21486 22177 I am_finish_activity: [0,322594821,2131,com.android.phone/.dualsim.DualNetworkSettingsPreference,app-request]
01-26 09:49:51.090 21486 22177 I am_home_stack_moved: [0,0,1,1,finishActivity adjustTopFocus setFocusedActivity]
01-26 09:49:51.095 21486 22177 I am_focused_activity: [0,com.android.phone/.dualsim.DualSettingsSlotPreference]
01-26 09:49:51.128 21486 22177 I am_pause_activity: [0,322594821,com.android.phone/.dualsim.DualNetworkSettingsPreference]
01-26 09:49:51.134 22179 22179 I am_on_paused_called: [0,com.android.phone.dualsim.DualNetworkSettingsPreference]
01-26 09:49:51.138 21486 21507 I am_resume_activity: [0,127758643,2130,com.android.phone/.dualsim.DualSettingsSlotPreference]
01-26 09:49:51.147 21486 21507 I am_focused_activity: [0,com.android.phone/.dualsim.DualSettingsSlotPreference]
01-26 09:49:51.156 22179 22179 I am_on_resume_called: [0,com.android.phone.dualsim.DualSettingsSlotPreference]
01-26 09:49:51.170 22179 22179 I binder_sample: [android.view.IWindowSession,6,8,com.android.phone,1]
01-26 09:49:51.488 21486 21518 I am_destroy_activity: [0,322594821,2131,com.android.phone/.dualsim.DualNetworkSettingsPreference,finish-imm]
01-26 09:49:51.515 21486 21516 I wm_task_removed: [2131,removeAppToken: last token]
01-26 09:49:51.515 21486 21516 I wm_task_removed: [2131,removeTask]
01-26 09:49:51.517   341   341 I sf_frame_dur: [com.android.phone/com.android.phone.dualsim.DualNetworkSettingsPreference,14,0,2,0,0,1,0]
01-26 09:49:51.691 21486 22251 I am_finish_activity: [0,127758643,2130,com.android.phone/.dualsim.DualSettingsSlotPreference,app-request]
01-26 09:49:51.692 21486 22251 I am_home_stack_moved: [0,0,1,1,finishActivity adjustTopFocus setFocusedActivity]
01-26 09:49:51.694 21486 22251 I am_focused_activity: [0,com.android.phone/.dualsim.DualSetting]
01-26 09:49:51.714 21486 22251 I am_pause_activity: [0,127758643,com.android.phone/.dualsim.DualSettingsSlotPreference]
01-26 09:49:51.720 22179 22179 I am_on_paused_called: [0,com.android.phone.dualsim.DualSettingsSlotPreference]
01-26 09:49:51.723 21486 22178 I am_resume_activity: [0,286839010,2129,com.android.phone/.dualsim.DualSetting]
01-26 09:49:51.727 21486 22178 I am_focused_activity: [0,com.android.phone/.dualsim.DualSetting]
01-26 09:49:51.747 22179 22179 I am_on_resume_called: [0,com.android.phone.dualsim.DualSetting]
01-26 09:49:52.109 21486 21518 I am_destroy_activity: [0,127758643,2130,com.android.phone/.dualsim.DualSettingsSlotPreference,finish-imm]
01-26 09:49:52.134 21486 22177 I wm_task_removed: [2130,removeAppToken: last token]
01-26 09:49:52.134 21486 22177 I wm_task_removed: [2130,removeTask]
01-26 09:49:52.399 21486 22202 I am_finish_activity: [0,286839010,2129,com.android.phone/.dualsim.DualSetting,app-request]
01-26 09:49:52.404 21486 22202 I am_home_stack_moved: [0,0,1,1,finishActivity adjustTopFocus setFocusedActivity]
01-26 09:49:52.407 21486 22202 I am_focused_activity: [0,com.facebook.katana/com.facebook.composer.activity.ComposerActivity]
01-26 09:49:52.431 21486 22202 I am_pause_activity: [0,286839010,com.android.phone/.dualsim.DualSetting]
01-26 09:49:52.435 22179 22179 I am_on_paused_called: [0,com.android.phone.dualsim.DualSetting]
01-26 09:49:52.472 21486 22129 I am_resume_activity: [0,388761529,2126,com.facebook.katana/com.facebook.composer.activity.ComposerActivity]
01-26 09:49:52.486 21486 22129 I am_focused_activity: [0,com.facebook.katana/com.facebook.composer.activity.ComposerActivity]
01-26 09:49:52.523  3445  3445 I am_on_resume_called: [0,com.facebook.composer.activity.ComposerActivity]
01-26 09:49:52.594 22179 22179 I binder_sample: [android.view.IWindowSession,6,22,com.android.phone,4]
01-26 09:49:52.744 26197 26197 I binder_sample: [android.location.ILocationManager,32,14,com.htc.ate.engine,2]
01-26 09:49:52.849 21486 21518 I am_destroy_activity: [0,286839010,2129,com.android.phone/.dualsim.DualSetting,finish-imm]
01-26 09:49:52.865   341   341 I sf_frame_dur: [com.android.phone/com.android.phone.dualsim.DualSetting,0,0,0,0,1,0,0]
01-26 09:49:52.873 21486 22075 I wm_task_removed: [2129,removeAppToken: last token]
01-26 09:49:52.873 21486 22075 I wm_task_removed: [2129,removeTask]
01-26 09:49:53.608 21486 22074 I am_home_stack_moved: [0,0,1,1,startingNewTask]
01-26 09:49:53.608 21486 22074 I wm_task_moved: [2126,1,7]
01-26 09:49:53.616 21486 22074 I am_create_task: [0,2132]
01-26 09:49:53.616 21486 22074 I am_create_activity: [0,149953566,2132,com.android.phone/.dualsim.DualSetting,android.intent.action.MAIN,NULL,NULL,268435456]
01-26 09:49:53.617 21486 22074 I wm_task_created: [2132,1]
01-26 09:49:53.617 21486 22074 I wm_task_moved: [2132,1,8]
01-26 09:49:53.642 21486 22074 I am_pause_activity: [0,388761529,com.facebook.katana/com.facebook.composer.activity.ComposerActivity]
01-26 09:49:53.671 21486 22074 I am_home_stack_moved: [0,0,1,1,startedActivity setFocusedActivity]
01-26 09:49:53.676 21486 22074 I am_focused_activity: [0,com.android.phone/.dualsim.DualSetting]
01-26 09:49:53.680  3445  3445 I am_on_paused_called: [0,com.facebook.composer.activity.ComposerActivity]
01-26 09:49:53.716 21486 22202 I am_restart_activity: [0,149953566,2132,com.android.phone/.dualsim.DualSetting]
01-26 09:49:53.723 21486 22202 I am_focused_activity: [0,com.android.phone/.dualsim.DualSetting]
01-26 09:49:53.893 22179 22179 I am_on_resume_called: [0,com.android.phone.dualsim.DualSetting]
01-26 09:49:53.927 22179 22179 I binder_sample: [android.view.IWindowSession,14,10,com.android.phone,2]
01-26 09:49:54.103 21486 21528 I am_activity_launch_time: [0,149953566,com.android.phone/.dualsim.DualSetting,421,421]
01-26 09:49:54.359 21486 21557 I am_proc_start: [0,20876,10055,com.htc.sense.mms,service,com.htc.sense.mms/.transaction.TransactionService]
01-26 09:49:54.376 21486 22202 I am_proc_bound: [0,20876,com.htc.sense.mms]
01-26 09:49:54.505 21486 21507 I am_proc_start: [0,20902,10055,com.htc.sense.mms:mms,service,com.htc.sense.mms/com.htc.messaging.service.MmsService]
01-26 09:49:54.518 21486 22228 I am_proc_bound: [0,20902,com.htc.sense.mms:mms]
01-26 09:49:54.533 22179 22693 I content_query_sample: Binder:20876, Query uri:content://mms-sms/pending?protocol=mms, selection:err_type < ? AND due_time <= ?, selectionArgs:[Ljava.lang.String;@3a68bdc6
01-26 09:49:55.738 26197 26197 I binder_sample: [android.location.ILocationManager,32,5,com.htc.ate.engine,1]
01-26 09:49:56.545 22179 22200 I content_query_sample: Binder:20876, Query uri:content://mms-sms-v2/rawQuery, selection:select _id,msg_id from addr where (type = 129 or type = 130 or type = 151), selectionArgs:null
01-26 09:49:56.553 22179 32543 I content_query_sample: Binder:20876, Query uri:content://mms/thread-allreport, selection:thread_id>0 AND m_id!= "" AND (m_type = 128 or m_type = 134 or m_type = 136), selectionArgs:null
01-26 09:49:56.560 22179 32544 I content_query_sample: Binder:20876, Query uri:content://mms-sms-v2/rawQuery, selection:SELECT count(1) FROM sms WHERE date2 = 0, selectionArgs:null
01-26 09:49:56.568 22179 22913 I content_query_sample: Binder:20876, Query uri:content://mms-sms-v2/rawQuery, selection:select count(1) from contact_threads where htc_category =1 or htc_category = 2, selectionArgs:null
01-26 09:49:56.577 22179 15920 I content_query_sample: Binder:20876, Query uri:content://mms-sms-v2/rawQuery, selection:select count(1) from blocklist, selectionArgs:null
01-26 09:49:56.583 22179 22779 I content_query_sample: Binder:20876, Query uri:content://mms/part, selection:null, selectionArgs:null
01-26 09:49:56.588 22179 32542 I content_query_sample: Binder:20876, Query uri:content://mms-sms-v2/rawQuery, selection:SELECT count(1) FROM pdu WHERE date2 = 0, selectionArgs:null
01-26 09:49:56.598 22179 22200 I content_query_sample: Binder:20876, Query uri:content://sms, selection:body Like 'BEGIN:VCARD%' AND thread_id > 0 , selectionArgs:null
01-26 09:49:56.636 22179 22201 I content_query_sample: Binder:20902, Query uri:content://mms-sms-v2/rawQuery, selection:SELECT count(1) FROM sms WHERE date2 = 0, selectionArgs:null
01-26 09:49:56.642 22179 22662 I content_query_sample: Binder:20902, Query uri:content://mms-sms-v2/rawQuery, selection:select count(1) from contact_threads where htc_category =1 or htc_category = 2, selectionArgs:null
01-26 09:49:56.650 22179 15920 I content_query_sample: Binder:20902, Query uri:content://mms-sms-v2/rawQuery, selection:select _id,msg_id from addr where (type = 129 or type = 130 or type = 151), selectionArgs:null
01-26 09:49:56.658 22179 22779 I content_update_sample: Binder:20876, Update uri:content://mms, selection:st=129 AND m_type!=134, selectionArgs:null
01-26 09:49:56.658 22179 22742 I content_query_sample: Binder:20902, Query uri:content://mms/part, selection:null, selectionArgs:null
01-26 09:49:56.673 21486 21486 I notification_cancel: [10015,21690,com.android.systemui,100,low_battery,-1,0,64,8,NULL]
01-26 09:49:56.673 21486 21486 I notification_cancel: [10015,21690,com.android.systemui,2130838302,power_saver,-1,0,64,8,NULL]
01-26 09:49:56.674 22179 22201 I content_query_sample: Binder:20902, Query uri:content://mms-sms-v2/rawQuery, selection:SELECT count(1) FROM pdu WHERE date2 = 0, selectionArgs:null
01-26 09:49:56.679 22179 22692 I content_query_sample: Binder:20902, Query uri:content://mms-sms-v2/rawQuery, selection:select count(1) from blocklist, selectionArgs:null
01-26 09:49:56.683 22179 22662 I content_query_sample: Binder:20902, Query uri:content://mms/thread-allreport, selection:thread_id>0 AND m_id!= "" AND (m_type = 128 or m_type = 134 or m_type = 136), selectionArgs:null
01-26 09:49:56.687 22179 22693 I content_query_sample: Binder:20902, Query uri:content://mms-sms-v2/conversations?simple=true&formal=true&category=0, selection:null, selectionArgs:null
01-26 09:49:56.692 22179 22779 I content_update_sample: Binder:20902, Update uri:content://mms, selection:st=129 AND m_type!=134, selectionArgs:null
01-26 09:49:56.694 22179 22742 I content_query_sample: Binder:20876, Query uri:content://mms-sms/draft?category=0, selection:null, selectionArgs:null
01-26 09:49:56.699 22179 22200 I content_query_sample: Binder:20902, Query uri:content://sms, selection:body Like 'BEGIN:VCARD%' AND thread_id > 0 , selectionArgs:null
01-26 09:49:56.708 22179 32543 I content_query_sample: Binder:20876, Query uri:content://mms-sms-v2/conversations?simple=true&formal=true&category=0, selection:null, selectionArgs:null
01-26 09:49:56.747 22179 22912 I content_query_sample: Binder:20902, Query uri:content://mms-sms/draft?category=0, selection:null, selectionArgs:null
01-26 09:49:58.565 22179 22179 I binder_sample: [com.android.internal.telephony.ITelephonyRegistry,10,77,com.android.phone,15]
01-26 09:49:58.845 26197 26197 I binder_sample: [android.location.ILocationManager,32,5,com.htc.ate.engine,1]
01-26 09:49:59.159 21486 22177 I am_home_stack_moved: [0,0,1,1,startingNewTask]
01-26 09:49:59.159 21486 22177 I wm_task_moved: [2132,1,8]
01-26 09:49:59.163 21486 22177 I am_create_task: [0,2133]
01-26 09:49:59.163 21486 22177 I am_create_activity: [0,780576112,2133,com.android.phone/.dualsim.DualSettingsSlotPreference,android.intent.action.MAIN,NULL,NULL,276824064]
01-26 09:49:59.164 21486 22177 I wm_task_created: [2133,1]
01-26 09:49:59.164 21486 22177 I wm_task_moved: [2133,1,9]
01-26 09:49:59.181 21486 22177 I am_pause_activity: [0,149953566,com.android.phone/.dualsim.DualSetting]
01-26 09:49:59.184 21486 22177 I am_home_stack_moved: [0,0,1,1,startedActivity setFocusedActivity]
01-26 09:49:59.188 21486 22177 I am_focused_activity: [0,com.android.phone/.dualsim.DualSettingsSlotPreference]
01-26 09:49:59.195 22179 22179 I am_on_paused_called: [0,com.android.phone.dualsim.DualSetting]
01-26 09:49:59.216 21486  7839 I am_restart_activity: [0,780576112,2133,com.android.phone/.dualsim.DualSettingsSlotPreference]
01-26 09:49:59.223 21486  7839 I am_focused_activity: [0,com.android.phone/.dualsim.DualSettingsSlotPreference]
01-26 09:49:59.335 22179 22179 I am_on_resume_called: [0,com.android.phone.dualsim.DualSettingsSlotPreference]
01-26 09:49:59.343 22179 22179 I binder_sample: [android.view.IWindowSession,2,5,com.android.phone,1]
01-26 09:49:59.476 21486 21528 I am_activity_launch_time: [0,780576112,com.android.phone/.dualsim.DualSettingsSlotPreference,265,265]
01-26 09:49:59.520   341   341 I sf_frame_dur: [com.android.phone/com.android.phone.dualsim.DualSetting,14,1,0,1,0,1,0]
01-26 09:50:04.519 21486 22129 I am_home_stack_moved: [0,0,1,1,sourceStackToFront]
01-26 09:50:04.519 21486 22129 I wm_task_moved: [2133,1,9]
01-26 09:50:04.525 21486 22129 I am_create_activity: [0,16431644,2133,com.android.phone/.dualsim.DualSettingsSlotNetworkModeSelect,com.android.phone.dualsim.SELECT_NETWORK_MODE,NULL,NULL,276824064]
01-26 09:50:04.526 21486 22129 I am_pause_activity: [0,780576112,com.android.phone/.dualsim.DualSettingsSlotPreference]
01-26 09:50:04.529 21486 22129 I am_home_stack_moved: [0,0,1,1,startedActivity setFocusedActivity]
01-26 09:50:04.532 21486 22129 I am_focused_activity: [0,com.android.phone/.dualsim.DualSettingsSlotNetworkModeSelect]
01-26 09:50:04.540 22179 22179 I am_on_paused_called: [0,com.android.phone.dualsim.DualSettingsSlotPreference]
01-26 09:50:04.543 21486 22074 I am_restart_activity: [0,16431644,2133,com.android.phone/.dualsim.DualSettingsSlotNetworkModeSelect]
01-26 09:50:04.548 21486 22074 I am_focused_activity: [0,com.android.phone/.dualsim.DualSettingsSlotNetworkModeSelect]
01-26 09:50:04.612 22179 22179 I am_on_resume_called: [0,com.android.phone.dualsim.DualSettingsSlotNetworkModeSelect]
01-26 09:50:04.773 21486 21528 I am_activity_launch_time: [0,16431644,com.android.phone/.dualsim.DualSettingsSlotNetworkModeSelect,231,231]
01-26 09:50:06.750 21486 21486 I notification_cancel: [10015,21690,com.android.systemui,100,low_battery,-1,0,64,8,NULL]
01-26 09:50:06.755 21486 21486 I notification_cancel: [10015,21690,com.android.systemui,2130838302,power_saver,-1,0,64,8,NULL]
01-26 09:50:16.674 21486 21486 I notification_cancel: [10015,21690,com.android.systemui,100,low_battery,-1,0,64,8,NULL]
01-26 09:50:16.683 21690 21690 I binder_sample: [android.app.INotificationManager,5,15,com.android.systemui,3]
01-26 09:50:16.713 21486 21486 I notification_cancel: [10015,21690,com.android.systemui,2130838302,power_saver,-1,0,64,8,NULL]
01-26 09:50:17.428   341   341 I sf_frame_dur: [SIM 1 network mode,20,1,1,0,0,1,0]
01-26 09:50:17.992 21486 21486 I free_storage_changed: 5973827584
01-26 09:50:20.811 21486 22251 I am_finish_activity: [0,16431644,2133,com.android.phone/.dualsim.DualSettingsSlotNetworkModeSelect,app-request]
01-26 09:50:20.812 21486 22251 I am_home_stack_moved: [0,0,1,1,finishActivity adjustTopFocus setFocusedActivity]
01-26 09:50:20.815 21486 22251 I am_focused_activity: [0,com.android.phone/.dualsim.DualSettingsSlotPreference]
01-26 09:50:20.816 21486 22251 I am_pause_activity: [0,16431644,com.android.phone/.dualsim.DualSettingsSlotNetworkModeSelect]
01-26 09:50:20.821 22179 22179 I am_on_paused_called: [0,com.android.phone.dualsim.DualSettingsSlotNetworkModeSelect]
01-26 09:50:20.824 21486 23315 I am_resume_activity: [0,780576112,2133,com.android.phone/.dualsim.DualSettingsSlotPreference]
01-26 09:50:20.835 21486 23315 I am_focused_activity: [0,com.android.phone/.dualsim.DualSettingsSlotPreference]
01-26 09:50:20.846 22179 22179 I am_on_resume_called: [0,com.android.phone.dualsim.DualSettingsSlotPreference]
01-26 09:50:20.885 21486 22796 I am_destroy_activity: [0,16431644,2133,com.android.phone/.dualsim.DualSettingsSlotNetworkModeSelect,finish-imm]
01-26 09:50:21.000   341   341 I sf_frame_dur: [com.android.phone/com.android.phone.dualsim.DualSettingsSlotNetworkModeSelect,18,3,0,0,1,1,1]
01-26 09:50:24.157 21486  7839 I am_finish_activity: [0,780576112,2133,com.android.phone/.dualsim.DualSettingsSlotPreference,app-request]
01-26 09:50:24.159 21486  7839 I am_home_stack_moved: [0,0,1,1,finishActivity adjustTopFocus setFocusedActivity]
01-26 09:50:24.161 21486  7839 I am_focused_activity: [0,com.android.phone/.dualsim.DualSetting]
01-26 09:50:24.181 21486  7839 I am_pause_activity: [0,780576112,com.android.phone/.dualsim.DualSettingsSlotPreference]
01-26 09:50:24.184 22179 22179 I am_on_paused_called: [0,com.android.phone.dualsim.DualSettingsSlotPreference]
01-26 09:50:24.187 21486 22075 I am_resume_activity: [0,149953566,2132,com.android.phone/.dualsim.DualSetting]
01-26 09:50:24.190 21486 22075 I am_focused_activity: [0,com.android.phone/.dualsim.DualSetting]
01-26 09:50:24.207 22179 22179 I am_on_resume_called: [0,com.android.phone.dualsim.DualSetting]
01-26 09:50:24.592 21486 21518 I am_destroy_activity: [0,780576112,2133,com.android.phone/.dualsim.DualSettingsSlotPreference,finish-imm]
01-26 09:50:24.606   341   341 I sf_frame_dur: [com.android.phone/com.android.phone.dualsim.DualSettingsSlotPreference,29,4,1,1,1,0,1]
01-26 09:50:24.636 21486 22203 I wm_task_removed: [2133,removeAppToken: last token]
01-26 09:50:24.636 21486 22203 I wm_task_removed: [2133,removeTask]
01-26 09:50:24.846 21486 23315 I am_finish_activity: [0,149953566,2132,com.android.phone/.dualsim.DualSetting,app-request]
01-26 09:50:24.851 21486 23315 I am_home_stack_moved: [0,0,1,1,finishActivity adjustTopFocus setFocusedActivity]
01-26 09:50:24.858 21486 23315 I am_focused_activity: [0,com.facebook.katana/com.facebook.composer.activity.ComposerActivity]
01-26 09:50:24.880 21486 23315 I am_pause_activity: [0,149953566,com.android.phone/.dualsim.DualSetting]
01-26 09:50:24.884 22179 22179 I am_on_paused_called: [0,com.android.phone.dualsim.DualSetting]
01-26 09:50:24.921 21486  7839 I am_resume_activity: [0,388761529,2126,com.facebook.katana/com.facebook.composer.activity.ComposerActivity]
01-26 09:50:24.936 21486  7839 I am_focused_activity: [0,com.facebook.katana/com.facebook.composer.activity.ComposerActivity]
01-26 09:50:24.983  3445  3445 I am_on_resume_called: [0,com.facebook.composer.activity.ComposerActivity]
01-26 09:50:25.087 21486 21486 I notification_cancel: [10092,3445,com.facebook.katana,714499313,com.facebook.rti.mqtt.common.analytics.MqttDiagnosticNotification,0,0,64,8,NULL]
01-26 09:50:25.274 21486 21486 I notification_cancel: [10092,3445,com.facebook.katana,714499313,com.facebook.rti.mqtt.common.analytics.MqttDiagnosticNotification,0,0,64,8,NULL]
01-26 09:50:25.297 21486 21518 I am_destroy_activity: [0,149953566,2132,com.android.phone/.dualsim.DualSetting,finish-imm]
01-26 09:50:25.313   341   341 I sf_frame_dur: [com.android.phone/com.android.phone.dualsim.DualSetting,0,0,0,0,1,0,0]
01-26 09:50:25.330 21486 22074 I wm_task_removed: [2132,removeAppToken: last token]
01-26 09:50:25.330 21486 22074 I wm_task_removed: [2132,removeTask]
01-26 09:50:26.085 21486 22203 I am_home_stack_moved: [0,0,1,1,startingNewTask]
01-26 09:50:26.085 21486 22203 I wm_task_moved: [2126,1,7]
01-26 09:50:26.089 21486 22203 I am_create_task: [0,2134]
01-26 09:50:26.089 21486 22203 I am_create_activity: [0,285111203,2134,com.android.phone/.NetworkSetting,android.intent.action.MAIN,NULL,NULL,268435456]
01-26 09:50:26.090 21486 22203 I wm_task_created: [2134,1]
01-26 09:50:26.090 21486 22203 I wm_task_moved: [2134,1,8]
01-26 09:50:26.111 21486 22203 I am_pause_activity: [0,388761529,com.facebook.katana/com.facebook.composer.activity.ComposerActivity]
01-26 09:50:26.129 21486 22203 I am_home_stack_moved: [0,0,1,1,startedActivity setFocusedActivity]
01-26 09:50:26.132 21486 22203 I am_focused_activity: [0,com.android.phone/.NetworkSetting]
01-26 09:50:26.134  3445  3445 I am_on_paused_called: [0,com.facebook.composer.activity.ComposerActivity]
01-26 09:50:26.137 21486  7839 I am_restart_activity: [0,285111203,2134,com.android.phone/.NetworkSetting]
01-26 09:50:26.143 21486  7839 I am_focused_activity: [0,com.android.phone/.NetworkSetting]
01-26 09:50:26.292 22179 22179 I am_on_resume_called: [0,com.android.phone.NetworkSetting]
01-26 09:50:26.408 21486 21528 I am_activity_launch_time: [0,285111203,com.android.phone/.NetworkSetting,273,273]
01-26 09:50:26.445   341   341 I sf_frame_dur: [com.facebook.katana/com.facebook.composer.activity.ComposerActivity,0,0,0,0,0,1,0]
01-26 09:50:26.656 21486 21486 I notification_cancel: [10015,21690,com.android.systemui,100,low_battery,-1,0,64,8,NULL]
01-26 09:50:26.656 21486 21486 I notification_cancel: [10015,21690,com.android.systemui,2130838302,power_saver,-1,0,64,8,NULL]
01-26 09:50:27.861 21486 21486 I notification_cancel: [10092,3445,com.facebook.katana,714499313,com.facebook.rti.mqtt.common.analytics.MqttDiagnosticNotification,0,0,64,8,NULL]
01-26 09:50:28.643 21486 21486 I notification_cancel: [10092,3445,com.facebook.katana,714499313,com.facebook.rti.mqtt.common.analytics.MqttDiagnosticNotification,0,0,64,8,NULL]
01-26 09:50:29.263 21486 21507 I am_home_stack_moved: [0,0,1,1,sourceStackToFront]
01-26 09:50:29.263 21486 21507 I wm_task_moved: [2134,1,8]
01-26 09:50:29.267 21486 21507 I am_create_activity: [0,96871200,2134,com.android.phone/.ManualSelectNetwork,NULL,NULL,NULL,0]
01-26 09:50:29.268 21486 21507 I am_pause_activity: [0,285111203,com.android.phone/.NetworkSetting]
01-26 09:50:29.271 21486 21507 I am_home_stack_moved: [0,0,1,1,startedActivity setFocusedActivity]
01-26 09:50:29.277 21486 21507 I am_focused_activity: [0,com.android.phone/.ManualSelectNetwork]
01-26 09:50:29.286 22179 22179 I am_on_paused_called: [0,com.android.phone.NetworkSetting]
01-26 09:50:29.290 21486 22177 I am_restart_activity: [0,96871200,2134,com.android.phone/.ManualSelectNetwork]
01-26 09:50:29.295 21486 22177 I am_focused_activity: [0,com.android.phone/.ManualSelectNetwork]
01-26 09:50:29.399 22179 22179 I am_on_resume_called: [0,com.android.phone.ManualSelectNetwork]
01-26 09:50:29.622 21486 21528 I am_activity_launch_time: [0,96871200,com.android.phone/.ManualSelectNetwork,334,334]
01-26 09:50:29.794   341   341 I sf_frame_dur: [com.android.phone/com.android.phone.NetworkSetting,16,1,2,1,0,1,0]
01-26 09:50:36.690 21486 21486 I notification_cancel: [10015,21690,com.android.systemui,100,low_battery,-1,0,64,8,NULL]
01-26 09:50:36.690 21486 21486 I notification_cancel: [10015,21690,com.android.systemui,2130838302,power_saver,-1,0,64,8,NULL]
01-26 09:50:46.684 21486 21486 I notification_cancel: [10015,21690,com.android.systemui,100,low_battery,-1,0,64,8,NULL]
01-26 09:50:46.684 21486 21486 I notification_cancel: [10015,21690,com.android.systemui,2130838302,power_saver,-1,0,64,8,NULL]
01-26 09:50:47.994 21486 21486 I free_storage_changed: 5961486336
01-26 09:50:56.691 21486 21486 I notification_cancel: [10015,21690,com.android.systemui,100,low_battery,-1,0,64,8,NULL]
01-26 09:50:56.691 21486 21486 I notification_cancel: [10015,21690,com.android.systemui,2130838302,power_saver,-1,0,64,8,NULL]
01-26 09:51:05.079 22179 22179 I binder_sample: [com.android.internal.telephony.ITelephonyRegistry,10,43,com.android.phone,8]
01-26 09:51:06.672 21486 21486 I notification_cancel: [10015,21690,com.android.systemui,100,low_battery,-1,0,64,8,NULL]
01-26 09:51:06.673 21486 21486 I notification_cancel: [10015,21690,com.android.systemui,2130838302,power_saver,-1,0,64,8,NULL]
01-26 09:51:14.345 21486 22178 I am_home_stack_moved: [0,0,1,1,startingNewTask]
01-26 09:51:14.346 21486 22178 I wm_task_moved: [2134,1,8]
01-26 09:51:14.350 21486 22178 I am_create_task: [0,2135]
01-26 09:51:14.350 21486 22178 I am_create_activity: [0,579153341,2135,com.mediatek.connectivity/.CdsRadioMenuActivity,android.intent.action.MAIN,NULL,NULL,268435456]
01-26 09:51:14.351 21486 22178 I wm_task_created: [2135,1]
01-26 09:51:14.351 21486 22178 I wm_task_moved: [2135,1,9]
01-26 09:51:14.374 21486 22178 I am_pause_activity: [0,96871200,com.android.phone/.ManualSelectNetwork]
01-26 09:51:14.379 21486 22178 I am_home_stack_moved: [0,0,1,1,startedActivity setFocusedActivity]
01-26 09:51:14.385 21486 22178 I am_focused_activity: [0,com.mediatek.connectivity/.CdsRadioMenuActivity]
01-26 09:51:14.398 22179 22179 I am_on_paused_called: [0,com.android.phone.ManualSelectNetwork]
01-26 09:51:14.417 21486 22178 I am_restart_activity: [0,579153341,2135,com.mediatek.connectivity/.CdsRadioMenuActivity]
01-26 09:51:14.421 21486 22178 I am_focused_activity: [0,com.mediatek.connectivity/.CdsRadioMenuActivity]
01-26 09:51:14.454 22179 22179 I am_on_resume_called: [0,com.mediatek.connectivity.CdsRadioMenuActivity]
01-26 09:51:14.609 22179 22179 I binder_sample: [android.view.IWindowSession,6,17,com.android.phone,3]
01-26 09:51:14.625 21486 21528 I am_activity_launch_time: [0,579153341,com.mediatek.connectivity/.CdsRadioMenuActivity,210,210]
01-26 09:51:14.710   341   341 I sf_frame_dur: [com.android.phone/com.android.phone.ManualSelectNetwork,10,1,1,0,0,1,0]
01-26 09:51:14.726   341   341 I sf_frame_dur: [com.android.phone/com.android.phone.ManualSelectNetwork,2475,17,1,0,0,0,0]
01-26 09:51:15.172 21486 22203 I am_finish_activity: [0,579153341,2135,com.mediatek.connectivity/.CdsRadioMenuActivity,app-request]
01-26 09:51:15.173 21486 22203 I am_home_stack_moved: [0,0,1,1,finishActivity adjustTopFocus setFocusedActivity]
01-26 09:51:15.175 21486 22203 I am_focused_activity: [0,com.android.phone/.ManualSelectNetwork]
01-26 09:51:15.193 21486 22203 I am_pause_activity: [0,579153341,com.mediatek.connectivity/.CdsRadioMenuActivity]
01-26 09:51:15.194 22179 22179 I am_on_paused_called: [0,com.mediatek.connectivity.CdsRadioMenuActivity]
01-26 09:51:15.197 21486 21506 I am_resume_activity: [0,96871200,2134,com.android.phone/.ManualSelectNetwork]
01-26 09:51:15.200 21486 21506 I am_focused_activity: [0,com.android.phone/.ManualSelectNetwork]
01-26 09:51:15.219 22179 22179 I am_on_resume_called: [0,com.android.phone.ManualSelectNetwork]
01-26 09:51:15.553 21486 21518 I am_destroy_activity: [0,579153341,2135,com.mediatek.connectivity/.CdsRadioMenuActivity,finish-imm]
01-26 09:51:15.568   341   341 I sf_frame_dur: [com.mediatek.connectivity/com.mediatek.connectivity.CdsRadioMenuActivity,0,1,0,0,0,0,0]
01-26 09:51:15.584 21486  7839 I wm_task_removed: [2135,removeAppToken: last token]
01-26 09:51:15.584 21486  7839 I wm_task_removed: [2135,removeTask]
01-26 09:51:15.847 21486 22228 I am_finish_activity: [0,96871200,2134,com.android.phone/.ManualSelectNetwork,app-request]
01-26 09:51:15.852 21486 22228 I am_home_stack_moved: [0,0,1,1,finishActivity adjustTopFocus setFocusedActivity]
01-26 09:51:15.864 21486 22228 I am_focused_activity: [0,com.android.phone/.NetworkSetting]
01-26 09:51:15.866 21486 22228 I am_pause_activity: [0,96871200,com.android.phone/.ManualSelectNetwork]
01-26 09:51:15.894 22179 22179 I am_on_paused_called: [0,com.android.phone.ManualSelectNetwork]
01-26 09:51:15.898 21486 22796 I am_resume_activity: [0,285111203,2134,com.android.phone/.NetworkSetting]
01-26 09:51:15.901 21486 22796 I am_focused_activity: [0,com.android.phone/.NetworkSetting]
01-26 09:51:15.915 22179 22179 I am_on_resume_called: [0,com.android.phone.NetworkSetting]
01-26 09:51:16.056   341   341 I sf_frame_dur: [com.android.phone/com.android.phone.ManualSelectNetwork,11,1,0,0,1,0,0]
01-26 09:51:16.243 21486 21518 I am_destroy_activity: [0,96871200,2134,com.android.phone/.ManualSelectNetwork,finish-imm]
01-26 09:51:16.259   341   341 I sf_frame_dur: [com.android.phone/com.android.phone.ManualSelectNetwork,0,0,0,0,1,0,0]
01-26 09:51:16.466 21486 22228 I am_finish_activity: [0,285111203,2134,com.android.phone/.NetworkSetting,app-request]
01-26 09:51:16.471 21486 22228 I am_home_stack_moved: [0,0,1,1,finishActivity adjustTopFocus setFocusedActivity]
01-26 09:51:16.479 21486 22228 I am_focused_activity: [0,com.facebook.katana/com.facebook.composer.activity.ComposerActivity]
01-26 09:51:16.505 21486 22228 I am_pause_activity: [0,285111203,com.android.phone/.NetworkSetting]
01-26 09:51:16.508 22179 22179 I am_on_paused_called: [0,com.android.phone.NetworkSetting]
01-26 09:51:16.517 21486 22796 I am_resume_activity: [0,388761529,2126,com.facebook.katana/com.facebook.composer.activity.ComposerActivity]
01-26 09:51:16.520 21486 22796 I am_focused_activity: [0,com.facebook.katana/com.facebook.composer.activity.ComposerActivity]
01-26 09:51:16.557  3445  3445 I am_on_resume_called: [0,com.facebook.composer.activity.ComposerActivity]
01-26 09:51:16.623 21486 21486 I notification_cancel: [10092,3445,com.facebook.katana,714499313,com.facebook.rti.mqtt.common.analytics.MqttDiagnosticNotification,0,0,64,8,NULL]
01-26 09:51:16.671 21486 21486 I notification_cancel: [10015,21690,com.android.systemui,100,low_battery,-1,0,64,8,NULL]
01-26 09:51:16.671 21486 21486 I notification_cancel: [10015,21690,com.android.systemui,2130838302,power_saver,-1,0,64,8,NULL]
01-26 09:51:16.761 22078 22078 I binder_sample: [android.location.ILocationManager,32,18,com.google.android.gms.persistent,3]
01-26 09:51:16.815 21486 21486 I notification_cancel: [10092,3445,com.facebook.katana,714499313,com.facebook.rti.mqtt.common.analytics.MqttDiagnosticNotification,0,0,64,8,NULL]
01-26 09:51:16.935 21486 21518 I am_destroy_activity: [0,285111203,2134,com.android.phone/.NetworkSetting,finish-imm]
01-26 09:51:16.962 21486 21516 I wm_task_removed: [2134,removeAppToken: last token]
01-26 09:51:16.962 21486 21516 I wm_task_removed: [2134,removeTask]
01-26 09:51:17.994 21486 21486 I free_storage_changed: 5944483840
01-26 09:51:18.477 21486 21507 I am_home_stack_moved: [0,0,1,1,startingNewTask]
01-26 09:51:18.477 21486 21507 I wm_task_moved: [2126,1,7]
01-26 09:51:18.482 21486 21507 I am_create_task: [0,2136]
01-26 09:51:18.482 21486 21507 I am_create_activity: [0,237759117,2136,com.mediatek.connectivity/.CdsRadioMenuActivity,android.intent.action.MAIN,NULL,NULL,268435456]
01-26 09:51:18.483 21486 21507 I wm_task_created: [2136,1]
01-26 09:51:18.483 21486 21507 I wm_task_moved: [2136,1,8]
01-26 09:51:18.505 21486 21507 I am_pause_activity: [0,388761529,com.facebook.katana/com.facebook.composer.activity.ComposerActivity]
01-26 09:51:18.509 21486 21507 I am_home_stack_moved: [0,0,1,1,startedActivity setFocusedActivity]
01-26 09:51:18.514 21486 21507 I am_focused_activity: [0,com.mediatek.connectivity/.CdsRadioMenuActivity]
01-26 09:51:18.516  3445  3445 I am_on_paused_called: [0,com.facebook.composer.activity.ComposerActivity]
01-26 09:51:18.545 21486 21506 I am_restart_activity: [0,237759117,2136,com.mediatek.connectivity/.CdsRadioMenuActivity]
01-26 09:51:18.548 21486 21506 I am_focused_activity: [0,com.mediatek.connectivity/.CdsRadioMenuActivity]
01-26 09:51:18.602 22179 22179 I am_on_resume_called: [0,com.mediatek.connectivity.CdsRadioMenuActivity]
01-26 09:51:18.681 21486 21528 I am_activity_launch_time: [0,237759117,com.mediatek.connectivity/.CdsRadioMenuActivity,163,163]
01-26 09:51:18.726 22179 22179 I binder_sample: [android.view.IWindowSession,12,20,com.android.phone,4]
01-26 09:51:18.750 22078 22078 I binder_sample: [android.location.ILocationManager,32,15,com.google.android.gms.persistent,3]
01-26 09:51:18.836   341   341 I sf_frame_dur: [com.facebook.katana/com.facebook.composer.activity.ComposerActivity,7,3,0,1,0,1,0]
01-26 09:51:19.455 21486 22796 I am_home_stack_moved: [0,0,1,1,sourceStackToFront]
01-26 09:51:19.455 21486 22796 I wm_task_moved: [2136,1,8]
01-26 09:51:19.459 21486 22796 I am_create_activity: [0,118937587,2136,com.mediatek.connectivity/.CdsRadioInfoActivity,NULL,NULL,NULL,0]
01-26 09:51:19.460 21486 22796 I am_pause_activity: [0,237759117,com.mediatek.connectivity/.CdsRadioMenuActivity]
01-26 09:51:19.463 21486 22796 I am_home_stack_moved: [0,0,1,1,startedActivity setFocusedActivity]
01-26 09:51:19.468 21486 22796 I am_focused_activity: [0,com.mediatek.connectivity/.CdsRadioInfoActivity]
01-26 09:51:19.478 22179 22179 I am_on_paused_called: [0,com.mediatek.connectivity.CdsRadioMenuActivity]
01-26 09:51:19.482 21486 22202 I am_restart_activity: [0,118937587,2136,com.mediatek.connectivity/.CdsRadioInfoActivity]
01-26 09:51:19.502 21486 22202 I am_focused_activity: [0,com.mediatek.connectivity/.CdsRadioInfoActivity]
01-26 09:51:19.656 22179 22179 I am_on_resume_called: [0,com.mediatek.connectivity.CdsRadioInfoActivity]
01-26 09:51:19.863   341   341 I sf_frame_dur: [com.mediatek.connectivity/com.mediatek.connectivity.CdsRadioMenuActivity,2,0,0,0,1,0,0]
01-26 09:51:19.864 21486 21528 I am_activity_launch_time: [0,118937587,com.mediatek.connectivity/.CdsRadioInfoActivity,385,385]
01-26 09:51:26.662 21486 21486 I notification_cancel: [10015,21690,com.android.systemui,100,low_battery,-1,0,64,8,NULL]
01-26 09:51:26.676 21486 21486 I notification_cancel: [10015,21690,com.android.systemui,2130838302,power_saver,-1,0,64,8,NULL]
01-26 09:51:27.869 21486 21486 I notification_cancel: [10092,3445,com.facebook.katana,714499313,com.facebook.rti.mqtt.common.analytics.MqttDiagnosticNotification,0,0,64,8,NULL]
01-26 09:51:28.067 21486 21486 I notification_cancel: [10092,3445,com.facebook.katana,714499313,com.facebook.rti.mqtt.common.analytics.MqttDiagnosticNotification,0,0,64,8,NULL]
01-26 09:51:34.785 22078 22078 I binder_sample: [android.location.ILocationManager,32,22,com.google.android.gms.persistent,4]
01-26 09:51:35.867 22078 22078 I binder_sample: [android.location.ILocationManager,32,25,com.google.android.gms.persistent,5]
01-26 09:51:36.645   341   341 I sf_frame_dur: [PopupWindow:11c9acc,2,0,0,0,0,0,0]
01-26 09:51:36.678 21486 21486 I notification_cancel: [10015,21690,com.android.systemui,100,low_battery,-1,0,64,8,NULL]
01-26 09:51:36.679 21486 21486 I notification_cancel: [10015,21690,com.android.systemui,2130838302,power_saver,-1,0,64,8,NULL]
01-26 09:51:42.507   341   341 I sf_frame_dur: [com.mediatek.connectivity/com.mediatek.connectivity.CdsRadioInfoActivity,13,0,0,0,1,1,0]
01-26 09:51:44.904 21486 21573 I netstats_mobile_sample: [9880102,13501,971062,9945,9880102,13501,975077,10012,9880102,13501,975077,10012,-1]
01-26 09:51:44.904 21486 21573 I netstats_wifi_sample: [19470058,27873,1997107,21462,19075160,27776,1727666,19887,19010079,26944,1725975,19868,-1]
01-26 09:51:47.994 21486 21486 I free_storage_changed: 5898227712
01-26 09:51:48.034 21486  7839 I am_home_stack_moved: [0,0,1,1,startingNewTask]
01-26 09:51:48.034 21486  7839 I wm_task_moved: [2136,1,8]
01-26 09:51:48.038 21486  7839 I am_create_task: [0,2137]
01-26 09:51:48.038 21486  7839 I am_create_activity: [0,558817854,2137,com.android.phone/.dualsim.DualNetworkSettingsPreference,android.intent.action.MAIN,NULL,NULL,268435456]
01-26 09:51:48.039 21486  7839 I wm_task_created: [2137,1]
01-26 09:51:48.039 21486  7839 I wm_task_moved: [2137,1,9]
01-26 09:51:48.064 21486  7839 I am_pause_activity: [0,118937587,com.mediatek.connectivity/.CdsRadioInfoActivity]
01-26 09:51:48.065 22179 22179 I am_on_paused_called: [0,com.mediatek.connectivity.CdsRadioInfoActivity]
01-26 09:51:48.091 21486  7839 I am_home_stack_moved: [0,0,1,1,startedActivity setFocusedActivity]
01-26 09:51:48.095 21486  7839 I am_focused_activity: [0,com.android.phone/.dualsim.DualNetworkSettingsPreference]
01-26 09:51:48.097 21486 22177 I am_restart_activity: [0,558817854,2137,com.android.phone/.dualsim.DualNetworkSettingsPreference]
01-26 09:51:48.100 21486 22177 I am_focused_activity: [0,com.android.phone/.dualsim.DualNetworkSettingsPreference]
01-26 09:51:48.269 22179 22179 I am_on_resume_called: [0,com.android.phone.dualsim.DualNetworkSettingsPreference]
01-26 09:51:48.421   341   341 I sf_frame_dur: [com.mediatek.connectivity/com.mediatek.connectivity.CdsRadioInfoActivity,96,9,9,5,26,9,2]
01-26 09:51:48.438 21486 21528 I am_activity_launch_time: [0,558817854,com.android.phone/.dualsim.DualNetworkSettingsPreference,342,342]
01-26 09:51:48.488   341   341 I sf_frame_dur: [Starting com.android.phone,0,0,1,0,0,0,0]
01-26 09:51:51.148 21486 22203 I am_finish_activity: [0,558817854,2137,com.android.phone/.dualsim.DualNetworkSettingsPreference,app-request]
01-26 09:51:51.151 21486 22203 I am_home_stack_moved: [0,0,1,1,finishActivity adjustTopFocus setFocusedActivity]
01-26 09:51:51.155 21486 22203 I am_focused_activity: [0,com.mediatek.connectivity/.CdsRadioInfoActivity]
01-26 09:51:51.191 21486 22203 I am_pause_activity: [0,558817854,com.android.phone/.dualsim.DualNetworkSettingsPreference]
01-26 09:51:51.202 22179 22179 I am_on_paused_called: [0,com.android.phone.dualsim.DualNetworkSettingsPreference]
01-26 09:51:51.212 21486 22075 I am_resume_activity: [0,118937587,2136,com.mediatek.connectivity/.CdsRadioInfoActivity]
01-26 09:51:51.214 21486 22075 I am_focused_activity: [0,com.mediatek.connectivity/.CdsRadioInfoActivity]
01-26 09:51:51.229 22179 22179 I am_on_resume_called: [0,com.mediatek.connectivity.CdsRadioInfoActivity]
01-26 09:51:51.573 21486 21518 I am_destroy_activity: [0,558817854,2137,com.android.phone/.dualsim.DualNetworkSettingsPreference,finish-imm]
01-26 09:51:51.589   341   341 I sf_frame_dur: [com.android.phone/com.android.phone.dualsim.DualNetworkSettingsPreference,15,2,0,0,0,1,0]
01-26 09:51:51.599 21486 22129 I wm_task_removed: [2137,removeAppToken: last token]
01-26 09:51:51.599 21486 22129 I wm_task_removed: [2137,removeTask]
01-26 09:51:51.854 21486 22251 I am_finish_activity: [0,118937587,2136,com.mediatek.connectivity/.CdsRadioInfoActivity,app-request]
01-26 09:51:51.859 21486 22251 I am_home_stack_moved: [0,0,1,1,finishActivity adjustTopFocus setFocusedActivity]
01-26 09:51:51.867 21486 22251 I am_focused_activity: [0,com.mediatek.connectivity/.CdsRadioMenuActivity]
01-26 09:51:51.869 21486 22251 I am_pause_activity: [0,118937587,com.mediatek.connectivity/.CdsRadioInfoActivity]
01-26 09:51:51.875 22179 22179 I am_on_paused_called: [0,com.mediatek.connectivity.CdsRadioInfoActivity]
01-26 09:51:51.877 21486 22129 I am_resume_activity: [0,237759117,2136,com.mediatek.connectivity/.CdsRadioMenuActivity]
01-26 09:51:51.881 21486 22129 I am_focused_activity: [0,com.mediatek.connectivity/.CdsRadioMenuActivity]
01-26 09:51:51.886 22179 22179 I am_on_resume_called: [0,com.mediatek.connectivity.CdsRadioMenuActivity]
01-26 09:51:52.229 21486 21518 I am_destroy_activity: [0,118937587,2136,com.mediatek.connectivity/.CdsRadioInfoActivity,finish-imm]
01-26 09:51:52.245   341   341 I sf_frame_dur: [com.mediatek.connectivity/com.mediatek.connectivity.CdsRadioInfoActivity,0,0,0,0,1,0,0]
01-26 09:51:52.555 21486 22129 I am_finish_activity: [0,237759117,2136,com.mediatek.connectivity/.CdsRadioMenuActivity,app-request]
01-26 09:51:52.557 21486 22129 I am_home_stack_moved: [0,0,1,1,finishActivity adjustTopFocus setFocusedActivity]
01-26 09:51:52.560 21486 22129 I am_focused_activity: [0,com.facebook.katana/com.facebook.composer.activity.ComposerActivity]
01-26 09:51:52.582 21486 22129 I am_pause_activity: [0,237759117,com.mediatek.connectivity/.CdsRadioMenuActivity]
