01-26 13:23:20.942 22179 22742 I content_query_sample: Binder:27656, Query uri:content://mms-sms/suggestion/suggest_format?category=0&limit=23, selection:null, selectionArgs:[Ljava.lang.String;@1e6c0a57
01-26 13:23:24.061 21884 21884 I binder_sample: [com.android.internal.view.IInputMethodManager,3,13,com.htc.sense.ime,2]
01-26 13:23:24.155   341   341 I sf_frame_dur: [PopupWindow:31ce3ab1,11,1,1,1,2,0,0]
01-26 13:23:24.674 21486 21506 I am_proc_start: [0,28925,10030,com.htc.sense.ime:provider_latin,content provider,com.htc.sense.ime/.provider.HTCIMEProviderLatin]
01-26 13:23:24.696 21486 22228 I am_proc_bound: [0,28925,com.htc.sense.ime:provider_latin]
01-26 13:23:24.893 21486 23315 I am_kill : [0,25648,com.htc.android.mail,15,empty #17]
01-26 13:23:25.102 21486 22075 I am_proc_died: [0,25648,com.htc.android.mail]
01-26 13:23:27.051 21486 21486 I notification_cancel: [10015,21690,com.android.systemui,100,low_battery,-1,0,64,8,NULL]
01-26 13:23:27.052 21486 21486 I notification_cancel: [10015,21690,com.android.systemui,2130838302,power_saver,-1,0,64,8,NULL]
01-26 13:23:29.794 21486 22203 I am_kill : [0,27611,com.htc.widget.hmsproc2,15,empty #17]
01-26 13:23:29.850 21486 22228 I am_proc_died: [0,27611,com.htc.widget.hmsproc2]
01-26 13:23:31.307 21486 21486 I free_storage_changed: 5784051712
01-26 13:23:37.110 21486 21486 I notification_cancel: [10015,21690,com.android.systemui,100,low_battery,-1,0,64,8,NULL]
01-26 13:23:37.111 21486 21486 I notification_cancel: [10015,21690,com.android.systemui,2130838302,power_saver,-1,0,64,8,NULL]
01-26 13:23:43.147 22179 22179 I binder_sample: [com.android.internal.telephony.ITelephonyRegistry,10,96,com.android.phone,19]
01-26 13:23:46.032 22179 22200 I content_query_sample: Binder:27656, Query uri:content://mms-sms-v2/threadID?recipient=0988626882, selection:null, selectionArgs:null
01-26 13:23:46.071 22179 32543 I content_query_sample: Binder:27656, Query uri:content://mms-sms/threadID?recipient=0988626882, selection:null, selectionArgs:null
01-26 13:23:46.091 22179 22912 I content_query_sample: Binder:27656, Query uri:content://sms, selection:thread_id = 1, selectionArgs:null
01-26 13:23:46.120 22179 22692 I content_update_sample: Binder:27656, Insert uri:content://sms/queued
01-26 13:23:46.142   341   341 I sf_frame_dur: [InputMethod,0,0,0,1,0,0,2]
01-26 13:23:47.035 21486 21486 I notification_cancel: [10015,21690,com.android.systemui,100,low_battery,-1,0,64,8,NULL]
01-26 13:23:47.035 21486 21486 I notification_cancel: [10015,21690,com.android.systemui,2130838302,power_saver,-1,0,64,8,NULL]
01-26 13:23:47.820 27656 29266 I content_update_sample: [content://sms/queued,insert,,1702,com.htc.sense.mms,100]
01-26 13:23:47.822 22179 15920 I content_update_sample: Binder:27656, Update uri:content://sms/43, selection:null, selectionArgs:null
01-26 13:23:47.884 22179 32543 I content_update_sample: Binder:27656, Update uri:content://sms/43, selection:null, selectionArgs:null
01-26 13:23:47.917 22179 22662 I content_query_sample: Binder:27656, Query uri:content://mms-sms-v2/rawQuery, selection:SELECT contact_id, recipient_address FROM (SELECT contacts.contact_id, contacts.htcthread_id, htcthreads.recipient_address FROM contacts JOIN htcthreads ON contacts.htcthread_id = htcthreads._id WHERE contact_id in (SELECT contact_id FROM (SELECT contacts.contact_id, contacts.htcthread_id, htcthreads.recipient_address FROM contacts JOIN htcthreads ON contacts.htcthread_id = htcthreads._id WHERE PHONE_NUMBERS_EQUAL(recipient_address, ?) ))), selectionArgs:[Ljava.lang.String;@1c178309
01-26 13:23:47.921 22179 22912 I content_query_sample: Binder:27656, Query uri:content://sms/queued?AllBoxInclude=1, selection:_id = 43, selectionArgs:null
01-26 13:23:47.926 22179 22692 I content_query_sample: Binder:27656, Query uri:content://mms-sms/draft?category=0, selection:null, selectionArgs:null
01-26 13:23:47.929 22179 22200 I content_query_sample: Binder:27656, Query uri:content://mms-sms-v2/threadID?recipient=0988626882, selection:null, selectionArgs:null
01-26 13:23:47.948 22179 32543 I content_update_sample: Binder:27656, Delete uri:content://sms, selection:thread_id = 100000001 AND type = 3, selectionArgs:null
01-26 13:23:47.955 22179 22912 I content_query_sample: Binder:27656, Query uri:content://sms, selection:thread_id = 1, selectionArgs:null
01-26 13:23:47.965 22179 22779 I content_update_sample: Binder:27656, Update uri:content://sms/43, selection:null, selectionArgs:null
01-26 13:23:48.026 21486 22251 I am_home_stack_moved: [0,0,1,1,sourceStackToFront]
01-26 13:23:48.026 21486 22251 I wm_task_moved: [2373,1,7]
01-26 13:23:48.033 21486 22251 I am_create_activity: [0,596029535,2373,com.htc.sense.mms/.ui.ComposeMessageActivity,NULL,NULL,NULL,0]
01-26 13:23:48.034 21486 22251 I am_pause_activity: [0,352161149,com.htc.sense.mms/.ui.ComposeMessageActivity]
01-26 13:23:48.037 21486 22251 I am_home_stack_moved: [0,0,1,1,startedActivity setFocusedActivity]
01-26 13:23:48.040 21486 22251 I am_focused_activity: [0,com.htc.sense.mms/.ui.ComposeMessageActivity]
01-26 13:23:48.078 27656 27656 I am_on_paused_called: [0,com.htc.sense.mms.ui.ComposeMessageActivity]
01-26 13:23:48.081 21486 21516 I am_restart_activity: [0,596029535,2373,com.htc.sense.mms/.ui.ComposeMessageActivity]
01-26 13:23:48.084 21486 21516 I am_focused_activity: [0,com.htc.sense.mms/.ui.ComposeMessageActivity]
01-26 13:23:48.111 28925 28947 I content_update_sample: [content://htc_ime_latin/sc_locale_assign,update,,1,com.htc.sense.ime,1]
01-26 13:23:48.223 27656 27656 I am_on_resume_called: [0,com.htc.sense.mms.ui.ComposeMessageActivity]
01-26 13:23:48.313 21486 21486 I notification_cancel: [10055,27656,com.htc.sense.mms,123,NULL,0,0,64,8,NULL]
01-26 13:23:48.320 21486 21486 I notification_canceled: [0|com.htc.sense.mms|123|null|10055,8]
01-26 13:23:48.322 21486 21486 I notification_light_decision: fully charge
01-26 13:23:48.323 21486 21486 I notification_light: [1,0xc800]
01-26 13:23:48.324 21486 21486 I notification_cancel: [10055,27656,com.htc.sense.mms,109,NULL,0,0,64,8,NULL]
01-26 13:23:48.324 21486 21486 I notification_cancel: [10055,27656,com.htc.sense.mms,789,NULL,0,0,64,8,NULL]
01-26 13:23:48.324 21486 21486 I notification_cancel: [10055,27656,com.htc.sense.mms,777,NULL,0,0,64,8,NULL]
01-26 13:23:48.324 21486 21486 I notification_cancel: [10055,27656,com.htc.sense.mms,123217,NULL,0,0,64,8,NULL]
01-26 13:23:48.406 22179 22662 I content_query_sample: Binder:27656, Query uri:content://mms-sms-v2/conversations/100000001?category=0&SortbyDate2=1&limit=500, selection:( transport_type = 'sms' OR transport_type = 'mms'), selectionArgs:null
01-26 13:23:48.425 22179 22912 I content_query_sample: Binder:27656, Query uri:content://mms/drafts, selection:thread_id=100000001, selectionArgs:null
01-26 13:23:48.467 21486 21528 I am_activity_launch_time: [0,596029535,com.htc.sense.mms/.ui.ComposeMessageActivity,388,388]
01-26 13:23:48.471 22204 22653 I content_query_sample: [content://com.htc.launcher.settings/favorites?notify=false,,intent LIKE ?,,108,com.htc.launcher,22]
01-26 13:23:48.507 21486 22796 I am_finish_activity: [0,352161149,2373,com.htc.sense.mms/.ui.ComposeMessageActivity,app-request]
01-26 13:23:48.595 21486 21486 I notification_cancel: [10055,27656,com.htc.sense.mms,123,NULL,0,0,64,8,NULL]
01-26 13:23:48.597 21486 21486 I notification_cancel: [10055,27656,com.htc.sense.mms,109,NULL,0,0,64,8,NULL]
01-26 13:23:48.597 21486 21486 I notification_cancel: [10055,27656,com.htc.sense.mms,789,NULL,0,0,64,8,NULL]
01-26 13:23:48.598 21486 21486 I notification_cancel: [10055,27656,com.htc.sense.mms,777,NULL,0,0,64,8,NULL]
01-26 13:23:48.599 21486 21486 I notification_cancel: [10055,27656,com.htc.sense.mms,123217,NULL,0,0,64,8,NULL]
01-26 13:23:48.681 22179 32544 I content_query_sample: Binder:27656, Query uri:content://mms-sms-v2/get-threadID-from-contactID/100000001, selection:null, selectionArgs:null
01-26 13:23:48.695 22179 22200 I content_update_sample: Binder:27656, Update uri:content://sms, selection:thread_id in ('1') AND read=0 AND date <= '1453778088000' AND htc_category = 0, selectionArgs:null
01-26 13:23:48.731 27656 29326 I content_update_sample: [content://sms,update,thread_id in ('1') AND read=0 AND date <= '1453778088000' AND htc_category = 0,39,com.htc.sense.mms,8]
01-26 13:23:48.734 22179 32543 I content_update_sample: Binder:27656, Update uri:content://mms, selection:thread_id in ('1') AND read=0 AND date <= '1453778088' AND htc_category = 0, selectionArgs:null
01-26 13:23:48.769 21486 23364 I binder_sample: [android.content.IContentProvider,1,236,system_server,47]
01-26 13:23:48.788   341   341 I sf_frame_dur: [com.htc.sense.mms/com.htc.sense.mms.ui.ComposeMessageActivity,55,7,8,11,34,14,0]
01-26 13:23:48.799 22179 22640 I content_update_sample: Binder:22179, Insert uri:content://sms/raw
01-26 13:23:48.826 22179 15920 I content_query_sample: Binder:27656, Query uri:content://mms-sms-v2/conversations/100000001?category=0&SortbyDate2=1&limit=500, selection:( transport_type = 'sms' OR transport_type = 'mms'), selectionArgs:null
01-26 13:23:48.834 21486 22074 I am_destroy_activity: [0,352161149,2373,com.htc.sense.mms/.ui.ComposeMessageActivity,finish-idle]
01-26 13:23:48.844 22179 22201 I content_query_sample: Binder:27656, Query uri:content://mms-sms-v2/conversations/100000001?category=0&SortbyDate2=1&limit=500, selection:( transport_type = 'sms' OR transport_type = 'mms'), selectionArgs:null
01-26 13:23:48.846 22179 32542 I content_update_sample: Binder:27656, Update uri:content://sms/43, selection:null, selectionArgs:null
01-26 13:23:48.993 22179 22912 I content_query_sample: Binder:27656, Query uri:content://sms/queued?AllBoxInclude=1, selection:null, selectionArgs:null
01-26 13:23:49.005 21486 21518 I am_proc_start: [0,29330,10047,com.lmi.htc.rescue,broadcast,com.lmi.htc.rescue/com.lmi.rescue.app.SmsReactor]
01-26 13:23:49.016 22179 32544 I content_query_sample: Binder:27656, Query uri:content://mms-sms-v2/conversations/100000001?category=0&SortbyDate2=1&limit=500, selection:( transport_type = 'sms' OR transport_type = 'mms'), selectionArgs:null
01-26 13:23:49.036 22179 22913 I content_query_sample: Binder:27656, Query uri:content://mms-sms-v2/conversations/100000001?category=0&SortbyDate2=1&limit=500, selection:( transport_type = 'sms' OR transport_type = 'mms'), selectionArgs:null
01-26 13:23:49.038 22179 32543 I content_query_sample: Binder:27656, Query uri:content://mms/outbox, selection:null, selectionArgs:null
01-26 13:23:49.059 21486 23315 I am_proc_bound: [0,29330,com.lmi.htc.rescue]
01-26 13:23:49.067 22179 22779 I content_query_sample: Binder:27656, Query uri:content://sms/undelivered, selection:null, selectionArgs:null
01-26 13:23:49.072 21486 21486 I notification_cancel: [10055,27656,com.htc.sense.mms,789,NULL,0,0,64,8,NULL]
01-26 13:23:49.203 22179 22201 I content_query_sample: Binder:27656, Query uri:content://mms-sms-v2/contactblocklist?number=%2B886988626882, selection:null, selectionArgs:null
01-26 13:23:49.222 22179 22200 I content_update_sample: Binder:27656, Insert uri:content://sms/inbox
01-26 13:23:49.226 22179 22200 I content_query_sample: Binder:22179, Query uri:content://mms-sms/threadID?recipient=%2B886988626882, selection:null, selectionArgs:null
01-26 13:23:49.275 22179 22692 I content_query_sample: Binder:27656, Query uri:content://mms-sms-v2/conversations/100000001?category=0&SortbyDate2=1&limit=500, selection:( transport_type = 'sms' OR transport_type = 'mms'), selectionArgs:null
01-26 13:23:49.284 22179 32542 I content_query_sample: Binder:27656, Query uri:content://mms-sms/threadID?recipient=%2B886988626882, selection:null, selectionArgs:null
01-26 13:23:49.297 22179 32544 I content_query_sample: Binder:27656, Query uri:content://mms-sms-v2/get-contactID/1, selection:null, selectionArgs:null
01-26 13:23:49.318 22179 22913 I content_query_sample: Binder:27656, Query uri:content://mms, selection:(msg_box=1 AND read=0 AND (m_type=130 OR m_type=132) AND thread_id>0 ), selectionArgs:null
01-26 13:23:49.328 22179 22693 I content_query_sample: Binder:27656, Query uri:content://sms, selection:(type = 1 AND read = 0 AND thread_id>0 ), selectionArgs:null
01-26 13:23:49.334 22179 22742 I content_query_sample: Binder:27656, Query uri:content://mms-sms-v2/get-contactID/1, selection:null, selectionArgs:null
01-26 13:23:49.346 22179 22662 I content_query_sample: Binder:27656, Query uri:content://mms-sms/conversations?FromThreadTable=true, selection:_id=1, selectionArgs:null
01-26 13:23:49.440 22179 32543 I content_query_sample: Binder:27656, Query uri:content://mms-sms-v2/get-threadID-from-contactID/100000001, selection:null, selectionArgs:null
01-26 13:23:49.461 22179 22692 I content_update_sample: Binder:27656, Update uri:content://sms, selection:thread_id in ('1') AND read=0 AND date <= '1453785828000' AND htc_category = 0, selectionArgs:null
01-26 13:23:49.480 22179 32542 I content_query_sample: Binder:27656, Query uri:content://sms/44, selection:null, selectionArgs:null
01-26 13:23:49.507 22179 22201 I content_update_sample: Binder:27656, Update uri:content://mms, selection:thread_id in ('1') AND read=0 AND date <= '1453785828' AND htc_category = 0, selectionArgs:null
01-26 13:23:49.574 21486 21486 I notification_enqueue: [10055,27656,com.htc.sense.mms,123,NULL,0,Notification(pri=0 contentView=null vibrate=default sound=content://media/internal/audio/media/67 defaults=0x2 flags=0x1 color=0xff0073c3 vis=PRIVATE),0]
01-26 13:23:49.580 21486 21486 I notification_skip_beep_vibrate: [0,0,0,0,0,0,0,1,0,0]
01-26 13:23:49.580 21486 21486 I notification_light_decision: fully charge
01-26 13:23:49.581 21486 21486 I notification_light: [1,0xc800]
01-26 13:23:49.652 22179 15920 I content_query_sample: Binder:27656, Query uri:content://mms-sms-v2/conversations/100000001?category=0&SortbyDate2=1&limit=500, selection:( transport_type = 'sms' OR transport_type = 'mms'), selectionArgs:null
01-26 13:23:49.658 22179 27046 I force_gc: Binder
01-26 13:23:49.676 22179 22662 I content_query_sample: Binder:27656, Query uri:content://mms/inbox, selection:m_type = 132 AND read = 0 AND rr = 128 AND thread_id in (SELECT thread_id FROM contacts WHERE contact_id in (100000001)), selectionArgs:null
01-26 13:23:49.688 27656 28747 I content_query_sample: [content://mms/inbox,_id/m_id,m_type = 132 AND read = 0 AND rr = 128 AND thread_id in (SELECT thread_id FROM contacts WHERE contact_id in (100000001)),,35,com.htc.sense.mms,8]
01-26 13:23:49.759 21486 22075 I notification_expansion: [0|com.htc.sense.mms|123|null|10055,0,1]
01-26 13:23:49.760 21486 22203 I notification_expansion: [0|com.htc.soundrecorder|2|null|10046,0,0]
01-26 13:23:50.080 21486 22202 I am_proc_died: [0,30600,com.facebook.katana]
01-26 13:23:50.080 21486 22202 I am_schedule_service_restart: [0,com.facebook.katana/com.facebook.mqttlite.MqttService,1000]
01-26 13:23:50.146 22179 22640 I content_update_sample: Binder:22179, Delete uri:content://sms/raw, selection:_id=?, selectionArgs:[Ljava.lang.String;@234eadad
01-26 13:23:50.189 21690 21780 I content_query_sample: [content://0@com.htc.launcher.settings/launcher_bar,,,,99,com.android.systemui,20]
01-26 13:23:50.289 22179 22201 I content_query_sample: Binder:27656, Query uri:content://mms-sms-v2/conversations/100000001?category=0&SortbyDate2=1&limit=500, selection:( transport_type = 'sms' OR transport_type = 'mms'), selectionArgs:null
01-26 13:23:50.293 21486 22420 I force_gc: Binder
01-26 13:23:50.304 22179 22742 I content_query_sample: Binder:27656, Query uri:content://mms-sms-v2/conversations/100000001?category=0&SortbyDate2=1&limit=500, selection:( transport_type = 'sms' OR transport_type = 'mms'), selectionArgs:null
01-26 13:23:51.125 21486 21518 I am_proc_start: [0,29419,10092,com.facebook.katana,service,com.facebook.katana/com.facebook.mqttlite.MqttService]
01-26 13:23:51.153 21486  7839 I am_proc_bound: [0,29419,com.facebook.katana]
01-26 13:23:51.371 21486 21518 I am_proc_start: [0,29441,10063,com.htc.mms.backupagent,broadcast,com.htc.mms.backupagent/.SMSBroadcastReceiver]
01-26 13:23:51.375 22179 22913 I content_query_sample: Binder:27682, Query uri:content://mms-sms/draft?category=0, selection:null, selectionArgs:null
01-26 13:23:51.380 22179 22692 I content_query_sample: Binder:27656, Query uri:content://mms-sms/draft?category=0, selection:null, selectionArgs:null
01-26 13:23:51.444 21486 22074 I am_proc_bound: [0,29441,com.htc.mms.backupagent]
01-26 13:23:54.609 21486 21486 I notification_cancel: [10055,27656,com.htc.sense.mms,123,NULL,0,0,64,8,NULL]
01-26 13:23:54.609 21486 21486 I notification_canceled: [0|com.htc.sense.mms|123|null|10055,8]
01-26 13:23:54.609 21486 21486 I notification_light_decision: fully charge
01-26 13:23:54.610 21486 21486 I notification_light: [1,0xc800]
01-26 13:23:54.613 21486 22177 I notification_expansion: [0|com.htc.soundrecorder|2|null|10046,0,1]
01-26 13:23:55.070 22204 22653 I content_update_sample: [content://com.htc.launcher.settings/badgecount?notify=true,update,name = ?,463,com.htc.launcher,93]
01-26 13:23:55.084 22179 22693 I content_query_sample: Binder:25182, Query uri:content://sms, selection:null, selectionArgs:null
01-26 13:23:55.096 22179 22779 I content_query_sample: Binder:25182, Query uri:content://sms, selection:_id > ?, selectionArgs:[Ljava.lang.String;@2dc372e1
01-26 13:23:55.106 22179 22912 I content_query_sample: Binder:25182, Query uri:content://sms, selection:_id > ? AND read IS 0, selectionArgs:[Ljava.lang.String;@20838ec7
01-26 13:23:55.133 22179 22662 I content_query_sample: Binder:25182, Query uri:content://mms, selection:null, selectionArgs:null
01-26 13:23:55.145 22179 22201 I content_query_sample: Binder:25182, Query uri:content://sms/28, selection:null, selectionArgs:null
01-26 13:23:55.155 22179 22692 I content_query_sample: Binder:25182, Query uri:content://sms/40, selection:null, selectionArgs:null
01-26 13:23:55.166 21486 21486 I notification_cancel: [10092,29419,com.facebook.katana,714499313,com.facebook.rti.mqtt.common.analytics.MqttDiagnosticNotification,0,0,64,8,NULL]
01-26 13:23:55.173 22179 32542 I content_query_sample: Binder:25182, Query uri:content://sms/42, selection:null, selectionArgs:null
01-26 13:23:55.296 21486 23364 I binder_sample: [android.content.IContentProvider,1,178,system_server,35]
01-26 13:23:55.297 21486 23364 I content_query_sample: [content://com.htc.launcher.settings/launcher_bar,,,,180,,37]
01-26 13:23:55.383 21486 21486 I notification_cancel: [10092,29419,com.facebook.katana,714499313,com.facebook.rti.mqtt.common.analytics.MqttDiagnosticNotification,0,0,64,8,NULL]
01-26 13:23:55.580 21486 21486 I notification_cancel: [10092,29419,com.facebook.katana,714499313,com.facebook.rti.mqtt.common.analytics.MqttDiagnosticNotification,0,0,64,8,NULL]
01-26 13:23:56.415 22179 32543 I content_query_sample: Binder:25182, Query uri:content://sms/43, selection:null, selectionArgs:null
01-26 13:23:56.506 22179 22692 I content_query_sample: Binder:25182, Query uri:content://sms/44, selection:null, selectionArgs:null
01-26 13:23:57.081 21486 21486 I notification_cancel: [10015,21690,com.android.systemui,100,low_battery,-1,0,64,8,NULL]
01-26 13:23:57.082 21486 21486 I notification_cancel: [10015,21690,com.android.systemui,2130838302,power_saver,-1,0,64,8,NULL]
01-26 13:23:57.744 21486 21486 I notification_cancel: [10092,29419,com.facebook.katana,10436,NULL,0,0,64,8,NULL]
01-26 13:23:57.964 21486 21486 I notification_cancel: [10092,29419,com.facebook.katana,10011,NULL,0,0,64,8,NULL]
01-26 13:23:58.157 21486 21486 I notification_cancel: [10092,29419,com.facebook.katana,10011,NULL,0,0,64,8,NULL]
01-26 13:23:58.195 21486 21486 I notification_cancel: [10092,29419,com.facebook.katana,714499313,com.facebook.rti.mqtt.common.analytics.MqttDiagnosticNotification,0,0,64,8,NULL]
01-26 13:23:58.197 21486 21486 I notification_cancel: [10092,29419,com.facebook.katana,714499313,com.facebook.rti.mqtt.common.analytics.MqttDiagnosticNotification,0,0,64,8,NULL]
01-26 13:23:58.399 21486 21486 I notification_cancel: [10092,29419,com.facebook.katana,714499313,com.facebook.rti.mqtt.common.analytics.MqttDiagnosticNotification,0,0,64,8,NULL]
01-26 13:23:58.400 21486 21486 I notification_cancel: [10092,29419,com.facebook.katana,714499313,com.facebook.rti.mqtt.common.analytics.MqttDiagnosticNotification,0,0,64,8,NULL]
01-26 13:23:58.473 21486 21486 I notification_cancel: [10092,29419,com.facebook.katana,200,NULL,0,0,64,8,NULL]
01-26 13:23:58.617 25182 29658 I content_query_sample: [content://media/external/images/media,_id/bucket_id/_data/case when case when (date_added >= 157680000 and date_added < 1892160000) then date_added * 1000 when (date_added >= 157680000000 and date_added < 1892160000000) then date_added when (date_added >= 157680000000000 and date_added < 1892160000000000) then date_added / 1000 else 0 end > case when (date_modified >= 157680000 and date_modified < 1892160000) then date_modified * 1000 when (date_modified >= 157680000000 and date_modified < 1892160000000) then date_modified when (date_modified >= 157680000000000 and date_modified < 1892160000000000) then date_modified / 1000 else 0 end then case when (date_added >= 157680000 and date_added < 1892160000) then date_added * 1000 when (date_added >= 157680000000 and date_added < 1892160000000) then date_added when (date_added >= 157680000000000 and date_added < 1892160000000000) then date_added / 1000 else 0 end else case when (date_modified >= 157680000 and date_modified < 1892160000) then date_modified * 1000!
01-26 13:23:58.629 21486 22591 I force_gc: Binder
01-26 13:24:01.309 21486 21486 I free_storage_changed: 5762621440
01-26 13:24:07.058 21486 21486 I notification_cancel: [10015,21690,com.android.systemui,100,low_battery,-1,0,64,8,NULL]
01-26 13:24:07.059 21486 21486 I notification_cancel: [10015,21690,com.android.systemui,2130838302,power_saver,-1,0,64,8,NULL]
01-26 13:24:17.716 22179 22179 I binder_sample: [com.android.internal.telephony.ITelephonyRegistry,10,90,com.android.phone,18]
01-26 13:24:27.049 21486 21486 I notification_cancel: [10015,21690,com.android.systemui,100,low_battery,-1,0,64,8,NULL]
01-26 13:24:27.054 21486 21486 I notification_cancel: [10015,21690,com.android.systemui,2130838302,power_saver,-1,0,64,8,NULL]
01-26 13:24:31.313 21486 21486 I free_storage_changed: 5756153856
01-26 13:24:37.086 21486 21486 I notification_cancel: [10015,21690,com.android.systemui,100,low_battery,-1,0,64,8,NULL]
01-26 13:24:37.088 21486 21486 I notification_cancel: [10015,21690,com.android.systemui,2130838302,power_saver,-1,0,64,8,NULL]
01-26 13:24:38.135 21486 22129 I binder_sample: [,1,21,system_server,4]
01-26 13:24:38.187 22179 22179 I binder_sample: [com.android.internal.telephony.ITelephonyRegistry,10,99,com.android.phone,19]
01-26 13:24:44.994 22179 22662 I content_update_sample: Binder:27656, Delete uri:content://mms/9223372036854775807/part, selection:null, selectionArgs:null
01-26 13:24:45.008 22179 22912 I content_query_sample: Binder:27656, Query uri:content://mms-sms/pending?protocol=mms, selection:err_type < ? AND due_time <= ?, selectionArgs:[Ljava.lang.String;@80ff5c1
01-26 13:24:47.061 21486 21486 I notification_cancel: [10015,21690,com.android.systemui,100,low_battery,-1,0,64,8,NULL]
01-26 13:24:47.062 21486 21486 I notification_cancel: [10015,21690,com.android.systemui,2130838302,power_saver,-1,0,64,8,NULL]
01-26 13:24:57.044 21486 21486 I notification_cancel: [10015,21690,com.android.systemui,100,low_battery,-1,0,64,8,NULL]
01-26 13:24:57.044 21486 21486 I notification_cancel: [10015,21690,com.android.systemui,2130838302,power_saver,-1,0,64,8,NULL]
01-26 13:24:57.337 21486 22154 I am_home_stack_moved: [0,0,1,1,intentActivityFound]
01-26 13:24:57.337 21486 22154 I wm_task_moved: [2373,1,7]
01-26 13:24:57.342 21486 22154 I am_home_stack_moved: [0,0,1,1,bringingFoundTaskToFront]
01-26 13:24:57.342 21486 22154 I wm_task_moved: [2372,1,7]
01-26 13:24:57.367 21486 22154 I am_pause_activity: [0,596029535,com.htc.sense.mms/.ui.ComposeMessageActivity]
01-26 13:24:57.369 21486 22154 I am_task_to_front: [0,2372]
01-26 13:24:57.375 27656 27656 I am_on_paused_called: [0,com.htc.sense.mms.ui.ComposeMessageActivity]
01-26 13:24:57.381 21486 22228 I am_resume_activity: [0,148884789,2372,com.mediatek.connectivity/.CdsRadioInfoActivity]
01-26 13:24:57.385 21486 22228 I am_home_stack_moved: [0,0,1,1,completeResume setFocusedActivity]
01-26 13:24:57.387 21486 22228 I am_focused_activity: [0,com.mediatek.connectivity/.CdsRadioInfoActivity]
01-26 13:24:57.431 22179 22179 I am_on_resume_called: [0,com.mediatek.connectivity.CdsRadioInfoActivity]
01-26 13:24:57.794   341   341 I sf_frame_dur: [com.htc.sense.mms/com.htc.sense.mms.ui.ComposeMessageActivity,39,9,5,10,100,21,0]
01-26 13:24:59.113 21486 22203 I am_finish_activity: [0,148884789,2372,com.mediatek.connectivity/.CdsRadioInfoActivity,app-request]
01-26 13:24:59.116 21486 22203 I am_home_stack_moved: [0,0,1,1,finishActivity adjustTopFocus setFocusedActivity]
01-26 13:24:59.118 21486 22203 I am_focused_activity: [0,com.mediatek.connectivity/.CdsRadioMenuActivity]
01-26 13:24:59.119 21486 22203 I am_pause_activity: [0,148884789,com.mediatek.connectivity/.CdsRadioInfoActivity]
01-26 13:24:59.122 22179 22179 I am_on_paused_called: [0,com.mediatek.connectivity.CdsRadioInfoActivity]
01-26 13:24:59.126 21486 22228 I am_resume_activity: [0,770778897,2372,com.mediatek.connectivity/.CdsRadioMenuActivity]
01-26 13:24:59.129 21486 22228 I am_focused_activity: [0,com.mediatek.connectivity/.CdsRadioMenuActivity]
01-26 13:24:59.139 22179 22179 I am_on_resume_called: [0,com.mediatek.connectivity.CdsRadioMenuActivity]
01-26 13:24:59.482 21486 21518 I am_destroy_activity: [0,148884789,2372,com.mediatek.connectivity/.CdsRadioInfoActivity,finish-imm]
01-26 13:24:59.496   341   341 I sf_frame_dur: [com.mediatek.connectivity/com.mediatek.connectivity.CdsRadioInfoActivity,16,1,3,0,2,0,0]
01-26 13:24:59.796 21486 22074 I am_finish_activity: [0,770778897,2372,com.mediatek.connectivity/.CdsRadioMenuActivity,app-request]
01-26 13:24:59.800 21486 22074 I am_home_stack_moved: [0,0,1,1,finishActivity adjustTopFocus setFocusedActivity]
01-26 13:24:59.806 21486 22074 I am_focused_activity: [0,com.htc.sense.mms/.ui.ComposeMessageActivity]
01-26 13:24:59.829 21486 22074 I am_pause_activity: [0,770778897,com.mediatek.connectivity/.CdsRadioMenuActivity]
01-26 13:24:59.831 22179 22179 I am_on_paused_called: [0,com.mediatek.connectivity.CdsRadioMenuActivity]
01-26 13:24:59.836 21486 21516 I am_resume_activity: [0,596029535,2373,com.htc.sense.mms/.ui.ComposeMessageActivity]
01-26 13:24:59.839 21486 21516 I am_focused_activity: [0,com.htc.sense.mms/.ui.ComposeMessageActivity]
01-26 13:24:59.861 27656 27656 I am_on_resume_called: [0,com.htc.sense.mms.ui.ComposeMessageActivity]
01-26 13:24:59.907 21486 21486 I notification_cancel: [10055,27656,com.htc.sense.mms,123,NULL,0,0,64,8,NULL]
01-26 13:24:59.909 21486 21486 I notification_cancel: [10055,27656,com.htc.sense.mms,123217,NULL,0,0,64,8,NULL]
01-26 13:24:59.909 21486 21486 I notification_cancel: [10055,27656,com.htc.sense.mms,109,NULL,0,0,64,8,NULL]
01-26 13:24:59.910 21486 21486 I notification_cancel: [10055,27656,com.htc.sense.mms,789,NULL,0,0,64,8,NULL]
01-26 13:24:59.911 21486 21486 I notification_cancel: [10055,27656,com.htc.sense.mms,777,NULL,0,0,64,8,NULL]
01-26 13:25:00.203 21486 21518 I am_destroy_activity: [0,770778897,2372,com.mediatek.connectivity/.CdsRadioMenuActivity,finish-imm]
01-26 13:25:00.227 21486 22203 I wm_task_removed: [2372,removeAppToken: last token]
01-26 13:25:00.227 21486 22203 I wm_task_removed: [2372,removeTask]
01-26 13:25:00.470 21486 22796 I am_finish_activity: [0,596029535,2373,com.htc.sense.mms/.ui.ComposeMessageActivity,app-request]
01-26 13:25:00.472 21486 22796 I am_home_stack_moved: [0,0,1,1,finishActivity adjustTopFocus setFocusedActivity]
01-26 13:25:00.475 21486 22796 I am_focused_activity: [0,tunein.player/tunein.ui.actvities.TuneInSearchActivity]
01-26 13:25:00.496 21486 22796 I am_pause_activity: [0,596029535,com.htc.sense.mms/.ui.ComposeMessageActivity]
01-26 13:25:00.502 27656 27656 I am_on_paused_called: [0,com.htc.sense.mms.ui.ComposeMessageActivity]
01-26 13:25:00.510 21486 22203 I am_resume_activity: [0,838385445,2005,tunein.player/tunein.ui.actvities.TuneInSearchActivity]
01-26 13:25:00.513 21486 22203 I am_focused_activity: [0,tunein.player/tunein.ui.actvities.TuneInSearchActivity]
01-26 13:25:00.580 30877 30877 I am_on_resume_called: [0,tunein.ui.actvities.TuneInSearchActivity]
01-26 13:25:00.621 30877 30877 I content_query_sample: [content://tunein.player.settingsprovider/prefs_default/get_boolean/recording_enabled,,,,0,tunein.player,1]
01-26 13:25:00.643 30877 30877 I content_query_sample: [content://tunein.player.settingsprovider/prefs_default/get_boolean/recording_enabled,,,,0,tunein.player,1]
01-26 13:25:00.978 21486 21518 I am_destroy_activity: [0,596029535,2373,com.htc.sense.mms/.ui.ComposeMessageActivity,finish-imm]
01-26 13:25:00.982 21486 21518 I am_kill : [0,25675,com.google.android.setupwizard,15,empty #17]
01-26 13:25:00.994   341   341 I sf_frame_dur: [com.htc.sense.mms/com.htc.sense.mms.ui.ComposeMessageActivity,0,0,0,0,1,0,0]
01-26 13:25:01.090 21486 21518 I am_kill : [0,25617,com.htc.android.mail:sync,15,empty #18]
01-26 13:25:01.144 21486 22129 I am_proc_died: [0,25675,com.google.android.setupwizard]
01-26 13:25:01.148 21486 22154 I am_proc_died: [0,25617,com.htc.android.mail:sync]
01-26 13:25:01.150 21486 21506 I am_home_stack_moved: [0,0,1,1,startingNewTask]
01-26 13:25:01.150 21486 21506 I wm_task_moved: [2373,1,6]
01-26 13:25:01.154 21486 21506 I am_create_task: [0,2374]
01-26 13:25:01.154 21486 21506 I am_create_activity: [0,213732314,2374,com.mediatek.connectivity/.CdsRadioMenuActivity,android.intent.action.MAIN,NULL,NULL,268435456]
01-26 13:25:01.154 21486 21506 I wm_task_created: [2374,1]
01-26 13:25:01.154 21486 21506 I wm_task_moved: [2374,1,7]
01-26 13:25:01.175 21486 21506 I am_pause_activity: [0,838385445,tunein.player/tunein.ui.actvities.TuneInSearchActivity]
01-26 13:25:01.180 21486 21506 I am_home_stack_moved: [0,0,1,1,startedActivity setFocusedActivity]
01-26 13:25:01.183 21486 21506 I am_focused_activity: [0,com.mediatek.connectivity/.CdsRadioMenuActivity]
01-26 13:25:01.197 30877 30877 I am_on_paused_called: [0,tunein.ui.actvities.TuneInSearchActivity]
01-26 13:25:01.221 21486 21507 I am_restart_activity: [0,213732314,2374,com.mediatek.connectivity/.CdsRadioMenuActivity]
01-26 13:25:01.224 21486 21507 I am_focused_activity: [0,com.mediatek.connectivity/.CdsRadioMenuActivity]
01-26 13:25:01.232 21486 22203 I am_kill : [0,27791,com.htc.updater,15,empty #17]
01-26 13:25:01.312 21486 21486 I free_storage_changed: 5751361536
01-26 13:25:01.339 21486 22075 I am_proc_died: [0,27791,com.htc.updater]
01-26 13:25:01.342 21486 22203 I wm_task_removed: [2373,removeAppToken: last token]
01-26 13:25:01.343 21486 22203 I wm_task_removed: [2373,removeTask]
01-26 13:25:01.344 22179 22179 I am_on_resume_called: [0,com.mediatek.connectivity.CdsRadioMenuActivity]
01-26 13:25:01.487 21486 21528 I am_activity_launch_time: [0,213732314,com.mediatek.connectivity/.CdsRadioMenuActivity,269,269]
01-26 13:25:01.534   341   341 I sf_frame_dur: [tunein.player/tunein.ui.actvities.TuneInSearchActivity,0,0,0,1,1,0,0]
01-26 13:25:02.284 21486 22074 I am_home_stack_moved: [0,0,1,1,sourceStackToFront]
01-26 13:25:02.284 21486 22074 I wm_task_moved: [2374,1,6]
01-26 13:25:02.291 21486 22074 I am_create_activity: [0,85440454,2374,com.mediatek.connectivity/.CdsRadioInfoActivity,NULL,NULL,NULL,0]
01-26 13:25:02.292 21486 22074 I am_pause_activity: [0,213732314,com.mediatek.connectivity/.CdsRadioMenuActivity]
01-26 13:25:02.298 21486 22074 I am_home_stack_moved: [0,0,1,1,startedActivity setFocusedActivity]
01-26 13:25:02.305 21486 22074 I am_focused_activity: [0,com.mediatek.connectivity/.CdsRadioInfoActivity]
01-26 13:25:02.310 22179 22179 I am_on_paused_called: [0,com.mediatek.connectivity.CdsRadioMenuActivity]
01-26 13:25:02.314 21486 22129 I am_restart_activity: [0,85440454,2374,com.mediatek.connectivity/.CdsRadioInfoActivity]
01-26 13:25:02.347 21486 22129 I am_focused_activity: [0,com.mediatek.connectivity/.CdsRadioInfoActivity]
01-26 13:25:02.433 22179 22179 I am_on_resume_called: [0,com.mediatek.connectivity.CdsRadioInfoActivity]
01-26 13:25:02.562 21486 21528 I am_activity_launch_time: [0,85440454,com.mediatek.connectivity/.CdsRadioInfoActivity,249,249]
01-26 13:25:02.645   341   341 I sf_frame_dur: [com.mediatek.connectivity/com.mediatek.connectivity.CdsRadioMenuActivity,0,1,0,1,0,0,0]
01-26 13:25:07.057 21486 21486 I notification_cancel: [10015,21690,com.android.systemui,100,low_battery,-1,0,64,8,NULL]
01-26 13:25:07.072 21486 21486 I notification_cancel: [10015,21690,com.android.systemui,2130838302,power_saver,-1,0,64,8,NULL]
01-26 13:25:19.711   341   341 I sf_frame_dur: [PopupWindow:33a29283,1,1,0,0,0,0,0]
01-26 13:25:22.471 22179 22179 I binder_sample: [com.android.internal.telephony.ITelephonyRegistry,10,46,com.android.phone,9]
01-26 13:25:25.641   341   341 I sf_frame_dur: [com.mediatek.connectivity/com.mediatek.connectivity.CdsRadioInfoActivity,7,2,0,0,1,1,0]
01-26 13:25:27.051 21486 21486 I notification_cancel: [10015,21690,com.android.systemui,100,low_battery,-1,0,64,8,NULL]
01-26 13:25:27.051 21486 21486 I notification_cancel: [10015,21690,com.android.systemui,2130838302,power_saver,-1,0,64,8,NULL]
01-26 13:25:31.316 21486 21486 I free_storage_changed: 5734653952
01-26 13:25:37.056 21486 21486 I notification_cancel: [10015,21690,com.android.systemui,100,low_battery,-1,0,64,8,NULL]
01-26 13:25:37.057 21486 21486 I notification_cancel: [10015,21690,com.android.systemui,2130838302,power_saver,-1,0,64,8,NULL]
01-26 13:25:47.039 21486 21486 I notification_cancel: [10015,21690,com.android.systemui,100,low_battery,-1,0,64,8,NULL]
01-26 13:25:47.040 21486 21486 I notification_cancel: [10015,21690,com.android.systemui,2130838302,power_saver,-1,0,64,8,NULL]
01-26 13:25:48.580 21486 22202 I am_home_stack_moved: [0,0,1,1,intentActivityFound]
01-26 13:25:48.580 21486 22202 I wm_task_moved: [2374,1,6]
01-26 13:25:48.585 21486 22202 I am_home_stack_moved: [0,0,1,1,bringingFoundTaskToFront]
01-26 13:25:48.585 21486 22202 I wm_task_moved: [2126,1,6]
01-26 13:25:48.614 21486 22202 I am_pause_activity: [0,85440454,com.mediatek.connectivity/.CdsRadioInfoActivity]
01-26 13:25:48.616 21486 22202 I am_task_to_front: [0,2126]
01-26 13:25:48.617 22179 22179 I am_on_paused_called: [0,com.mediatek.connectivity.CdsRadioInfoActivity]
01-26 13:25:48.624 21486 22228 I am_restart_activity: [0,388761529,2126,com.facebook.katana/com.facebook.composer.activity.ComposerActivity]
01-26 13:25:48.632 21486 22228 I am_home_stack_moved: [0,0,1,1,completeResume setFocusedActivity]
01-26 13:25:48.635 21486 22228 I am_focused_activity: [0,com.facebook.katana/com.facebook.composer.activity.ComposerActivity]
01-26 13:25:48.958   341   341 I sf_frame_dur: [com.mediatek.connectivity/com.mediatek.connectivity.CdsRadioInfoActivity,88,10,5,4,55,18,1]
01-26 13:25:49.328 29419 29419 I am_on_resume_called: [0,com.facebook.composer.activity.ComposerActivity]
01-26 13:25:49.346 21486 21486 I notification_cancel: [10092,29419,com.facebook.katana,714499313,com.facebook.rti.mqtt.common.analytics.MqttDiagnosticNotification,0,0,64,8,NULL]
01-26 13:25:49.363 21486 21486 I notification_cancel: [10092,29419,com.facebook.katana,714499313,com.facebook.rti.mqtt.common.analytics.MqttDiagnosticNotification,0,0,64,8,NULL]
01-26 13:25:49.661 21486 21528 I am_activity_launch_time: [0,388761529,com.facebook.katana/com.facebook.composer.activity.ComposerActivity,1043,1043]
01-26 13:25:49.709 21486 21486 I notification_cancel: [10092,29419,com.facebook.katana,714499313,com.facebook.rti.mqtt.common.analytics.MqttDiagnosticNotification,0,0,64,8,NULL]
01-26 13:25:49.714 21486 21486 I notification_cancel: [10092,29419,com.facebook.katana,714499313,com.facebook.rti.mqtt.common.analytics.MqttDiagnosticNotification,0,0,64,8,NULL]
01-26 13:25:50.463 29419 31175 I content_update_sample: [content://com.facebook.katana.properties/properties/com.facebook.contacts.database.DbPropertiesForContacts/contacts_db_properties,insert,,10,com.facebook.katana,3]
01-26 13:25:52.725 29419 31175 I content_query_sample: [content://com.facebook.katana.properties/properties/com.facebook.contacts.database.DbPropertiesForContacts/contacts_db_properties,value,key=?,,2,com.facebook.katana,1]
01-26 13:25:52.731 21486 21486 I notification_cancel: [10044,25241,com.htc.sense.hsp,2131361907,NULL,0,0,64,8,NULL]
01-26 13:26:01.320 21486 21486 I free_storage_changed: 5727854592
01-26 13:26:27.037 21486 21486 I notification_cancel: [10015,21690,com.android.systemui,100,low_battery,-1,0,64,8,NULL]
01-26 13:26:27.037 21486 21486 I notification_cancel: [10015,21690,com.android.systemui,2130838302,power_saver,-1,0,64,8,NULL]
01-26 13:26:31.325 21486 21486 I free_storage_changed: 5723197440
01-26 13:26:37.023 21486 21486 I notification_cancel: [10015,21690,com.android.systemui,100,low_battery,-1,0,64,8,NULL]
01-26 13:26:37.025 21486 21486 I notification_cancel: [10015,21690,com.android.systemui,2130838302,power_saver,-1,0,64,8,NULL]
01-26 13:26:47.063 21486 21486 I notification_cancel: [10015,21690,com.android.systemui,100,low_battery,-1,0,64,8,NULL]
01-26 13:26:47.072 21486 21486 I notification_cancel: [10015,21690,com.android.systemui,2130838302,power_saver,-1,0,64,8,NULL]
01-26 13:26:49.364 21486 21486 I notification_cancel: [10092,29419,com.facebook.katana,714499313,com.facebook.rti.mqtt.common.analytics.MqttDiagnosticNotification,0,0,64,8,NULL]
01-26 13:26:49.683 21486 21486 I notification_cancel: [10092,29419,com.facebook.katana,714499313,com.facebook.rti.mqtt.common.analytics.MqttDiagnosticNotification,0,0,64,8,NULL]
01-26 13:26:52.567 22179 22179 I binder_sample: [com.android.internal.telephony.ITelephonyRegistry,10,76,com.android.phone,15]
01-26 13:26:55.145 22179 22179 I binder_sample: [com.android.internal.telephony.ITelephonyRegistry,10,101,com.android.phone,20]
01-26 13:26:57.018 21486 21486 I notification_cancel: [10015,21690,com.android.systemui,100,low_battery,-1,0,64,8,NULL]
01-26 13:26:57.019 21486 21486 I notification_cancel: [10015,21690,com.android.systemui,2130838302,power_saver,-1,0,64,8,NULL]
01-26 13:27:01.326 21486 21486 I free_storage_changed: 5712412672
01-26 13:27:07.071 21486 21486 I notification_cancel: [10015,21690,com.android.systemui,100,low_battery,-1,0,64,8,NULL]
01-26 13:27:07.071 21486 21486 I notification_cancel: [10015,21690,com.android.systemui,2130838302,power_saver,-1,0,64,8,NULL]
01-26 13:27:07.873 22179 22179 I binder_sample: [com.android.internal.telephony.ITelephonyRegistry,10,35,com.android.phone,7]
01-26 13:27:17.053 21486 21486 I notification_cancel: [10015,21690,com.android.systemui,100,low_battery,-1,0,64,8,NULL]
01-26 13:27:17.060 21486 21486 I notification_cancel: [10015,21690,com.android.systemui,2130838302,power_saver,-1,0,64,8,NULL]
01-26 13:27:27.064 21486 21486 I notification_cancel: [10015,21690,com.android.systemui,100,low_battery,-1,0,64,8,NULL]
01-26 13:27:27.081 21486 21486 I notification_cancel: [10015,21690,com.android.systemui,2130838302,power_saver,-1,0,64,8,NULL]
01-26 13:27:31.328 21486 21486 I free_storage_changed: 5702356992
01-26 13:27:32.155 21486 22177 I am_home_stack_moved: [0,0,1,1,intentActivityFound]
01-26 13:27:32.155 21486 22177 I wm_task_moved: [2126,1,6]
01-26 13:27:32.160 21486 22177 I am_home_stack_moved: [0,0,1,1,bringingFoundTaskToFront]
01-26 13:27:32.161 21486 22177 I wm_task_moved: [2374,1,6]
01-26 13:27:32.192 21486 22177 I am_pause_activity: [0,388761529,com.facebook.katana/com.facebook.composer.activity.ComposerActivity]
01-26 13:27:32.193 21486 22177 I am_task_to_front: [0,2374]
01-26 13:27:32.209 29419 29419 I am_on_paused_called: [0,com.facebook.composer.activity.ComposerActivity]
01-26 13:27:32.227 21486 22228 I am_resume_activity: [0,85440454,2374,com.mediatek.connectivity/.CdsRadioInfoActivity]
01-26 13:27:32.235 21486 22228 I am_home_stack_moved: [0,0,1,1,completeResume setFocusedActivity]
01-26 13:27:32.239 21486 22228 I am_focused_activity: [0,com.mediatek.connectivity/.CdsRadioInfoActivity]
01-26 13:27:32.267 22179 22179 I am_on_resume_called: [0,com.mediatek.connectivity.CdsRadioInfoActivity]
01-26 13:27:32.586   341   341 I sf_frame_dur: [com.facebook.katana/com.facebook.composer.activity.ComposerActivity,21,1,0,4,1,0,1]
01-26 13:27:33.800 21486 22251 I am_finish_activity: [0,85440454,2374,com.mediatek.connectivity/.CdsRadioInfoActivity,app-request]
01-26 13:27:33.802 21486 22251 I am_home_stack_moved: [0,0,1,1,finishActivity adjustTopFocus setFocusedActivity]
01-26 13:27:33.804 21486 22251 I am_focused_activity: [0,com.mediatek.connectivity/.CdsRadioMenuActivity]
01-26 13:27:33.805 21486 22251 I am_pause_activity: [0,85440454,com.mediatek.connectivity/.CdsRadioInfoActivity]
01-26 13:27:33.808 22179 22179 I am_on_paused_called: [0,com.mediatek.connectivity.CdsRadioInfoActivity]
01-26 13:27:33.811 21486 22129 I am_resume_activity: [0,213732314,2374,com.mediatek.connectivity/.CdsRadioMenuActivity]
01-26 13:27:33.815 21486 22129 I am_focused_activity: [0,com.mediatek.connectivity/.CdsRadioMenuActivity]
01-26 13:27:33.817 22179 22179 I am_on_resume_called: [0,com.mediatek.connectivity.CdsRadioMenuActivity]
01-26 13:27:34.153 21486 21518 I am_destroy_activity: [0,85440454,2374,com.mediatek.connectivity/.CdsRadioInfoActivity,finish-imm]
01-26 13:27:34.169   341   341 I sf_frame_dur: [com.mediatek.connectivity/com.mediatek.connectivity.CdsRadioInfoActivity,15,0,4,1,2,0,0]
01-26 13:27:34.479 21486 22154 I am_finish_activity: [0,213732314,2374,com.mediatek.connectivity/.CdsRadioMenuActivity,app-request]
01-26 13:27:34.483 21486 22154 I am_home_stack_moved: [0,0,1,1,finishActivity adjustTopFocus setFocusedActivity]
01-26 13:27:34.490 21486 22154 I am_focused_activity: [0,com.facebook.katana/com.facebook.composer.activity.ComposerActivity]
01-26 13:27:34.530 21486 22154 I am_pause_activity: [0,213732314,com.mediatek.connectivity/.CdsRadioMenuActivity]
01-26 13:27:34.532 22179 22179 I am_on_paused_called: [0,com.mediatek.connectivity.CdsRadioMenuActivity]
01-26 13:27:34.538 21486 22075 I am_resume_activity: [0,388761529,2126,com.facebook.katana/com.facebook.composer.activity.ComposerActivity]
01-26 13:27:34.544 21486 22075 I am_focused_activity: [0,com.facebook.katana/com.facebook.composer.activity.ComposerActivity]
01-26 13:27:34.562 29419 29419 I am_on_resume_called: [0,com.facebook.composer.activity.ComposerActivity]
01-26 13:27:34.898 21486 21518 I am_destroy_activity: [0,213732314,2374,com.mediatek.connectivity/.CdsRadioMenuActivity,finish-imm]
01-26 13:27:34.951 21486 21516 I wm_task_removed: [2374,removeAppToken: last token]
01-26 13:27:34.951 21486 21516 I wm_task_removed: [2374,removeTask]
01-26 13:27:35.821 21486 22154 I am_home_stack_moved: [0,0,1,1,startingNewTask]
01-26 13:27:35.822 21486 22154 I wm_task_moved: [2126,1,5]
01-26 13:27:35.830 21486 22154 I am_create_task: [0,2375]
01-26 13:27:35.831 21486 22154 I am_create_activity: [0,960597348,2375,com.mediatek.connectivity/.CdsRadioMenuActivity,android.intent.action.MAIN,NULL,NULL,268435456]
01-26 13:27:35.833 21486 22154 I wm_task_created: [2375,1]
01-26 13:27:35.834 21486 22154 I wm_task_moved: [2375,1,6]
01-26 13:27:35.886 21486 22154 I am_pause_activity: [0,388761529,com.facebook.katana/com.facebook.composer.activity.ComposerActivity]
01-26 13:27:35.917 21486 22154 I am_home_stack_moved: [0,0,1,1,startedActivity setFocusedActivity]
01-26 13:27:35.922 21486 22154 I am_focused_activity: [0,com.mediatek.connectivity/.CdsRadioMenuActivity]
01-26 13:27:35.927 29419 29419 I am_on_paused_called: [0,com.facebook.composer.activity.ComposerActivity]
01-26 13:27:35.963 21486 22178 I am_restart_activity: [0,960597348,2375,com.mediatek.connectivity/.CdsRadioMenuActivity]
01-26 13:27:35.990 21486 22178 I am_focused_activity: [0,com.mediatek.connectivity/.CdsRadioMenuActivity]
01-26 13:27:36.043 22179 22179 I am_on_resume_called: [0,com.mediatek.connectivity.CdsRadioMenuActivity]
01-26 13:27:36.118 22179 22179 I binder_sample: [android.view.IWindowSession,6,43,com.android.phone,8]
01-26 13:27:36.193 21486 21528 I am_activity_launch_time: [0,960597348,com.mediatek.connectivity/.CdsRadioMenuActivity,262,262]
01-26 13:27:36.242   341   341 I sf_frame_dur: [com.facebook.katana/com.facebook.composer.activity.ComposerActivity,4,0,0,1,0,0,1]
01-26 13:27:36.909 21486 23315 I am_home_stack_moved: [0,0,1,1,sourceStackToFront]
01-26 13:27:36.909 21486 23315 I wm_task_moved: [2375,1,6]
01-26 13:27:36.913 21486 23315 I am_create_activity: [0,487204590,2375,com.mediatek.connectivity/.CdsRadioInfoActivity,NULL,NULL,NULL,0]
01-26 13:27:36.915 21486 23315 I am_pause_activity: [0,960597348,com.mediatek.connectivity/.CdsRadioMenuActivity]
01-26 13:27:36.920 21486 23315 I am_home_stack_moved: [0,0,1,1,startedActivity setFocusedActivity]
01-26 13:27:36.924 21486 23315 I am_focused_activity: [0,com.mediatek.connectivity/.CdsRadioInfoActivity]
01-26 13:27:36.929 22179 22179 I am_on_paused_called: [0,com.mediatek.connectivity.CdsRadioMenuActivity]
01-26 13:27:36.933 21486 22796 I am_restart_activity: [0,487204590,2375,com.mediatek.connectivity/.CdsRadioInfoActivity]
01-26 13:27:36.958 21486 22796 I am_focused_activity: [0,com.mediatek.connectivity/.CdsRadioInfoActivity]
01-26 13:27:37.073 22179 22179 I am_on_resume_called: [0,com.mediatek.connectivity.CdsRadioInfoActivity]
01-26 13:27:37.196 21486 21528 I am_activity_launch_time: [0,487204590,com.mediatek.connectivity/.CdsRadioInfoActivity,265,265]
01-26 13:27:37.253   341   341 I sf_frame_dur: [com.mediatek.connectivity/com.mediatek.connectivity.CdsRadioMenuActivity,1,1,0,0,0,0,0]
01-26 13:27:38.515 22179 22179 I binder_sample: [android.view.IWindowSession,6,31,com.android.phone,6]
01-26 13:27:48.895   341   341 I sf_frame_dur: [PopupWindow:13786b6d,1,0,1,0,0,0,0]
01-26 13:27:49.365 21486 21486 I notification_cancel: [10092,29419,com.facebook.katana,714499313,com.facebook.rti.mqtt.common.analytics.MqttDiagnosticNotification,0,0,64,8,NULL]
01-26 13:27:49.719 21486 21486 I notification_cancel: [10092,29419,com.facebook.katana,714499313,com.facebook.rti.mqtt.common.analytics.MqttDiagnosticNotification,0,0,64,8,NULL]
01-26 13:27:54.506   341   341 I sf_frame_dur: [com.mediatek.connectivity/com.mediatek.connectivity.CdsRadioInfoActivity,11,0,0,0,1,1,0]
01-26 13:27:57.050 21486 21486 I notification_cancel: [10015,21690,com.android.systemui,100,low_battery,-1,0,64,8,NULL]
01-26 13:27:57.051 21486 21486 I notification_cancel: [10015,21690,com.android.systemui,2130838302,power_saver,-1,0,64,8,NULL]
01-26 13:28:01.329 21486 21486 I free_storage_changed: 5660037120
01-26 13:28:07.036 21486 21486 I notification_cancel: [10015,21690,com.android.systemui,100,low_battery,-1,0,64,8,NULL]
01-26 13:28:07.036 21486 21486 I notification_cancel: [10015,21690,com.android.systemui,2130838302,power_saver,-1,0,64,8,NULL]
01-26 13:28:17.054 21486 21486 I notification_cancel: [10015,21690,com.android.systemui,100,low_battery,-1,0,64,8,NULL]
01-26 13:28:17.062 21486 21486 I notification_cancel: [10015,21690,com.android.systemui,2130838302,power_saver,-1,0,64,8,NULL]
01-26 13:28:31.332 21486 21486 I free_storage_changed: 5546639360
01-26 13:28:37.069 21486 21486 I notification_cancel: [10015,21690,com.android.systemui,100,low_battery,-1,0,64,8,NULL]
01-26 13:28:37.077 21486 21486 I notification_cancel: [10015,21690,com.android.systemui,2130838302,power_saver,-1,0,64,8,NULL]
01-26 13:28:43.477 21486 21580 I netstats_mobile_sample: [38246096,46695,3756093,36780,38246096,46695,3771964,36929,38246096,46695,3771964,36929,-1]
01-26 13:28:43.478 21486 21580 I netstats_wifi_sample: [64644379,95163,8148128,76389,63233045,93633,7137710,72808,62997203,90952,7131925,72743,-1]
01-26 13:28:43.529 21486 21580 I netstats_mobile_sample: [38246096,46695,3756093,36780,38246096,46695,3771964,36929,38246096,46695,3771964,36929,-1]
01-26 13:28:43.530 21486 21580 I netstats_wifi_sample: [64644379,95163,8148128,76389,63233045,93633,7137710,72808,62997203,90952,7131925,72743,-1]
01-26 13:28:43.661 21486 21486 I notification_cancel: [1000,21486,android,191,CaptivePortal.Notification,0,0,0,8,NULL]
01-26 13:28:43.804 21486 22075 I am_proc_start: [0,875,10053,com.htc.android.mail:sync,broadcast,com.htc.android.mail/.eassvc.EASEventReceiver]
01-26 13:28:43.863 21486 21486 I notification_cancel: [10092,29419,com.facebook.katana,10011,NULL,0,0,64,8,NULL]
01-26 13:28:43.865 21486 21517 I binder_sample: [android.content.IContentProvider,1,26,system_server,5]
01-26 13:28:43.899 21486 23315 I am_proc_bound: [0,875,com.htc.android.mail:sync]
01-26 13:28:44.526 21486  7839 I am_proc_start: [0,928,10064,com.google.android.setupwizard,broadcast,com.google.android.setupwizard/.carrier.MobileConnectivityChangeReceiver]
01-26 13:28:44.603 21486 22228 I am_proc_bound: [0,928,com.google.android.setupwizard]
01-26 13:28:44.701 21486 22154 I am_kill : [0,27828,com.google.android.apps.magazines,15,empty #17]
01-26 13:28:44.919 21486 21516 I am_proc_died: [0,27828,com.google.android.apps.magazines]
01-26 13:28:45.049 21486 22203 I am_proc_start: [0,967,10068,com.htc.updater,broadcast,com.htc.updater/.download.DownloadReceiver]
01-26 13:28:45.051 21486 22203 I am_kill : [0,27957,com.android.chrome,15,empty #17]
01-26 13:28:45.162 21486  7839 I am_proc_bound: [0,967,com.htc.updater]
01-26 13:28:45.167 21486 22251 I am_proc_died: [0,27957,com.android.chrome]
01-26 13:28:45.353 21486 21506 I am_proc_start: [0,994,10122,com.google.android.apps.magazines,broadcast,com.google.android.apps.magazines/com.google.apps.dots.android.newsstand.appwidget.NewsWidgetProvider]
01-26 13:28:45.356 21486 22075 I am_kill : [0,28056,com.google.android.apps.plus,15,empty #17]
