01-26 16:50:51.880 21486 21486 I notification_cancel: [1001,22179,com.android.phone,19,NULL,0,0,64,8,NULL]
01-26 16:50:51.932 21486 21486 I notification_cancel: [1001,22179,com.android.phone,16,NULL,0,0,64,8,NULL]
01-26 16:50:52.002 21486 21486 I notification_cancel: [1001,22179,com.android.phone,19,NULL,0,0,64,8,NULL]
01-26 16:50:52.073 21486 21507 I am_proc_start: [0,7991,10055,com.htc.sense.mms,broadcast,com.htc.sense.mms/.transaction.SmsReceiver]
01-26 16:50:52.340 21486 22177 I am_proc_bound: [0,7991,com.htc.sense.mms]
01-26 16:50:53.381 21486 22228 I am_proc_start: [0,8025,10058,com.htc.cs.pns,broadcast,com.htc.cs.pns/com.htc.lib1.cs.push.receiver.SimStateChangeReceiver]
01-26 16:50:54.295 21486 22796 I am_proc_bound: [0,8025,com.htc.cs.pns]
01-26 16:50:55.173 22179 22179 I content_update_sample: [content://gsmapn/carriers/current,insert,,1960,com.android.phone,100]
01-26 16:50:55.273 21486 21506 I am_proc_died: [0,7842,com.htc.android.mail:sync]
01-26 16:50:55.443 22179 22693 I content_query_sample: Binder:7991, Query uri:content://mms-sms-v2/rawQuery, selection:SELECT count(1) FROM sms WHERE date2 = 0, selectionArgs:null
01-26 16:50:55.458 22179 22662 I content_query_sample: Binder:7991, Query uri:content://mms-sms-v2/rawQuery, selection:select count(1) from contact_threads where htc_category =1 or htc_category = 2, selectionArgs:null
01-26 16:50:55.469 22179 32543 I content_query_sample: Binder:7991, Query uri:content://mms-sms-v2/rawQuery, selection:select _id,msg_id from addr where (type = 129 or type = 130 or type = 151), selectionArgs:null
01-26 16:50:55.472 21486 23165 I force_gc: Binder
01-26 16:50:55.521 21486 21507 I am_proc_died: [0,7437,com.google.android.setupwizard]
01-26 16:50:55.526 22179 22693 I content_query_sample: Binder:7991, Query uri:content://mms/part, selection:null, selectionArgs:null
01-26 16:50:55.528 21486 21486 I notification_cancel: [1001,22179,com.android.phone,16,NULL,0,0,64,8,NULL]
01-26 16:50:55.534 22179 32544 I content_query_sample: Binder:7991, Query uri:content://mms-sms-v2/rawQuery, selection:SELECT count(1) FROM pdu WHERE date2 = 0, selectionArgs:null
01-26 16:50:55.541 22179 22912 I content_query_sample: Binder:7991, Query uri:content://mms-sms-v2/rawQuery, selection:select count(1) from blocklist, selectionArgs:null
01-26 16:50:55.549 22179 22779 I content_query_sample: Binder:7991, Query uri:content://mms/thread-allreport, selection:thread_id>0 AND m_id!= "" AND (m_type = 128 or m_type = 134 or m_type = 136), selectionArgs:null
01-26 16:50:55.554 21486 21486 I notification_cancel: [1001,22179,com.android.phone,21,NULL,0,0,64,8,NULL]
01-26 16:50:55.557 22179 12770 I content_query_sample: Binder:7991, Query uri:content://mms-sms-v2/conversations?simple=true&formal=true&category=0, selection:null, selectionArgs:null
01-26 16:50:55.572 22179 32544 I content_query_sample: Binder:7991, Query uri:content://sms, selection:body Like 'BEGIN:VCARD%' AND thread_id > 0 , selectionArgs:null
01-26 16:50:55.656 22179 32544 I content_update_sample: Binder:7991, Update uri:content://mms, selection:st=129 AND m_type!=134, selectionArgs:null
01-26 16:50:55.699 21486 23315 I am_proc_died: [0,7461,com.htc.updater]
01-26 16:50:55.716 22179 22662 I content_query_sample: Binder:7991, Query uri:content://mms-sms/draft?category=0, selection:null, selectionArgs:null
01-26 16:50:55.973 21486 21486 I notification_cancel: [10092,5628,com.facebook.katana,714499313,com.facebook.rti.mqtt.common.analytics.MqttDiagnosticNotification,0,0,64,8,NULL]
01-26 16:50:56.041 21486 23315 I am_proc_died: [0,7486,com.google.android.apps.magazines]
01-26 16:50:56.077 21486 21580 I netstats_mobile_sample: [94505655,115911,9455946,90139,94505655,115911,9500617,90504,94505655,115911,9500617,90504,-1]
01-26 16:50:56.077 21486 21580 I netstats_wifi_sample: [64726124,95856,8203666,76795,63302642,94283,7188570,73080,63066800,91602,7182785,73015,-1]
01-26 16:50:56.086 22179 22179 I content_query_sample: [content://slot1gsmapn/carriers/preferapn_no_update/subId/1,_id/name/apn,,name ASC,175,com.android.phone,36]
01-26 16:50:56.092 21486 21486 I notification_cancel: [1000,21486,android,65537,CaptivePortal.Notification,0,0,0,8,NULL]
01-26 16:50:56.096 21486 21580 I netstats_mobile_sample: [94505655,115911,9455946,90139,94505655,115911,9500617,90504,94505655,115911,9500617,90504,-1]
01-26 16:50:56.097 21486 21580 I netstats_wifi_sample: [64726124,95856,8203666,76795,63302642,94283,7188570,73080,63066800,91602,7182785,73015,-1]
01-26 16:50:56.213 22179  8107 I content_update_sample: [content://gsmapn/siminfo,update,_id=1,109,com.android.phone,22]
01-26 16:50:56.228 22179 22179 I binder_sample: [com.android.internal.telephony.ITelephonyRegistry,10,72,com.android.phone,14]
01-26 16:50:56.301 21486 22251 I am_proc_died: [0,7576,com.android.chrome]
01-26 16:50:56.424 22078  8133 I c2dm    : [-2,NULL,1,1]
01-26 16:50:56.532 22179  8159 I content_update_sample: Binder:22179, Delete uri:content://sms/icc-db/0, selection:null, selectionArgs:null
01-26 16:50:56.558 22078  8143 I c2dm    : [3,NULL,1,1]
01-26 16:50:56.562 21486 21517 I binder_sample: [android.content.IContentProvider,1,134,system_server,26]
01-26 16:50:56.565 22078  8143 I gtalk_heartbeat_reset: [1680,64.233.187.188:5228]
01-26 16:50:56.570 22078  8143 I gtalk_connection: 0
01-26 16:50:56.608 22078 22078 I binder_sample: [android.net.IConnectivityManager,17,351,com.google.android.gms.persistent,70]
01-26 16:50:56.612  5628  5628 I binder_sample: [android.net.IConnectivityManager,17,372,com.facebook.katana,74]
01-26 16:50:56.641 22078  8143 I c2dm    : [7,,1,1]
01-26 16:50:56.687 21486 22129 I am_proc_start: [0,8166,10013,android.process.media,broadcast,com.android.providers.downloads/.DownloadReceiver]
01-26 16:50:56.706 21486 21486 I notification_cancel: [10007,7873,com.htc.calendar,1,NULL,0,0,64,8,NULL]
01-26 16:50:56.751 21486 22154 I am_proc_died: [0,7629,com.google.android.apps.plus]
01-26 16:50:56.825 21486  7839 I am_proc_bound: [0,8166,android.process.media]
01-26 16:50:57.002 21486 22202 I am_proc_start: [0,8221,10020,com.google.process.gapps,content provider,com.google.android.gsf/.gservices.GservicesProvider]
01-26 16:50:57.038 21486 21486 I notification_cancel: [10092,5628,com.facebook.katana,714499313,com.facebook.rti.mqtt.common.analytics.MqttDiagnosticNotification,0,0,64,8,NULL]
01-26 16:50:57.038 21486 21486 I notification_cancel: [1001,22179,com.android.phone,19,NULL,0,0,64,8,NULL]
01-26 16:50:57.038 21486 21486 I notification_cancel: [10092,5628,com.facebook.katana,714499313,com.facebook.rti.mqtt.common.analytics.MqttDiagnosticNotification,0,0,64,8,NULL]
01-26 16:50:57.043 21486 21486 I notification_cancel: [10092,5628,com.facebook.katana,714499313,com.facebook.rti.mqtt.common.analytics.MqttDiagnosticNotification,0,0,64,8,NULL]
01-26 16:50:57.053 21486 21506 I am_proc_bound: [0,8221,com.google.process.gapps]
01-26 16:50:57.063 21486 21486 I notification_cancel: [10092,5628,com.facebook.katana,10011,NULL,0,0,64,8,NULL]
01-26 16:50:57.067 21486 21486 I notification_cancel: [10092,5628,com.facebook.katana,714499313,com.facebook.rti.mqtt.common.analytics.MqttDiagnosticNotification,0,0,64,8,NULL]
01-26 16:50:57.101 22431  8150 I content_query_sample: [content://icc/phonebook/subId/1,name/number/hidden/recordNumber/number1/number2/emails,,,562,com.android.providers.contacts,100]
01-26 16:50:57.129 21486 22796 I am_proc_died: [0,7600,com.google.android.apps.photos]
01-26 16:50:57.288 21486 21486 I notification_cancel: [10092,5628,com.facebook.katana,714499313,com.facebook.rti.mqtt.common.analytics.MqttDiagnosticNotification,0,0,64,8,NULL]
01-26 16:50:57.298 21486  7839 I notification_cancel_all: [10013,8166,com.android.providers.downloads,0,0,64,9,NULL]
01-26 16:50:57.369  8166  8252 I content_query_sample: [content://downloads/all_downloads,,,,30,com.android.providers.downloads,7]
01-26 16:50:57.425 21486 22074 I am_proc_start: [0,8256,10053,com.htc.android.mail:sync,broadcast,com.htc.android.mail/.eassvc.EASEventReceiver]
01-26 16:50:57.455 21486 21506 I am_proc_bound: [0,8256,com.htc.android.mail:sync]
01-26 16:50:57.470 21486 22202 I binder_sample: [com.android.server.am.ActivityManagerService,29,516,execTransact,100]
01-26 16:50:57.713 21486 22075 I am_proc_start: [0,8282,10064,com.google.android.setupwizard,broadcast,com.google.android.setupwizard/.carrier.MobileConnectivityChangeReceiver]
01-26 16:50:57.736 21486 22251 I am_proc_bound: [0,8282,com.google.android.setupwizard]
01-26 16:50:57.751 21486 22177 I am_proc_died: [0,7946,com.htc.mobiledata:remote]
01-26 16:50:57.814  8256  8281 I content_query_sample: [content://mail/accounts,_id/_name/_inserver/_providerGroup/_emailaddress/_username/_password/_outusername/_outpassword/_protocol/_easDomain/_inport/_outserver/_outport/_useSSLin/_useSSLout/_useSignature/_signature/_sizelimit/_fetchMailType/_fetchMailNum/_fetchMailDays/_enableSDsave/_deleteFromServer/_poll_frequency_number/_askBeforeDelete/_refreshMailWhenOpenFolder/_provider/_downloadMessageWhenScroll/_threadedMail/_defaultfolderId/_draftfolderId/_trashfolderId/_sentfolderId/_outfolderId/_providerid/_emailnotifications/_lastupdatetime/_desc/_sound/_ringtone/_vibrate/_smtpauth/_sortby/_defaultaccount/_fontSize/_alwaysBccMyself/_replyWithText/_forward_with_attach/_previewLinesNumber/_del/_peakdays/_peaktimestart/_peaktimeend/_peakonfrequency/_peakofffrequency/_easSvrProtocol/_contactGroup/_colorIdx/_syncWithServer/_nextfetchtime/_accountType/_searchfolderId/_autoDownloadAttach/_autoDownloadOnWifi/_showSubjectInPrimaryView/_filterby,_del <> 1,_id,70,com.htc.android.mail,15]
01-26 16:50:57.914 21486 22796 I am_proc_start: [0,8310,10068,com.htc.updater,broadcast,com.htc.updater/.download.DownloadReceiver]
01-26 16:50:57.965 21486 21516 I am_proc_bound: [0,8310,com.htc.updater]
01-26 16:50:57.998 21486 22075 I am_proc_died: [0,8025,com.htc.cs.pns]
01-26 16:50:58.094  8256  8305 I content_query_sample: [content://com.android.calendar/calendars?caller_is_syncadapter=true&account_name=WFT_RSS_430%40htc.misip.com&account_type=com.htc.android.mail.eas,cal_sync1/cal_sync2/cal_sync3/cal_sync4/cal_sync5/cal_sync6,account_name = 'WFT_RSS_430@htc.misip.com' AND account_type = 'com.htc.android.mail.eas',,6,com.htc.android.mail,2]
01-26 16:50:58.235 21486 22074 I am_proc_start: [0,8362,10122,com.google.android.apps.magazines,broadcast,com.google.android.apps.magazines/com.google.apps.dots.android.newsstand.appwidget.NewsWidgetProvider]
01-26 16:50:58.263 21486 22203 I am_proc_bound: [0,8362,com.google.android.apps.magazines]
01-26 16:50:58.303 21486 21506 I am_proc_died: [0,7873,com.htc.calendar]
01-26 16:50:58.315  3480  8358 I aggregation: 1453798258315
01-26 16:50:58.511 21486 23315 I am_proc_died: [0,8166,android.process.media]
01-26 16:50:58.568 21486 23297 I force_gc: Binder
01-26 16:50:58.789 21486 22796 I am_proc_start: [0,8412,10020,com.google.android.gms.unstable,service,com.google.android.gms/.droidguard.DroidGuardService]
01-26 16:50:58.814 21486 21516 I am_proc_bound: [0,8412,com.google.android.gms.unstable]
01-26 16:50:58.859 21486  7839 I am_proc_died: [0,7922,com.htc.bgp]
01-26 16:50:58.979 21486 21507 I am_proc_died: [0,7899,com.htc.mobiledata]
01-26 16:50:59.089 21486 21486 I notification_cancel: [10020,8412,com.google.android.gms,10436,NOT_LMP,0,0,64,8,NULL]
01-26 16:50:59.090 21486 21486 I notification_cancel: [10020,8412,com.google.android.gms,39789,NOT_LMP,0,0,64,8,NULL]
01-26 16:50:59.616 22078  8503 I gtalk_conn_close: [1,3]
01-26 16:50:59.628 21486 22202 I am_proc_start: [0,8514,10081,com.android.chrome,broadcast,com.android.chrome/org.chromium.content.browser.BackgroundSyncLauncherService$Receiver]
01-26 16:50:59.633 21486 21516 I am_proc_died: [0,8310,com.htc.updater]
01-26 16:50:59.677 21486 21507 I am_proc_bound: [0,8514,com.android.chrome]
01-26 16:50:59.839 21486 21506 I am_proc_died: [0,8282,com.google.android.setupwizard]
01-26 16:50:59.894 21486 22177 I am_proc_start: [0,8543,10129,com.google.android.apps.photos,broadcast,com.google.android.apps.photos/.actionqueue.SystemReceiver]
01-26 16:50:59.910 21486 22154 I am_proc_bound: [0,8543,com.google.android.apps.photos]
01-26 16:51:00.248 21486 22203 I am_proc_died: [0,8362,com.google.android.apps.magazines]
01-26 16:51:00.591 21486 22129 I am_proc_start: [0,8597,10131,com.google.android.apps.plus,broadcast,com.google.android.apps.plus/com.google.android.libraries.social.autobackup.AutoBackupEnvironment$ConnectivityReceiver]
01-26 16:51:00.615 21486 21486 I notification_cancel: [10129,8543,com.google.android.apps.photos,10436,NULL,0,0,64,8,NULL]
01-26 16:51:00.627 21486 21506 I am_proc_bound: [0,8597,com.google.android.apps.plus]
01-26 16:51:00.668 21486 22154 I am_proc_died: [0,8514,com.android.chrome]
01-26 16:51:00.749 21486 22074 I am_proc_start: [0,8640,10013,android.process.media,content provider,com.android.providers.media/.MediaProvider]
01-26 16:51:00.767 21486 21506 I am_proc_bound: [0,8640,android.process.media]
01-26 16:51:00.848 21486 21516 I notification_cancel_all: [10013,8640,com.android.providers.downloads,0,0,64,9,NULL]
01-26 16:51:01.093  8597  8597 I content_query_sample: [content://com.google.android.gsf.gservices,,,,1,com.google.android.apps.plus,1]
01-26 16:51:01.187  8597  8672 I content_query_sample: [content://com.google.android.apps.plus.iu.EsGoogleIuProvider/settings,auto_upload_enabled/auto_upload_account_id,,,50,com.google.android.apps.plus,11]
01-26 16:51:01.198 21486 22202 I am_proc_start: [0,8676,10008,com.htc.bgp,broadcast,com.htc.CustomizationSetup/.SIMStateChangeReceiver]
01-26 16:51:01.226 21486 22129 I am_proc_bound: [0,8676,com.htc.bgp]
01-26 16:51:01.230 21486 22178 I am_proc_died: [0,8543,com.google.android.apps.photos]
01-26 16:51:01.465 21486 21507 I am_proc_start: [0,8714,10058,com.htc.cs.pns,broadcast,com.htc.cs.pns/com.htc.lib1.cs.push.receiver.SimStateChangeReceiver]
01-26 16:51:01.478 21486 22251 I am_proc_bound: [0,8714,com.htc.cs.pns]
01-26 16:51:01.511 21486 21507 I am_proc_died: [0,8597,com.google.android.apps.plus]
01-26 16:51:01.869 21486 22203 I am_proc_start: [0,8767,10129,com.google.android.apps.photos,broadcast,com.google.android.apps.photos/.actionqueue.InternalReceiver]
01-26 16:51:01.895 21486 21486 I notification_enqueue: [10020,22078,com.google.android.gms,0,com.google.android.gms.auth.TokenNotificationManager:gftrss081@gmail.com:com.google,0,Notification(pri=0 contentView=null vibrate=null sound=null defaults=0x0 flags=0xa color=0x00000000 vis=PRIVATE),1]
01-26 16:51:01.896 21486 21486 I notification_skip_beep_vibrate: [0,0,0,0,0,1,0,1,0,0]
01-26 16:51:01.896 21486 21486 I notification_skip_light: [1,0,1,0,0]
01-26 16:51:01.905 21486 21506 I am_proc_bound: [0,8767,com.google.android.apps.photos]
01-26 16:51:01.923 21486 23455 I force_gc: Binder
01-26 16:51:02.384 21486 21486 I notification_cancel: [10129,8767,com.google.android.apps.photos,10436,NULL,0,0,64,8,NULL]
01-26 16:51:02.434 21486 22228 I am_proc_start: [0,8804,10041,com.htc.mobiledata,content provider,com.htc.mobiledata/.MobileDataProvider]
01-26 16:51:02.521 21486 21506 I am_proc_died: [0,8640,android.process.media]
01-26 16:51:02.542 21486 21507 I am_proc_bound: [0,8804,com.htc.mobiledata]
01-26 16:51:02.649 21486 22202 I am_proc_start: [0,8831,10041,com.htc.mobiledata:remote,service,com.htc.mobiledata/.MobileDataService]
01-26 16:51:02.690 21486 22228 I am_proc_start: [0,8860,10064,com.google.android.setupwizard,broadcast,com.google.android.setupwizard/.util.GservicesChangedReceiver]
01-26 16:51:02.692 21486 21516 I am_proc_bound: [0,8831,com.htc.mobiledata:remote]
01-26 16:51:02.728 21486 22251 I am_proc_bound: [0,8860,com.google.android.setupwizard]
01-26 16:51:02.759 21486 22251 I am_proc_died: [0,8676,com.htc.bgp]
01-26 16:51:02.961 21486 22251 I am_proc_died: [0,7991,com.htc.sense.mms]
01-26 16:51:03.004 21486 22074 I am_proc_start: [0,8912,10007,com.htc.calendar,broadcast,com.htc.calendar/.ProviderChangeReceiver]
01-26 16:51:03.029 21486 22796 I am_proc_bound: [0,8912,com.htc.calendar]
01-26 16:51:03.086 22078  8910 I c2dm    : [-2,NULL,1,1]
01-26 16:51:03.124 21486 21516 I am_proc_start: [0,8940,10008,com.htc.bgp,broadcast,com.htc.flexnet/.AndroidIntentReceiver]
01-26 16:51:03.177 21486 21516 I am_proc_bound: [0,8940,com.htc.bgp]
01-26 16:51:03.209 21486 22202 I am_proc_died: [0,8767,com.google.android.apps.photos]
01-26 16:51:03.218 22078  8938 I c2dm    : [3,NULL,1,1]
01-26 16:51:03.226 22078  8938 I gtalk_heartbeat_reset: [1680,64.233.187.188:5228]
01-26 16:51:03.243 22078  8938 I gtalk_connection: 0
01-26 16:51:03.251 22078  8938 I c2dm    : [7,,1,1]
01-26 16:51:03.377 21486 21486 I notification_cancel: [10007,8912,com.htc.calendar,1,NULL,0,0,64,8,NULL]
01-26 16:51:03.736 21486 21486 I free_storage_changed: 5669683200
01-26 16:51:04.446 21486 21486 I notification_cancel: [10007,8912,com.htc.calendar,1,NULL,0,0,64,8,NULL]
01-26 16:51:05.227 22179 22179 I binder_sample: [android.net.INetworkStatsService,4,33,com.android.phone,6]
01-26 16:51:07.659 21486 21506 I am_proc_died: [0,8714,com.htc.cs.pns]
01-26 16:51:08.214 21690 21690 I binder_sample: [com.android.internal.telephony.ITelephony,50,7,com.android.systemui,1]
01-26 16:51:08.423 21486 21518 I am_proc_start: [0,9159,10069,com.google.android.googlequicksearchbox:search,broadcast,com.google.android.googlequicksearchbox/com.google.android.apps.gsa.search.core.GmsPackageWatcher]
01-26 16:51:08.448 21486 22796 I am_proc_bound: [0,9159,com.google.android.googlequicksearchbox:search]
01-26 16:51:09.197 21486 21486 I backup_transport_lifecycle: [com.google.android.gms/.backup.BackupTransportService,1]
01-26 16:51:09.202 21486 21486 I notification_cancel: [10020,22078,com.google.android.gms,1,com.google.android.backup.notification.tag,0,0,64,8,NULL]
01-26 16:51:09.246 21486 21486 I notification_cancel: [10103,8328,com.google.android.talk,8,com.google.android.talk:gmscore,0,0,64,8,NULL]
01-26 16:51:09.273 21486 22177 I am_proc_start: [0,9203,10059,com.android.vending,broadcast,com.android.vending/com.google.android.finsky.receivers.PackageMonitorReceiver$RegisteredReceiver]
01-26 16:51:09.309 21486 22251 I am_proc_died: [0,6548,com.htc.QueryHTCServiceStates]
01-26 16:51:09.309 21486 22251 I am_schedule_service_restart: [0,com.htc.QueryHTCServiceStates/.QueryHTCServiceStates,1000]
01-26 16:51:09.311 21486 21506 I am_proc_bound: [0,9203,com.android.vending]
01-26 16:51:09.688 21486 21486 I notification_cancel: [10059,9203,com.android.vending,-1050172287,NULL,0,0,64,8,NULL]
01-26 16:51:09.782 21486 22203 I am_proc_start: [0,9247,10013,android.process.media,content provider,com.android.providers.downloads/.DownloadProvider]
01-26 16:51:09.811 21486 21506 I am_proc_bound: [0,9247,android.process.media]
01-26 16:51:09.829 21486 22074 I am_proc_died: [0,8831,com.htc.mobiledata:remote]
01-26 16:51:09.956 21486 21507 I am_proc_start: [0,9287,10131,com.google.android.apps.plus,broadcast,com.google.android.apps.plus/.service.PackagesMediaMonitor]
01-26 16:51:09.971 21486 22075 I am_proc_bound: [0,9287,com.google.android.apps.plus]
01-26 16:51:10.033 21486 22074 I am_proc_died: [0,8804,com.htc.mobiledata]
01-26 16:51:10.049 22204 22701 I content_query_sample: [content://com.htc.launcher.settings/favorites?notify=true,,,,122,com.htc.launcher,25]
01-26 16:51:10.058 21486 21506 I notification_cancel_all: [10013,9247,com.android.providers.downloads,0,0,64,9,NULL]
01-26 16:51:10.099 21486 22420 I force_gc: Binder
01-26 16:51:10.105  9203  9245 I content_query_sample: [content://downloads/my_downloads,,,,95,com.android.vending,20]
01-26 16:51:10.391 21486 21518 I am_proc_start: [0,9327,1000,com.htc.QueryHTCServiceStates,service,com.htc.QueryHTCServiceStates/.QueryHTCServiceStates]
01-26 16:51:10.446 21486 22129 I am_proc_bound: [0,9327,com.htc.QueryHTCServiceStates]
01-26 16:51:10.463 21486 22075 I am_proc_died: [0,8860,com.google.android.setupwizard]
01-26 16:51:10.692 21486 22129 I am_proc_start: [0,9367,10023,com.google.android.partnersetup,content provider,com.google.android.partnersetup/.RlzAppProvider]
01-26 16:51:10.693 21486 22154 I am_proc_died: [0,8912,com.htc.calendar]
01-26 16:51:10.716 21486 22203 I am_proc_bound: [0,9367,com.google.android.partnersetup]
01-26 16:51:10.741  9159  9274 I content_update_sample: [content://com.google.android.googlequicksearchbox.icing/applications,update,com.google.android.gms,762,com.google.android.googlequicksearchbox,100]
01-26 16:51:11.192 21486 22796 I am_proc_died: [0,8412,com.google.android.gms.unstable]
01-26 16:51:11.519 21486 22202 I am_proc_died: [0,9159,com.google.android.googlequicksearchbox:search]
01-26 16:51:13.981 22179 22179 I binder_sample: [com.android.internal.telephony.ITelephonyRegistry,10,60,com.android.phone,12]
01-26 16:51:14.882 21486 22796 I am_proc_start: [0,9476,10020,com.google.android.gms:car,service,com.google.android.gms/.car.CarService]
01-26 16:51:14.896 22078 25356 I force_gc: Binder
01-26 16:51:14.937 21486 22154 I am_proc_bound: [0,9476,com.google.android.gms:car]
01-26 16:51:15.087 21486 21486 I notification_cancel: [10020,9476,com.google.android.gms,10436,NOT_LMP,0,0,64,8,NULL]
01-26 16:51:15.089 21486 21486 I notification_cancel: [10020,9476,com.google.android.gms,39789,NOT_LMP,0,0,64,8,NULL]
01-26 16:51:15.159 21486 21486 I notification_enqueue: [10020,22078,com.google.android.gms,0,com.google.android.gms.auth.TokenNotificationManager:gftrss081@gmail.com:com.google,0,Notification(pri=0 contentView=null vibrate=null sound=null defaults=0x0 flags=0xa color=0x00000000 vis=PRIVATE),1]
01-26 16:51:15.160 21486 21486 I notification_skip_beep_vibrate: [0,0,0,0,0,1,0,1,0,0]
01-26 16:51:15.160 21486 21486 I notification_skip_light: [1,0,1,0,0]
01-26 16:51:15.469 21486 22154 I am_proc_died: [0,8940,com.htc.bgp]
01-26 16:51:15.545 21486 21486 I notification_cancel: [10020,9476,com.google.android.gms,10436,NULL,0,0,64,8,NULL]
01-26 16:51:15.552  9476  9523 I content_query_sample: [content://com.google.android.gsf.gservices,,,,2,com.google.android.gms,1]
01-26 16:51:15.619 21486 21486 I notification_cancel: [10059,9203,com.android.vending,10436,NULL,0,0,64,8,NULL]
01-26 16:51:15.938 21486 22203 I am_proc_died: [0,9247,android.process.media]
01-26 16:51:19.623 22179 22179 I binder_sample: [com.android.internal.telephony.ITelephonyRegistry,10,97,com.android.phone,19]
01-26 16:51:21.510 21486 21506 I am_proc_died: [0,9287,com.google.android.apps.plus]
01-26 16:51:23.523 21486  7839 I am_proc_died: [0,8221,com.google.process.gapps]
01-26 16:51:25.269 21486 22178 I am_proc_died: [0,9367,com.google.android.partnersetup]
01-26 16:51:25.834 21486  7839 I am_home_stack_moved: [0,0,1,1,startingNewTask]
01-26 16:51:25.834 21486  7839 I wm_task_moved: [2592,1,6]
01-26 16:51:25.859 21486  7839 I am_create_task: [0,2593]
01-26 16:51:25.859 21486  7839 I am_create_activity: [0,865071477,2593,com.google.android.apps.maps/com.google.android.maps.MapsActivity,android.intent.action.MAIN,NULL,NULL,268435456]
01-26 16:51:25.860 21486  7839 I wm_task_created: [2593,1]
01-26 16:51:25.860 21486  7839 I wm_task_moved: [2593,1,7]
01-26 16:51:25.883 21486  7839 I am_pause_activity: [0,418055186,com.mediatek.connectivity/.CdsRadioInfoActivity]
01-26 16:51:25.886 21486  7839 I am_home_stack_moved: [0,0,1,1,startedActivity setFocusedActivity]
01-26 16:51:25.890 21486  7839 I am_focused_activity: [0,com.google.android.apps.maps/com.google.android.maps.MapsActivity]
01-26 16:51:25.898 22179 22179 I am_on_paused_called: [0,com.mediatek.connectivity.CdsRadioInfoActivity]
01-26 16:51:25.944 21486 22074 I am_proc_start: [0,9732,10117,com.google.android.apps.maps,activity,com.google.android.apps.maps/com.google.android.maps.MapsActivity]
01-26 16:51:25.982 21486 22178 I am_proc_bound: [0,9732,com.google.android.apps.maps]
01-26 16:51:25.990 21486 22178 I am_restart_activity: [0,865071477,2593,com.google.android.apps.maps/com.google.android.maps.MapsActivity]
01-26 16:51:26.019 21486 22178 I am_focused_activity: [0,com.google.android.apps.maps/com.google.android.maps.MapsActivity]
01-26 16:51:26.268   341   341 I sf_frame_dur: [com.mediatek.connectivity/com.mediatek.connectivity.CdsRadioInfoActivity,78,13,18,9,134,34,5]
01-26 16:51:27.002 21486 22591 I force_gc: Binder
01-26 16:51:27.195 21486 22203 I am_proc_start: [0,9782,10020,com.google.process.gapps,content provider,com.google.android.gsf/.settings.GoogleSettingsProvider]
01-26 16:51:27.232 21486 22251 I am_proc_bound: [0,9782,com.google.process.gapps]
01-26 16:51:27.493  9732  9732 I am_on_resume_called: [0,com.google.android.maps.MapsActivity]
01-26 16:51:27.781 21486 21486 I notification_cancel: [10117,9732,com.google.android.apps.maps,6,NULL,0,0,64,8,NULL]
01-26 16:51:27.847 21486 22154 I binder_sample: [com.android.server.input.InputManagerService,5,1951,execTransact,100]
01-26 16:51:27.930 21486 22074 I am_proc_died: [0,9476,com.google.android.gms:car]
01-26 16:51:27.968 21486 21528 I am_activity_launch_time: [0,865071477,com.google.android.apps.maps/com.google.android.maps.MapsActivity,2067,2067]
01-26 16:51:28.019 21486 21486 I notification_cancel: [10117,9732,com.google.android.apps.maps,10436,NULL,0,0,64,8,NULL]
01-26 16:51:28.532 21486 22178 I am_proc_start: [0,9847,10069,com.google.android.googlequicksearchbox:search,service,com.google.android.googlequicksearchbox/com.google.android.ssb.service.SsbService]
01-26 16:51:28.555 21486 22074 I am_proc_bound: [0,9847,com.google.android.googlequicksearchbox:search]
01-26 16:51:28.976 21486 22075 I am_finish_activity: [0,865071477,2593,com.google.android.apps.maps/com.google.android.maps.MapsActivity,app-request]
01-26 16:51:28.978 21486 22075 I am_home_stack_moved: [0,0,1,1,finishActivity adjustTopFocus setFocusedActivity]
01-26 16:51:28.980 21486 22075 I am_focused_activity: [0,com.mediatek.connectivity/.CdsRadioInfoActivity]
01-26 16:51:29.004 21486 22075 I am_pause_activity: [0,865071477,com.google.android.apps.maps/com.google.android.maps.MapsActivity]
01-26 16:51:29.421  9732  9732 I am_on_paused_called: [0,com.google.android.maps.MapsActivity]
01-26 16:51:29.428 21486 22202 I am_resume_activity: [0,418055186,2592,com.mediatek.connectivity/.CdsRadioInfoActivity]
01-26 16:51:29.434 21486 22202 I am_focused_activity: [0,com.mediatek.connectivity/.CdsRadioInfoActivity]
01-26 16:51:29.557 22179 22179 I am_on_resume_called: [0,com.mediatek.connectivity.CdsRadioInfoActivity]
01-26 16:51:29.962 21486 21518 I am_destroy_activity: [0,865071477,2593,com.google.android.apps.maps/com.google.android.maps.MapsActivity,finish-imm]
01-26 16:51:29.974   341   341 I sf_frame_dur: [com.google.android.apps.maps/com.google.android.maps.MapsActivity,1,2,0,0,0,2,1]
01-26 16:51:30.034 21486 22202 I wm_task_removed: [2593,removeAppToken: last token]
01-26 16:51:30.035 21486 22202 I wm_task_removed: [2593,removeTask]
01-26 16:51:30.050 21486 22673 I force_gc: Binder
01-26 16:51:30.189 21486 22228 I am_proc_died: [0,9203,com.android.vending]
01-26 16:51:30.663 21486 21557 I am_proc_start: [0,9925,10059,com.android.vending,service,com.android.vending/com.google.android.finsky.services.ContentSyncService]
01-26 16:51:30.713 21486 22796 I am_proc_bound: [0,9925,com.android.vending]
01-26 16:51:30.719 21486 21573 I netstats_mobile_sample: [94547836,116028,9486066,90279,94547836,116028,9530737,90644,94547836,116028,9530737,90644,-1]
01-26 16:51:30.720 21486 21573 I netstats_wifi_sample: [64726124,95856,8203666,76795,63302642,94283,7188570,73080,63066800,91602,7182785,73015,-1]
01-26 16:51:30.863 21486 22251 I am_finish_activity: [0,418055186,2592,com.mediatek.connectivity/.CdsRadioInfoActivity,app-request]
01-26 16:51:30.865 21486 22251 I am_home_stack_moved: [0,0,1,1,finishActivity adjustTopFocus setFocusedActivity]
01-26 16:51:30.868 21486 22251 I am_focused_activity: [0,com.mediatek.connectivity/.CdsRadioMenuActivity]
01-26 16:51:30.869 21486 22251 I am_pause_activity: [0,418055186,com.mediatek.connectivity/.CdsRadioInfoActivity]
01-26 16:51:30.874 22179 22179 I am_on_paused_called: [0,com.mediatek.connectivity.CdsRadioInfoActivity]
01-26 16:51:30.877 21486 22178 I am_resume_activity: [0,829825439,2592,com.mediatek.connectivity/.CdsRadioMenuActivity]
01-26 16:51:30.882 21486 22178 I am_focused_activity: [0,com.mediatek.connectivity/.CdsRadioMenuActivity]
01-26 16:51:30.887 22179 22179 I am_on_resume_called: [0,com.mediatek.connectivity.CdsRadioMenuActivity]
01-26 16:51:31.065 21486 21486 I notification_cancel: [10044,7764,com.htc.sense.hsp,2131361907,NULL,0,0,64,8,NULL]
01-26 16:51:31.156 21486 21486 I notification_cancel: [10059,9925,com.android.vending,-1050172287,NULL,0,0,64,8,NULL]
01-26 16:51:31.244 21486 22251 I am_proc_start: [0,9972,10013,android.process.media,content provider,com.android.providers.downloads/.DownloadProvider]
01-26 16:51:31.250 21486 21518 I am_destroy_activity: [0,418055186,2592,com.mediatek.connectivity/.CdsRadioInfoActivity,finish-imm]
01-26 16:51:31.254   341   341 I sf_frame_dur: [com.mediatek.connectivity/com.mediatek.connectivity.CdsRadioInfoActivity,15,1,1,0,1,0,0]
01-26 16:51:31.292 21486 22203 I am_proc_bound: [0,9972,android.process.media]
01-26 16:51:31.426 21486 22178 I notification_cancel_all: [10013,9972,com.android.providers.downloads,0,0,64,9,NULL]
01-26 16:51:31.483 21486 23315 I am_proc_died: [0,9732,com.google.android.apps.maps]
01-26 16:51:31.536 21486 22178 I am_finish_activity: [0,829825439,2592,com.mediatek.connectivity/.CdsRadioMenuActivity,app-request]
01-26 16:51:31.537 21486 22178 I am_home_stack_moved: [0,0,1,1,finishActivity adjustTopFocus setFocusedActivity]
01-26 16:51:31.540 21486 22178 I am_focused_activity: [0,tunein.player/tunein.ui.actvities.TuneInSearchActivity]
01-26 16:51:31.562 21486 22178 I am_pause_activity: [0,829825439,com.mediatek.connectivity/.CdsRadioMenuActivity]
01-26 16:51:31.566 22179 22179 I am_on_paused_called: [0,com.mediatek.connectivity.CdsRadioMenuActivity]
01-26 16:51:31.572 21486 22129 I am_resume_activity: [0,838385445,2005,tunein.player/tunein.ui.actvities.TuneInSearchActivity]
01-26 16:51:31.576 21486 22129 I am_focused_activity: [0,tunein.player/tunein.ui.actvities.TuneInSearchActivity]
01-26 16:51:31.648  4396  4396 I am_on_resume_called: [0,tunein.ui.actvities.TuneInSearchActivity]
01-26 16:51:31.678 26136 30308 I content_query_sample: [content://tunein.player.settingsprovider/prefs_default/get_boolean/crashReporting,,,,0,tunein.player,1]
01-26 16:51:32.014 21486 21518 I am_destroy_activity: [0,829825439,2592,com.mediatek.connectivity/.CdsRadioMenuActivity,finish-imm]
01-26 16:51:32.025 21486 22202 I wm_task_removed: [2592,removeAppToken: last token]
01-26 16:51:32.025 21486 22202 I wm_task_removed: [2592,removeTask]
01-26 16:51:32.030   341   341 I sf_frame_dur: [com.mediatek.connectivity/com.mediatek.connectivity.CdsRadioMenuActivity,0,0,0,0,1,0,0]
01-26 16:51:32.073 21486 22251 I am_home_stack_moved: [0,0,1,1,startingNewTask]
01-26 16:51:32.074 21486 22251 I wm_task_moved: [2005,1,5]
01-26 16:51:32.079 21486 22251 I am_create_task: [0,2594]
01-26 16:51:32.079 21486 22251 I am_create_activity: [0,879778228,2594,com.google.android.apps.maps/com.google.android.maps.MapsActivity,android.intent.action.MAIN,NULL,NULL,268435456]
01-26 16:51:32.080 21486 22251 I wm_task_created: [2594,1]
01-26 16:51:32.080 21486 22251 I wm_task_moved: [2594,1,6]
01-26 16:51:32.098 21486 22251 I am_pause_activity: [0,838385445,tunein.player/tunein.ui.actvities.TuneInSearchActivity]
01-26 16:51:32.101 21486 22251 I am_home_stack_moved: [0,0,1,1,startedActivity setFocusedActivity]
01-26 16:51:32.103 21486 22251 I am_focused_activity: [0,com.google.android.apps.maps/com.google.android.maps.MapsActivity]
01-26 16:51:32.107  4396  4396 I am_on_paused_called: [0,tunein.ui.actvities.TuneInSearchActivity]
01-26 16:51:32.143 21486 22228 I am_proc_start: [0,10023,10117,com.google.android.apps.maps,activity,com.google.android.apps.maps/com.google.android.maps.MapsActivity]
01-26 16:51:32.172 21486 21506 I am_proc_bound: [0,10023,com.google.android.apps.maps]
01-26 16:51:32.176 21486 21506 I am_restart_activity: [0,879778228,2594,com.google.android.apps.maps/com.google.android.maps.MapsActivity]
01-26 16:51:32.188 21486 21506 I am_focused_activity: [0,com.google.android.apps.maps/com.google.android.maps.MapsActivity]
01-26 16:51:32.451   341   341 I sf_frame_dur: [tunein.player/tunein.ui.actvities.TuneInSearchActivity,0,0,0,0,1,0,0]
01-26 16:51:32.905 21486 21486 I notification_cancel: [10117,10023,com.google.android.apps.maps,6,NULL,0,0,64,8,NULL]
01-26 16:51:32.963 10023 10023 I am_on_resume_called: [0,com.google.android.maps.MapsActivity]
01-26 16:51:33.169 21486 21486 I notification_cancel: [10117,10023,com.google.android.apps.maps,10436,NULL,0,0,64,8,NULL]
01-26 16:51:33.210 22078 26563 I force_gc: Binder
01-26 16:51:33.231 21486 21528 I am_activity_launch_time: [0,879778228,com.google.android.apps.maps/com.google.android.maps.MapsActivity,1122,1122]
01-26 16:51:33.252 21486 21516 I am_proc_died: [0,9925,com.android.vending]
01-26 16:51:33.446 21486 21557 I am_proc_start: [0,10119,10059,com.android.vending,service,com.android.vending/com.google.android.finsky.services.DailyHygiene]
01-26 16:51:33.514 21486 22251 I am_proc_bound: [0,10119,com.android.vending]
01-26 16:51:33.737 21486 21486 I free_storage_changed: 5644386304
01-26 16:51:33.745 21486 21486 I notification_cancel: [10059,10119,com.android.vending,-1050172287,NULL,0,0,64,8,NULL]
01-26 16:51:33.920 21486 22750 I force_gc: Binder
01-26 16:51:33.952 22078 22078 I binder_sample: [android.app.IActivityManager,69,5,com.google.android.gms.persistent,1]
01-26 16:51:34.120 21486 22202 I am_proc_died: [0,8256,com.htc.android.mail:sync]
01-26 16:51:34.346 21486 22178 I am_proc_start: [0,10192,10020,com.google.android.gms:car,service,com.google.android.gms/.car.CarService]
01-26 16:51:34.380 21486  7839 I binder_sample: [com.android.internal.telephony.ISub,19,12,system_server,2]
01-26 16:51:34.441 21486 22154 I am_proc_bound: [0,10192,com.google.android.gms:car]
01-26 16:51:34.652 21486 21516 I battery_level: [85,4170,450]
01-26 16:51:34.663 21486 21486 I notification_cancel: [10015,21690,com.android.systemui,100,low_battery,-1,0,64,8,NULL]
01-26 16:51:34.663 21486 21486 I notification_cancel: [10015,21690,com.android.systemui,2130838302,power_saver,-1,0,64,8,NULL]
01-26 16:51:34.910 21486 21486 I notification_cancel: [10020,10192,com.google.android.gms,10436,NOT_LMP,0,0,64,8,NULL]
01-26 16:51:34.914 21486 21486 I notification_cancel: [10020,10192,com.google.android.gms,39789,NOT_LMP,0,0,64,8,NULL]
01-26 16:51:35.020 21486 22796 I am_proc_died: [0,3762,com.htc.sense.browser:sandboxed_process4]
01-26 16:51:35.021 21486 22796 I am_schedule_service_restart: [0,com.htc.sense.browser/org.chromium.content.app.SandboxedProcessService4,1000]
01-26 16:51:36.965 21486 21486 I notification_enqueue: [10020,22078,com.google.android.gms,0,com.google.android.gms.auth.TokenNotificationManager:gftrss081@gmail.com:com.google,0,Notification(pri=0 contentView=null vibrate=null sound=null defaults=0x0 flags=0xa color=0x00000000 vis=PRIVATE),1]
01-26 16:51:36.966 21486 21486 I notification_skip_beep_vibrate: [0,0,0,0,0,1,0,1,0,0]
01-26 16:51:36.966 21486 21486 I notification_skip_light: [1,0,1,0,0]
01-26 16:51:37.272 21486 21486 I notification_cancel: [10020,10192,com.google.android.gms,10436,NULL,0,0,64,8,NULL]
01-26 16:51:37.350 21486 21486 I notification_cancel: [10059,10119,com.android.vending,10436,NULL,0,0,64,8,NULL]
01-26 16:51:38.742 22078 27157 I force_gc: Binder
01-26 16:51:40.375 21486 22796 I am_proc_died: [0,10192,com.google.android.gms:car]
01-26 16:51:40.375 21486 22796 I am_schedule_service_restart: [0,com.google.android.gms/.car.CarService,1000]
01-26 16:51:41.440 21486 21518 I am_proc_start: [0,10378,10020,com.google.android.gms:car,service,com.google.android.gms/.car.CarService]
01-26 16:51:41.442 22078 22078 I binder_sample: [android.app.IActivityManager,48,37,com.google.android.gms.persistent,7]
01-26 16:51:41.465 21486  7839 I am_proc_died: [0,9972,android.process.media]
01-26 16:51:41.582 21486 22202 I am_proc_bound: [0,10378,com.google.android.gms:car]
01-26 16:51:41.854 21486 23057 I force_gc: Binder
01-26 16:51:41.973 21486 21486 I notification_cancel: [10020,10378,com.google.android.gms,10436,NOT_LMP,0,0,64,8,NULL]
01-26 16:51:41.975 21486 21486 I notification_cancel: [10020,10378,com.google.android.gms,39789,NOT_LMP,0,0,64,8,NULL]
01-26 16:51:42.078 21486 21486 I notification_enqueue: [10020,22078,com.google.android.gms,0,com.google.android.gms.auth.TokenNotificationManager:gftrss081@gmail.com:com.google,0,Notification(pri=0 contentView=null vibrate=null sound=null defaults=0x0 flags=0xa color=0x00000000 vis=PRIVATE),1]
01-26 16:51:42.080 21486 21486 I notification_skip_beep_vibrate: [0,0,0,0,0,1,0,1,0,0]
01-26 16:51:42.080 21486 21486 I notification_skip_light: [1,0,1,0,0]
01-26 16:51:42.823 21486 21486 I notification_cancel: [10020,10378,com.google.android.gms,10436,NULL,0,0,64,8,NULL]
01-26 16:51:42.902 21486 22075 I am_proc_died: [0,10119,com.android.vending]
01-26 16:51:52.424 21486 21557 I am_proc_start: [0,10568,10059,com.android.vending,service,com.android.vending/com.google.android.finsky.services.ContentSyncService]
01-26 16:51:52.480 21486 22154 I am_proc_bound: [0,10568,com.android.vending]
01-26 16:51:52.743 21486 22075 I am_proc_died: [0,10378,com.google.android.gms:car]
01-26 16:51:52.854 21486 21486 I notification_cancel: [10059,10568,com.android.vending,-1050172287,NULL,0,0,64,8,NULL]
01-26 16:51:53.095 21486 22202 I am_proc_start: [0,10627,10013,android.process.media,content provider,com.android.providers.downloads/.DownloadProvider]
01-26 16:51:53.143 21486 22228 I am_proc_bound: [0,10627,android.process.media]
01-26 16:51:53.413 21486 22129 I notification_cancel_all: [10013,10627,com.android.providers.downloads,0,0,64,9,NULL]
01-26 16:51:53.823 22078 27240 I force_gc: Binder
01-26 16:51:53.850 21486 23165 I force_gc: Binder
01-26 16:51:54.039 21486 22202 I am_proc_start: [0,10658,10020,com.google.android.gms:car,service,com.google.android.gms/.car.CarService]
01-26 16:51:54.084 21486 22154 I am_proc_bound: [0,10658,com.google.android.gms:car]
01-26 16:51:54.239 21486 22796 I am_proc_died: [0,9782,com.google.process.gapps]
01-26 16:51:54.321 21486 21486 I notification_cancel: [10117,10023,com.google.android.apps.maps,1554,com.google.android.apps.gmm.directions.cy,0,0,64,8,NULL]
01-26 16:51:54.329 21486 22154 I am_proc_start: [0,10698,10020,com.google.process.gapps,content provider,com.google.android.gsf/.gservices.GservicesProvider]
01-26 16:51:54.347 21486 22178 I am_proc_bound: [0,10698,com.google.process.gapps]
01-26 16:51:54.593 21486 21486 I notification_cancel: [10020,10658,com.google.android.gms,10436,NOT_LMP,0,0,64,8,NULL]
01-26 16:51:54.594 21486 21486 I notification_cancel: [10020,10658,com.google.android.gms,39789,NOT_LMP,0,0,64,8,NULL]
01-26 16:51:54.682 21486 21486 I notification_enqueue: [10020,22078,com.google.android.gms,0,com.google.android.gms.auth.TokenNotificationManager:gftrss081@gmail.com:com.google,0,Notification(pri=0 contentView=null vibrate=null sound=null defaults=0x0 flags=0xa color=0x00000000 vis=PRIVATE),1]
01-26 16:51:54.683 21486 21486 I notification_skip_beep_vibrate: [0,0,0,0,0,1,0,1,0,0]
01-26 16:51:54.683 21486 21486 I notification_skip_light: [1,0,1,0,0]
01-26 16:51:55.188 21486 21486 I notification_cancel: [10020,10658,com.google.android.gms,10436,NULL,0,0,64,8,NULL]
01-26 16:51:55.321 21486 21486 I notification_cancel: [10059,10568,com.android.vending,10436,NULL,0,0,64,8,NULL]
01-26 16:51:56.643 21486 22202 I am_proc_died: [0,10627,android.process.media]
01-26 16:51:57.679 21486 23315 I am_proc_died: [0,10658,com.google.android.gms:car]
01-26 16:51:57.679 21486 23315 I am_schedule_service_restart: [0,com.google.android.gms/.car.CarService,1000]
01-26 16:51:58.646 10023 10046 I content_query_sample: [content://com.google.settings/partner,value,name=?,,304,com.google.android.apps.maps,61]
01-26 16:51:58.725 21486 21518 I am_proc_start: [0,10799,10020,com.google.android.gms:car,service,com.google.android.gms/.car.CarService]
01-26 16:51:58.753 21486  7839 I am_proc_bound: [0,10799,com.google.android.gms:car]
01-26 16:51:58.949 21486 21486 I notification_cancel: [10020,10799,com.google.android.gms,10436,NOT_LMP,0,0,64,8,NULL]
01-26 16:51:58.951 21486 21486 I notification_cancel: [10020,10799,com.google.android.gms,39789,NOT_LMP,0,0,64,8,NULL]
01-26 16:51:59.032 21486 21486 I notification_enqueue: [10020,22078,com.google.android.gms,0,com.google.android.gms.auth.TokenNotificationManager:gftrss081@gmail.com:com.google,0,Notification(pri=0 contentView=null vibrate=null sound=null defaults=0x0 flags=0xa color=0x00000000 vis=PRIVATE),1]
01-26 16:51:59.034 21486 21486 I notification_skip_beep_vibrate: [0,0,0,0,0,1,0,1,0,0]
01-26 16:51:59.034 21486 21486 I notification_skip_light: [1,0,1,0,0]
01-26 16:51:59.211 10799 10799 I content_query_sample: [content://com.google.android.gsf.gservices,,,,1,com.google.android.gms,1]
01-26 16:51:59.378 21486 21486 I notification_cancel: [10020,10799,com.google.android.gms,10436,NULL,0,0,64,8,NULL]
01-26 16:51:59.499 21486 21506 I am_proc_died: [0,10568,com.android.vending]
01-26 16:52:03.729 21486 23297 I force_gc: Binder
01-26 16:52:03.737 21486 21486 I free_storage_changed: 5616009216
01-26 16:52:07.760 21486 21486 I notification_cancel: [10117,10023,com.google.android.apps.maps,1554,com.google.android.apps.gmm.directions.cy,0,0,64,8,NULL]
01-26 16:52:10.394 21486 21557 I am_proc_start: [0,11015,10059,com.android.vending,service,com.android.vending/com.google.android.finsky.services.ContentSyncService]
01-26 16:52:10.417 21486 22075 I am_proc_bound: [0,11015,com.android.vending]
01-26 16:52:10.707 21486 21486 I notification_cancel: [10059,11015,com.android.vending,-1050172287,NULL,0,0,64,8,NULL]
01-26 16:52:10.783 21486 23315 I am_proc_start: [0,11060,10013,android.process.media,content provider,com.android.providers.downloads/.DownloadProvider]
01-26 16:52:10.808 21486 22074 I am_proc_bound: [0,11060,android.process.media]
01-26 16:52:10.908 21486 22251 I notification_cancel_all: [10013,11060,com.android.providers.downloads,0,0,64,9,NULL]
01-26 16:52:11.389 21486 22178 I am_proc_died: [0,10799,com.google.android.gms:car]
01-26 16:52:11.676 22078 25356 I force_gc: Binder
01-26 16:52:11.811 21486 22074 I am_proc_start: [0,11107,10020,com.google.android.gms:car,service,com.google.android.gms/.car.CarService]
01-26 16:52:11.836 21486 22154 I am_proc_bound: [0,11107,com.google.android.gms:car]
01-26 16:52:12.010 21486 21486 I notification_cancel: [10020,11107,com.google.android.gms,10436,NOT_LMP,0,0,64,8,NULL]
01-26 16:52:12.011 21486 21486 I notification_cancel: [10020,11107,com.google.android.gms,39789,NOT_LMP,0,0,64,8,NULL]
01-26 16:52:12.063 21486 23455 I force_gc: Binder
01-26 16:52:12.072 21486 21486 I notification_enqueue: [10020,22078,com.google.android.gms,0,com.google.android.gms.auth.TokenNotificationManager:gftrss081@gmail.com:com.google,0,Notification(pri=0 contentView=null vibrate=null sound=null defaults=0x0 flags=0xa color=0x00000000 vis=PRIVATE),1]
01-26 16:52:12.073 21486 21486 I notification_skip_beep_vibrate: [0,0,0,0,0,1,0,1,0,0]
01-26 16:52:12.073 21486 21486 I notification_skip_light: [1,0,1,0,0]
01-26 16:52:12.494 21486 21486 I notification_cancel: [10020,11107,com.google.android.gms,10436,NULL,0,0,64,8,NULL]
01-26 16:52:12.603 21486 21486 I notification_cancel: [10059,11015,com.android.vending,10436,NULL,0,0,64,8,NULL]
01-26 16:52:13.870 21486 22178 I am_proc_died: [0,11107,com.google.android.gms:car]
01-26 16:52:13.871 21486 22178 I am_schedule_service_restart: [0,com.google.android.gms/.car.CarService,1000]
01-26 16:52:14.924 21486 21518 I am_proc_start: [0,11202,10020,com.google.android.gms:car,service,com.google.android.gms/.car.CarService]
01-26 16:52:14.941 21486  7839 I am_proc_bound: [0,11202,com.google.android.gms:car]
01-26 16:52:15.071 21486 21486 I notification_cancel: [10020,11202,com.google.android.gms,10436,NOT_LMP,0,0,64,8,NULL]
01-26 16:52:15.072 21486 21486 I notification_cancel: [10020,11202,com.google.android.gms,39789,NOT_LMP,0,0,64,8,NULL]
01-26 16:52:15.136 21486 21486 I notification_enqueue: [10020,22078,com.google.android.gms,0,com.google.android.gms.auth.TokenNotificationManager:gftrss081@gmail.com:com.google,0,Notification(pri=0 contentView=null vibrate=null sound=null defaults=0x0 flags=0xa color=0x00000000 vis=PRIVATE),1]
01-26 16:52:15.137 21486 21486 I notification_skip_beep_vibrate: [0,0,0,0,0,1,0,1,0,0]
01-26 16:52:15.137 21486 21486 I notification_skip_light: [1,0,1,0,0]
01-26 16:52:15.319 11202 11202 I content_query_sample: [content://com.google.android.gsf.gservices,,,,0,com.google.android.gms,1]
01-26 16:52:15.424 21486 21486 I notification_cancel: [10020,11202,com.google.android.gms,10436,NULL,0,0,64,8,NULL]
01-26 16:52:18.358 22078 22078 I binder_sample: [android.location.ILocationManager,32,72,com.google.android.gms.persistent,14]
01-26 16:52:19.529 21486 21507 I am_proc_died: [0,11015,com.android.vending]
01-26 16:52:21.842 21486 21486 I notification_cancel: [10117,10023,com.google.android.apps.maps,1554,com.google.android.apps.gmm.directions.cy,0,0,64,8,NULL]
01-26 16:52:22.194 22179 22179 I binder_sample: [com.android.internal.telephony.ITelephonyRegistry,10,35,com.android.phone,7]
01-26 16:52:23.601 21486 22177 I am_proc_died: [0,11060,android.process.media]
01-26 16:52:25.120 21486 22177 I am_proc_died: [0,11202,com.google.android.gms:car]
01-26 16:52:25.291 21486 22420 I force_gc: Binder
01-26 16:52:25.509 21486 22075 I am_proc_died: [0,10698,com.google.process.gapps]
01-26 16:52:26.898 21486 23315 I am_proc_died: [0,3959,com.htc.sense.browser:sandboxed_process5]
01-26 16:52:26.898 21486 23315 I am_schedule_service_restart: [0,com.htc.sense.browser/org.chromium.content.app.SandboxedProcessService5,1000]
01-26 16:52:27.670 21486 21557 I am_proc_start: [0,11417,10059,com.android.vending,service,com.android.vending/com.google.android.finsky.services.ContentSyncService]
01-26 16:52:27.694 21486 22154 I am_proc_bound: [0,11417,com.android.vending]
01-26 16:52:27.765 21486 22129 I am_proc_start: [0,11439,10020,com.google.process.gapps,content provider,com.google.android.gsf/.gservices.GservicesProvider]
01-26 16:52:27.782 21486 21506 I am_proc_bound: [0,11439,com.google.process.gapps]
01-26 16:52:28.051 21486 21486 I notification_cancel: [10059,11417,com.android.vending,-1050172287,NULL,0,0,64,8,NULL]
01-26 16:52:28.108 21486 22075 I am_proc_start: [0,11486,10013,android.process.media,content provider,com.android.providers.downloads/.DownloadProvider]
01-26 16:52:28.129 21486 21506 I am_proc_bound: [0,11486,android.process.media]
01-26 16:52:28.297 21486 22251 I notification_cancel_all: [10013,11486,com.android.providers.downloads,0,0,64,9,NULL]
01-26 16:52:29.171 21486 21506 I am_proc_start: [0,11535,10020,com.google.android.gms:car,service,com.google.android.gms/.car.CarService]
01-26 16:52:29.195 21486 22178 I am_proc_bound: [0,11535,com.google.android.gms:car]
01-26 16:52:29.401 21486 21486 I notification_cancel: [10020,11535,com.google.android.gms,10436,NOT_LMP,0,0,64,8,NULL]
01-26 16:52:29.402 21486 21486 I notification_cancel: [10020,11535,com.google.android.gms,39789,NOT_LMP,0,0,64,8,NULL]
01-26 16:52:29.413 22078 27157 I force_gc: Binder
01-26 16:52:29.501 21486 21486 I notification_enqueue: [10020,22078,com.google.android.gms,0,com.google.android.gms.auth.TokenNotificationManager:gftrss081@gmail.com:com.google,0,Notification(pri=0 contentView=null vibrate=null sound=null defaults=0x0 flags=0xa color=0x00000000 vis=PRIVATE),1]
01-26 16:52:29.502 21486 21486 I notification_skip_beep_vibrate: [0,0,0,0,0,1,0,1,0,0]
01-26 16:52:29.502 21486 21486 I notification_skip_light: [1,0,1,0,0]
01-26 16:52:29.770 21486 21486 I notification_cancel: [10020,11535,com.google.android.gms,10436,NULL,0,0,64,8,NULL]
01-26 16:52:29.843 21486 21486 I notification_cancel: [10059,11417,com.android.vending,10436,NULL,0,0,64,8,NULL]
01-26 16:52:31.231 21486 22591 I force_gc: Binder
01-26 16:52:33.739 21486 21486 I free_storage_changed: 5585383424
01-26 16:52:36.972 21486 22228 I am_proc_died: [0,11535,com.google.android.gms:car]
01-26 16:52:37.581 22179 22179 I binder_sample: [com.android.internal.telephony.ITelephonyRegistry,10,59,com.android.phone,11]
01-26 16:52:40.851 21486 22796 I am_proc_died: [0,11486,android.process.media]
01-26 16:52:54.305 22179 22179 I binder_sample: [com.android.internal.telephony.ITelephonyRegistry,10,63,com.android.phone,12]
01-26 16:52:55.384 22078 22078 I binder_sample: [android.location.ILocationManager,32,73,com.google.android.gms.persistent,14]
01-26 16:52:55.768 21486 21557 I am_proc_start: [0,11932,10055,com.htc.sense.mms,service,com.htc.sense.mms/.transaction.TransactionService]
01-26 16:52:55.847 21486 21516 I am_proc_bound: [0,11932,com.htc.sense.mms]
01-26 16:52:56.266 21486 22202 I am_proc_start: [0,11961,10055,com.htc.sense.mms:mms,service,com.htc.sense.mms/com.htc.messaging.service.MmsService]
01-26 16:52:56.410 22179 32543 I content_query_sample: Binder:11932, Query uri:content://mms-sms/pending?protocol=mms, selection:err_type < ? AND due_time <= ?, selectionArgs:[Ljava.lang.String;@2f9086d5
01-26 16:52:56.478 21486 22203 I am_proc_bound: [0,11961,com.htc.sense.mms:mms]
01-26 16:52:56.540 21486 22177 I am_proc_died: [0,11417,com.android.vending]
01-26 16:52:58.399 22179 22913 I content_query_sample: Binder:11932, Query uri:content://mms-sms-v2/rawQuery, selection:select count(1) from contact_threads where htc_category =1 or htc_category = 2, selectionArgs:null
01-26 16:52:58.406 22179 15920 I content_query_sample: Binder:11932, Query uri:content://mms-sms-v2/rawQuery, selection:SELECT count(1) FROM sms WHERE date2 = 0, selectionArgs:null
