----- timezone:GMT
01-26 03:23:30.918   892   892 I notification_cancel: [10020,1992,com.google.android.gms,1,com.google.android.backup.notification.tag,0,0,64,8,NULL]
01-26 03:23:31.533   892  9714 I am_proc_start: [0,13939,10059,com.android.vending,broadcast,com.android.vending/com.google.android.finsky.receivers.PackageMonitorReceiver$RegisteredReceiver]
01-26 03:23:31.539   892   892 I notification_cancel: [10103,8971,com.google.android.talk,8,com.google.android.talk:gmscore,0,0,64,8,NULL]
01-26 03:23:31.554   892  1622 I am_proc_bound: [0,13939,com.android.vending]
01-26 03:23:31.582   892  1595 I am_proc_died: [0,13370,com.google.android.apps.plus]
01-26 03:23:31.875   892   892 I notification_cancel: [10059,13939,com.android.vending,-1050172287,NULL,0,0,64,8,NULL]
01-26 03:23:32.070   892  1295 I am_proc_start: [0,13998,10131,com.google.android.apps.plus,broadcast,com.google.android.apps.plus/.service.PackagesMediaMonitor]
01-26 03:23:32.087   892  1295 I am_proc_bound: [0,13998,com.google.android.apps.plus]
01-26 03:23:32.125  1992  3238 I force_gc: Binder
01-26 03:23:32.143   892  2364 I am_proc_died: [0,13315,com.google.android.apps.photos]
01-26 03:23:32.469   892   912 I am_proc_start: [0,14044,10023,com.google.android.partnersetup,content provider,com.google.android.partnersetup/.RlzAppProvider]
01-26 03:23:32.498 13876 13994 I content_update_sample: [content://com.google.android.googlequicksearchbox.icing/applications,update,com.google.android.gms,483,com.google.android.googlequicksearchbox,97]
01-26 03:23:32.499   892  1594 I am_proc_bound: [0,14044,com.google.android.partnersetup]
01-26 03:23:32.583   892  1594 I am_proc_died: [0,13431,com.htc.cs.pns]
01-26 03:23:35.662   892   923 I am_proc_died: [0,13478,com.htc.mms.backupagent]
01-26 03:23:36.189   892   892 I notification_cancel: [10015,1153,com.android.systemui,100,low_battery,-1,0,64,8,NULL]
01-26 03:23:36.193   892   892 I notification_cancel: [10015,1153,com.android.systemui,2130838302,power_saver,-1,0,64,8,NULL]
01-26 03:23:37.089   892  1738 I am_proc_start: [0,14148,10020,com.google.android.gms:car,service,com.google.android.gms/.car.CarService]
01-26 03:23:37.105   892  1295 I am_proc_bound: [0,14148,com.google.android.gms:car]
01-26 03:23:37.111   892  2039 I force_gc: Binder
01-26 03:23:37.244   892   892 I notification_cancel: [10020,14148,com.google.android.gms,10436,NOT_LMP,0,0,64,8,NULL]
01-26 03:23:37.244   892   892 I notification_cancel: [10020,14148,com.google.android.gms,39789,NOT_LMP,0,0,64,8,NULL]
01-26 03:23:37.304   892   892 I notification_enqueue: [10020,1992,com.google.android.gms,0,com.google.android.gms.auth.TokenNotificationManager:gftrss081@gmail.com:com.google,0,Notification(pri=0 contentView=null vibrate=null sound=null defaults=0x0 flags=0xa color=0x00000000 vis=PRIVATE),1]
01-26 03:23:37.305   892   892 I notification_skip_beep_vibrate: [0,0,0,0,0,1,0,1,0,0]
01-26 03:23:37.305   892   892 I notification_skip_light: [1,0,1,0,0]
01-26 03:23:37.520   892   892 I notification_cancel: [10020,14148,com.google.android.gms,10436,NULL,0,0,64,8,NULL]
01-26 03:23:37.556 14148 14168 I content_query_sample: [content://com.google.android.gsf.gservices,,,,1,com.google.android.gms,1]
01-26 03:23:37.568   892   892 I notification_cancel: [10059,13939,com.android.vending,10436,NULL,0,0,64,8,NULL]
01-26 03:23:37.940   892  1738 I am_proc_died: [0,13091,com.google.android.setupwizard]
01-26 03:23:42.410   892   912 I am_proc_died: [0,13337,com.google.android.gms.unstable]
01-26 03:23:45.564   892   912 I am_home_stack_moved: [0,0,1,1,intentActivityFound]
01-26 03:23:45.564   892   912 I wm_task_moved: [1624,1,10]
01-26 03:23:45.572   892   912 I am_home_stack_moved: [0,0,1,1,bringingFoundTaskToFront]
01-26 03:23:45.572   892   912 I wm_task_moved: [917,1,10]
01-26 03:23:45.598   892   912 I am_pause_activity: [0,196997446,com.mediatek.connectivity/.CdsRadioInfoActivity]
01-26 03:23:45.599  1623  1623 I am_on_paused_called: [0,com.mediatek.connectivity.CdsRadioInfoActivity]
01-26 03:23:45.599   892   912 I am_task_to_front: [0,917]
01-26 03:23:45.600   892   912 I am_home_stack_moved: [0,0,1,1,sourceStackToFront]
01-26 03:23:45.600   892   912 I wm_task_moved: [917,1,10]
01-26 03:23:45.603   892   912 I am_create_activity: [0,372840782,917,com.google.android.gm/.ConversationListActivityGmail,android.intent.action.MAIN,NULL,NULL,272629760]
01-26 03:23:45.605   892   912 I am_home_stack_moved: [0,0,1,1,startedActivity setFocusedActivity]
01-26 03:23:45.611   892   912 I am_focused_activity: [0,com.google.android.gm/.ConversationListActivityGmail]
01-26 03:23:45.692   892  1594 I am_proc_start: [0,14349,10096,com.google.android.gm,activity,com.google.android.gm/.ConversationListActivityGmail]
01-26 03:23:45.693  1623  1623 I binder_sample: [android.app.IActivityManager,19,93,com.android.phone,18]
01-26 03:23:45.707   892  9714 I am_proc_bound: [0,14349,com.google.android.gm]
01-26 03:23:45.715   892  9714 I am_restart_activity: [0,372840782,917,com.google.android.gm/.ConversationListActivityGmail]
01-26 03:23:45.742   892  9714 I am_focused_activity: [0,com.google.android.gm/.ConversationListActivityGmail]
01-26 03:23:45.743   892  1295 I am_proc_died: [0,12769,com.htc.mobiledata]
01-26 03:23:45.994   341   341 I sf_frame_dur: [com.mediatek.connectivity/com.mediatek.connectivity.CdsRadioInfoActivity,73,17,8,15,89,23,3]
01-26 03:23:46.102   892  1295 I am_proc_died: [0,13678,com.htc.mobiledata:remote]
01-26 03:23:46.154   892  1595 I am_proc_start: [0,14395,10090,com.google.android.gm.exchange,service,com.google.android.gm.exchange/com.android.exchange.service.EasService]
01-26 03:23:46.171   892  9714 I am_proc_bound: [0,14395,com.google.android.gm.exchange]
01-26 03:23:46.189   892   912 I am_home_stack_moved: [0,0,1,1,sourceStackToFront]
01-26 03:23:46.189   892   912 I wm_task_moved: [917,1,10]
01-26 03:23:46.190   892   892 I notification_cancel: [10015,1153,com.android.systemui,100,low_battery,-1,0,64,8,NULL]
01-26 03:23:46.190   892   892 I notification_cancel: [10015,1153,com.android.systemui,2130838302,power_saver,-1,0,64,8,NULL]
01-26 03:23:46.192   892   912 I am_finish_activity: [0,372840782,917,com.google.android.gm/.ConversationListActivityGmail,clear]
01-26 03:23:46.194   892   912 I am_home_stack_moved: [0,0,1,1,finishActivity adjustTopFocus setFocusedActivity]
01-26 03:23:46.195   892   912 I am_focused_activity: [0,com.google.android.gm/.welcome.WelcomeTourActivity]
01-26 03:23:46.198   892   912 I am_pause_activity: [0,372840782,com.google.android.gm/.ConversationListActivityGmail]
01-26 03:23:46.198   892   912 I wm_task_moved: [917,1,10]
01-26 03:23:46.201   892   912 I am_focused_activity: [0,com.google.android.gm/.welcome.WelcomeTourActivity]
01-26 03:23:46.201   892   912 I am_new_intent: [0,48805143,917,com.google.android.gm/.welcome.WelcomeTourActivity,NULL,NULL,NULL,67108864]
01-26 03:23:46.510   892  1595 I am_restart_activity: [0,232341371,917,com.google.android.gm/.welcome.WelcomeTourActivity]
01-26 03:23:46.513   892  1595 I am_focused_activity: [0,com.google.android.gm/.welcome.WelcomeTourActivity]
01-26 03:23:46.578 14349 14349 I am_on_resume_called: [0,com.google.android.gm.welcome.WelcomeTourActivity]
01-26 03:23:46.653   892  1622 I am_proc_died: [0,12683,com.htc.bgp]
01-26 03:23:46.716  1374  1374 I binder_sample: [com.android.internal.view.IInputMethodManager,20,12,com.htc.sense.ime,2]
01-26 03:23:46.774   892   892 I free_storage_changed: 6518968320
01-26 03:23:46.801   892   932 I am_activity_launch_time: [0,232341371,com.google.android.gm/.welcome.WelcomeTourActivity,292,1159]
01-26 03:23:46.803   892   923 I am_destroy_activity: [0,372840782,917,com.google.android.gm/.ConversationListActivityGmail,finish-idle]
01-26 03:23:46.882   892  1595 I am_proc_died: [0,13876,com.google.android.googlequicksearchbox:search]
01-26 03:23:46.916 14349 14386 I content_query_sample: [content://com.android.gmail.ui/accounts,_id/name/senderName/accountManagerName/accountId/type/providerVersion/accountUri/folderListUri/fullFolderListUri/allFolderListUri/searchUri/searchMessageGenericUri/accountFromAddresses/expungeMessageUri/undoUri/accountSettingsIntentUri/syncStatus/helpIntentUri/sendFeedbackIntentUri/reauthenticationUri/composeUri/mimeType/recentFolderListUri/defaultRecentFolderListUri/manualSyncUri/viewProxyUri/accountCookieUri/signature/auto_advance/reply_behavior/conversation_list_icon/confirm_delete/confirm_archive/confirm_send/default_inbox/default_inbox_name/force_reply_from_default/max_attachment_size/swipe/importance_markers_enabled/show_chevrons_enabled/setup_intent_uri/conversation_view_mode/veiled_address_pattern/updateSettingsUri/enableMessageTransforms/syncAuthority/quickResponseUri/settingsFragmentClass/move_to_inbox/show_images/welcome_tour_shown_version/securityHold/accountSecurityUri/settingsSnapshotUri/vacationResponderSettingsUri/drawerAddress/temp_tls_ii/temp_tls_oi!
01-26 03:23:46.929 14349 14394 I content_query_sample: [content://com.android.gmail.ui/accounts,_id/name/senderName/accountManagerName/accountId/type/providerVersion/accountUri/folderListUri/fullFolderListUri/allFolderListUri/searchUri/searchMessageGenericUri/accountFromAddresses/expungeMessageUri/undoUri/accountSettingsIntentUri/syncStatus/helpIntentUri/sendFeedbackIntentUri/reauthenticationUri/composeUri/mimeType/recentFolderListUri/defaultRecentFolderListUri/manualSyncUri/viewProxyUri/accountCookieUri/signature/auto_advance/reply_behavior/conversation_list_icon/confirm_delete/confirm_archive/confirm_send/default_inbox/default_inbox_name/force_reply_from_default/max_attachment_size/swipe/importance_markers_enabled/show_chevrons_enabled/setup_intent_uri/conversation_view_mode/veiled_address_pattern/updateSettingsUri/enableMessageTransforms/syncAuthority/quickResponseUri/settingsFragmentClass/move_to_inbox/show_images/welcome_tour_shown_version/securityHold/accountSecurityUri/settingsSnapshotUri/vacationResponderSettingsUri/drawerAddress/temp_tls_ii/temp_tls_oi!
01-26 03:23:46.952   892  2214 I force_gc: Binder
01-26 03:23:50.585  1623  1623 I binder_sample: [com.android.internal.telephony.ITelephonyRegistry,10,63,com.android.phone,12]
01-26 03:23:53.640   892  2364 I am_proc_died: [0,12914,com.htc.android.mail:sync]
01-26 03:23:56.201   892   892 I notification_cancel: [10015,1153,com.android.systemui,100,low_battery,-1,0,64,8,NULL]
01-26 03:23:56.204   892   892 I notification_cancel: [10015,1153,com.android.systemui,2130838302,power_saver,-1,0,64,8,NULL]
01-26 03:24:06.212   892   892 I notification_cancel: [10015,1153,com.android.systemui,100,low_battery,-1,0,64,8,NULL]
01-26 03:24:06.214   892   892 I notification_cancel: [10015,1153,com.android.systemui,2130838302,power_saver,-1,0,64,8,NULL]
01-26 03:24:16.177   892   892 I notification_cancel: [10015,1153,com.android.systemui,100,low_battery,-1,0,64,8,NULL]
01-26 03:24:16.179   892   892 I notification_cancel: [10015,1153,com.android.systemui,2130838302,power_saver,-1,0,64,8,NULL]
01-26 03:24:16.775   892   892 I free_storage_changed: 6513192960
01-26 03:24:19.832   892   892 I notification_cancel: [10092,6455,com.facebook.katana,714499313,com.facebook.rti.mqtt.common.analytics.MqttDiagnosticNotification,0,0,64,8,NULL]
01-26 03:24:20.152   892   892 I notification_cancel: [10092,6455,com.facebook.katana,714499313,com.facebook.rti.mqtt.common.analytics.MqttDiagnosticNotification,0,0,64,8,NULL]
01-26 03:24:22.255   892  1759 I am_proc_died: [0,14044,com.google.android.partnersetup]
01-26 03:24:26.235   892   892 I notification_cancel: [10015,1153,com.android.systemui,100,low_battery,-1,0,64,8,NULL]
01-26 03:24:26.236   892   892 I notification_cancel: [10015,1153,com.android.systemui,2130838302,power_saver,-1,0,64,8,NULL]
01-26 03:24:30.522  1623  1623 I binder_sample: [com.android.internal.telephony.ITelephonyRegistry,10,63,com.android.phone,12]
01-26 03:24:31.833   892  1594 I am_proc_died: [0,12655,com.htc.sense.hsp]
01-26 03:24:36.193   892   892 I notification_cancel: [10015,1153,com.android.systemui,100,low_battery,-1,0,64,8,NULL]
01-26 03:24:36.194   892   892 I notification_cancel: [10015,1153,com.android.systemui,2130838302,power_saver,-1,0,64,8,NULL]
01-26 03:24:37.662   892   892 I notification_cancel: [10092,6455,com.facebook.katana,714499313,com.facebook.rti.mqtt.common.analytics.MqttDiagnosticNotification,0,0,64,8,NULL]
01-26 03:24:37.667   892   892 I notification_cancel: [10092,6455,com.facebook.katana,714499313,com.facebook.rti.mqtt.common.analytics.MqttDiagnosticNotification,0,0,64,8,NULL]
01-26 03:24:38.040   892   892 I notification_cancel: [10092,6455,com.facebook.katana,714499313,com.facebook.rti.mqtt.common.analytics.MqttDiagnosticNotification,0,0,64,8,NULL]
01-26 03:24:38.089   892   892 I notification_cancel: [10092,6455,com.facebook.katana,714499313,com.facebook.rti.mqtt.common.analytics.MqttDiagnosticNotification,0,0,64,8,NULL]
01-26 03:24:46.211   892   892 I notification_cancel: [10015,1153,com.android.systemui,100,low_battery,-1,0,64,8,NULL]
01-26 03:24:46.212   892   892 I notification_cancel: [10015,1153,com.android.systemui,2130838302,power_saver,-1,0,64,8,NULL]
01-26 03:24:46.776   892   892 I free_storage_changed: 6500585472
01-26 03:24:50.793   892   913 I am_proc_died: [0,13038,android.process.media]
01-26 03:24:56.191   892   892 I notification_cancel: [10015,1153,com.android.systemui,100,low_battery,-1,0,64,8,NULL]
01-26 03:24:56.192   892   892 I notification_cancel: [10015,1153,com.android.systemui,2130838302,power_saver,-1,0,64,8,NULL]
01-26 03:25:06.204   892   892 I notification_cancel: [10015,1153,com.android.systemui,100,low_battery,-1,0,64,8,NULL]
01-26 03:25:06.208   892   892 I notification_cancel: [10015,1153,com.android.systemui,2130838302,power_saver,-1,0,64,8,NULL]
01-26 03:25:16.201   892   892 I notification_cancel: [10015,1153,com.android.systemui,100,low_battery,-1,0,64,8,NULL]
01-26 03:25:16.203   892   892 I notification_cancel: [10015,1153,com.android.systemui,2130838302,power_saver,-1,0,64,8,NULL]
01-26 03:25:16.778   892   892 I free_storage_changed: 6498013184
01-26 03:25:18.393   892  9715 I am_proc_start: [0,15754,10055,com.htc.sense.mms:mms,service,com.htc.sense.mms/com.htc.messaging.service.MmsService]
01-26 03:25:18.446   892  1595 I am_proc_bound: [0,15754,com.htc.sense.mms:mms]
01-26 03:25:18.454  1623  2220 I content_query_sample: Binder:12817, Query uri:content://mms-sms/pending?protocol=mms, selection:err_type < ? AND due_time <= ?, selectionArgs:[Ljava.lang.String;@27b96809
01-26 03:25:20.629  1623  2217 I content_query_sample: Binder:15754, Query uri:content://mms-sms-v2/rawQuery, selection:SELECT count(1) FROM sms WHERE date2 = 0, selectionArgs:null
01-26 03:25:20.634  1623  2216 I content_query_sample: Binder:15754, Query uri:content://mms-sms-v2/rawQuery, selection:select _id,msg_id from addr where (type = 129 or type = 130 or type = 151), selectionArgs:null
01-26 03:25:20.640  1623 10406 I content_query_sample: Binder:15754, Query uri:content://mms/thread-allreport, selection:thread_id>0 AND m_id!= "" AND (m_type = 128 or m_type = 134 or m_type = 136), selectionArgs:null
01-26 03:25:20.647  1623 31880 I content_query_sample: Binder:15754, Query uri:content://mms/part, selection:null, selectionArgs:null
01-26 03:25:20.685  1623  2216 I content_query_sample: Binder:15754, Query uri:content://mms-sms-v2/rawQuery, selection:SELECT count(1) FROM pdu WHERE date2 = 0, selectionArgs:null
01-26 03:25:20.693  1623 10406 I content_query_sample: Binder:15754, Query uri:content://sms, selection:body Like 'BEGIN:VCARD%' AND thread_id > 0 , selectionArgs:null
01-26 03:25:20.698  1623  2220 I content_query_sample: Binder:15754, Query uri:content://mms-sms-v2/rawQuery, selection:select count(1) from contact_threads where htc_category =1 or htc_category = 2, selectionArgs:null
01-26 03:25:20.709  1623  4071 I content_query_sample: Binder:15754, Query uri:content://mms-sms-v2/conversations?simple=true&formal=true&category=0, selection:null, selectionArgs:null
01-26 03:25:20.723  1623  2217 I content_query_sample: Binder:15754, Query uri:content://mms-sms/draft?category=0, selection:null, selectionArgs:null
01-26 03:25:20.728  1623  2086 I content_query_sample: Binder:15754, Query uri:content://mms-sms-v2/rawQuery, selection:select count(1) from blocklist, selectionArgs:null
01-26 03:25:20.739  1623 23011 I content_update_sample: Binder:15754, Update uri:content://mms, selection:st=129 AND m_type!=134, selectionArgs:null
01-26 03:25:20.844   892  9715 I am_proc_died: [0,8357,com.google.android.gms]
01-26 03:25:26.191   892   892 I notification_cancel: [10015,1153,com.android.systemui,100,low_battery,-1,0,64,8,NULL]
01-26 03:25:26.192   892   892 I notification_cancel: [10015,1153,com.android.systemui,2130838302,power_saver,-1,0,64,8,NULL]
01-26 03:25:30.831   892  1759 I am_home_stack_moved: [0,0,1,1,intentActivityFound]
01-26 03:25:30.831   892  1759 I wm_task_moved: [917,1,10]
01-26 03:25:30.834   892  1759 I am_home_stack_moved: [0,0,1,1,bringingFoundTaskToFront]
01-26 03:25:30.834   892  1759 I wm_task_moved: [1624,1,10]
01-26 03:25:30.859   892  1759 I am_pause_activity: [0,232341371,com.google.android.gm/.welcome.WelcomeTourActivity]
01-26 03:25:30.860 14349 14349 I am_on_paused_called: [0,com.google.android.gm.welcome.WelcomeTourActivity]
01-26 03:25:30.861   892  1759 I am_task_to_front: [0,1624]
01-26 03:25:30.865   892  9715 I am_resume_activity: [0,196997446,1624,com.mediatek.connectivity/.CdsRadioInfoActivity]
01-26 03:25:30.874   892  9715 I am_home_stack_moved: [0,0,1,1,completeResume setFocusedActivity]
01-26 03:25:30.883   892  9715 I am_focused_activity: [0,com.mediatek.connectivity/.CdsRadioInfoActivity]
01-26 03:25:30.910  1623  1623 I am_on_resume_called: [0,com.mediatek.connectivity.CdsRadioInfoActivity]
01-26 03:25:31.257   341   341 I sf_frame_dur: [com.google.android.gm/com.google.android.gm.welcome.WelcomeTourActivity,0,0,0,0,1,0,0]
01-26 03:25:31.274   892  1738 I am_proc_died: [0,14148,com.google.android.gms:car]
01-26 03:25:32.483   892  1594 I am_finish_activity: [0,196997446,1624,com.mediatek.connectivity/.CdsRadioInfoActivity,app-request]
01-26 03:25:32.484   892  1594 I am_home_stack_moved: [0,0,1,1,finishActivity adjustTopFocus setFocusedActivity]
01-26 03:25:32.486   892  1594 I am_focused_activity: [0,com.mediatek.connectivity/.CdsRadioMenuActivity]
01-26 03:25:32.487   892  1594 I am_pause_activity: [0,196997446,com.mediatek.connectivity/.CdsRadioInfoActivity]
01-26 03:25:32.488  1623  1623 I binder_sample: [android.app.IActivityManager,11,6,com.android.phone,1]
01-26 03:25:32.491  1623  1623 I am_on_paused_called: [0,com.mediatek.connectivity.CdsRadioInfoActivity]
01-26 03:25:32.493   892  2293 I am_resume_activity: [0,775757133,1624,com.mediatek.connectivity/.CdsRadioMenuActivity]
01-26 03:25:32.496   892  2293 I am_focused_activity: [0,com.mediatek.connectivity/.CdsRadioMenuActivity]
01-26 03:25:32.505  1623  1623 I am_on_resume_called: [0,com.mediatek.connectivity.CdsRadioMenuActivity]
01-26 03:25:32.841   892   926 I am_destroy_activity: [0,196997446,1624,com.mediatek.connectivity/.CdsRadioInfoActivity,finish-imm]
01-26 03:25:32.857   341   341 I sf_frame_dur: [com.mediatek.connectivity/com.mediatek.connectivity.CdsRadioInfoActivity,16,0,5,0,2,0,0]
01-26 03:25:33.164   892  9715 I am_finish_activity: [0,775757133,1624,com.mediatek.connectivity/.CdsRadioMenuActivity,app-request]
01-26 03:25:33.168   892  9715 I am_home_stack_moved: [0,0,1,1,finishActivity adjustTopFocus setFocusedActivity]
01-26 03:25:33.174   892  9715 I am_focused_activity: [0,com.google.android.gm/.welcome.WelcomeTourActivity]
01-26 03:25:33.210   892  9715 I am_pause_activity: [0,775757133,com.mediatek.connectivity/.CdsRadioMenuActivity]
01-26 03:25:33.212  1623  1623 I am_on_paused_called: [0,com.mediatek.connectivity.CdsRadioMenuActivity]
01-26 03:25:33.216   892  1738 I am_resume_activity: [0,232341371,917,com.google.android.gm/.welcome.WelcomeTourActivity]
01-26 03:25:33.218   892  1738 I am_focused_activity: [0,com.google.android.gm/.welcome.WelcomeTourActivity]
01-26 03:25:33.232 14349 14349 I am_on_resume_called: [0,com.google.android.gm.welcome.WelcomeTourActivity]
01-26 03:25:33.573   892   926 I am_destroy_activity: [0,775757133,1624,com.mediatek.connectivity/.CdsRadioMenuActivity,finish-imm]
01-26 03:25:33.612   892  2364 I wm_task_removed: [1624,removeAppToken: last token]
01-26 03:25:33.612   892  2364 I wm_task_removed: [1624,removeTask]
01-26 03:25:33.780   892  1295 I wm_task_moved: [917,0,0]
01-26 03:25:33.837   892  1295 I am_pause_activity: [0,232341371,com.google.android.gm/.welcome.WelcomeTourActivity]
01-26 03:25:33.843 14349 14349 I am_on_paused_called: [0,com.google.android.gm.welcome.WelcomeTourActivity]
01-26 03:25:33.884   892  1571 I am_resume_activity: [0,128451104,775,com.facebook.katana/com.facebook.composer.activity.ComposerActivity]
01-26 03:25:33.888   892  1571 I am_home_stack_moved: [0,0,1,1,completeResume setFocusedActivity]
01-26 03:25:33.895   892  1571 I am_focused_activity: [0,com.facebook.katana/com.facebook.composer.activity.ComposerActivity]
01-26 03:25:33.945   892   892 I notification_cancel: [10092,6455,com.facebook.katana,714499313,com.facebook.rti.mqtt.common.analytics.MqttDiagnosticNotification,0,0,64,8,NULL]
01-26 03:25:33.968  6455  6455 I am_on_resume_called: [0,com.facebook.composer.activity.ComposerActivity]
01-26 03:25:33.993   892  1021 I am_proc_start: [0,15944,10061,com.htc.launcher:biclient,service,com.htc.launcher/com.htc.BiLogClient.BiLogUploadService]
01-26 03:25:34.029   892   892 I notification_cancel: [10092,6455,com.facebook.katana,714499313,com.facebook.rti.mqtt.common.analytics.MqttDiagnosticNotification,0,0,64,8,NULL]
01-26 03:25:34.082   892  1594 I am_proc_bound: [0,15944,com.htc.launcher:biclient]
01-26 03:25:34.287   892   892 I notification_cancel: [10092,6455,com.facebook.katana,714499313,com.facebook.rti.mqtt.common.analytics.MqttDiagnosticNotification,0,0,64,8,NULL]
01-26 03:25:34.289   892   892 I notification_cancel: [10092,6455,com.facebook.katana,714499313,com.facebook.rti.mqtt.common.analytics.MqttDiagnosticNotification,0,0,64,8,NULL]
01-26 03:25:34.315   892  9715 I am_proc_died: [0,13939,com.android.vending]
01-26 03:25:34.354   892  1595 I am_home_stack_moved: [0,0,1,1,startingNewTask]
01-26 03:25:34.354   892  1595 I wm_task_moved: [775,1,9]
01-26 03:25:34.358   892  1595 I am_create_task: [0,1625]
01-26 03:25:34.358   892  1595 I am_create_activity: [0,555458644,1625,com.mediatek.connectivity/.CdsRadioMenuActivity,android.intent.action.MAIN,NULL,NULL,268435456]
01-26 03:25:34.359   892  1595 I wm_task_created: [1625,1]
01-26 03:25:34.359   892  1595 I wm_task_moved: [1625,1,10]
01-26 03:25:34.385   892  1595 I am_pause_activity: [0,128451104,com.facebook.katana/com.facebook.composer.activity.ComposerActivity]
01-26 03:25:34.388   892  1595 I am_home_stack_moved: [0,0,1,1,startedActivity setFocusedActivity]
01-26 03:25:34.395   892  1595 I am_focused_activity: [0,com.mediatek.connectivity/.CdsRadioMenuActivity]
01-26 03:25:34.406  6455  6455 I am_on_paused_called: [0,com.facebook.composer.activity.ComposerActivity]
01-26 03:25:34.460   892  9714 I am_restart_activity: [0,555458644,1625,com.mediatek.connectivity/.CdsRadioMenuActivity]
01-26 03:25:34.463   892  9714 I am_focused_activity: [0,com.mediatek.connectivity/.CdsRadioMenuActivity]
01-26 03:25:34.508  1623  1623 I am_on_resume_called: [0,com.mediatek.connectivity.CdsRadioMenuActivity]
01-26 03:25:34.643   892   932 I am_activity_launch_time: [0,555458644,com.mediatek.connectivity/.CdsRadioMenuActivity,211,211]
01-26 03:25:34.761   341   341 I sf_frame_dur: [com.facebook.katana/com.facebook.composer.activity.ComposerActivity,0,0,0,0,1,0,0]
01-26 03:25:35.387   892  1622 I am_home_stack_moved: [0,0,1,1,sourceStackToFront]
01-26 03:25:35.387   892  1622 I wm_task_moved: [1625,1,10]
01-26 03:25:35.391   892  1622 I am_create_activity: [0,414498367,1625,com.mediatek.connectivity/.CdsRadioInfoActivity,NULL,NULL,NULL,0]
01-26 03:25:35.392   892  1622 I am_pause_activity: [0,555458644,com.mediatek.connectivity/.CdsRadioMenuActivity]
01-26 03:25:35.394   892  1622 I am_home_stack_moved: [0,0,1,1,startedActivity setFocusedActivity]
01-26 03:25:35.397   892  1622 I am_focused_activity: [0,com.mediatek.connectivity/.CdsRadioInfoActivity]
01-26 03:25:35.402  1623  1623 I am_on_paused_called: [0,com.mediatek.connectivity.CdsRadioMenuActivity]
01-26 03:25:35.405   892  1759 I am_restart_activity: [0,414498367,1625,com.mediatek.connectivity/.CdsRadioInfoActivity]
01-26 03:25:35.412   892  1759 I am_focused_activity: [0,com.mediatek.connectivity/.CdsRadioInfoActivity]
01-26 03:25:35.495  1623  1623 I am_on_resume_called: [0,com.mediatek.connectivity.CdsRadioInfoActivity]
01-26 03:25:35.660   892   932 I am_activity_launch_time: [0,414498367,com.mediatek.connectivity/.CdsRadioInfoActivity,257,257]
01-26 03:25:35.704   341   341 I sf_frame_dur: [Starting com.mediatek.connectivity,1,0,0,0,0,0,0]
01-26 03:25:35.739   341   341 I sf_frame_dur: [com.mediatek.connectivity/com.mediatek.connectivity.CdsRadioMenuActivity,0,1,0,0,0,0,0]
01-26 03:25:36.186   892   892 I notification_cancel: [10015,1153,com.android.systemui,100,low_battery,-1,0,64,8,NULL]
01-26 03:25:36.189   892   892 I notification_cancel: [10015,1153,com.android.systemui,2130838302,power_saver,-1,0,64,8,NULL]
01-26 03:25:36.333   892   924 I am_proc_start: [0,15976,10044,com.htc.sense.hsp,service,com.htc.sense.hsp/.weather.location.AutoSettingService]
01-26 03:25:36.338   892   912 I am_proc_bound: [0,15976,com.htc.sense.hsp]
01-26 03:25:36.593   892   926 I am_proc_start: [0,16003,1000,com.htc.htcpowermanager:remote,broadcast,com.htc.htcpowermanager/.battery.PowerUsageReceiver]
01-26 03:25:36.611   892  1759 I am_proc_bound: [0,16003,com.htc.htcpowermanager:remote]
01-26 03:25:36.790 15976 16026 I content_update_sample: [content://com.htc.provider.weather/location,delete,app='com.htc.htclocationservice',24,com.htc.sense.hsp,5]
01-26 03:25:36.800   892   892 I notification_cancel: [10044,15976,com.htc.sense.hsp,2131361907,NULL,0,0,64,8,NULL]
01-26 03:25:45.045  1623  1623 I binder_sample: [android.view.IWindowSession,6,27,com.android.phone,5]
01-26 03:25:45.391   341   341 I sf_frame_dur: [PopupWindow:25554c13,0,1,0,0,0,0,0]
01-26 03:25:46.778   892   892 I free_storage_changed: 6483165184
01-26 03:25:49.432  1992 13475 I gtalk_conn_close: [20,146]
01-26 03:25:49.460   892   892 I notification_cancel: [10092,6455,com.facebook.katana,714499313,com.facebook.rti.mqtt.common.analytics.MqttDiagnosticNotification,0,0,64,8,NULL]
01-26 03:25:49.513   892   892 I notification_cancel: [10092,6455,com.facebook.katana,714499313,com.facebook.rti.mqtt.common.analytics.MqttDiagnosticNotification,0,0,64,8,NULL]
01-26 03:25:49.573   892   926 I am_proc_start: [0,16056,10008,com.htc.bgp,broadcast,com.htc.flexnet/.AndroidIntentReceiver]
01-26 03:25:49.596   892   892 I notification_cancel: [10092,6455,com.facebook.katana,714499313,com.facebook.rti.mqtt.common.analytics.MqttDiagnosticNotification,0,0,64,8,NULL]
01-26 03:25:49.602   892   892 I notification_cancel: [10092,6455,com.facebook.katana,714499313,com.facebook.rti.mqtt.common.analytics.MqttDiagnosticNotification,0,0,64,8,NULL]
01-26 03:25:49.612   892   892 I notification_cancel: [10092,6455,com.facebook.katana,714499313,com.facebook.rti.mqtt.common.analytics.MqttDiagnosticNotification,0,0,64,8,NULL]
01-26 03:25:49.615   892  1295 I am_proc_start: [0,16084,10041,com.htc.mobiledata,content provider,com.htc.mobiledata/.MobileDataProvider]
01-26 03:25:49.616   892  1571 I am_proc_bound: [0,16056,com.htc.bgp]
01-26 03:25:49.620   892   892 I notification_cancel: [10092,6455,com.facebook.katana,714499313,com.facebook.rti.mqtt.common.analytics.MqttDiagnosticNotification,0,0,64,8,NULL]
01-26 03:25:49.635   892  1045 I netstats_mobile_sample: [198734911,218524,19875953,174631,198741631,218568,19912880,174873,198741631,218568,19906160,174829,-1]
01-26 03:25:49.635   892  1045 I netstats_wifi_sample: [69898299,102361,7717523,78132,68400194,101228,6687736,73362,67779335,98941,6682680,73314,-1]
01-26 03:25:49.674   892   892 I notification_cancel: [10092,6455,com.facebook.katana,714499313,com.facebook.rti.mqtt.common.analytics.MqttDiagnosticNotification,0,0,64,8,NULL]
01-26 03:25:49.684   892  1045 I netstats_mobile_sample: [198734911,218524,19875953,174631,198741631,218568,19912880,174873,198741631,218568,19906160,174829,-1]
01-26 03:25:49.684   892  1045 I netstats_wifi_sample: [69898299,102361,7717523,78132,68400194,101228,6687736,73362,67779335,98941,6682680,73314,-1]
01-26 03:25:49.687   892  2293 I am_proc_bound: [0,16084,com.htc.mobiledata]
01-26 03:25:49.700   892   892 I notification_cancel: [1000,892,android,336,CaptivePortal.Notification,0,0,0,8,NULL]
01-26 03:25:49.702   892  1738 I am_proc_died: [0,13998,com.google.android.apps.plus]
01-26 03:25:49.842 16084 16084 I binder_sample: [android.app.IActivityManager,30,113,com.htc.mobiledata,22]
01-26 03:25:49.844  1623  1623 I binder_sample: [android.app.IActivityManager,14,88,com.android.phone,17]
01-26 03:25:49.845 16056 16056 I binder_sample: [android.app.IActivityManager,12,59,com.htc.bgp,11]
01-26 03:25:49.884   892   892 I notification_cancel: [10092,6455,com.facebook.katana,10011,NULL,0,0,64,8,NULL]
01-26 03:25:49.919   892  2364 I am_proc_start: [0,16127,10041,com.htc.mobiledata:remote,service,com.htc.mobiledata/.MobileDataService]
01-26 03:25:49.989   892  1738 I am_proc_start: [0,16152,10013,android.process.media,broadcast,com.android.providers.downloads/.DownloadReceiver]
01-26 03:25:49.996   892  2364 I am_proc_bound: [0,16127,com.htc.mobiledata:remote]
01-26 03:25:50.012   892   913 I am_proc_bound: [0,16152,android.process.media]
01-26 03:25:50.080   892   892 I notification_cancel: [1001,1623,com.android.phone,16,NULL,0,0,64,8,NULL]
01-26 03:25:50.082   892   892 I notification_cancel: [1001,1623,com.android.phone,16,NULL,0,0,64,8,NULL]
01-26 03:25:50.213   892  1595 I notification_cancel_all: [10013,16152,com.android.providers.downloads,0,0,64,9,NULL]
01-26 03:25:50.292   892  1571 I am_proc_start: [0,16184,10053,com.htc.android.mail:sync,broadcast,com.htc.android.mail/.eassvc.EASEventReceiver]
01-26 03:25:50.329   892  1267 I am_proc_bound: [0,16184,com.htc.android.mail:sync]
01-26 03:25:50.529   892   923 I am_proc_start: [0,16211,10064,com.google.android.setupwizard,broadcast,com.google.android.setupwizard/.carrier.MobileConnectivityChangeReceiver]
01-26 03:25:50.531   892  1738 I am_proc_died: [0,14395,com.google.android.gm.exchange]
01-26 03:25:50.581   892  1295 I am_proc_bound: [0,16211,com.google.android.setupwizard]
01-26 03:25:50.704 16211 16211 I binder_sample: [com.android.internal.telephony.ITelephonyRegistry,4,23,com.google.android.setupwizard,4]
01-26 03:25:50.815   892  1570 I am_proc_start: [0,16249,10068,com.htc.updater,broadcast,com.htc.updater/.download.DownloadReceiver]
01-26 03:25:50.829   892  1045 I netstats_mobile_sample: [198734911,218524,19875953,174631,198741631,218568,19912880,174873,198741631,218568,19906160,174829,-1]
01-26 03:25:50.829   892  1045 I netstats_wifi_sample: [69898299,102361,7717523,78132,68400194,101228,6687736,73362,67779335,98941,6682680,73314,-1]
01-26 03:25:50.843   892  9715 I am_proc_bound: [0,16249,com.htc.updater]
01-26 03:25:50.851   892  1267 I am_proc_died: [0,12817,com.htc.sense.mms]
01-26 03:25:50.851   892  1045 I netstats_mobile_sample: [198734911,218524,19875953,174631,198741631,218568,19912880,174873,198741631,218568,19906160,174829,-1]
01-26 03:25:50.852   892  1045 I netstats_wifi_sample: [69898299,102361,7717523,78132,68400194,101228,6687736,73362,67779335,98941,6682680,73314,-1]
01-26 03:25:50.899   892   892 I notification_cancel: [1000,892,android,65537,CaptivePortal.Notification,0,0,0,8,NULL]
01-26 03:25:51.005   892   926 I am_proc_start: [0,16280,10020,com.google.android.gms,broadcast,com.google.android.gms/.checkin.CheckinService$TriggerReceiver]
01-26 03:25:51.039   892  1759 I am_proc_bound: [0,16280,com.google.android.gms]
01-26 03:25:51.176   892  1039 I binder_sample: [,1,7,system_server,1]
01-26 03:25:51.196   892  1571 I am_proc_died: [0,15754,com.htc.sense.mms:mms]
01-26 03:25:51.238   341   341 I sf_frame_dur: [com.mediatek.connectivity/com.mediatek.connectivity.CdsRadioInfoActivity,11,0,0,1,0,0,1]
01-26 03:25:51.248  6455  6455 I binder_sample: [android.net.IConnectivityManager,17,292,com.facebook.katana,58]
01-26 03:25:51.291   892   923 I am_proc_start: [0,16329,10122,com.google.android.apps.magazines,broadcast,com.google.android.apps.magazines/com.google.apps.dots.android.newsstand.appwidget.NewsWidgetProvider]
01-26 03:25:51.297   892   892 I notification_cancel: [10092,6455,com.facebook.katana,714499313,com.facebook.rti.mqtt.common.analytics.MqttDiagnosticNotification,0,0,64,8,NULL]
01-26 03:25:51.304   892   892 I notification_cancel: [10092,6455,com.facebook.katana,714499313,com.facebook.rti.mqtt.common.analytics.MqttDiagnosticNotification,0,0,64,8,NULL]
01-26 03:25:51.306  1623  1623 I binder_sample: [com.android.internal.telephony.ITelephonyRegistry,17,102,com.android.phone,20]
01-26 03:25:51.327   892  2364 I am_proc_bound: [0,16329,com.google.android.apps.magazines]
01-26 03:25:51.462   892  1571 I am_proc_died: [0,15944,com.htc.launcher:biclient]
01-26 03:25:51.554   892   892 I notification_cancel: [10092,6455,com.facebook.katana,714499313,com.facebook.rti.mqtt.common.analytics.MqttDiagnosticNotification,0,0,64,8,NULL]
01-26 03:25:51.571   892   892 I notification_cancel: [10092,6455,com.facebook.katana,10011,NULL,0,0,64,8,NULL]
01-26 03:25:51.573   892   892 I notification_cancel: [10092,6455,com.facebook.katana,714499313,com.facebook.rti.mqtt.common.analytics.MqttDiagnosticNotification,0,0,64,8,NULL]
01-26 03:25:51.770   892   892 I notification_cancel: [10092,6455,com.facebook.katana,714499313,com.facebook.rti.mqtt.common.analytics.MqttDiagnosticNotification,0,0,64,8,NULL]
01-26 03:25:51.870   892   892 I notification_cancel: [10020,16280,com.google.android.gms,10436,NOT_LMP,0,0,64,8,NULL]
01-26 03:25:51.872   892   892 I notification_cancel: [10020,16280,com.google.android.gms,39789,NOT_LMP,0,0,64,8,NULL]
01-26 03:25:52.252   892  9715 I am_proc_died: [0,16003,com.htc.htcpowermanager:remote]
01-26 03:25:52.512   892  1759 I am_proc_died: [0,16056,com.htc.bgp]
01-26 03:25:52.685   892   892 I notification_cancel: [10020,16280,com.google.android.gms,10436,NULL,0,0,64,8,NULL]
01-26 03:25:52.687   892  1267 I am_proc_start: [0,16509,10081,com.android.chrome,broadcast,com.android.chrome/org.chromium.content.browser.BackgroundSyncLauncherService$Receiver]
01-26 03:25:52.705   892  2364 I am_proc_bound: [0,16509,com.android.chrome]
01-26 03:25:52.743 16280 16453 I aggregation: 1453749952743
01-26 03:25:52.782   892  1267 I am_proc_died: [0,16152,android.process.media]
01-26 03:25:52.827   892  1571 I am_proc_start: [0,16540,10129,com.google.android.apps.photos,broadcast,com.google.android.apps.photos/.actionqueue.SystemReceiver]
01-26 03:25:52.848   892  2364 I am_proc_bound: [0,16540,com.google.android.apps.photos]
01-26 03:25:52.966 16280 16453 I content_query_sample: [content://com.google.settings/partner,value,name=?,,3,com.google.android.gms,1]
01-26 03:25:53.216   892  9715 I am_proc_start: [0,16577,10020,com.google.android.gms.unstable,service,com.google.android.gms/.droidguard.DroidGuardService]
01-26 03:25:53.216   892  1267 I am_proc_died: [0,16184,com.htc.android.mail:sync]
01-26 03:25:53.235   892  1571 I am_proc_bound: [0,16577,com.google.android.gms.unstable]
01-26 03:25:53.333   892   892 I notification_cancel: [10129,16540,com.google.android.apps.photos,10436,NULL,0,0,64,8,NULL]
01-26 03:25:53.366   892  1738 I am_proc_start: [0,16626,10131,com.google.android.apps.plus,broadcast,com.google.android.apps.plus/com.google.android.libraries.social.autobackup.AutoBackupEnvironment$ConnectivityReceiver]
01-26 03:25:53.372 16577 16577 I binder_sample: [android.app.IActivityManager,29,50,com.google.android.gms.unstable,10]
01-26 03:25:53.400   892  1570 I am_proc_bound: [0,16626,com.google.android.apps.plus]
01-26 03:25:53.405   892  9714 I am_proc_died: [0,16211,com.google.android.setupwizard]
01-26 03:25:53.445   892   892 I notification_cancel: [10020,16577,com.google.android.gms,10436,NOT_LMP,0,0,64,8,NULL]
01-26 03:25:53.446   892   892 I notification_cancel: [10020,16577,com.google.android.gms,39789,NOT_LMP,0,0,64,8,NULL]
01-26 03:25:53.488   892   912 I am_proc_start: [0,16656,10013,android.process.media,content provider,com.android.providers.media/.MediaProvider]
01-26 03:25:53.512   892  1594 I am_proc_bound: [0,16656,android.process.media]
01-26 03:25:53.634   892  1594 I notification_cancel_all: [10013,16656,com.android.providers.downloads,0,0,64,9,NULL]
01-26 03:25:53.812   892  9714 I am_proc_died: [0,16127,com.htc.mobiledata:remote]
01-26 03:25:54.116   892  1570 I notification_cancel_all: [10013,16656,com.android.providers.downloads,0,0,64,9,NULL]
01-26 03:25:54.146   892  1594 I am_proc_start: [0,16707,10008,com.htc.bgp,broadcast,com.htc.flexnet/.SystemIntentReceiver]
01-26 03:25:54.160   892  2293 I am_proc_bound: [0,16707,com.htc.bgp]
01-26 03:25:54.165   892  2395 I force_gc: Binder
01-26 03:25:54.295   892  1594 I am_proc_start: [0,16758,10053,com.htc.android.mail:sync,broadcast,com.htc.android.mail/.eassvc.EASEventReceiver]
01-26 03:25:54.310   892  1571 I am_proc_bound: [0,16758,com.htc.android.mail:sync]
01-26 03:25:54.682   892  1594 I am_proc_start: [0,16802,10064,com.google.android.setupwizard,broadcast,com.google.android.setupwizard/.carrier.MobileConnectivityChangeReceiver]
01-26 03:25:54.703   892  1759 I am_proc_bound: [0,16802,com.google.android.setupwizard]
01-26 03:25:55.005   892  1295 I notification_cancel_all: [10013,16656,com.android.providers.downloads,0,0,64,9,NULL]
01-26 03:25:55.161   892  1570 I am_proc_start: [0,16878,10007,com.htc.calendar,broadcast,com.htc.calendar/.ProviderChangeReceiver]
01-26 03:25:55.179   892   913 I am_proc_bound: [0,16878,com.htc.calendar]
01-26 03:25:55.297   892   892 I notification_cancel: [10007,16878,com.htc.calendar,1,NULL,0,0,64,8,NULL]
01-26 03:25:55.394   892  1595 I am_proc_died: [0,16084,com.htc.mobiledata]
01-26 03:25:55.451  1992 16911 I c2dm    : [-2,NULL,1,1]
01-26 03:25:55.551  1992 16923 I c2dm    : [3,NULL,1,1]
01-26 03:25:55.556  1992 16923 I gtalk_heartbeat_reset: [1680,64.233.189.188:5228]
01-26 03:25:55.559  1992 16923 I gtalk_connection: 0
01-26 03:25:55.562   892   892 I notification_enqueue: [10020,1992,com.google.android.gms,0,com.google.android.gms.auth.TokenNotificationManager:gftrss081@gmail.com:com.google,0,Notification(pri=0 contentView=null vibrate=null sound=null defaults=0x0 flags=0xa color=0x00000000 vis=PRIVATE),1]
01-26 03:25:55.564   892   892 I notification_skip_beep_vibrate: [0,0,0,0,0,1,0,1,0,0]
01-26 03:25:55.564   892   892 I notification_skip_light: [1,0,1,0,0]
01-26 03:25:55.584  1992 16923 I c2dm    : [7,,1,1]
01-26 03:25:55.692   892  1570 I am_proc_died: [0,16249,com.htc.updater]
01-26 03:25:55.719  1992  7329 I force_gc: Binder
01-26 03:25:55.761   892   892 I notification_enqueue: [10020,1992,com.google.android.gms,0,com.google.android.gms.auth.TokenNotificationManager:gftrss081@gmail.com:com.google,0,Notification(pri=0 contentView=null vibrate=null sound=null defaults=0x0 flags=0xa color=0x00000000 vis=PRIVATE),1]
01-26 03:25:55.762   892   892 I notification_skip_beep_vibrate: [0,0,0,0,0,1,0,1,0,0]
01-26 03:25:55.762   892   892 I notification_skip_light: [1,0,1,0,0]
01-26 03:25:55.831   892   892 I notification_cancel: [10007,16878,com.htc.calendar,1,NULL,0,0,64,8,NULL]
01-26 03:25:55.848 16280 16949 I content_update_sample: [content://com.google.android.gms.icing.proxy/contacts,update,delta,160,com.google.android.gms,33]
01-26 03:25:56.209   892   892 I notification_cancel: [10015,1153,com.android.systemui,100,low_battery,-1,0,64,8,NULL]
01-26 03:25:56.209   892   892 I notification_cancel: [10015,1153,com.android.systemui,2130838302,power_saver,-1,0,64,8,NULL]
01-26 03:25:56.694 16280 16453 I content_query_sample: [content://com.google.settings/partner,value,name=?,,2,com.google.android.gms,1]
01-26 03:25:56.710 13208 17009 I force_gc: Binder
01-26 03:25:57.004   892  1570 I am_proc_died: [0,16329,com.google.android.apps.magazines]
01-26 03:25:58.052   892  2568 I force_gc: Binder
01-26 03:26:02.437   892   926 I am_proc_start: [0,17260,10069,com.google.android.googlequicksearchbox:search,broadcast,com.google.android.googlequicksearchbox/com.google.android.apps.gsa.search.core.GmsPackageWatcher]
01-26 03:26:02.455   892   913 I am_proc_bound: [0,17260,com.google.android.googlequicksearchbox:search]
01-26 03:26:03.021   892  1595 I am_proc_start: [0,17290,10059,com.android.vending,broadcast,com.android.vending/com.google.android.finsky.receivers.PackageMonitorReceiver$RegisteredReceiver]
01-26 03:26:03.045   892  1570 I am_proc_bound: [0,17290,com.android.vending]
01-26 03:26:03.062   892  1295 I am_proc_died: [0,16656,android.process.media]
01-26 03:26:03.194   892   892 I notification_cancel: [10103,8971,com.google.android.talk,8,com.google.android.talk:gmscore,0,0,64,8,NULL]
01-26 03:26:03.204   892   892 I backup_transport_lifecycle: [com.google.android.gms/.backup.BackupTransportService,1]
01-26 03:26:03.212   892   892 I notification_cancel: [10020,1992,com.google.android.gms,1,com.google.android.backup.notification.tag,0,0,64,8,NULL]
01-26 03:26:03.241   892  2293 I am_proc_died: [0,16509,com.android.chrome]
01-26 03:26:03.510   892   892 I notification_cancel: [10059,17290,com.android.vending,-1050172287,NULL,0,0,64,8,NULL]
01-26 03:26:03.512   892   913 I am_proc_died: [0,16626,com.google.android.apps.plus]
01-26 03:26:03.585   892   912 I am_proc_start: [0,17350,10013,android.process.media,content provider,com.android.providers.downloads/.DownloadProvider]
01-26 03:26:03.602   892  2364 I am_proc_bound: [0,17350,android.process.media]
01-26 03:26:03.705   892  1594 I am_proc_start: [0,17380,10131,com.google.android.apps.plus,broadcast,com.google.android.apps.plus/.service.PackagesMediaMonitor]
01-26 03:26:03.721   892   913 I notification_cancel_all: [10013,17350,com.android.providers.downloads,0,0,64,9,NULL]
01-26 03:26:03.736   892  1738 I am_proc_bound: [0,17380,com.google.android.apps.plus]
01-26 03:26:03.753   892  1295 I am_proc_died: [0,16707,com.htc.bgp]
01-26 03:26:03.831 16280 17406 I content_query_sample: [content://com.google.android.gsf.gservices,,,,3,com.google.android.gms,1]
01-26 03:26:04.116   892  1738 I am_proc_start: [0,17424,10023,com.google.android.partnersetup,content provider,com.google.android.partnersetup/.RlzAppProvider]
01-26 03:26:04.188 17260 17373 I content_update_sample: [content://com.google.android.googlequicksearchbox.icing/applications,update,com.google.android.gms,543,com.google.android.googlequicksearchbox,100]
01-26 03:26:04.195   892  1570 I am_proc_bound: [0,17424,com.google.android.partnersetup]
01-26 03:26:04.263   892   923 I am_proc_died: [0,16540,com.google.android.apps.photos]
01-26 03:26:04.814   892  9714 I am_proc_died: [0,16577,com.google.android.gms.unstable]
01-26 03:26:05.504   892   923 I am_proc_died: [0,16802,com.google.android.setupwizard]
01-26 03:26:06.543   892  1622 I am_proc_died: [0,17260,com.google.android.googlequicksearchbox:search]
01-26 03:26:08.608   892  2580 I force_gc: Binder
01-26 03:26:08.868   892  9715 I am_proc_start: [0,17554,10020,com.google.android.gms:car,service,com.google.android.gms/.car.CarService]
01-26 03:26:08.894   892   913 I am_proc_bound: [0,17554,com.google.android.gms:car]
01-26 03:26:08.931   892   913 I am_proc_died: [0,16878,com.htc.calendar]
01-26 03:26:09.040   892   892 I notification_cancel: [10020,17554,com.google.android.gms,10436,NOT_LMP,0,0,64,8,NULL]
01-26 03:26:09.041   892   892 I notification_cancel: [10020,17554,com.google.android.gms,39789,NOT_LMP,0,0,64,8,NULL]
01-26 03:26:09.108   892   892 I notification_enqueue: [10020,1992,com.google.android.gms,0,com.google.android.gms.auth.TokenNotificationManager:gftrss081@gmail.com:com.google,0,Notification(pri=0 contentView=null vibrate=null sound=null defaults=0x0 flags=0xa color=0x00000000 vis=PRIVATE),1]
01-26 03:26:09.110   892   892 I notification_skip_beep_vibrate: [0,0,0,0,0,1,0,1,0,0]
01-26 03:26:09.110   892   892 I notification_skip_light: [1,0,1,0,0]
01-26 03:26:09.439   892   892 I notification_cancel: [10020,17554,com.google.android.gms,10436,NULL,0,0,64,8,NULL]
01-26 03:26:09.502   892   892 I notification_cancel: [10059,17290,com.android.vending,10436,NULL,0,0,64,8,NULL]
01-26 03:26:09.532   892  1622 I am_proc_died: [0,8971,com.google.android.talk]
01-26 03:26:09.532   892  1622 I am_schedule_service_restart: [0,com.google.android.talk/com.google.android.libraries.hangouts.video.CallService,1000]
01-26 03:26:09.659   892   912 I am_proc_start: [0,17602,10041,com.htc.mobiledata,content provider,com.htc.mobiledata/.MobileDataProvider]
01-26 03:26:09.679   892  9714 I am_proc_bound: [0,17602,com.htc.mobiledata]
01-26 03:26:09.757   892   912 I am_proc_start: [0,17624,10008,com.htc.bgp,broadcast,com.htc.flexnet/.AndroidIntentReceiver]
01-26 03:26:09.791   892  1571 I am_proc_start: [0,17646,10041,com.htc.mobiledata:remote,service,com.htc.mobiledata/.MobileDataService]
01-26 03:26:09.804   892  1295 I am_proc_bound: [0,17624,com.htc.bgp]
01-26 03:26:09.826   892  1595 I am_proc_bound: [0,17646,com.htc.mobiledata:remote]
01-26 03:26:09.838   892   923 I am_proc_died: [0,17350,android.process.media]
01-26 03:26:11.037   892   926 I am_proc_start: [0,17706,10007,com.htc.calendar,broadcast,com.htc.calendar/.ProviderChangeReceiver]
01-26 03:26:11.038 17624 17624 I binder_sample: [android.app.IActivityManager,35,74,com.htc.bgp,14]
01-26 03:26:11.057   892  1595 I am_proc_bound: [0,17706,com.htc.calendar]
01-26 03:26:11.092   892  2364 I am_proc_died: [0,17380,com.google.android.apps.plus]
01-26 03:26:11.103   892   892 I notification_cancel: [10007,17706,com.htc.calendar,1,NULL,0,0,64,8,NULL]
01-26 03:26:16.198   892   892 I notification_cancel: [10015,1153,com.android.systemui,100,low_battery,-1,0,64,8,NULL]
01-26 03:26:16.200   892   892 I notification_cancel: [10015,1153,com.android.systemui,2130838302,power_saver,-1,0,64,8,NULL]
01-26 03:26:16.780   892   892 I free_storage_changed: 6453620736
01-26 03:26:18.166   892  1571 I am_home_stack_moved: [0,0,1,1,startingNewTask]
01-26 03:26:18.166   892  1571 I wm_task_moved: [1625,1,10]
01-26 03:26:18.180   892  1571 I am_create_task: [0,1626]
01-26 03:26:18.180   892  1571 I am_create_activity: [0,97309509,1626,com.android.phone/.dualsim.DualNetworkSettingsPreference,android.intent.action.MAIN,NULL,NULL,268435456]
01-26 03:26:18.182   892  1571 I wm_task_created: [1626,1]
01-26 03:26:18.182   892  1571 I wm_task_moved: [1626,1,11]
01-26 03:26:18.215   892  1571 I am_pause_activity: [0,414498367,com.mediatek.connectivity/.CdsRadioInfoActivity]
01-26 03:26:18.218  1623  1623 I am_on_paused_called: [0,com.mediatek.connectivity.CdsRadioInfoActivity]
01-26 03:26:18.218   892  1571 I am_home_stack_moved: [0,0,1,1,startedActivity setFocusedActivity]
01-26 03:26:18.222   892  1571 I am_focused_activity: [0,com.android.phone/.dualsim.DualNetworkSettingsPreference]
01-26 03:26:18.255   892  1759 I am_restart_activity: [0,97309509,1626,com.android.phone/.dualsim.DualNetworkSettingsPreference]
01-26 03:26:18.258   892  1759 I am_focused_activity: [0,com.android.phone/.dualsim.DualNetworkSettingsPreference]
01-26 03:26:18.272   892  2364 I am_proc_died: [0,17554,com.google.android.gms:car]
01-26 03:26:18.979  1623  1623 I am_on_resume_called: [0,com.android.phone.dualsim.DualNetworkSettingsPreference]
01-26 03:26:19.113   892  1571 I am_proc_died: [0,13208,com.google.process.gapps]
01-26 03:26:19.137   341   341 I sf_frame_dur: [com.mediatek.connectivity/com.mediatek.connectivity.CdsRadioInfoActivity,98,15,3,9,51,13,1]
01-26 03:26:19.149   892   932 I am_activity_launch_time: [0,97309509,com.android.phone/.dualsim.DualNetworkSettingsPreference,898,898]
01-26 03:26:19.187   341   341 I sf_frame_dur: [Starting com.android.phone,1,0,0,0,0,0,0]
01-26 03:26:21.392   892  2364 I am_finish_activity: [0,97309509,1626,com.android.phone/.dualsim.DualNetworkSettingsPreference,app-request]
01-26 03:26:21.394   892  2364 I am_home_stack_moved: [0,0,1,1,finishActivity adjustTopFocus setFocusedActivity]
01-26 03:26:21.395   892  2364 I am_focused_activity: [0,com.mediatek.connectivity/.CdsRadioInfoActivity]
01-26 03:26:21.413   892  2364 I am_pause_activity: [0,97309509,com.android.phone/.dualsim.DualNetworkSettingsPreference]
01-26 03:26:21.414  1623  1623 I am_on_paused_called: [0,com.android.phone.dualsim.DualNetworkSettingsPreference]
01-26 03:26:21.417   892  1594 I am_resume_activity: [0,414498367,1625,com.mediatek.connectivity/.CdsRadioInfoActivity]
01-26 03:26:21.420   892  1594 I am_focused_activity: [0,com.mediatek.connectivity/.CdsRadioInfoActivity]
01-26 03:26:21.434  1623  1623 I am_on_resume_called: [0,com.mediatek.connectivity.CdsRadioInfoActivity]
01-26 03:26:21.766   892   926 I am_destroy_activity: [0,97309509,1626,com.android.phone/.dualsim.DualNetworkSettingsPreference,finish-imm]
01-26 03:26:21.782   341   341 I sf_frame_dur: [com.android.phone/com.android.phone.dualsim.DualNetworkSettingsPreference,14,1,0,2,0,1,0]
01-26 03:26:21.801   892  1267 I wm_task_removed: [1626,removeAppToken: last token]
01-26 03:26:21.801   892  1267 I wm_task_removed: [1626,removeTask]
01-26 03:26:22.068   892  1759 I am_finish_activity: [0,414498367,1625,com.mediatek.connectivity/.CdsRadioInfoActivity,app-request]
01-26 03:26:22.069   892  1759 I am_home_stack_moved: [0,0,1,1,finishActivity adjustTopFocus setFocusedActivity]
