01-26 13:37:53.460 22431  9154 I content_update_sample: [content://com.android.contacts/account_contact_remove?account_name=SIM&account_type=com.htc.contacts.sim_slot2&caller_is_syncadapter=true,delete,,189,com.android.providers.contacts,38]
01-26 13:37:53.495 22179  9196 I content_update_sample: Binder:22179, Delete uri:content://sms/icc-db/1, selection:null, selectionArgs:null
01-26 13:37:53.682 21486 21486 I notification_cancel: [1001,22179,com.android.phone,19,NULL,0,0,64,8,NULL]
01-26 13:37:53.702 21486 21486 I notification_cancel: [1001,22179,com.android.phone,16,NULL,0,0,64,8,NULL]
01-26 13:37:53.769 21486 21486 I notification_cancel: [1001,22179,com.android.phone,19,NULL,0,0,64,8,NULL]
01-26 13:37:54.107 21486 22202 I am_kill : [0,4970,com.google.android.apps.magazines,15,empty #17]
01-26 13:37:54.321 21486 21506 I am_proc_died: [0,4970,com.google.android.apps.magazines]
01-26 13:37:55.551 21486 21486 I notification_cancel: [1001,22179,com.android.phone,16,NULL,0,0,64,8,NULL]
01-26 13:37:55.558 21486 21486 I notification_cancel: [1001,22179,com.android.phone,21,NULL,0,0,64,8,NULL]
01-26 13:37:55.654 22179  9242 I content_update_sample: [content://gsmapn/siminfo,update,_id=1,13,com.android.phone,3]
01-26 13:37:55.687 22179  9242 I content_update_sample: [content://telephony/siminfo,update,_id=1,20,com.android.phone,5]
01-26 13:37:55.830 22179  9250 I content_update_sample: Binder:22179, Delete uri:content://sms/icc-db/0, selection:null, selectionArgs:null
01-26 13:37:55.844 21486 21486 I notification_cancel: [1001,22179,com.android.phone,19,NULL,0,0,64,8,NULL]
01-26 13:37:57.039 21486 21486 I notification_cancel: [10015,21690,com.android.systemui,100,low_battery,-1,0,64,8,NULL]
01-26 13:37:57.040 21486 21486 I notification_cancel: [10015,21690,com.android.systemui,2130838302,power_saver,-1,0,64,8,NULL]
01-26 13:37:57.047 21486 21486 I notification_cancel: [1000,6108,com.android.settings,17301624,NULL,0,0,0,8,NULL]
01-26 13:37:58.931 22431  9296 I content_query_sample: [content://icc/phonebook/subId/1,name/number/hidden/recordNumber/number1/number2/emails,,,729,com.android.providers.contacts,100]
01-26 13:38:01.359 21486 21486 I free_storage_changed: 5787004928
01-26 13:38:04.325 22179 22179 I binder_sample: [com.android.internal.telephony.ITelephonyRegistry,10,104,com.android.phone,20]
01-26 13:38:07.070 21486 21486 I notification_cancel: [10015,21690,com.android.systemui,100,low_battery,-1,0,64,8,NULL]
01-26 13:38:07.072 21486 21486 I notification_cancel: [10015,21690,com.android.systemui,2130838302,power_saver,-1,0,64,8,NULL]
01-26 13:38:07.167 21486 21486 I notification_cancel: [1000,6108,com.android.settings,17301624,NULL,0,0,0,8,NULL]
01-26 13:38:07.910 21486 21518 I am_proc_start: [0,9431,1000,com.htc.htcpowermanager:remote,broadcast,com.htc.htcpowermanager/.battery.PowerUsageReceiver]
01-26 13:38:07.935 21486 22228 I am_proc_bound: [0,9431,com.htc.htcpowermanager:remote]
01-26 13:38:08.284 21486 22129 I am_proc_died: [0,10322,com.htc.CruiserPwrExpert]
01-26 13:38:08.284 21486 22129 I am_schedule_service_restart: [0,com.htc.CruiserPwrExpert/.CruiserPwrExpertService,1000]
01-26 13:38:08.401 21486 22154 I am_kill : [0,5084,com.android.chrome,15,empty #17]
01-26 13:38:08.508 21486 22202 I am_proc_died: [0,5084,com.android.chrome]
01-26 13:38:09.384 21486 21518 I am_proc_start: [0,9475,10084,com.htc.CruiserPwrExpert,service,com.htc.CruiserPwrExpert/.CruiserPwrExpertService]
01-26 13:38:09.409 21486 21506 I am_proc_bound: [0,9475,com.htc.CruiserPwrExpert]
01-26 13:38:17.053 21486 21486 I notification_cancel: [10015,21690,com.android.systemui,100,low_battery,-1,0,64,8,NULL]
01-26 13:38:17.062 21486 21486 I notification_cancel: [10015,21690,com.android.systemui,2130838302,power_saver,-1,0,64,8,NULL]
01-26 13:38:17.112 21486 21486 I notification_cancel: [1000,6108,com.android.settings,17301624,NULL,0,0,0,8,NULL]
01-26 13:38:27.039 21486 21486 I notification_cancel: [10015,21690,com.android.systemui,100,low_battery,-1,0,64,8,NULL]
01-26 13:38:27.043 21486 21486 I notification_cancel: [10015,21690,com.android.systemui,2130838302,power_saver,-1,0,64,8,NULL]
01-26 13:38:27.110 21486 21486 I notification_cancel: [1000,6108,com.android.settings,17301624,NULL,0,0,0,8,NULL]
01-26 13:38:29.798 21486 21486 I notification_cancel: [10092,29419,com.facebook.katana,714499313,com.facebook.rti.mqtt.common.analytics.MqttDiagnosticNotification,0,0,64,8,NULL]
01-26 13:38:30.071 21486 21486 I notification_cancel: [10092,29419,com.facebook.katana,714499313,com.facebook.rti.mqtt.common.analytics.MqttDiagnosticNotification,0,0,64,8,NULL]
01-26 13:38:31.360 21486 21486 I free_storage_changed: 5780865024
01-26 13:38:36.972 21486 21486 I notification_cancel: [10092,29419,com.facebook.katana,714499313,com.facebook.rti.mqtt.common.analytics.MqttDiagnosticNotification,0,0,64,8,NULL]
01-26 13:38:36.978 21486 21486 I notification_cancel: [10092,29419,com.facebook.katana,714499313,com.facebook.rti.mqtt.common.analytics.MqttDiagnosticNotification,0,0,64,8,NULL]
01-26 13:38:37.050 21486 21486 I notification_cancel: [10015,21690,com.android.systemui,100,low_battery,-1,0,64,8,NULL]
01-26 13:38:37.050 21486 21486 I notification_cancel: [10015,21690,com.android.systemui,2130838302,power_saver,-1,0,64,8,NULL]
01-26 13:38:37.053 21486 21486 I notification_cancel: [1000,6108,com.android.settings,17301624,NULL,0,0,0,8,NULL]
01-26 13:38:37.159 21486 21486 I notification_cancel: [10092,29419,com.facebook.katana,714499313,com.facebook.rti.mqtt.common.analytics.MqttDiagnosticNotification,0,0,64,8,NULL]
01-26 13:38:37.163 21486 21486 I notification_cancel: [10092,29419,com.facebook.katana,714499313,com.facebook.rti.mqtt.common.analytics.MqttDiagnosticNotification,0,0,64,8,NULL]
01-26 13:38:47.076 21486 21486 I notification_cancel: [10015,21690,com.android.systemui,100,low_battery,-1,0,64,8,NULL]
01-26 13:38:47.077 21486 21486 I notification_cancel: [10015,21690,com.android.systemui,2130838302,power_saver,-1,0,64,8,NULL]
01-26 13:38:57.057 21486 21486 I notification_cancel: [10015,21690,com.android.systemui,100,low_battery,-1,0,64,8,NULL]
01-26 13:38:57.063 21486 21486 I notification_cancel: [10015,21690,com.android.systemui,2130838302,power_saver,-1,0,64,8,NULL]
01-26 13:38:59.595 22179 22179 I binder_sample: [com.android.internal.telephony.ITelephonyRegistry,10,56,com.android.phone,11]
01-26 13:39:01.361 21486 21486 I free_storage_changed: 5777186816
01-26 13:39:07.066 21486 21486 I notification_cancel: [10015,21690,com.android.systemui,100,low_battery,-1,0,64,8,NULL]
01-26 13:39:07.068 21486 21486 I notification_cancel: [10015,21690,com.android.systemui,2130838302,power_saver,-1,0,64,8,NULL]
01-26 13:39:14.932 22179 22179 I binder_sample: [com.android.internal.telephony.ITelephonyRegistry,10,44,com.android.phone,8]
01-26 13:39:17.095 21486 21486 I notification_cancel: [10015,21690,com.android.systemui,100,low_battery,-1,0,64,8,NULL]
01-26 13:39:17.096 21486 21486 I notification_cancel: [10015,21690,com.android.systemui,2130838302,power_saver,-1,0,64,8,NULL]
01-26 13:39:19.030 21486 21507 I am_proc_died: [0,14290,com.facebook.katana:videoplayer]
01-26 13:39:19.030 21486 21507 I am_schedule_service_restart: [0,com.facebook.katana/com.facebook.exoplayer.VideoPlayerService,1000]
01-26 13:39:20.150 21486 21518 I am_proc_start: [0,10476,10092,com.facebook.katana:videoplayer,service,com.facebook.katana/com.facebook.exoplayer.VideoPlayerService]
01-26 13:39:20.169 21486 22228 I am_proc_bound: [0,10476,com.facebook.katana:videoplayer]
01-26 13:39:27.085 21486 21486 I notification_cancel: [10015,21690,com.android.systemui,100,low_battery,-1,0,64,8,NULL]
01-26 13:39:27.086 21486 21486 I notification_cancel: [10015,21690,com.android.systemui,2130838302,power_saver,-1,0,64,8,NULL]
01-26 13:39:31.362 21486 21486 I free_storage_changed: 5770383360
01-26 13:39:34.206 21486 22129 I am_home_stack_moved: [0,0,1,1,intentActivityFound]
01-26 13:39:34.206 21486 22129 I wm_task_moved: [2390,1,6]
01-26 13:39:37.102 21486 21486 I notification_cancel: [10015,21690,com.android.systemui,100,low_battery,-1,0,64,8,NULL]
01-26 13:39:37.106 21486 21486 I notification_cancel: [10015,21690,com.android.systemui,2130838302,power_saver,-1,0,64,8,NULL]
01-26 13:39:38.030 22179 22179 I binder_sample: [com.android.internal.telephony.ITelephonyRegistry,10,30,com.android.phone,6]
01-26 13:39:38.232 21486 22177 I am_finish_activity: [0,834420560,2390,com.mediatek.connectivity/.CdsRadioInfoActivity,app-request]
01-26 13:39:38.236 21486 22177 I am_home_stack_moved: [0,0,1,1,finishActivity adjustTopFocus setFocusedActivity]
01-26 13:39:38.242 21486 22177 I am_focused_activity: [0,com.mediatek.connectivity/.CdsRadioMenuActivity]
01-26 13:39:38.244 21486 22177 I am_pause_activity: [0,834420560,com.mediatek.connectivity/.CdsRadioInfoActivity]
01-26 13:39:38.252 22179 22179 I am_on_paused_called: [0,com.mediatek.connectivity.CdsRadioInfoActivity]
01-26 13:39:38.260 21486 21506 I am_resume_activity: [0,255214549,2390,com.mediatek.connectivity/.CdsRadioMenuActivity]
01-26 13:39:38.267 21486 21506 I am_focused_activity: [0,com.mediatek.connectivity/.CdsRadioMenuActivity]
01-26 13:39:38.274 22179 22179 I am_on_resume_called: [0,com.mediatek.connectivity.CdsRadioMenuActivity]
01-26 13:39:38.659 21486 21518 I am_destroy_activity: [0,834420560,2390,com.mediatek.connectivity/.CdsRadioInfoActivity,finish-imm]
01-26 13:39:38.673   341   341 I sf_frame_dur: [com.mediatek.connectivity/com.mediatek.connectivity.CdsRadioInfoActivity,74,24,16,32,184,117,1]
01-26 13:39:38.952 21486 22075 I am_finish_activity: [0,255214549,2390,com.mediatek.connectivity/.CdsRadioMenuActivity,app-request]
01-26 13:39:38.956 21486 22075 I am_home_stack_moved: [0,0,1,1,finishActivity adjustTopFocus setFocusedActivity]
01-26 13:39:38.963 21486 22075 I am_focused_activity: [0,com.facebook.katana/com.facebook.composer.activity.ComposerActivity]
01-26 13:39:38.992 21486 22075 I am_pause_activity: [0,255214549,com.mediatek.connectivity/.CdsRadioMenuActivity]
01-26 13:39:38.995 22179 22179 I am_on_paused_called: [0,com.mediatek.connectivity.CdsRadioMenuActivity]
01-26 13:39:39.002 21486 22251 I am_resume_activity: [0,388761529,2126,com.facebook.katana/com.facebook.composer.activity.ComposerActivity]
01-26 13:39:39.005 21486 22251 I am_focused_activity: [0,com.facebook.katana/com.facebook.composer.activity.ComposerActivity]
01-26 13:39:39.038 29419 29419 I am_on_resume_called: [0,com.facebook.composer.activity.ComposerActivity]
01-26 13:39:39.055 21486 21486 I notification_cancel: [10092,29419,com.facebook.katana,714499313,com.facebook.rti.mqtt.common.analytics.MqttDiagnosticNotification,0,0,64,8,NULL]
01-26 13:39:39.086 21486 21486 I notification_cancel: [10092,29419,com.facebook.katana,714499313,com.facebook.rti.mqtt.common.analytics.MqttDiagnosticNotification,0,0,64,8,NULL]
01-26 13:39:39.246 21486 21486 I notification_cancel: [10092,29419,com.facebook.katana,714499313,com.facebook.rti.mqtt.common.analytics.MqttDiagnosticNotification,0,0,64,8,NULL]
01-26 13:39:39.268 21486 21486 I notification_cancel: [10092,29419,com.facebook.katana,714499313,com.facebook.rti.mqtt.common.analytics.MqttDiagnosticNotification,0,0,64,8,NULL]
01-26 13:39:39.473 21486 21518 I am_destroy_activity: [0,255214549,2390,com.mediatek.connectivity/.CdsRadioMenuActivity,finish-imm]
01-26 13:39:39.542 21486 22129 I wm_task_removed: [2390,removeAppToken: last token]
01-26 13:39:39.542 21486 22129 I wm_task_removed: [2390,removeTask]
01-26 13:39:41.014 21486 22796 I am_home_stack_moved: [0,0,1,1,startingNewTask]
01-26 13:39:41.014 21486 22796 I wm_task_moved: [2126,1,5]
01-26 13:39:41.023 21486 22796 I am_create_task: [0,2391]
01-26 13:39:41.023 21486 22796 I am_create_activity: [0,40184868,2391,com.mediatek.connectivity/.CdsRadioMenuActivity,android.intent.action.MAIN,NULL,NULL,268435456]
01-26 13:39:41.024 21486 22796 I wm_task_created: [2391,1]
01-26 13:39:41.024 21486 22796 I wm_task_moved: [2391,1,6]
01-26 13:39:41.045 21486 22796 I am_pause_activity: [0,388761529,com.facebook.katana/com.facebook.composer.activity.ComposerActivity]
01-26 13:39:41.048 21486 22796 I am_home_stack_moved: [0,0,1,1,startedActivity setFocusedActivity]
01-26 13:39:41.055 21486 22796 I am_focused_activity: [0,com.mediatek.connectivity/.CdsRadioMenuActivity]
01-26 13:39:41.063 29419 29419 I am_on_paused_called: [0,com.facebook.composer.activity.ComposerActivity]
01-26 13:39:41.094 21486 22203 I am_restart_activity: [0,40184868,2391,com.mediatek.connectivity/.CdsRadioMenuActivity]
01-26 13:39:41.099 21486 22203 I am_focused_activity: [0,com.mediatek.connectivity/.CdsRadioMenuActivity]
01-26 13:39:41.152 22179 22179 I am_on_resume_called: [0,com.mediatek.connectivity.CdsRadioMenuActivity]
01-26 13:39:41.264 21486 21528 I am_activity_launch_time: [0,40184868,com.mediatek.connectivity/.CdsRadioMenuActivity,172,172]
01-26 13:39:41.403   341   341 I sf_frame_dur: [com.facebook.katana/com.facebook.composer.activity.ComposerActivity,10,1,0,1,1,2,0]
01-26 13:39:41.875 29419 29419 I binder_sample: [android.location.ILocationManager,5,12,com.facebook.katana,2]
01-26 13:39:42.056 21486 21506 I am_home_stack_moved: [0,0,1,1,sourceStackToFront]
01-26 13:39:42.056 21486 21506 I wm_task_moved: [2391,1,6]
01-26 13:39:42.061 21486 21506 I am_create_activity: [0,745405807,2391,com.mediatek.connectivity/.CdsRadioInfoActivity,NULL,NULL,NULL,0]
01-26 13:39:42.062 21486 21506 I am_pause_activity: [0,40184868,com.mediatek.connectivity/.CdsRadioMenuActivity]
01-26 13:39:42.065 21486 21506 I am_home_stack_moved: [0,0,1,1,startedActivity setFocusedActivity]
01-26 13:39:42.070 21486 21506 I am_focused_activity: [0,com.mediatek.connectivity/.CdsRadioInfoActivity]
01-26 13:39:42.075 22179 22179 I am_on_paused_called: [0,com.mediatek.connectivity.CdsRadioMenuActivity]
01-26 13:39:42.078 21486 21507 I am_restart_activity: [0,745405807,2391,com.mediatek.connectivity/.CdsRadioInfoActivity]
01-26 13:39:42.087 21486 21507 I am_focused_activity: [0,com.mediatek.connectivity/.CdsRadioInfoActivity]
01-26 13:39:42.193 22179 22179 I am_on_resume_called: [0,com.mediatek.connectivity.CdsRadioInfoActivity]
01-26 13:39:42.360 21486 21528 I am_activity_launch_time: [0,745405807,com.mediatek.connectivity/.CdsRadioInfoActivity,283,283]
01-26 13:39:42.396   341   341 I sf_frame_dur: [Starting com.mediatek.connectivity,1,0,0,0,0,0,0]
01-26 13:39:42.431   341   341 I sf_frame_dur: [com.mediatek.connectivity/com.mediatek.connectivity.CdsRadioMenuActivity,2,0,0,0,0,0,0]
01-26 13:39:47.085 21486 21486 I notification_cancel: [10015,21690,com.android.systemui,100,low_battery,-1,0,64,8,NULL]
01-26 13:39:47.085 21486 21486 I notification_cancel: [10015,21690,com.android.systemui,2130838302,power_saver,-1,0,64,8,NULL]
01-26 13:39:59.261   341   341 I sf_frame_dur: [PopupWindow:161850d7,0,1,0,0,0,0,0]
01-26 13:39:59.677 22179 22179 I binder_sample: [com.android.internal.telephony.ITelephonyRegistry,10,38,com.android.phone,7]
01-26 13:40:01.363 21486 21486 I free_storage_changed: 5779832832
01-26 13:40:05.107   341   341 I sf_frame_dur: [com.mediatek.connectivity/com.mediatek.connectivity.CdsRadioInfoActivity,10,1,0,0,1,1,0]
01-26 13:40:07.045 21486 21486 I notification_cancel: [10015,21690,com.android.systemui,100,low_battery,-1,0,64,8,NULL]
01-26 13:40:07.053 21690 21690 I binder_sample: [android.app.INotificationManager,5,9,com.android.systemui,1]
01-26 13:40:07.056 21486 21486 I notification_cancel: [10015,21690,com.android.systemui,2130838302,power_saver,-1,0,64,8,NULL]
01-26 13:40:17.279 21486 22178 I am_proc_died: [0,3786,com.google.android.apps.plus]
01-26 13:40:22.552 21690 21690 I binder_sample: [com.android.internal.telephony.ISub,19,12,com.android.systemui,2]
01-26 13:40:23.872 21486 22074 I am_proc_died: [0,5119,com.google.android.apps.photos]
01-26 13:40:25.761 21486 22075 I am_home_stack_moved: [0,0,1,1,intentActivityFound]
01-26 13:40:25.761 21486 22075 I wm_task_moved: [2391,1,6]
01-26 13:40:25.765 21486 22075 I am_home_stack_moved: [0,0,1,1,bringingFoundTaskToFront]
01-26 13:40:25.765 21486 22075 I wm_task_moved: [2124,1,6]
01-26 13:40:25.790 21486 22075 I am_pause_activity: [0,745405807,com.mediatek.connectivity/.CdsRadioInfoActivity]
01-26 13:40:25.792 21486 22075 I am_task_to_front: [0,2124]
01-26 13:40:25.792 21486 22075 I am_new_intent: [0,656341508,2124,com.htc.contacts/.DialerTabActivity,android.intent.action.MAIN,NULL,NULL,272629760]
01-26 13:40:25.793 22179 22179 I am_on_paused_called: [0,com.mediatek.connectivity.CdsRadioInfoActivity]
01-26 13:40:25.799 21486 22202 I am_resume_activity: [0,19655789,2124,com.htc.contacts/.DialerTabActivity]
01-26 13:40:25.802 21486 22202 I am_home_stack_moved: [0,0,1,1,completeResume setFocusedActivity]
01-26 13:40:25.805 21486 22202 I am_focused_activity: [0,com.htc.contacts/.DialerTabActivity]
01-26 13:40:25.900 21486 22129 I am_proc_died: [0,14986,com.google.android.talk]
01-26 13:40:25.900 21486 22129 I am_schedule_service_restart: [0,com.google.android.talk/com.google.android.libraries.hangouts.video.CallService,1000]
01-26 13:40:25.998 22361 22361 I am_on_resume_called: [0,com.htc.contacts.DialerTabActivity]
01-26 13:40:26.132 21486 22129 I am_proc_died: [0,6855,com.lmi.htc.rescue]
01-26 13:40:26.301   341   341 I sf_frame_dur: [com.mediatek.connectivity/com.mediatek.connectivity.CdsRadioInfoActivity,88,13,5,12,37,21,2]
01-26 13:40:26.482 21486 21486 I notification_cancel: [1001,22179,com.android.phone,6001,NULL,0,0,64,8,NULL]
01-26 13:40:26.487 21486 21486 I notification_cancel: [1000,21486,com.android.server.telecom,1,NULL,0,0,0,8,NULL]
01-26 13:40:26.679 21486 21518 I am_proc_start: [0,11332,10036,com.htc.contacts,broadcast,com.htc.contacts/.LaunchHtcContactsProcessReceiver]
01-26 13:40:26.697 21486 22178 I am_proc_bound: [0,11332,com.htc.contacts]
01-26 13:40:27.047 21486 21486 I notification_cancel: [10015,21690,com.android.systemui,100,low_battery,-1,0,64,8,NULL]
01-26 13:40:27.047 21486 21486 I notification_cancel: [10015,21690,com.android.systemui,2130838302,power_saver,-1,0,64,8,NULL]
01-26 13:40:27.282 21486 22129 I am_proc_died: [0,6891,android.process.media]
01-26 13:40:29.206 22179 22359 I content_query_sample: Binder:22179, Query uri:content://mms-sms/conversations?FromThreadTable=true, selection:null, selectionArgs:null
01-26 13:40:30.106 22179 32542 I content_query_sample: Binder:5244, Query uri:content://mms-sms/draft?category=0, selection:null, selectionArgs:null
01-26 13:40:30.131 22179 22662 I content_query_sample: Binder:5203, Query uri:content://mms-sms/draft?category=0, selection:null, selectionArgs:null
01-26 13:40:31.364 21486 21486 I free_storage_changed: 5758083072
01-26 13:40:34.231 22179 15920 I content_query_sample: Binder:25182, Query uri:content://sms, selection:null, selectionArgs:null
01-26 13:40:34.244 22179 22693 I content_query_sample: Binder:25182, Query uri:content://mms, selection:null, selectionArgs:null
01-26 13:40:34.257 22179 22912 I content_query_sample: Binder:25182, Query uri:content://sms/28, selection:null, selectionArgs:null
01-26 13:40:34.268 22179 32542 I content_query_sample: Binder:25182, Query uri:content://sms/46, selection:null, selectionArgs:null
01-26 13:40:34.288 22179 22913 I content_query_sample: Binder:25182, Query uri:content://sms, selection:_id > ?, selectionArgs:[Ljava.lang.String;@26580aba
01-26 13:40:34.301 22179 22742 I content_query_sample: Binder:25182, Query uri:content://sms, selection:_id > ?, selectionArgs:[Ljava.lang.String;@22060c8
01-26 13:40:34.319 22179 32542 I content_query_sample: Binder:25182, Query uri:content://mms, selection:_id > ?, selectionArgs:[Ljava.lang.String;@30a37547
01-26 13:40:37.027 21486 21486 I notification_cancel: [10015,21690,com.android.systemui,100,low_battery,-1,0,64,8,NULL]
01-26 13:40:37.038 21486 21486 I notification_cancel: [10015,21690,com.android.systemui,2130838302,power_saver,-1,0,64,8,NULL]
01-26 13:40:39.142 21486 21486 I notification_cancel: [10092,29419,com.facebook.katana,714499313,com.facebook.rti.mqtt.common.analytics.MqttDiagnosticNotification,0,0,64,8,NULL]
01-26 13:40:41.133 21486 21486 I notification_cancel: [10092,29419,com.facebook.katana,714499313,com.facebook.rti.mqtt.common.analytics.MqttDiagnosticNotification,0,0,64,8,NULL]
01-26 13:40:47.059 21486 21486 I notification_cancel: [10015,21690,com.android.systemui,100,low_battery,-1,0,64,8,NULL]
01-26 13:40:47.059 21486 21486 I notification_cancel: [10015,21690,com.android.systemui,2130838302,power_saver,-1,0,64,8,NULL]
01-26 13:40:50.961 22179 22179 I binder_sample: [com.android.internal.telephony.ITelephonyRegistry,10,74,com.android.phone,14]
01-26 13:40:57.098 21486 21486 I notification_cancel: [10015,21690,com.android.systemui,100,low_battery,-1,0,64,8,NULL]
01-26 13:40:57.098 21486 21486 I notification_cancel: [10015,21690,com.android.systemui,2130838302,power_saver,-1,0,64,8,NULL]
01-26 13:41:01.364 21486 21486 I free_storage_changed: 5749309440
01-26 13:41:07.096 21486 21486 I notification_cancel: [10015,21690,com.android.systemui,100,low_battery,-1,0,64,8,NULL]
01-26 13:41:07.096 21486 21486 I notification_cancel: [10015,21690,com.android.systemui,2130838302,power_saver,-1,0,64,8,NULL]
01-26 13:41:17.076 21486 21486 I notification_cancel: [10015,21690,com.android.systemui,100,low_battery,-1,0,64,8,NULL]
01-26 13:41:17.076 21486 21486 I notification_cancel: [10015,21690,com.android.systemui,2130838302,power_saver,-1,0,64,8,NULL]
01-26 13:41:27.067 21486 21486 I notification_cancel: [10015,21690,com.android.systemui,100,low_battery,-1,0,64,8,NULL]
01-26 13:41:27.069 21486 21486 I notification_cancel: [10015,21690,com.android.systemui,2130838302,power_saver,-1,0,64,8,NULL]
01-26 13:41:31.365 21486 21486 I free_storage_changed: 5740331008
01-26 13:41:37.076 21486 21486 I notification_cancel: [10015,21690,com.android.systemui,100,low_battery,-1,0,64,8,NULL]
01-26 13:41:37.078 21486 21486 I notification_cancel: [10015,21690,com.android.systemui,2130838302,power_saver,-1,0,64,8,NULL]
01-26 13:41:39.132 21486 21486 I notification_cancel: [10092,29419,com.facebook.katana,714499313,com.facebook.rti.mqtt.common.analytics.MqttDiagnosticNotification,0,0,64,8,NULL]
01-26 13:41:39.867 21486 21486 I notification_cancel: [10092,29419,com.facebook.katana,714499313,com.facebook.rti.mqtt.common.analytics.MqttDiagnosticNotification,0,0,64,8,NULL]
01-26 13:41:46.309 21486 21486 I notification_cancel: [10092,29419,com.facebook.katana,714499313,com.facebook.rti.mqtt.common.analytics.MqttDiagnosticNotification,0,0,64,8,NULL]
01-26 13:41:46.311 21486 21486 I notification_cancel: [10092,29419,com.facebook.katana,714499313,com.facebook.rti.mqtt.common.analytics.MqttDiagnosticNotification,0,0,64,8,NULL]
01-26 13:41:46.506 21486 21486 I notification_cancel: [10092,29419,com.facebook.katana,714499313,com.facebook.rti.mqtt.common.analytics.MqttDiagnosticNotification,0,0,64,8,NULL]
01-26 13:41:46.533 21486 21486 I notification_cancel: [10092,29419,com.facebook.katana,714499313,com.facebook.rti.mqtt.common.analytics.MqttDiagnosticNotification,0,0,64,8,NULL]
01-26 13:41:47.092 21486 21486 I notification_cancel: [10015,21690,com.android.systemui,100,low_battery,-1,0,64,8,NULL]
01-26 13:41:47.092 21486 21486 I notification_cancel: [10015,21690,com.android.systemui,2130838302,power_saver,-1,0,64,8,NULL]
01-26 13:41:57.082 21486 21486 I notification_cancel: [10015,21690,com.android.systemui,100,low_battery,-1,0,64,8,NULL]
01-26 13:41:57.083 21486 21486 I notification_cancel: [10015,21690,com.android.systemui,2130838302,power_saver,-1,0,64,8,NULL]
01-26 13:42:01.367 21486 21486 I free_storage_changed: 5733732352
01-26 13:42:07.098 21486 21486 I notification_cancel: [10015,21690,com.android.systemui,100,low_battery,-1,0,64,8,NULL]
01-26 13:42:07.109 21486 21486 I notification_cancel: [10015,21690,com.android.systemui,2130838302,power_saver,-1,0,64,8,NULL]
01-26 13:42:10.435 21486 22251 I am_home_stack_moved: [0,0,1,1,intentActivityFound]
01-26 13:42:10.435 21486 22251 I wm_task_moved: [2124,1,6]
01-26 13:42:10.440 21486 22251 I am_home_stack_moved: [0,0,1,1,bringingFoundTaskToFront]
01-26 13:42:10.440 21486 22251 I wm_task_moved: [2391,1,6]
01-26 13:42:10.462 21486 22251 I am_pause_activity: [0,19655789,com.htc.contacts/.DialerTabActivity]
01-26 13:42:10.464 21486 22251 I am_task_to_front: [0,2391]
01-26 13:42:10.507 22361 22361 I am_on_paused_called: [0,com.htc.contacts.DialerTabActivity]
01-26 13:42:10.513 21486 22154 I am_resume_activity: [0,745405807,2391,com.mediatek.connectivity/.CdsRadioInfoActivity]
01-26 13:42:10.519 21486 22154 I am_home_stack_moved: [0,0,1,1,completeResume setFocusedActivity]
01-26 13:42:10.522 21486 22154 I am_focused_activity: [0,com.mediatek.connectivity/.CdsRadioInfoActivity]
01-26 13:42:10.545 22179 22179 I am_on_resume_called: [0,com.mediatek.connectivity.CdsRadioInfoActivity]
01-26 13:42:10.872   341   341 I sf_frame_dur: [com.htc.contacts/com.htc.contacts.DialerTabActivity,21,1,1,1,0,0,1]
01-26 13:42:12.155 21486  7839 I am_finish_activity: [0,745405807,2391,com.mediatek.connectivity/.CdsRadioInfoActivity,app-request]
01-26 13:42:12.156 21486  7839 I am_home_stack_moved: [0,0,1,1,finishActivity adjustTopFocus setFocusedActivity]
01-26 13:42:12.158 21486  7839 I am_focused_activity: [0,com.mediatek.connectivity/.CdsRadioMenuActivity]
01-26 13:42:12.159 21486  7839 I am_pause_activity: [0,745405807,com.mediatek.connectivity/.CdsRadioInfoActivity]
01-26 13:42:12.163 22179 22179 I am_on_paused_called: [0,com.mediatek.connectivity.CdsRadioInfoActivity]
01-26 13:42:12.167 21486 22074 I am_resume_activity: [0,40184868,2391,com.mediatek.connectivity/.CdsRadioMenuActivity]
01-26 13:42:12.170 21486 22074 I am_focused_activity: [0,com.mediatek.connectivity/.CdsRadioMenuActivity]
01-26 13:42:12.171 22179 22179 I am_on_resume_called: [0,com.mediatek.connectivity.CdsRadioMenuActivity]
01-26 13:42:12.509 21486 21518 I am_destroy_activity: [0,745405807,2391,com.mediatek.connectivity/.CdsRadioInfoActivity,finish-imm]
01-26 13:42:12.523   341   341 I sf_frame_dur: [com.mediatek.connectivity/com.mediatek.connectivity.CdsRadioInfoActivity,16,0,2,0,2,0,0]
01-26 13:42:12.859 21486 22228 I am_finish_activity: [0,40184868,2391,com.mediatek.connectivity/.CdsRadioMenuActivity,app-request]
01-26 13:42:12.861 21486 22228 I am_home_stack_moved: [0,0,1,1,finishActivity adjustTopFocus setFocusedActivity]
01-26 13:42:12.865 21486 22228 I am_focused_activity: [0,com.htc.contacts/.DialerTabActivity]
01-26 13:42:12.889 21486 22228 I am_pause_activity: [0,40184868,com.mediatek.connectivity/.CdsRadioMenuActivity]
01-26 13:42:12.891 22179 22179 I am_on_paused_called: [0,com.mediatek.connectivity.CdsRadioMenuActivity]
01-26 13:42:12.896 21486 21516 I am_resume_activity: [0,19655789,2124,com.htc.contacts/.DialerTabActivity]
01-26 13:42:12.899 21486 21516 I am_focused_activity: [0,com.htc.contacts/.DialerTabActivity]
01-26 13:42:12.959 22361 22361 I am_on_resume_called: [0,com.htc.contacts.DialerTabActivity]
01-26 13:42:13.033 21486 21518 I am_destroy_activity: [0,40184868,2391,com.mediatek.connectivity/.CdsRadioMenuActivity,finish-imm]
01-26 13:42:13.040 21486 21486 I notification_cancel: [1001,22179,com.android.phone,6001,NULL,0,0,64,8,NULL]
01-26 13:42:13.045 21486 21486 I notification_cancel: [1000,21486,com.android.server.telecom,1,NULL,0,0,0,8,NULL]
01-26 13:42:13.103 21486 22796 I wm_task_removed: [2391,removeAppToken: last token]
01-26 13:42:13.103 21486 22796 I wm_task_removed: [2391,removeTask]
01-26 13:42:13.887 21486 22228 I wm_task_moved: [2124,0,0]
01-26 13:42:13.912 21486 22228 I am_pause_activity: [0,19655789,com.htc.contacts/.DialerTabActivity]
01-26 13:42:13.949 22361 22361 I am_on_paused_called: [0,com.htc.contacts.DialerTabActivity]
01-26 13:42:13.954 21486 22251 I am_resume_activity: [0,388761529,2126,com.facebook.katana/com.facebook.composer.activity.ComposerActivity]
01-26 13:42:13.957 21486 22251 I am_home_stack_moved: [0,0,1,1,completeResume setFocusedActivity]
01-26 13:42:13.961 21486 22251 I am_focused_activity: [0,com.facebook.katana/com.facebook.composer.activity.ComposerActivity]
01-26 13:42:14.007 29419 29419 I am_on_resume_called: [0,com.facebook.composer.activity.ComposerActivity]
01-26 13:42:14.008 21486 21486 I notification_cancel: [10092,29419,com.facebook.katana,714499313,com.facebook.rti.mqtt.common.analytics.MqttDiagnosticNotification,0,0,64,8,NULL]
01-26 13:42:14.031 21486 21486 I notification_cancel: [10092,29419,com.facebook.katana,714499313,com.facebook.rti.mqtt.common.analytics.MqttDiagnosticNotification,0,0,64,8,NULL]
01-26 13:42:14.196 21486 21486 I notification_cancel: [10092,29419,com.facebook.katana,714499313,com.facebook.rti.mqtt.common.analytics.MqttDiagnosticNotification,0,0,64,8,NULL]
01-26 13:42:14.200 21486 21486 I notification_cancel: [10092,29419,com.facebook.katana,714499313,com.facebook.rti.mqtt.common.analytics.MqttDiagnosticNotification,0,0,64,8,NULL]
01-26 13:42:14.393   341   341 I sf_frame_dur: [com.htc.contacts/com.htc.contacts.DialerTabActivity,0,0,1,1,0,1,0]
01-26 13:42:14.425 21486 22228 I am_home_stack_moved: [0,0,1,1,startingNewTask]
01-26 13:42:14.425 21486 22228 I wm_task_moved: [2126,1,5]
01-26 13:42:14.429 21486 22228 I am_create_task: [0,2392]
01-26 13:42:14.429 21486 22228 I am_create_activity: [0,386977534,2392,com.mediatek.connectivity/.CdsRadioMenuActivity,android.intent.action.MAIN,NULL,NULL,268435456]
01-26 13:42:14.430 21486 22228 I wm_task_created: [2392,1]
01-26 13:42:14.430 21486 22228 I wm_task_moved: [2392,1,6]
01-26 13:42:14.451 21486 22228 I am_pause_activity: [0,388761529,com.facebook.katana/com.facebook.composer.activity.ComposerActivity]
01-26 13:42:14.454 21486 22228 I am_home_stack_moved: [0,0,1,1,startedActivity setFocusedActivity]
01-26 13:42:14.457 21486 22228 I am_focused_activity: [0,com.mediatek.connectivity/.CdsRadioMenuActivity]
01-26 13:42:14.460 29419 29419 I am_on_paused_called: [0,com.facebook.composer.activity.ComposerActivity]
01-26 13:42:14.486 21486 22154 I am_restart_activity: [0,386977534,2392,com.mediatek.connectivity/.CdsRadioMenuActivity]
01-26 13:42:14.497 21486 22154 I am_focused_activity: [0,com.mediatek.connectivity/.CdsRadioMenuActivity]
01-26 13:42:14.547 22179 22179 I am_on_resume_called: [0,com.mediatek.connectivity.CdsRadioMenuActivity]
01-26 13:42:14.655 21486 21528 I am_activity_launch_time: [0,386977534,com.mediatek.connectivity/.CdsRadioMenuActivity,171,171]
01-26 13:42:14.831   341   341 I sf_frame_dur: [com.facebook.katana/com.facebook.composer.activity.ComposerActivity,0,0,0,0,1,0,0]
01-26 13:42:15.421 21486 22202 I am_home_stack_moved: [0,0,1,1,sourceStackToFront]
01-26 13:42:15.421 21486 22202 I wm_task_moved: [2392,1,6]
01-26 13:42:15.425 21486 22202 I am_create_activity: [0,93384725,2392,com.mediatek.connectivity/.CdsRadioInfoActivity,NULL,NULL,NULL,0]
01-26 13:42:15.426 21486 22202 I am_pause_activity: [0,386977534,com.mediatek.connectivity/.CdsRadioMenuActivity]
01-26 13:42:15.429 21486 22202 I am_home_stack_moved: [0,0,1,1,startedActivity setFocusedActivity]
01-26 13:42:15.432 21486 22202 I am_focused_activity: [0,com.mediatek.connectivity/.CdsRadioInfoActivity]
01-26 13:42:15.436 22179 22179 I am_on_paused_called: [0,com.mediatek.connectivity.CdsRadioMenuActivity]
01-26 13:42:15.439 21486 22251 I am_restart_activity: [0,93384725,2392,com.mediatek.connectivity/.CdsRadioInfoActivity]
01-26 13:42:15.447 21486 22251 I am_focused_activity: [0,com.mediatek.connectivity/.CdsRadioInfoActivity]
01-26 13:42:15.543 22179 22179 I am_on_resume_called: [0,com.mediatek.connectivity.CdsRadioInfoActivity]
01-26 13:42:15.668 21486 21528 I am_activity_launch_time: [0,93384725,com.mediatek.connectivity/.CdsRadioInfoActivity,231,231]
01-26 13:42:15.707   341   341 I sf_frame_dur: [Starting com.mediatek.connectivity,1,0,0,0,0,0,0]
01-26 13:42:15.775   341   341 I sf_frame_dur: [com.mediatek.connectivity/com.mediatek.connectivity.CdsRadioMenuActivity,1,1,0,0,0,0,0]
01-26 13:42:16.189 22179 22359 I content_query_sample: Binder:22179, Query uri:content://mms-sms/conversations?FromThreadTable=true, selection:null, selectionArgs:null
01-26 13:42:16.800 22078 25356 I force_gc: Binder
01-26 13:42:16.815 22179 22201 I content_query_sample: Binder:25182, Query uri:content://sms, selection:null, selectionArgs:null
01-26 13:42:16.825 22179 22913 I content_query_sample: Binder:25182, Query uri:content://mms, selection:null, selectionArgs:null
01-26 13:42:16.833 22179 22742 I content_query_sample: Binder:25182, Query uri:content://sms/28, selection:null, selectionArgs:null
01-26 13:42:16.841 22179 22912 I content_query_sample: Binder:25182, Query uri:content://sms/46, selection:null, selectionArgs:null
01-26 13:42:16.856 22179 22201 I content_query_sample: Binder:25182, Query uri:content://sms, selection:_id > ?, selectionArgs:[Ljava.lang.String;@4f3bca9
01-26 13:42:16.868 22179 22779 I content_query_sample: Binder:25182, Query uri:content://sms, selection:_id > ?, selectionArgs:[Ljava.lang.String;@469a75c
01-26 13:42:16.905 22179 22692 I content_query_sample: Binder:25182, Query uri:content://mms, selection:_id > ?, selectionArgs:[Ljava.lang.String;@148b0beb
01-26 13:42:17.066 21486 21486 I notification_cancel: [10015,21690,com.android.systemui,100,low_battery,-1,0,64,8,NULL]
01-26 13:42:17.066 21486 21486 I notification_cancel: [10015,21690,com.android.systemui,2130838302,power_saver,-1,0,64,8,NULL]
01-26 13:42:17.102 22179 15920 I content_query_sample: Binder:5203, Query uri:content://mms-sms/draft?category=0, selection:null, selectionArgs:null
01-26 13:42:17.105 22179 22779 I content_query_sample: Binder:5244, Query uri:content://mms-sms/draft?category=0, selection:null, selectionArgs:null
01-26 13:42:27.059 21486 21486 I notification_cancel: [10015,21690,com.android.systemui,100,low_battery,-1,0,64,8,NULL]
01-26 13:42:27.061 21486 21486 I notification_cancel: [10015,21690,com.android.systemui,2130838302,power_saver,-1,0,64,8,NULL]
01-26 13:42:31.368 21486 21486 I free_storage_changed: 5725708288
01-26 13:42:33.222 22179 22179 I binder_sample: [com.android.internal.telephony.ITelephonyRegistry,10,23,com.android.phone,4]
01-26 13:42:34.159 21486 21486 I notification_cancel: [1001,22179,com.android.phone,16,NULL,0,0,64,8,NULL]
01-26 13:42:34.209 21486 21486 I notification_cancel: [1001,22179,com.android.phone,16,NULL,0,0,64,8,NULL]
01-26 13:42:35.284   341   341 I sf_frame_dur: [com.mediatek.connectivity/com.mediatek.connectivity.CdsRadioInfoActivity,13,0,0,0,1,1,0]
01-26 13:42:37.079 21486 21486 I notification_cancel: [10015,21690,com.android.systemui,100,low_battery,-1,0,64,8,NULL]
01-26 13:42:37.079 21486 21486 I notification_cancel: [10015,21690,com.android.systemui,2130838302,power_saver,-1,0,64,8,NULL]
01-26 13:42:39.737 22431 13001 I content_query_sample: [content://icc/phonebook/subId/1,name/number/hidden/recordNumber/number1/number2/emails,,,443,com.android.providers.contacts,89]
01-26 13:42:42.026 22078  5115 I gtalk_conn_close: [276,588]
01-26 13:42:42.159 21486 21486 I notification_cancel: [10092,29419,com.facebook.katana,714499313,com.facebook.rti.mqtt.common.analytics.MqttDiagnosticNotification,0,0,64,8,NULL]
01-26 13:42:42.223 21486 21580 I netstats_mobile_sample: [38314261,46973,3852746,37124,38314261,46973,3868866,37276,38314261,46973,3868866,37276,-1]
01-26 13:42:42.223 21486 21580 I netstats_wifi_sample: [64726124,95856,8203666,76795,63302642,94283,7188570,73080,63066800,91602,7182785,73015,-1]
01-26 13:42:42.500 21486 21486 I notification_cancel: [1000,6108,com.android.settings,2130837975,NULL,0,0,0,8,NULL]
01-26 13:42:42.500 21486 21486 I notification_cancel: [1000,21486,android,196,CaptivePortal.Notification,0,0,0,8,NULL]
01-26 13:42:42.502 21486 21486 I notification_cancel: [1000,6108,com.android.settings,2130837975,NULL,0,0,0,8,NULL]
01-26 13:42:42.506 21486 21486 I notification_cancel: [1000,6108,com.android.settings,2130837975,NULL,0,0,0,8,NULL]
01-26 13:42:42.516 22179 22179 I binder_sample: [com.android.internal.telephony.ITelephonyRegistry,17,22,com.android.phone,4]
01-26 13:42:42.577 21486 21517 I binder_sample: [android.content.IContentProvider,1,154,system_server,30]
01-26 13:42:42.578 21486 21517 I content_query_sample: [content://telephony/carriers/preferapn,apn,,name ASC,158,,32]
01-26 13:42:42.583 21486 22154 I am_proc_start: [0,13216,10103,com.google.android.talk,broadcast,com.google.android.talk/com.google.android.apps.hangouts.service.GcmStateReceiver]
01-26 13:42:42.591 21486 21486 I notification_cancel: [1000,6108,com.android.settings,2130837975,NULL,0,0,0,8,NULL]
01-26 13:42:42.591 21486 21486 I notification_cancel: [10092,29419,com.facebook.katana,10011,NULL,0,0,64,8,NULL]
01-26 13:42:42.604 21486 21486 I notification_cancel: [1000,6108,com.android.settings,2130837975,NULL,0,0,0,8,NULL]
01-26 13:42:42.616 21486 22203 I am_proc_bound: [0,13216,com.google.android.talk]
01-26 13:42:42.620 21486 21486 I notification_cancel: [1000,6108,com.android.settings,2130837975,NULL,0,0,0,8,NULL]
01-26 13:42:42.646 21486 21486 I notification_cancel: [1000,21486,android,65537,CaptivePortal.Notification,0,0,0,8,NULL]
01-26 13:42:42.827 21486 21580 I netstats_mobile_sample: [38314261,46973,3852746,37124,38314261,46973,3868866,37276,38314261,46973,3868866,37276,-1]
01-26 13:42:42.827 21486 21580 I netstats_wifi_sample: [64726124,95856,8203666,76795,63302642,94283,7188570,73080,63066800,91602,7182785,73015,-1]
01-26 13:42:42.844 21486 21580 I netstats_mobile_sample: [38314261,46973,3852746,37124,38314261,46973,3868866,37276,38314261,46973,3868866,37276,-1]
01-26 13:42:42.844 21486 21580 I netstats_wifi_sample: [64726124,95856,8203666,76795,63302642,94283,7188570,73080,63066800,91602,7182785,73015,-1]
01-26 13:42:43.206 13216 13289 I content_query_sample: [content://com.google.android.gsf.gservices/prefix,,,,23,com.google.android.talk,5]
01-26 13:42:43.289 29419 29419 I binder_sample: [android.net.IConnectivityManager,17,269,com.facebook.katana,53]
01-26 13:42:43.293 21486 21486 I notification_cancel: [10092,29419,com.facebook.katana,714499313,com.facebook.rti.mqtt.common.analytics.MqttDiagnosticNotification,0,0,64,8,NULL]
01-26 13:42:43.294 21486 21486 I notification_cancel: [10092,29419,com.facebook.katana,714499313,com.facebook.rti.mqtt.common.analytics.MqttDiagnosticNotification,0,0,64,8,NULL]
01-26 13:42:43.328 21486 21486 I notification_cancel: [10092,29419,com.facebook.katana,714499313,com.facebook.rti.mqtt.common.analytics.MqttDiagnosticNotification,0,0,64,8,NULL]
01-26 13:42:43.395 21486 21486 I notification_cancel: [10092,29419,com.facebook.katana,10011,NULL,0,0,64,8,NULL]
01-26 13:42:43.398 21486 21486 I notification_cancel: [10092,29419,com.facebook.katana,714499313,com.facebook.rti.mqtt.common.analytics.MqttDiagnosticNotification,0,0,64,8,NULL]
01-26 13:42:43.585 21486 21486 I notification_cancel: [10092,29419,com.facebook.katana,714499313,com.facebook.rti.mqtt.common.analytics.MqttDiagnosticNotification,0,0,64,8,NULL]
01-26 13:42:43.641 21486 22203 I am_proc_start: [0,13318,10038,com.htc.widget.hmsproc2,broadcast,com.htc.htchotspotwidget/.HotspotReceiver]
01-26 13:42:43.743 21486 22178 I am_proc_bound: [0,13318,com.htc.widget.hmsproc2]
01-26 13:42:43.880 21486 21507 I am_proc_start: [0,13341,1001,com.mediatek.engineermode,broadcast,com.mediatek.engineermode/.wifi.WifiStateReceiver]
01-26 13:42:43.895 21486 22177 I am_proc_bound: [0,13341,com.mediatek.engineermode]
01-26 13:42:43.977 21486 22074 I am_proc_start: [0,13365,10013,android.process.media,broadcast,com.android.providers.downloads/.DownloadReceiver]
01-26 13:42:43.995 21486 22203 I am_proc_bound: [0,13365,android.process.media]
01-26 13:42:44.119 21486 23315 I notification_cancel_all: [10013,13365,com.android.providers.downloads,0,0,64,9,NULL]
01-26 13:42:44.147 21486 22202 I am_proc_start: [0,13393,10053,com.htc.android.mail:sync,broadcast,com.htc.android.mail/.eassvc.EASEventReceiver]
01-26 13:42:44.187 21486 21516 I am_proc_bound: [0,13393,com.htc.android.mail:sync]
01-26 13:42:44.433 21486 21507 I am_proc_start: [0,13416,10064,com.google.android.setupwizard,broadcast,com.google.android.setupwizard/.carrier.MobileConnectivityChangeReceiver]
01-26 13:42:44.453 21486 22154 I am_proc_bound: [0,13416,com.google.android.setupwizard]
01-26 13:42:44.581 13393 13437 I content_query_sample: [content://mail/accounts,_id/_emailaddress/_inserver/_easDomain/_username/_password/_easSvrProtocol/_useSSLin/_easHeartBeatInternal/_easDeviceID/_easDeviceType/_del/_desc/_nextfetchtime/_provider,_protocol='4' AND _del != 1,,112,com.htc.android.mail,23]
01-26 13:42:44.597 21486 22251 I am_proc_start: [0,13443,10068,com.htc.updater,broadcast,com.htc.updater/.download.DownloadReceiver]
01-26 13:42:44.628 21486 22796 I am_proc_bound: [0,13443,com.htc.updater]
01-26 13:42:44.653 21486 22796 I am_proc_died: [0,15259,org.simalliance.openmobileapi.service:remote]
01-26 13:42:44.653 21486 22796 I am_schedule_service_restart: [0,org.simalliance.openmobileapi.service/.SmartcardService,1000]
01-26 13:42:45.303 22078 22078 I binder_sample: [android.content.pm.IPackageManager,2,387,com.google.android.gms.persistent,77]
01-26 13:42:45.303 13443 13443 I binder_sample: [android.content.pm.IPackageManager,11,473,com.htc.updater,94]
01-26 13:42:45.328 25182 13468 I aggregation: 1453786965328
01-26 13:42:45.423 21486 22178 I am_proc_start: [0,13474,10122,com.google.android.apps.magazines,broadcast,com.google.android.apps.magazines/com.google.apps.dots.android.newsstand.appwidget.NewsWidgetProvider]
01-26 13:42:45.446 21486 22178 I am_proc_bound: [0,13474,com.google.android.apps.magazines]
01-26 13:42:45.690 21486 21518 I am_proc_start: [0,13504,1000,org.simalliance.openmobileapi.service:remote,service,org.simalliance.openmobileapi.service/.SmartcardService]
01-26 13:42:45.720 21486 22228 I am_proc_bound: [0,13504,org.simalliance.openmobileapi.service:remote]
01-26 13:42:45.901 21486 22202 I am_proc_died: [0,5244,com.htc.sense.mms:mms]
01-26 13:42:45.966 21486 22154 I am_proc_start: [0,13537,10020,com.google.android.gms.unstable,service,com.google.android.gms/.droidguard.DroidGuardService]
01-26 13:42:45.982 21486 22203 I am_proc_bound: [0,13537,com.google.android.gms.unstable]
01-26 13:42:46.152 21486 22591 I force_gc: Binder
01-26 13:42:46.320 21486 21486 I notification_cancel: [10020,13537,com.google.android.gms,10436,NOT_LMP,0,0,64,8,NULL]
01-26 13:42:46.321 21486 21486 I notification_cancel: [10020,13537,com.google.android.gms,39789,NOT_LMP,0,0,64,8,NULL]
01-26 13:42:46.380 21486 21506 I am_proc_died: [0,9164,com.htc.cs.pns]
01-26 13:42:46.663 13537 13558 I content_query_sample: [content://com.google.android.gsf.gservices,,,,0,com.google.android.gms,1]
01-26 13:42:46.927 21486 22075 I am_proc_start: [0,13624,10081,com.android.chrome,broadcast,com.android.chrome/org.chromium.content.browser.BackgroundSyncLauncherService$Receiver]
01-26 13:42:46.945 21486 22177 I am_proc_bound: [0,13624,com.android.chrome]
01-26 13:42:47.017 22078 13622 I c2dm    : [-2,NULL,1,1]
01-26 13:42:47.057 21486 21486 I notification_cancel: [10015,21690,com.android.systemui,100,low_battery,-1,0,64,8,NULL]
01-26 13:42:47.057 21486 21486 I notification_cancel: [10015,21690,com.android.systemui,2130838302,power_saver,-1,0,64,8,NULL]
01-26 13:42:47.118 22078 13650 I c2dm    : [3,NULL,1,1]
01-26 13:42:47.122 22078 13650 I gtalk_heartbeat_reset: [1680,74.125.23.188:5228]
01-26 13:42:47.140 22078 13650 I gtalk_connection: 0
01-26 13:42:47.164 22078 13650 I c2dm    : [7,,1,1]
01-26 13:42:47.332 21486 22228 I am_proc_start: [0,13673,10129,com.google.android.apps.photos,broadcast,com.google.android.apps.photos/.actionqueue.SystemReceiver]
01-26 13:42:47.357 21486 22796 I am_proc_bound: [0,13673,com.google.android.apps.photos]
01-26 13:42:47.440 21486 22178 I am_proc_died: [0,9431,com.htc.htcpowermanager:remote]
01-26 13:42:47.893 21486 22075 I am_proc_start: [0,13709,10131,com.google.android.apps.plus,broadcast,com.google.android.apps.plus/com.google.android.libraries.social.autobackup.AutoBackupEnvironment$ConnectivityReceiver]
01-26 13:42:47.920 21486 22178 I am_proc_bound: [0,13709,com.google.android.apps.plus]
01-26 13:42:47.928 21486 21486 I notification_cancel: [10129,13673,com.google.android.apps.photos,10436,NULL,0,0,64,8,NULL]
01-26 13:42:47.979 21486 21507 I am_proc_died: [0,11332,com.htc.contacts]
01-26 13:42:48.356 21486  7839 I notification_cancel_all: [10013,13365,com.android.providers.downloads,0,0,64,9,NULL]
01-26 13:42:48.445 21486 21486 I notification_cancel: [1001,13341,com.mediatek.engineermode,10,NULL,0,0,64,8,NULL]
01-26 13:42:48.465 21486 21486 I notification_cancel: [1001,13341,com.mediatek.engineermode,10,NULL,0,0,64,8,NULL]
01-26 13:42:48.664 25182 13468 I content_query_sample: [content://com.google.settings/partner,value,name=?,,22,com.google.android.gms,5]
01-26 13:42:48.687 25182 13751 I force_gc: Binder
01-26 13:42:48.716 21486 21507 I notification_cancel_all: [10013,13365,com.android.providers.downloads,0,0,64,9,NULL]
01-26 13:42:48.841 21486 22075 I am_proc_died: [0,6182,com.htc.mobiledata:remote]
01-26 13:42:49.072 21486 21486 I notification_enqueue: [10020,22078,com.google.android.gms,0,com.google.android.gms.auth.TokenNotificationManager:gftrss081@gmail.com:com.google,0,Notification(pri=0 contentView=null vibrate=null sound=null defaults=0x0 flags=0xa color=0x00000000 vis=PRIVATE),1]
01-26 13:42:49.074 21486 21486 I notification_skip_beep_vibrate: [0,0,0,0,0,1,0,1,0,0]
01-26 13:42:49.074 21486 21486 I notification_skip_light: [1,0,1,0,0]
01-26 13:42:49.215 21486 22673 I force_gc: Binder
01-26 13:42:49.559 21486 21486 I notification_cancel: [10044,25241,com.htc.sense.hsp,2131361907,NULL,0,0,64,8,NULL]
01-26 13:42:54.048 21486 22202 I am_kill : [0,6966,com.htc.mms.backupagent,15,empty #17]
01-26 13:42:54.116 21486 22075 I am_proc_died: [0,6966,com.htc.mms.backupagent]
01-26 13:42:55.538 21486 21518 I am_proc_start: [0,13828,10069,com.google.android.googlequicksearchbox:search,broadcast,com.google.android.googlequicksearchbox/com.google.android.apps.gsa.search.core.GmsPackageWatcher]
01-26 13:42:55.560 21486 21516 I am_proc_bound: [0,13828,com.google.android.googlequicksearchbox:search]
01-26 13:42:56.085 21486 21486 I backup_transport_lifecycle: [com.google.android.gms/.backup.BackupTransportService,1]
01-26 13:42:56.098 21486 21486 I notification_cancel: [10020,22078,com.google.android.gms,1,com.google.android.backup.notification.tag,0,0,64,8,NULL]
01-26 13:42:56.215 21486 21516 I am_kill : [0,6108,com.android.settings,15,empty #17]
01-26 13:42:56.274 21486 21507 I am_proc_died: [0,6108,com.android.settings]
01-26 13:42:56.319 21486 22154 I am_proc_start: [0,13883,10059,com.android.vending,broadcast,com.android.vending/com.google.android.finsky.receivers.PackageMonitorReceiver$RegisteredReceiver]
01-26 13:42:56.325 21486 21486 I notification_cancel: [10103,13216,com.google.android.talk,8,com.google.android.talk:gmscore,0,0,64,8,NULL]
01-26 13:42:56.343 21486 22074 I am_proc_bound: [0,13883,com.android.vending]
01-26 13:42:56.782 21486 21486 I notification_cancel: [10059,13883,com.android.vending,-1050172287,NULL,0,0,64,8,NULL]
01-26 13:42:56.853 21486 21516 I am_kill : [0,6041,com.htc.mobiledata,15,empty #17]
01-26 13:42:56.971 21486 22251 I am_proc_died: [0,6041,com.htc.mobiledata]
01-26 13:42:56.972 13883 13883 I binder_sample: [android.app.IActivityManager,69,116,com.android.vending,23]
01-26 13:42:57.057 21486 21486 I notification_cancel: [10015,21690,com.android.systemui,100,low_battery,-1,0,64,8,NULL]
01-26 13:42:57.057 21486 21486 I notification_cancel: [10015,21690,com.android.systemui,2130838302,power_saver,-1,0,64,8,NULL]
01-26 13:42:57.458 21486 22074 I am_proc_start: [0,13965,10023,com.google.android.partnersetup,content provider,com.google.android.partnersetup/.RlzAppProvider]
01-26 13:42:57.481 13828 13952 I content_update_sample: [content://com.google.android.googlequicksearchbox.icing/applications,update,com.google.android.gms,417,com.google.android.googlequicksearchbox,84]
01-26 13:42:57.520 21486 22129 I am_proc_bound: [0,13965,com.google.android.partnersetup]
01-26 13:42:57.557 13965 13990 I content_query_sample: [content://com.google.android.gsf.gservices,,,,1,com.google.android.partnersetup,1]
01-26 13:42:57.921 21486  7839 I am_proc_died: [0,5203,com.htc.sense.mms]
01-26 13:42:59.310 21486 22202 I am_proc_died: [0,13318,com.htc.widget.hmsproc2]
01-26 13:43:01.369 21486 21486 I free_storage_changed: 5688238080
01-26 13:43:01.997 21486 22750 I force_gc: Binder
01-26 13:43:02.111 21486 22228 I am_proc_start: [0,14085,10020,com.google.android.gms:car,service,com.google.android.gms/.car.CarService]
01-26 13:43:02.155 21486 22796 I am_proc_bound: [0,14085,com.google.android.gms:car]
01-26 13:43:02.161 21486 21516 I am_proc_died: [0,3001,com.htc.bgp]
01-26 13:43:02.927 21486 21486 I notification_cancel: [10020,14085,com.google.android.gms,10436,NOT_LMP,0,0,64,8,NULL]
01-26 13:43:02.929 21486 21486 I notification_cancel: [10020,14085,com.google.android.gms,39789,NOT_LMP,0,0,64,8,NULL]
01-26 13:43:03.070 21486 21486 I notification_enqueue: [10020,22078,com.google.android.gms,0,com.google.android.gms.auth.TokenNotificationManager:gftrss081@gmail.com:com.google,0,Notification(pri=0 contentView=null vibrate=null sound=null defaults=0x0 flags=0xa color=0x00000000 vis=PRIVATE),1]
01-26 13:43:03.071 21486 21486 I notification_skip_beep_vibrate: [0,0,0,0,0,1,0,1,0,0]
01-26 13:43:03.071 21486 21486 I notification_skip_light: [1,0,1,0,0]
01-26 13:43:03.593 21486  7839 I am_home_stack_moved: [0,0,1,1,startingNewTask]
01-26 13:43:03.593 21486  7839 I wm_task_moved: [2392,1,6]
01-26 13:43:03.604 21486  7839 I am_create_task: [0,2393]
01-26 13:43:03.604 21486  7839 I am_create_activity: [0,164936164,2393,com.android.server.telecom/.CallActivity,android.intent.action.CALL,NULL,tel:xxxxxxxxxx,276824064]
01-26 13:43:03.605 21486  7839 I wm_task_created: [2393,1]
