01-26 16:58:06.713 21486 22203 I am_focused_activity: [0,tunein.player/tunein.ui.actvities.TuneInSearchActivity]
01-26 16:58:06.815  4396  4396 I am_on_resume_called: [0,tunein.ui.actvities.TuneInSearchActivity]
01-26 16:58:06.879  4396  4396 I content_query_sample: [content://tunein.player.settingsprovider/prefs_default/get_string/username,,,,0,tunein.player,1]
01-26 16:58:06.998   341   341 I sf_frame_dur: [com.htc.video/com.htc.video.ViewVideo,0,0,0,1,1,0,0]
01-26 16:58:07.028 21486 22129 I am_destroy_activity: [0,289542477,2599,com.htc.video/.ViewVideo,finish-imm]
01-26 16:58:07.045 21486 21516 I wm_task_removed: [2599,removeAppToken: last token]
01-26 16:58:07.045 21486 21516 I wm_task_removed: [2599,removeTask]
01-26 16:58:07.398 21486 23315 I am_home_stack_moved: [0,0,1,1,startingNewTask]
01-26 16:58:07.399 21486 23315 I wm_task_moved: [2005,1,5]
01-26 16:58:07.403 21486 23315 I am_create_task: [0,2600]
01-26 16:58:07.403 21486 23315 I am_create_activity: [0,1052102844,2600,com.mediatek.connectivity/.CdsRadioMenuActivity,android.intent.action.MAIN,NULL,NULL,268435456]
01-26 16:58:07.404 21486 23315 I wm_task_created: [2600,1]
01-26 16:58:07.404 21486 23315 I wm_task_moved: [2600,1,6]
01-26 16:58:07.423 21486 23315 I am_pause_activity: [0,838385445,tunein.player/tunein.ui.actvities.TuneInSearchActivity]
01-26 16:58:07.428 21486 23315 I am_home_stack_moved: [0,0,1,1,startedActivity setFocusedActivity]
01-26 16:58:07.431 21486 23315 I am_focused_activity: [0,com.mediatek.connectivity/.CdsRadioMenuActivity]
01-26 16:58:07.438  4396  4396 I am_on_paused_called: [0,tunein.ui.actvities.TuneInSearchActivity]
01-26 16:58:07.461 21486  7839 I am_restart_activity: [0,1052102844,2600,com.mediatek.connectivity/.CdsRadioMenuActivity]
01-26 16:58:07.465 21486  7839 I am_focused_activity: [0,com.mediatek.connectivity/.CdsRadioMenuActivity]
01-26 16:58:07.503 22179 22179 I am_on_resume_called: [0,com.mediatek.connectivity.CdsRadioMenuActivity]
01-26 16:58:07.642 21486 21528 I am_activity_launch_time: [0,1052102844,com.mediatek.connectivity/.CdsRadioMenuActivity,184,184]
01-26 16:58:07.712 21486 22796 I am_proc_died: [0,18141,com.htc.mobiledata]
01-26 16:58:07.756   341   341 I sf_frame_dur: [tunein.player/tunein.ui.actvities.TuneInSearchActivity,0,1,0,1,1,0,0]
01-26 16:58:08.352 21486 22178 I am_home_stack_moved: [0,0,1,1,sourceStackToFront]
01-26 16:58:08.352 21486 22178 I wm_task_moved: [2600,1,6]
01-26 16:58:08.357 21486 22178 I am_create_activity: [0,927112290,2600,com.mediatek.connectivity/.CdsRadioInfoActivity,NULL,NULL,NULL,0]
01-26 16:58:08.358 21486 22178 I am_pause_activity: [0,1052102844,com.mediatek.connectivity/.CdsRadioMenuActivity]
01-26 16:58:08.360 21486 22178 I am_home_stack_moved: [0,0,1,1,startedActivity setFocusedActivity]
01-26 16:58:08.375 21486 22178 I am_focused_activity: [0,com.mediatek.connectivity/.CdsRadioInfoActivity]
01-26 16:58:08.379 22179 22179 I am_on_paused_called: [0,com.mediatek.connectivity.CdsRadioMenuActivity]
01-26 16:58:08.383 21486 22251 I am_restart_activity: [0,927112290,2600,com.mediatek.connectivity/.CdsRadioInfoActivity]
01-26 16:58:08.392 21486 22251 I am_focused_activity: [0,com.mediatek.connectivity/.CdsRadioInfoActivity]
01-26 16:58:08.529 22179 22179 I am_on_resume_called: [0,com.mediatek.connectivity.CdsRadioInfoActivity]
01-26 16:58:08.692 21486 21528 I am_activity_launch_time: [0,927112290,com.mediatek.connectivity/.CdsRadioInfoActivity,312,312]
01-26 16:58:08.734   341   341 I sf_frame_dur: [Starting com.mediatek.connectivity,1,0,0,0,0,0,0]
01-26 16:58:08.735   341   341 I sf_frame_dur: [com.mediatek.connectivity/com.mediatek.connectivity.CdsRadioMenuActivity,1,0,1,0,0,0,0]
01-26 16:58:17.009 22179 22179 I binder_sample: [android.view.IWindowSession,6,89,com.android.phone,17]
01-26 16:58:23.374   341   341 I sf_frame_dur: [PopupWindow:c9318fc,0,1,0,0,0,0,0]
01-26 16:58:27.541 22078 24231 I force_gc: Binder
01-26 16:58:27.578 21486 21486 I notification_cancel: [10092,5628,com.facebook.katana,714499313,com.facebook.rti.mqtt.common.analytics.MqttDiagnosticNotification,0,0,64,8,NULL]
01-26 16:58:27.631 21486 21486 I notification_cancel: [10092,5628,com.facebook.katana,714499313,com.facebook.rti.mqtt.common.analytics.MqttDiagnosticNotification,0,0,64,8,NULL]
01-26 16:58:27.692 21486 21507 I am_proc_start: [0,19985,10041,com.htc.mobiledata,content provider,com.htc.mobiledata/.MobileDataProvider]
01-26 16:58:27.701 22078 17691 I gtalk_conn_close: [20,142]
01-26 16:58:27.731 21486 22074 I am_proc_bound: [0,19985,com.htc.mobiledata]
01-26 16:58:27.770 21486 21486 I notification_cancel: [10092,5628,com.facebook.katana,714499313,com.facebook.rti.mqtt.common.analytics.MqttDiagnosticNotification,0,0,64,8,NULL]
01-26 16:58:27.799 21486 21580 I netstats_mobile_sample: [94761026,116498,9594951,90801,94761026,116498,9639622,91166,94761026,116498,9639622,91166,-1]
01-26 16:58:27.800 21486 21580 I netstats_wifi_sample: [64726124,95856,8203666,76795,63302642,94283,7188570,73080,63066800,91602,7182785,73015,-1]
01-26 16:58:27.862 21486 21580 I netstats_mobile_sample: [94761026,116498,9594951,90801,94761026,116498,9639622,91166,94761026,116498,9639622,91166,-1]
01-26 16:58:27.863 21486 21580 I netstats_wifi_sample: [64726124,95856,8203666,76795,63302642,94283,7188570,73080,63066800,91602,7182785,73015,-1]
01-26 16:58:28.054 21486 21486 I notification_cancel: [1000,21486,android,259,CaptivePortal.Notification,0,0,0,8,NULL]
01-26 16:58:28.104 21486 21486 I notification_cancel: [10092,5628,com.facebook.katana,10011,NULL,0,0,64,8,NULL]
01-26 16:58:28.196 21486 22796 I am_proc_start: [0,20027,10053,com.htc.android.mail:sync,broadcast,com.htc.android.mail/.eassvc.EASEventReceiver]
01-26 16:58:28.202 21486 22074 I am_proc_died: [0,17665,com.google.process.gapps]
01-26 16:58:28.246 21486 21507 I am_proc_bound: [0,20027,com.htc.android.mail:sync]
01-26 16:58:28.260 21486 21486 I notification_cancel: [1001,22179,com.android.phone,16,NULL,0,0,64,8,NULL]
01-26 16:58:28.287 21486 21517 I binder_sample: [android.content.IContentProvider,1,67,system_server,13]
01-26 16:58:28.314 21486 21517 I binder_sample: [android.content.IBulkCursor,7,11,system_server,2]
01-26 16:58:28.314 21486 21486 I notification_cancel: [1001,22179,com.android.phone,16,NULL,0,0,64,8,NULL]
01-26 16:58:28.351 21486 22154 I am_proc_died: [0,18276,com.htc.calendar]
01-26 16:58:28.698 21486  7839 I am_proc_start: [0,20059,10064,com.google.android.setupwizard,broadcast,com.google.android.setupwizard/.carrier.MobileConnectivityChangeReceiver]
01-26 16:58:28.720 21486 23315 I am_proc_bound: [0,20059,com.google.android.setupwizard]
01-26 16:58:28.967 21486 22154 I am_proc_start: [0,20098,10068,com.htc.updater,broadcast,com.htc.updater/.download.DownloadReceiver]
01-26 16:58:28.970 21486 21486 I notification_cancel: [1000,21486,android,65537,CaptivePortal.Notification,0,0,0,8,NULL]
01-26 16:58:28.985 21486 21580 I netstats_mobile_sample: [94761026,116498,9594951,90801,94761026,116498,9639622,91166,94761026,116498,9639622,91166,-1]
01-26 16:58:28.985 21486 21580 I netstats_wifi_sample: [64726124,95856,8203666,76795,63302642,94283,7188570,73080,63066800,91602,7182785,73015,-1]
01-26 16:58:29.006 21486 21580 I netstats_mobile_sample: [94761026,116498,9594951,90801,94761026,116498,9639622,91166,94761026,116498,9639622,91166,-1]
01-26 16:58:29.007 21486 21580 I netstats_wifi_sample: [64726124,95856,8203666,76795,63302642,94283,7188570,73080,63066800,91602,7182785,73015,-1]
01-26 16:58:29.035 21486 22075 I am_proc_bound: [0,20098,com.htc.updater]
01-26 16:58:29.121 21486 21506 I am_proc_died: [0,18239,com.google.android.gms:car]
01-26 16:58:29.298 21486 22202 I am_proc_start: [0,20139,10122,com.google.android.apps.magazines,broadcast,com.google.android.apps.magazines/com.google.apps.dots.android.newsstand.appwidget.NewsWidgetProvider]
01-26 16:58:29.371 21486 22251 I am_proc_bound: [0,20139,com.google.android.apps.magazines]
01-26 16:58:29.436  5628  5628 I binder_sample: [android.net.IConnectivityManager,17,263,com.facebook.katana,52]
01-26 16:58:29.444 21486 21486 I notification_cancel: [10092,5628,com.facebook.katana,714499313,com.facebook.rti.mqtt.common.analytics.MqttDiagnosticNotification,0,0,64,8,NULL]
01-26 16:58:29.445 21486 21486 I notification_cancel: [10092,5628,com.facebook.katana,714499313,com.facebook.rti.mqtt.common.analytics.MqttDiagnosticNotification,0,0,64,8,NULL]
01-26 16:58:29.558   341   341 I sf_frame_dur: [com.mediatek.connectivity/com.mediatek.connectivity.CdsRadioInfoActivity,9,2,0,1,0,0,1]
01-26 16:58:29.626  3480 20174 I aggregation: 1453798709626
01-26 16:58:29.665 21486 21486 I notification_cancel: [10092,5628,com.facebook.katana,714499313,com.facebook.rti.mqtt.common.analytics.MqttDiagnosticNotification,0,0,64,8,NULL]
01-26 16:58:29.681 21486 21486 I notification_cancel: [10092,5628,com.facebook.katana,10011,NULL,0,0,64,8,NULL]
01-26 16:58:29.690 21486 21486 I notification_cancel: [10092,5628,com.facebook.katana,714499313,com.facebook.rti.mqtt.common.analytics.MqttDiagnosticNotification,0,0,64,8,NULL]
01-26 16:58:29.792 21486 22177 I am_proc_start: [0,20191,10020,com.google.process.gapps,content provider,com.google.android.gsf/.settings.GoogleSettingsProvider]
01-26 16:58:29.812 21486 22154 I am_proc_bound: [0,20191,com.google.process.gapps]
01-26 16:58:29.896 21486 21486 I notification_cancel: [10092,5628,com.facebook.katana,714499313,com.facebook.rti.mqtt.common.analytics.MqttDiagnosticNotification,0,0,64,8,NULL]
01-26 16:58:30.020 21486 21507 I am_proc_died: [0,17926,com.android.vending]
01-26 16:58:30.222 21486 22202 I am_proc_start: [0,20278,10020,com.google.android.gms.unstable,service,com.google.android.gms/.droidguard.DroidGuardService]
01-26 16:58:30.241 21486 21516 I am_proc_bound: [0,20278,com.google.android.gms.unstable]
01-26 16:58:30.590 21486 21486 I notification_cancel: [10020,20278,com.google.android.gms,10436,NOT_LMP,0,0,64,8,NULL]
01-26 16:58:30.590 21486 21486 I notification_cancel: [10020,20278,com.google.android.gms,39789,NOT_LMP,0,0,64,8,NULL]
01-26 16:58:30.656 21486 22177 I am_proc_start: [0,20325,10081,com.android.chrome,broadcast,com.android.chrome/org.chromium.content.browser.BackgroundSyncLauncherService$Receiver]
01-26 16:58:31.339 21486  7839 I am_proc_bound: [0,20325,com.android.chrome]
01-26 16:58:31.403 21486 21507 I am_proc_died: [0,18862,com.htc.sense.mms]
01-26 16:58:31.545 21486 21507 I am_proc_start: [0,20373,10129,com.google.android.apps.photos,broadcast,com.google.android.apps.photos/.actionqueue.SystemReceiver]
01-26 16:58:31.571 21486 22228 I am_proc_bound: [0,20373,com.google.android.apps.photos]
01-26 16:58:32.075 21486 21486 I notification_cancel: [10129,20373,com.google.android.apps.photos,10436,NULL,0,0,64,8,NULL]
01-26 16:58:32.098 21486 21516 I am_proc_start: [0,20438,10131,com.google.android.apps.plus,broadcast,com.google.android.apps.plus/com.google.android.libraries.social.autobackup.AutoBackupEnvironment$ConnectivityReceiver]
01-26 16:58:32.130 21486 22203 I am_proc_bound: [0,20438,com.google.android.apps.plus]
01-26 16:58:32.149 21486 22228 I am_proc_died: [0,19882,com.htc.htcpowermanager:remote]
01-26 16:58:32.399 21486 21516 I am_proc_died: [0,18888,com.htc.sense.mms:mms]
01-26 16:58:32.575 21486 22177 I am_proc_start: [0,20501,10044,com.htc.sense.hsp,broadcast,com.htc.sense.hsp/.weather.location.AutoSettingReceiver]
01-26 16:58:32.611 21486 21506 I am_proc_bound: [0,20501,com.htc.sense.hsp]
01-26 16:58:32.753 21486 21507 I am_proc_died: [0,18409,com.htc.video]
01-26 16:58:32.920 21486 21507 I notification_cancel_all: [10013,17971,com.android.providers.downloads,0,0,64,9,NULL]
01-26 16:58:33.069 21486 22203 I am_proc_died: [0,18189,com.htc.mobiledata:remote]
01-26 16:58:33.107 21486 22154 I notification_cancel_all: [10013,17971,com.android.providers.downloads,0,0,64,9,NULL]
01-26 16:58:33.260 21486 22203 I am_proc_died: [0,19985,com.htc.mobiledata]
01-26 16:58:33.351 21486 23057 I force_gc: Binder
01-26 16:58:33.658 21486 22203 I am_proc_died: [0,17971,android.process.media]
01-26 16:58:33.753 21486 21486 I free_storage_changed: 5398888448
01-26 16:58:33.876 20098 20558 I content_query_sample: [content://com.htc.updater.download/downloads,,,,721,com.htc.updater,100]
01-26 16:58:33.896 21486 21486 I notification_enqueue: [10020,22078,com.google.android.gms,0,com.google.android.gms.auth.TokenNotificationManager:gftrss081@gmail.com:com.google,0,Notification(pri=0 contentView=null vibrate=null sound=null defaults=0x0 flags=0xa color=0x00000000 vis=PRIVATE),1]
01-26 16:58:33.897 21486 21486 I notification_skip_beep_vibrate: [0,0,0,0,0,1,0,1,0,0]
01-26 16:58:33.897 21486 21486 I notification_skip_light: [1,0,1,0,0]
01-26 16:58:33.915 21690 21690 I binder_sample: [com.android.internal.telephony.ITelephony,50,449,com.android.systemui,89]
01-26 16:58:34.521 22078 20610 I c2dm    : [-2,NULL,1,1]
01-26 16:58:34.646 22078 20615 I c2dm    : [3,NULL,1,1]
01-26 16:58:34.650 22078 20615 I gtalk_heartbeat_reset: [1680,64.233.188.188:5228]
01-26 16:58:34.661 22078 20615 I gtalk_connection: 0
01-26 16:58:34.672 22078 20615 I c2dm    : [7,,1,1]
01-26 16:58:38.328 21486 22202 I am_proc_died: [0,20098,com.htc.updater]
01-26 16:58:39.738 21486 21518 I am_proc_start: [0,20865,10069,com.google.android.googlequicksearchbox:search,broadcast,com.google.android.googlequicksearchbox/com.google.android.apps.gsa.search.core.GmsPackageWatcher]
01-26 16:58:39.800 21486 22203 I am_proc_bound: [0,20865,com.google.android.googlequicksearchbox:search]
01-26 16:58:40.186 21486 21486 I backup_transport_lifecycle: [com.google.android.gms/.backup.BackupTransportService,1]
01-26 16:58:40.195 21486 21486 I notification_cancel: [10020,22078,com.google.android.gms,1,com.google.android.backup.notification.tag,0,0,64,8,NULL]
01-26 16:58:40.372 21486 22074 I am_proc_start: [0,20900,10059,com.android.vending,broadcast,com.android.vending/com.google.android.finsky.receivers.PackageMonitorReceiver$RegisteredReceiver]
01-26 16:58:40.383 21486 21486 I notification_cancel: [10103,13783,com.google.android.talk,8,com.google.android.talk:gmscore,0,0,64,8,NULL]
01-26 16:58:40.389 21486 22203 I am_proc_bound: [0,20900,com.android.vending]
01-26 16:58:40.482 21486 22075 I am_proc_died: [0,20139,com.google.android.apps.magazines]
01-26 16:58:40.740 21486 21486 I notification_cancel: [10059,20900,com.android.vending,-1050172287,NULL,0,0,64,8,NULL]
01-26 16:58:40.802 21486 22129 I am_proc_start: [0,20948,10013,android.process.media,content provider,com.android.providers.downloads/.DownloadProvider]
01-26 16:58:40.803 21486 22154 I am_proc_died: [0,20438,com.google.android.apps.plus]
01-26 16:58:40.839 21486 22251 I am_proc_bound: [0,20948,android.process.media]
01-26 16:58:40.981 21486 21507 I am_proc_start: [0,20992,10131,com.google.android.apps.plus,broadcast,com.google.android.apps.plus/.service.PackagesMediaMonitor]
01-26 16:58:41.003 21486 22202 I am_proc_bound: [0,20992,com.google.android.apps.plus]
01-26 16:58:41.036 21486 22178 I notification_cancel_all: [10013,20948,com.android.providers.downloads,0,0,64,9,NULL]
01-26 16:58:41.078 21486 21507 I am_proc_died: [0,18163,com.htc.bgp]
01-26 16:58:41.115 21486 23165 I force_gc: Binder
01-26 16:58:41.404 21486 21506 I am_proc_start: [0,21031,10023,com.google.android.partnersetup,content provider,com.google.android.partnersetup/.RlzAppProvider]
01-26 16:58:41.421 20865 20988 I content_update_sample: [content://com.google.android.googlequicksearchbox.icing/applications,update,com.google.android.gms,507,com.google.android.googlequicksearchbox,100]
01-26 16:58:41.429 21486 22202 I am_proc_died: [0,20325,com.android.chrome]
01-26 16:58:41.431 21486 22203 I am_proc_bound: [0,21031,com.google.android.partnersetup]
01-26 16:58:42.008 21486 22228 I am_proc_died: [0,20373,com.google.android.apps.photos]
01-26 16:58:45.890 21486 23315 I am_proc_start: [0,21138,10020,com.google.android.gms:car,service,com.google.android.gms/.car.CarService]
01-26 16:58:45.928 21486 22228 I am_proc_bound: [0,21138,com.google.android.gms:car]
01-26 16:58:46.047 21486 21486 I notification_cancel: [10020,21138,com.google.android.gms,10436,NOT_LMP,0,0,64,8,NULL]
01-26 16:58:46.069 21486 21486 I notification_cancel: [10020,21138,com.google.android.gms,39789,NOT_LMP,0,0,64,8,NULL]
01-26 16:58:46.138 21486 22228 I am_proc_died: [0,20059,com.google.android.setupwizard]
01-26 16:58:46.155 21486 21486 I notification_enqueue: [10020,22078,com.google.android.gms,0,com.google.android.gms.auth.TokenNotificationManager:gftrss081@gmail.com:com.google,0,Notification(pri=0 contentView=null vibrate=null sound=null defaults=0x0 flags=0xa color=0x00000000 vis=PRIVATE),1]
01-26 16:58:46.156 21486 21486 I notification_skip_beep_vibrate: [0,0,0,0,0,1,0,1,0,0]
01-26 16:58:46.156 21486 21486 I notification_skip_light: [1,0,1,0,0]
01-26 16:58:46.456 21486 21486 I notification_cancel: [10020,21138,com.google.android.gms,10436,NULL,0,0,64,8,NULL]
01-26 16:58:46.529 21486 21486 I notification_cancel: [10059,20900,com.android.vending,10436,NULL,0,0,64,8,NULL]
01-26 16:58:46.791 21486 21507 I am_proc_died: [0,20278,com.google.android.gms.unstable]
01-26 16:58:47.754 21486 22154 I am_proc_start: [0,21215,10041,com.htc.mobiledata,content provider,com.htc.mobiledata/.MobileDataProvider]
01-26 16:58:47.784 21486 22129 I am_proc_bound: [0,21215,com.htc.mobiledata]
01-26 16:58:47.901 21486 21506 I am_proc_start: [0,21237,10008,com.htc.bgp,broadcast,com.htc.flexnet/.AndroidIntentReceiver]
01-26 16:58:47.956 21486 22202 I am_proc_start: [0,21259,10041,com.htc.mobiledata:remote,service,com.htc.mobiledata/.MobileDataService]
01-26 16:58:47.957 21486 22796 I am_proc_bound: [0,21237,com.htc.bgp]
01-26 16:58:47.976 21486 22251 I am_proc_bound: [0,21259,com.htc.mobiledata:remote]
01-26 16:58:48.119 21486 22796 I am_proc_died: [0,20865,com.google.android.googlequicksearchbox:search]
01-26 16:58:48.399 21486 22177 I am_proc_died: [0,20948,android.process.media]
01-26 16:58:49.246 21486 21518 I am_proc_start: [0,21321,10007,com.htc.calendar,broadcast,com.htc.calendar/.ProviderChangeReceiver]
01-26 16:58:49.260 21486 21516 I am_proc_bound: [0,21321,com.htc.calendar]
01-26 16:58:49.306 21486 21486 I notification_cancel: [10007,21321,com.htc.calendar,1,NULL,0,0,64,8,NULL]
01-26 16:58:50.014 21486 22154 I am_proc_died: [0,21031,com.google.android.partnersetup]
01-26 16:58:51.846 21486 23297 I force_gc: Binder
01-26 16:58:52.653 21486 21557 I am_proc_start: [0,21420,10055,com.htc.sense.mms,service,com.htc.sense.mms/.transaction.TransactionService]
01-26 16:58:52.672 21486 21507 I am_proc_bound: [0,21420,com.htc.sense.mms]
01-26 16:58:52.738 21486 22075 I am_proc_died: [0,21138,com.google.android.gms:car]
01-26 16:58:52.917 21486 22203 I am_proc_start: [0,21452,10055,com.htc.sense.mms:mms,service,com.htc.sense.mms/com.htc.messaging.service.MmsService]
01-26 16:58:52.933 21486 21516 I am_proc_bound: [0,21452,com.htc.sense.mms:mms]
01-26 16:58:52.948 21486 21506 I am_proc_died: [0,20191,com.google.process.gapps]
01-26 16:58:53.038 22179 15920 I content_query_sample: Binder:21420, Query uri:content://mms-sms/pending?protocol=mms, selection:err_type < ? AND due_time <= ?, selectionArgs:[Ljava.lang.String;@7f5d432
01-26 16:58:53.328 21486 22129 I am_proc_died: [0,21259,com.htc.mobiledata:remote]
01-26 16:58:53.728 21486 22074 I am_home_stack_moved: [0,0,1,1,startingNewTask]
01-26 16:58:53.728 21486 22074 I wm_task_moved: [2600,1,6]
01-26 16:58:53.741 21486 22074 I am_create_task: [0,2601]
01-26 16:58:53.741 21486 22074 I am_create_activity: [0,748226807,2601,com.google.android.youtube/.UrlActivity,android.intent.action.VIEW,NULL,vnd.youtube:bJMcCaW-H24,268435456]
01-26 16:58:53.742 21486 22074 I wm_task_created: [2601,1]
01-26 16:58:53.742 21486 22074 I wm_task_moved: [2601,1,7]
01-26 16:58:53.762 21486 22074 I am_pause_activity: [0,927112290,com.mediatek.connectivity/.CdsRadioInfoActivity]
01-26 16:58:53.764 22179 22179 I am_on_paused_called: [0,com.mediatek.connectivity.CdsRadioInfoActivity]
01-26 16:58:53.766 21486 22074 I am_home_stack_moved: [0,0,1,1,startedActivity setFocusedActivity]
01-26 16:58:53.771 21486 22074 I am_focused_activity: [0,com.google.android.youtube/.UrlActivity]
01-26 16:58:53.826 21486 22228 I am_proc_start: [0,21569,10138,com.google.android.youtube,activity,com.google.android.youtube/.UrlActivity]
01-26 16:58:53.857 21486 22177 I am_proc_bound: [0,21569,com.google.android.youtube]
01-26 16:58:53.863 21486 22177 I am_restart_activity: [0,748226807,2601,com.google.android.youtube/.UrlActivity]
01-26 16:58:53.867 21486 22177 I am_focused_activity: [0,com.google.android.youtube/.UrlActivity]
01-26 16:58:53.948 21486 22154 I am_proc_died: [0,20992,com.google.android.apps.plus]
01-26 16:58:54.037 21486 22075 I am_proc_start: [0,21655,10020,com.google.process.gapps,content provider,com.google.android.gsf/.gservices.GservicesProvider]
01-26 16:58:54.057 21486 22796 I am_proc_bound: [0,21655,com.google.process.gapps]
01-26 16:58:54.098 21486 22796 I am_proc_died: [0,21215,com.htc.mobiledata]
01-26 16:58:54.914 22179 12770 I content_query_sample: Binder:21420, Query uri:content://mms-sms-v2/rawQuery, selection:select _id,msg_id from addr where (type = 129 or type = 130 or type = 151), selectionArgs:null
01-26 16:58:54.919 22179 32542 I content_query_sample: Binder:21420, Query uri:content://mms/part, selection:null, selectionArgs:null
01-26 16:58:54.925 22179 22779 I content_query_sample: Binder:21420, Query uri:content://sms, selection:body Like 'BEGIN:VCARD%' AND thread_id > 0 , selectionArgs:null
01-26 16:58:54.934 22179 32543 I content_query_sample: Binder:21420, Query uri:content://mms/thread-allreport, selection:thread_id>0 AND m_id!= "" AND (m_type = 128 or m_type = 134 or m_type = 136), selectionArgs:null
01-26 16:58:54.938 22179 15920 I content_query_sample: Binder:21420, Query uri:content://mms-sms-v2/rawQuery, selection:SELECT count(1) FROM sms WHERE date2 = 0, selectionArgs:null
01-26 16:58:54.941 22179 22200 I content_query_sample: Binder:21420, Query uri:content://mms-sms-v2/rawQuery, selection:select count(1) from contact_threads where htc_category =1 or htc_category = 2, selectionArgs:null
01-26 16:58:54.947 22179 22692 I content_query_sample: Binder:21420, Query uri:content://mms-sms/draft?category=0, selection:null, selectionArgs:null
01-26 16:58:54.951 22179 22201 I content_query_sample: Binder:21420, Query uri:content://mms-sms-v2/rawQuery, selection:SELECT count(1) FROM pdu WHERE date2 = 0, selectionArgs:null
01-26 16:58:54.954 22179 22913 I content_query_sample: Binder:21420, Query uri:content://mms-sms-v2/rawQuery, selection:select count(1) from blocklist, selectionArgs:null
01-26 16:58:54.957 22179 32544 I content_query_sample: Binder:21420, Query uri:content://mms-sms/draft?category=0, selection:null, selectionArgs:null
01-26 16:58:55.100 22179 22742 I content_query_sample: Binder:21420, Query uri:content://mms-sms-v2/conversations?simple=true&formal=true&category=0, selection:null, selectionArgs:null
01-26 16:58:55.116 22179 22662 I content_query_sample: Binder:21452, Query uri:content://mms-sms-v2/rawQuery, selection:select count(1) from contact_threads where htc_category =1 or htc_category = 2, selectionArgs:null
01-26 16:58:55.124 22179 22200 I content_query_sample: Binder:21452, Query uri:content://mms-sms-v2/rawQuery, selection:SELECT count(1) FROM sms WHERE date2 = 0, selectionArgs:null
01-26 16:58:55.128 22179 22692 I content_query_sample: Binder:21452, Query uri:content://mms-sms-v2/rawQuery, selection:select _id,msg_id from addr where (type = 129 or type = 130 or type = 151), selectionArgs:null
01-26 16:58:55.134 22179 22779 I content_query_sample: Binder:21452, Query uri:content://mms/part, selection:null, selectionArgs:null
01-26 16:58:55.139 22179 12771 I content_query_sample: Binder:21452, Query uri:content://mms-sms-v2/rawQuery, selection:select count(1) from blocklist, selectionArgs:null
01-26 16:58:55.143 22179 15920 I content_query_sample: Binder:21452, Query uri:content://mms-sms-v2/rawQuery, selection:SELECT count(1) FROM pdu WHERE date2 = 0, selectionArgs:null
01-26 16:58:55.147 22179 12770 I content_query_sample: Binder:21452, Query uri:content://mms/thread-allreport, selection:thread_id>0 AND m_id!= "" AND (m_type = 128 or m_type = 134 or m_type = 136), selectionArgs:null
01-26 16:58:55.152 22179 22200 I content_query_sample: Binder:21452, Query uri:content://sms, selection:body Like 'BEGIN:VCARD%' AND thread_id > 0 , selectionArgs:null
01-26 16:58:55.155 22179 22692 I content_query_sample: Binder:21452, Query uri:content://mms-sms-v2/conversations?simple=true&formal=true&category=0, selection:null, selectionArgs:null
01-26 16:58:55.162 22179 22201 I content_query_sample: Binder:21452, Query uri:content://mms-sms/draft?category=0, selection:null, selectionArgs:null
01-26 16:58:55.199 22179 22779 I content_update_sample: Binder:21452, Update uri:content://mms, selection:st=129 AND m_type!=134, selectionArgs:null
01-26 16:58:55.206 22179 22201 I content_update_sample: Binder:21420, Update uri:content://mms, selection:st=129 AND m_type!=134, selectionArgs:null
01-26 16:58:56.419 21486 21486 I notification_cancel: [10138,21569,com.google.android.youtube,2,NULL,0,0,64,8,NULL]
01-26 16:58:56.756 21486 22203 I am_home_stack_moved: [0,0,1,1,intentActivityFound]
01-26 16:58:56.756 21486 22203 I wm_task_moved: [2601,1,7]
01-26 16:58:56.760 21486 22203 I am_home_stack_moved: [0,0,1,1,sourceStackToFront]
01-26 16:58:56.760 21486 22203 I wm_task_moved: [2601,1,7]
01-26 16:58:56.764 21486 22203 I am_create_activity: [0,340707757,2601,com.google.android.youtube/com.google.android.apps.youtube.app.WatchWhileActivity,android.intent.action.VIEW,NULL,vnd.youtube:bJMcCaW-H24,335544320]
01-26 16:58:56.765 21486 22203 I am_pause_activity: [0,748226807,com.google.android.youtube/.UrlActivity]
01-26 16:58:56.768 21486 22203 I am_home_stack_moved: [0,0,1,1,startedActivity setFocusedActivity]
01-26 16:58:56.770 21486 22203 I am_focused_activity: [0,com.google.android.youtube/com.google.android.apps.youtube.app.WatchWhileActivity]
01-26 16:58:56.772 21486 22178 I am_finish_activity: [0,748226807,2601,com.google.android.youtube/.UrlActivity,app-request]
01-26 16:58:56.870 21486 22129 I am_restart_activity: [0,340707757,2601,com.google.android.youtube/com.google.android.apps.youtube.app.WatchWhileActivity]
01-26 16:58:56.875 21486 22129 I am_focused_activity: [0,com.google.android.youtube/com.google.android.apps.youtube.app.WatchWhileActivity]
01-26 16:58:56.876 21486 21518 I am_destroy_activity: [0,748226807,2601,com.google.android.youtube/.UrlActivity,finish-idle]
01-26 16:58:56.881 21486 23315 I am_proc_died: [0,21237,com.htc.bgp]
01-26 16:58:57.734 21486 23455 I force_gc: Binder
01-26 16:58:57.845 21486 21486 I notification_cancel: [10138,21569,com.google.android.youtube,1005,NULL,0,0,64,8,NULL]
01-26 16:58:57.885 21569 21569 I am_on_resume_called: [0,com.google.android.apps.youtube.app.WatchWhileActivity]
01-26 16:58:57.951 21486 22074 I am_proc_died: [0,20900,com.android.vending]
01-26 16:58:58.042 21486 21516 I am_proc_start: [0,21951,10030,com.htc.sense.ime:provider_latin,service,com.htc.sense.ime/.spellcheck.HTCSpellCheckerService]
01-26 16:58:58.095 21486 22129 I am_proc_bound: [0,21951,com.htc.sense.ime:provider_latin]
01-26 16:58:58.206 21486 21516 I am_proc_died: [0,21321,com.htc.calendar]
01-26 16:58:58.223 21486 21486 I notification_cancel: [10138,21569,com.google.android.youtube,2,NULL,0,0,64,8,NULL]
01-26 16:58:58.376 21486 21528 I am_activity_launch_time: [0,340707757,com.google.android.youtube/com.google.android.apps.youtube.app.WatchWhileActivity,1508,4597]
01-26 16:58:58.412 21486  7839 I am_proc_died: [0,21420,com.htc.sense.mms]
01-26 16:58:58.639 21486 21486 I binder_sample: [com.android.internal.textservice.ISpellCheckerService,1,340,system_server,68]
01-26 16:58:58.641 21486 21486 I notification_cancel: [10138,21569,com.google.android.youtube,10436,NULL,0,0,64,8,NULL]
01-26 16:58:58.821   341   341 I sf_frame_dur: [com.mediatek.connectivity/com.mediatek.connectivity.CdsRadioInfoActivity,95,19,3,10,49,20,1]
01-26 16:59:01.594 21486 21557 I am_proc_start: [0,22061,10059,com.android.vending,service,com.android.vending/com.google.android.finsky.services.ContentSyncService]
01-26 16:59:01.646 21486 22796 I binder_sample: [,1,27,system_server,5]
01-26 16:59:01.759 21486 22154 I am_proc_bound: [0,22061,com.android.vending]
01-26 16:59:02.065 21486 21486 I notification_cancel: [10059,22061,com.android.vending,-1050172287,NULL,0,0,64,8,NULL]
01-26 16:59:02.135 21486 22178 I am_proc_start: [0,22123,10013,android.process.media,content provider,com.android.providers.downloads/.DownloadProvider]
01-26 16:59:02.161 21486 22251 I am_proc_bound: [0,22123,android.process.media]
01-26 16:59:02.281 21486 22129 I notification_cancel_all: [10013,22123,com.android.providers.downloads,0,0,64,9,NULL]
01-26 16:59:03.350 21486 22075 I am_proc_died: [0,21452,com.htc.sense.mms:mms]
01-26 16:59:03.755 21486 21486 I free_storage_changed: 5373411328
01-26 16:59:07.201 22078 23528 I force_gc: Binder
01-26 16:59:07.288 21486 22074 I am_proc_start: [0,22316,10020,com.google.android.gms:car,service,com.google.android.gms/.car.CarService]
01-26 16:59:07.289 22078 22078 I binder_sample: [android.app.IActivityManager,38,37,com.google.android.gms.persistent,7]
01-26 16:59:07.320 21486 22075 I am_proc_bound: [0,22316,com.google.android.gms:car]
01-26 16:59:07.450 21486 21486 I notification_cancel: [10020,22316,com.google.android.gms,10436,NOT_LMP,0,0,64,8,NULL]
01-26 16:59:07.450 21486 21486 I notification_cancel: [10020,22316,com.google.android.gms,39789,NOT_LMP,0,0,64,8,NULL]
01-26 16:59:07.512 21486 21486 I notification_enqueue: [10020,22078,com.google.android.gms,0,com.google.android.gms.auth.TokenNotificationManager:gftrss081@gmail.com:com.google,0,Notification(pri=0 contentView=null vibrate=null sound=null defaults=0x0 flags=0xa color=0x00000000 vis=PRIVATE),1]
01-26 16:59:07.514 21486 21486 I notification_skip_beep_vibrate: [0,0,0,0,0,1,0,1,0,0]
01-26 16:59:07.514 21486 21486 I notification_skip_light: [1,0,1,0,0]
01-26 16:59:07.725 21486 21486 I notification_cancel: [10020,22316,com.google.android.gms,10436,NULL,0,0,64,8,NULL]
01-26 16:59:07.755 22316 22337 I content_query_sample: [content://com.google.android.gsf.gservices,,,,0,com.google.android.gms,1]
01-26 16:59:07.767 21486 21486 I notification_cancel: [10059,22061,com.android.vending,10436,NULL,0,0,64,8,NULL]
01-26 16:59:08.038 21486 21506 I am_proc_died: [0,20027,com.htc.android.mail:sync]
01-26 16:59:12.981 21486 22420 I force_gc: Binder
01-26 16:59:33.757 21486 21486 I free_storage_changed: 5362196480
01-26 16:59:35.669 21486 22129 I am_proc_died: [0,20501,com.htc.sense.hsp]
01-26 16:59:36.816 21486 22228 I am_proc_died: [0,22123,android.process.media]
01-26 16:59:47.849 22179 22179 I binder_sample: [com.android.internal.telephony.ITelephonyRegistry,10,64,com.android.phone,12]
01-26 17:00:01.011 21486 22154 I am_proc_died: [0,22316,com.google.android.gms:car]
01-26 17:00:03.760 21486 21486 I free_storage_changed: 5365178368
01-26 17:00:09.533 22179 22179 I binder_sample: [com.android.internal.telephony.ITelephonyRegistry,10,81,com.android.phone,16]
01-26 17:00:19.775 22179 22179 I binder_sample: [com.android.internal.telephony.ITelephonyRegistry,10,91,com.android.phone,18]
01-26 17:00:33.767 21486 21486 I free_storage_changed: 5362286592
01-26 17:00:34.698 21486 22203 I battery_level: [83,4183,450]
01-26 17:00:34.719 21486 21486 I notification_cancel: [10015,21690,com.android.systemui,100,low_battery,-1,0,64,8,NULL]
01-26 17:00:34.719 21486 21486 I notification_cancel: [10015,21690,com.android.systemui,2130838302,power_saver,-1,0,64,8,NULL]
01-26 17:00:35.341 21486 21506 I am_home_stack_moved: [0,0,1,1,intentActivityFound]
01-26 17:00:35.341 21486 21506 I wm_task_moved: [2601,1,7]
01-26 17:00:35.345 21486 21506 I am_home_stack_moved: [0,0,1,1,bringingFoundTaskToFront]
01-26 17:00:35.345 21486 21506 I wm_task_moved: [2600,1,7]
01-26 17:00:35.372 21486 21506 I am_pause_activity: [0,340707757,com.google.android.youtube/com.google.android.apps.youtube.app.WatchWhileActivity]
01-26 17:00:35.375 21486 21506 I am_task_to_front: [0,2600]
01-26 17:00:35.377 21569 21569 I am_on_paused_called: [0,com.google.android.apps.youtube.app.WatchWhileActivity]
01-26 17:00:35.382 21486 23315 I am_resume_activity: [0,927112290,2600,com.mediatek.connectivity/.CdsRadioInfoActivity]
01-26 17:00:35.386 21486 23315 I am_home_stack_moved: [0,0,1,1,completeResume setFocusedActivity]
01-26 17:00:35.388 21486 23315 I am_focused_activity: [0,com.mediatek.connectivity/.CdsRadioInfoActivity]
01-26 17:00:35.426 22179 22179 I am_on_resume_called: [0,com.mediatek.connectivity.CdsRadioInfoActivity]
01-26 17:00:35.795   341   341 I sf_frame_dur: [com.google.android.youtube/com.google.android.apps.youtube.app.WatchWhileActivity,1,0,0,2,0,1,0]
01-26 17:00:37.079 21486 21507 I am_finish_activity: [0,927112290,2600,com.mediatek.connectivity/.CdsRadioInfoActivity,app-request]
01-26 17:00:37.080 21486 21507 I am_home_stack_moved: [0,0,1,1,finishActivity adjustTopFocus setFocusedActivity]
01-26 17:00:37.083 21486 21507 I am_focused_activity: [0,com.mediatek.connectivity/.CdsRadioMenuActivity]
01-26 17:00:37.089 21486 21507 I am_pause_activity: [0,927112290,com.mediatek.connectivity/.CdsRadioInfoActivity]
01-26 17:00:37.095 22179 22179 I am_on_paused_called: [0,com.mediatek.connectivity.CdsRadioInfoActivity]
01-26 17:00:37.098 21486 22074 I am_resume_activity: [0,1052102844,2600,com.mediatek.connectivity/.CdsRadioMenuActivity]
01-26 17:00:37.101 21486 22074 I am_focused_activity: [0,com.mediatek.connectivity/.CdsRadioMenuActivity]
01-26 17:00:37.103 22179 22179 I am_on_resume_called: [0,com.mediatek.connectivity.CdsRadioMenuActivity]
01-26 17:00:37.431 21486 21518 I am_destroy_activity: [0,927112290,2600,com.mediatek.connectivity/.CdsRadioInfoActivity,finish-imm]
01-26 17:00:37.446   341   341 I sf_frame_dur: [com.mediatek.connectivity/com.mediatek.connectivity.CdsRadioInfoActivity,16,0,3,0,2,0,0]
01-26 17:00:37.719 21569 21888 I google_http_request: [2292,204,com.google.android.youtube/10.49.59,1]
01-26 17:00:37.764 21486 21506 I am_finish_activity: [0,1052102844,2600,com.mediatek.connectivity/.CdsRadioMenuActivity,app-request]
01-26 17:00:37.768 21486 21506 I am_home_stack_moved: [0,0,1,1,finishActivity adjustTopFocus setFocusedActivity]
01-26 17:00:37.774 21486 21506 I am_focused_activity: [0,com.google.android.youtube/com.google.android.apps.youtube.app.WatchWhileActivity]
01-26 17:00:37.802 21486 21506 I am_pause_activity: [0,1052102844,com.mediatek.connectivity/.CdsRadioMenuActivity]
01-26 17:00:37.804 22179 22179 I am_on_paused_called: [0,com.mediatek.connectivity.CdsRadioMenuActivity]
01-26 17:00:37.811 21486 22796 I am_resume_activity: [0,340707757,2601,com.google.android.youtube/com.google.android.apps.youtube.app.WatchWhileActivity]
01-26 17:00:37.815 21486 22796 I am_focused_activity: [0,com.google.android.youtube/com.google.android.apps.youtube.app.WatchWhileActivity]
01-26 17:00:37.868 21486 21486 I notification_cancel: [10138,21569,com.google.android.youtube,1005,NULL,0,0,64,8,NULL]
01-26 17:00:37.872 21486 21486 I notification_cancel: [10138,21569,com.google.android.youtube,4,NULL,0,0,64,8,NULL]
01-26 17:00:37.878 21569 21569 I am_on_resume_called: [0,com.google.android.apps.youtube.app.WatchWhileActivity]
01-26 17:00:38.243 21486 21518 I am_destroy_activity: [0,1052102844,2600,com.mediatek.connectivity/.CdsRadioMenuActivity,finish-imm]
01-26 17:00:38.272 21486 22177 I wm_task_removed: [2600,removeAppToken: last token]
01-26 17:00:38.272 21486 22177 I wm_task_removed: [2600,removeTask]
01-26 17:00:38.497 21486 22129 I am_finish_activity: [0,340707757,2601,com.google.android.youtube/com.google.android.apps.youtube.app.WatchWhileActivity,app-request]
01-26 17:00:38.500 21486 22129 I am_home_stack_moved: [0,0,1,1,finishActivity adjustTopFocus setFocusedActivity]
01-26 17:00:38.503 21486 22129 I am_focused_activity: [0,tunein.player/tunein.ui.actvities.TuneInSearchActivity]
01-26 17:00:38.531 21486 22129 I am_pause_activity: [0,340707757,com.google.android.youtube/com.google.android.apps.youtube.app.WatchWhileActivity]
01-26 17:00:38.545 21569 21569 I am_on_paused_called: [0,com.google.android.apps.youtube.app.WatchWhileActivity]
01-26 17:00:38.552 21486 22202 I am_resume_activity: [0,838385445,2005,tunein.player/tunein.ui.actvities.TuneInSearchActivity]
01-26 17:00:38.556 21486 22202 I am_focused_activity: [0,tunein.player/tunein.ui.actvities.TuneInSearchActivity]
01-26 17:00:38.664  4396  4396 I content_query_sample: [content://tunein.player.tasks.data/tasks,,task_type=?,task_start_utc ASC,1,tunein.player,1]
01-26 17:00:38.667  4396  4396 I am_on_resume_called: [0,tunein.ui.actvities.TuneInSearchActivity]
01-26 17:00:38.803 26136 32097 I content_query_sample: [content://tunein.player.tasks.data/tasks,,task_type=?,task_start_utc ASC,5,tunein.player,2]
01-26 17:00:39.046 21486  7839 I am_home_stack_moved: [0,0,1,1,startingNewTask]
01-26 17:00:39.046 21486  7839 I wm_task_moved: [2601,1,6]
01-26 17:00:39.050 21486  7839 I am_create_task: [0,2602]
01-26 17:00:39.050 21486  7839 I am_create_activity: [0,393400533,2602,com.mediatek.connectivity/.CdsRadioMenuActivity,android.intent.action.MAIN,NULL,NULL,268435456]
01-26 17:00:39.051 21486  7839 I wm_task_created: [2602,1]
01-26 17:00:39.052 21486  7839 I wm_task_moved: [2602,1,7]
01-26 17:00:39.071 21486  7839 I am_pause_activity: [0,838385445,tunein.player/tunein.ui.actvities.TuneInSearchActivity]
01-26 17:00:39.074 21486  7839 I am_home_stack_moved: [0,0,1,1,startedActivity setFocusedActivity]
01-26 17:00:39.077 21486  7839 I am_focused_activity: [0,com.mediatek.connectivity/.CdsRadioMenuActivity]
01-26 17:00:39.078 21486 21518 I am_destroy_activity: [0,340707757,2601,com.google.android.youtube/com.google.android.apps.youtube.app.WatchWhileActivity,finish-imm]
01-26 17:00:39.086  4396  4396 I am_on_paused_called: [0,tunein.ui.actvities.TuneInSearchActivity]
01-26 17:00:39.090 21486 22129 I am_restart_activity: [0,393400533,2602,com.mediatek.connectivity/.CdsRadioMenuActivity]
01-26 17:00:39.096   341   341 I sf_frame_dur: [com.google.android.youtube/com.google.android.apps.youtube.app.WatchWhileActivity,14,1,0,0,1,0,0]
01-26 17:00:39.102 21486 22129 I am_focused_activity: [0,com.mediatek.connectivity/.CdsRadioMenuActivity]
01-26 17:00:39.139 22179 22179 I am_on_resume_called: [0,com.mediatek.connectivity.CdsRadioMenuActivity]
01-26 17:00:39.199 21486 22129 I wm_task_removed: [2601,removeAppToken: last token]
01-26 17:00:39.199 21486 22129 I wm_task_removed: [2601,removeTask]
01-26 17:00:39.215 21486  7839 I am_proc_died: [0,22061,com.android.vending]
01-26 17:00:39.283 21486 21528 I am_activity_launch_time: [0,393400533,com.mediatek.connectivity/.CdsRadioMenuActivity,196,196]
01-26 17:00:39.332   341   341 I sf_frame_dur: [Starting com.mediatek.connectivity,0,0,1,0,0,0,0]
01-26 17:00:39.501   341   341 I sf_frame_dur: [tunein.player/tunein.ui.actvities.TuneInSearchActivity,0,1,0,0,1,0,0]
01-26 17:00:40.056 21486 22129 I am_home_stack_moved: [0,0,1,1,sourceStackToFront]
01-26 17:00:40.056 21486 22129 I wm_task_moved: [2602,1,6]
01-26 17:00:40.060 21486 22129 I am_create_activity: [0,304317910,2602,com.mediatek.connectivity/.CdsRadioInfoActivity,NULL,NULL,NULL,0]
01-26 17:00:40.062 21486 22129 I am_pause_activity: [0,393400533,com.mediatek.connectivity/.CdsRadioMenuActivity]
01-26 17:00:40.066 21486 22129 I am_home_stack_moved: [0,0,1,1,startedActivity setFocusedActivity]
01-26 17:00:40.070 21486 22129 I am_focused_activity: [0,com.mediatek.connectivity/.CdsRadioInfoActivity]
01-26 17:00:40.075 22179 22179 I am_on_paused_called: [0,com.mediatek.connectivity.CdsRadioMenuActivity]
01-26 17:00:40.083 21486 22075 I am_restart_activity: [0,304317910,2602,com.mediatek.connectivity/.CdsRadioInfoActivity]
01-26 17:00:40.113 21486 22075 I am_focused_activity: [0,com.mediatek.connectivity/.CdsRadioInfoActivity]
01-26 17:00:40.115 22179 22179 I binder_sample: [android.app.IActivityManager,19,40,com.android.phone,8]
01-26 17:00:40.244 22179 22179 I am_on_resume_called: [0,com.mediatek.connectivity.CdsRadioInfoActivity]
01-26 17:00:40.309 21486 22202 I am_proc_died: [0,21655,com.google.process.gapps]
01-26 17:00:40.412 21486 21528 I am_activity_launch_time: [0,304317910,com.mediatek.connectivity/.CdsRadioInfoActivity,334,334]
01-26 17:00:40.427   341   341 I sf_frame_dur: [com.mediatek.connectivity/com.mediatek.connectivity.CdsRadioMenuActivity,0,0,0,1,0,1,0]
01-26 17:00:41.816 21884 21884 I binder_sample: [android.view.IWindowSession,6,13,com.htc.sense.ime,2]
01-26 17:00:49.138   341   341 I sf_frame_dur: [PopupWindow:1317b659,0,1,0,0,0,0,0]
01-26 17:00:54.802   341   341 I sf_frame_dur: [com.mediatek.connectivity/com.mediatek.connectivity.CdsRadioInfoActivity,11,0,0,0,1,1,0]
01-26 17:00:55.392 21486 21557 I am_proc_start: [0,23856,10055,com.htc.sense.mms,service,com.htc.sense.mms/.transaction.TransactionService]
01-26 17:00:55.458 21486 22202 I am_proc_bound: [0,23856,com.htc.sense.mms]
01-26 17:00:55.656 21486 22202 I am_proc_start: [0,23882,10055,com.htc.sense.mms:mms,service,com.htc.sense.mms/com.htc.messaging.service.MmsService]
01-26 17:00:55.703 21486 22796 I am_proc_bound: [0,23882,com.htc.sense.mms:mms]
01-26 17:00:55.718 22179 12771 I content_query_sample: Binder:23856, Query uri:content://mms-sms/pending?protocol=mms, selection:err_type < ? AND due_time <= ?, selectionArgs:[Ljava.lang.String;@1cbaf79b
01-26 17:00:57.678 22179 32543 I content_query_sample: Binder:23856, Query uri:content://mms-sms-v2/rawQuery, selection:SELECT count(1) FROM sms WHERE date2 = 0, selectionArgs:null
01-26 17:00:57.685 22179 22742 I content_query_sample: Binder:23856, Query uri:content://mms-sms-v2/rawQuery, selection:select _id,msg_id from addr where (type = 129 or type = 130 or type = 151), selectionArgs:null
01-26 17:00:57.691 22179 32544 I content_query_sample: Binder:23856, Query uri:content://mms-sms-v2/rawQuery, selection:select count(1) from contact_threads where htc_category =1 or htc_category = 2, selectionArgs:null
01-26 17:00:57.699 22179 15920 I content_query_sample: Binder:23856, Query uri:content://mms-sms-v2/rawQuery, selection:SELECT count(1) FROM pdu WHERE date2 = 0, selectionArgs:null
01-26 17:00:57.711 22179 22200 I content_query_sample: Binder:23856, Query uri:content://mms/part, selection:null, selectionArgs:null
01-26 17:00:57.718 22179 22913 I content_query_sample: Binder:23856, Query uri:content://mms/thread-allreport, selection:thread_id>0 AND m_id!= "" AND (m_type = 128 or m_type = 134 or m_type = 136), selectionArgs:null
01-26 17:00:57.733 22179 22742 I content_query_sample: Binder:23856, Query uri:content://mms-sms-v2/rawQuery, selection:select count(1) from blocklist, selectionArgs:null
01-26 17:00:57.741 22179 22662 I content_query_sample: Binder:23856, Query uri:content://sms, selection:body Like 'BEGIN:VCARD%' AND thread_id > 0 , selectionArgs:null
01-26 17:00:57.768 22179 22693 I content_query_sample: Binder:23856, Query uri:content://mms-sms-v2/conversations?simple=true&formal=true&category=0, selection:null, selectionArgs:null
01-26 17:00:57.795 22179 22201 I content_query_sample: Binder:23856, Query uri:content://mms-sms/draft?category=0, selection:null, selectionArgs:null
01-26 17:00:57.808 22179 12770 I content_update_sample: Binder:23856, Update uri:content://mms, selection:st=129 AND m_type!=134, selectionArgs:null
01-26 17:00:57.861 22179 15920 I content_query_sample: Binder:23882, Query uri:content://mms-sms-v2/rawQuery, selection:SELECT count(1) FROM sms WHERE date2 = 0, selectionArgs:null
01-26 17:00:57.871 22179 22201 I content_query_sample: Binder:23882, Query uri:content://mms-sms-v2/rawQuery, selection:select count(1) from contact_threads where htc_category =1 or htc_category = 2, selectionArgs:null
01-26 17:00:57.884 22179 12770 I content_query_sample: Binder:23882, Query uri:content://mms-sms-v2/rawQuery, selection:select _id,msg_id from addr where (type = 129 or type = 130 or type = 151), selectionArgs:null
01-26 17:00:57.894 22179 22742 I content_query_sample: Binder:23882, Query uri:content://mms/part, selection:null, selectionArgs:null
01-26 17:00:57.902 22179 22779 I content_query_sample: Binder:23882, Query uri:content://mms-sms-v2/rawQuery, selection:SELECT count(1) FROM pdu WHERE date2 = 0, selectionArgs:null
01-26 17:00:57.909 22179 12771 I content_query_sample: Binder:23882, Query uri:content://mms-sms-v2/rawQuery, selection:select count(1) from blocklist, selectionArgs:null
01-26 17:00:57.916 22179 32542 I content_query_sample: Binder:23882, Query uri:content://mms/thread-allreport, selection:thread_id>0 AND m_id!= "" AND (m_type = 128 or m_type = 134 or m_type = 136), selectionArgs:null
01-26 17:00:57.926 22179 22913 I content_update_sample: Binder:23882, Update uri:content://mms, selection:st=129 AND m_type!=134, selectionArgs:null
01-26 17:00:57.929 22179 22692 I content_query_sample: Binder:23882, Query uri:content://mms-sms-v2/conversations?simple=true&formal=true&category=0, selection:null, selectionArgs:null
01-26 17:00:57.941 22179 22912 I content_query_sample: Binder:23882, Query uri:content://sms, selection:body Like 'BEGIN:VCARD%' AND thread_id > 0 , selectionArgs:null
01-26 17:00:58.004 22179 32542 I content_query_sample: Binder:23882, Query uri:content://mms-sms/draft?category=0, selection:null, selectionArgs:null
01-26 17:00:58.044 21486 22178 I am_proc_died: [0,21569,com.google.android.youtube]
01-26 17:01:03.767 21486 21486 I free_storage_changed: 5223526400
01-26 17:01:33.771 21486 21486 I free_storage_changed: 5364838400
01-26 17:01:38.053 21486 21518 I am_proc_start: [0,24430,10008,com.htc.bgp,broadcast,com.htc.flexnet/.AndroidIntentReceiver]
01-26 17:01:38.146 21486 22074 I am_proc_start: [0,24453,10041,com.htc.mobiledata,content provider,com.htc.mobiledata/.MobileDataProvider]
01-26 17:01:38.147 21486 21507 I am_proc_bound: [0,24430,com.htc.bgp]
01-26 17:01:38.166 21486 22228 I am_proc_bound: [0,24453,com.htc.mobiledata]
01-26 17:01:38.310 21486  7839 I am_proc_start: [0,24482,10041,com.htc.mobiledata:remote,service,com.htc.mobiledata/.MobileDataService]
01-26 17:01:38.339 21486 22796 I am_proc_bound: [0,24482,com.htc.mobiledata:remote]
01-26 17:01:38.358 21486 21580 I netstats_mobile_sample: [94809852,116621,9625810,90948,94809852,116621,9671906,91339,94809852,116621,9671906,91339,-1]
01-26 17:01:38.359 21486 21580 I netstats_wifi_sample: [64726124,95856,8203666,76795,63302642,94283,7188570,73080,63066800,91602,7182785,73015,-1]
01-26 17:01:38.412 21486 21580 I netstats_mobile_sample: [94809852,116621,9625810,90948,94809852,116621,9671906,91339,94809852,116621,9671906,91339,-1]
01-26 17:01:38.413 21486 21580 I netstats_wifi_sample: [64726124,95856,8203666,76795,63302642,94283,7188570,73080,63066800,91602,7182785,73015,-1]
01-26 17:01:38.762 21486 21486 I notification_cancel: [1000,21486,android,260,CaptivePortal.Notification,0,0,0,8,NULL]
01-26 17:01:38.863 21486 22203 I am_proc_start: [0,24545,10013,android.process.media,broadcast,com.android.providers.downloads/.DownloadReceiver]
01-26 17:01:38.868  5628  5628 I binder_sample: [android.net.IConnectivityManager,1,7,com.facebook.katana,1]
01-26 17:01:38.908 21486 21516 I am_proc_bound: [0,24545,android.process.media]
01-26 17:01:38.930 21486 21486 I notification_cancel: [10092,5628,com.facebook.katana,10011,NULL,0,0,64,8,NULL]
01-26 17:01:39.105 21486 22251 I notification_cancel_all: [10013,24545,com.android.providers.downloads,0,0,64,9,NULL]
01-26 17:01:39.152 21486 21507 I am_proc_start: [0,24574,10053,com.htc.android.mail:sync,broadcast,com.htc.android.mail/.eassvc.EASEventReceiver]
01-26 17:01:39.180 21486 22251 I am_proc_bound: [0,24574,com.htc.android.mail:sync]
01-26 17:01:39.546 21486 22129 I am_proc_start: [0,24612,10064,com.google.android.setupwizard,broadcast,com.google.android.setupwizard/.carrier.MobileConnectivityChangeReceiver]
01-26 17:01:39.566 21486  7839 I am_proc_bound: [0,24612,com.google.android.setupwizard]
01-26 17:01:39.724 21486 22154 I am_proc_start: [0,24637,10068,com.htc.updater,broadcast,com.htc.updater/.download.DownloadReceiver]
01-26 17:01:39.744 21486  7839 I am_proc_bound: [0,24637,com.htc.updater]
01-26 17:01:39.984 21486 22177 I am_proc_start: [0,24662,10122,com.google.android.apps.magazines,broadcast,com.google.android.apps.magazines/com.google.apps.dots.android.newsstand.appwidget.NewsWidgetProvider]
01-26 17:01:40.002 21486 21516 I am_proc_bound: [0,24662,com.google.android.apps.magazines]
01-26 17:01:40.340 21486 22177 I am_proc_start: [0,24692,10020,com.google.process.gapps,content provider,com.google.android.gsf/.gservices.GservicesProvider]
01-26 17:01:40.353 21486 22154 I am_proc_bound: [0,24692,com.google.process.gapps]
01-26 17:01:40.674 22078 24771 I gtalk_conn_close: [-255,186]
01-26 17:01:40.696 21486 22154 I am_proc_start: [0,24772,10081,com.android.chrome,broadcast,com.android.chrome/org.chromium.content.browser.BackgroundSyncLauncherService$Receiver]
01-26 17:01:40.711 21486 21506 I am_proc_bound: [0,24772,com.android.chrome]
01-26 17:01:40.872 21486 21507 I am_proc_start: [0,24796,10129,com.google.android.apps.photos,broadcast,com.google.android.apps.photos/.actionqueue.SystemReceiver]
01-26 17:01:40.886 21486 22202 I am_proc_bound: [0,24796,com.google.android.apps.photos]
01-26 17:01:41.484 21486 21486 I notification_cancel: [10129,24796,com.google.android.apps.photos,10436,NULL,0,0,64,8,NULL]
01-26 17:01:41.504 21486 22075 I am_proc_start: [0,24831,10131,com.google.android.apps.plus,broadcast,com.google.android.apps.plus/com.google.android.libraries.social.autobackup.AutoBackupEnvironment$ConnectivityReceiver]
01-26 17:01:41.530 21486 21507 I am_proc_bound: [0,24831,com.google.android.apps.plus]
