01-26 06:22:35.283  1623 21544 I content_query_sample: Binder:3889, Query uri:content://mms-sms-v2/rawQuery, selection:select count(1) from contact_threads where htc_category =1 or htc_category = 2, selectionArgs:null
01-26 06:22:35.296   892  1571 I am_proc_died: [0,3781,com.htc.android.mail:sync]
01-26 06:22:35.312  1623  2086 I content_update_sample: Binder:3889, Update uri:content://mms, selection:st=129 AND m_type!=134, selectionArgs:null
01-26 06:22:35.318  1623  2216 I content_query_sample: Binder:3889, Query uri:content://mms-sms-v2/rawQuery, selection:SELECT count(1) FROM sms WHERE date2 = 0, selectionArgs:null
01-26 06:22:35.330  1623 31880 I content_query_sample: Binder:3889, Query uri:content://sms, selection:body Like 'BEGIN:VCARD%' AND thread_id > 0 , selectionArgs:null
01-26 06:22:35.332  1623  4032 I content_query_sample: [content://htc-mms-customization/mms-ua/ua_profile,,,,4,com.android.phone,1]
01-26 06:22:35.343  1623  1643 I content_query_sample: Binder:3889, Query uri:content://mms-sms-v2/conversations?simple=true&formal=true&category=0, selection:null, selectionArgs:null
01-26 06:22:35.361  1623 21546 I content_query_sample: Binder:3889, Query uri:content://mms-sms-v2/rawQuery, selection:select count(1) from blocklist, selectionArgs:null
01-26 06:22:35.375  1623  2216 I content_query_sample: Binder:3889, Query uri:content://mms-sms-v2/rawQuery, selection:SELECT count(1) FROM pdu WHERE date2 = 0, selectionArgs:null
01-26 06:22:35.387  1623 21544 I content_query_sample: Binder:3889, Query uri:content://mms-sms/draft?category=0, selection:null, selectionArgs:null
01-26 06:22:35.396   892  1045 I netstats_mobile_sample: [232481274,259797,24295386,208008,232487994,259841,24345767,208341,232487994,259841,24339047,208297,-1]
01-26 06:22:35.397   892  1045 I netstats_wifi_sample: [69898299,102361,7717523,78132,68400194,101228,6687736,73362,67779335,98941,6682680,73314,-1]
01-26 06:22:35.435   892   892 I notification_cancel: [10092,21902,com.facebook.katana,714499313,com.facebook.rti.mqtt.common.analytics.MqttDiagnosticNotification,0,0,64,8,NULL]
01-26 06:22:35.435   892   892 I notification_cancel: [1000,892,android,65537,CaptivePortal.Notification,0,0,0,8,NULL]
01-26 06:22:35.448   892  1045 I netstats_mobile_sample: [232481274,259797,24295386,208008,232487994,259841,24345767,208341,232487994,259841,24339047,208297,-1]
01-26 06:22:35.448   892  1045 I netstats_wifi_sample: [69898299,102361,7717523,78132,68400194,101228,6687736,73362,67779335,98941,6682680,73314,-1]
01-26 06:22:35.493   892   892 I notification_cancel: [1001,1623,com.android.phone,19,NULL,0,0,64,8,NULL]
01-26 06:22:35.502   892  9714 I am_proc_died: [0,3438,com.google.android.setupwizard]
01-26 06:22:35.607  1623  4073 I content_update_sample: Binder:1623, Delete uri:content://sms/icc-db/0, selection:null, selectionArgs:null
01-26 06:22:35.634  3754  4037 I content_query_sample: [content://gsmapn/carriers,operator,numeric = '46692',name ASC,117,com.htc.flexnet,24]
01-26 06:22:35.670   892   892 I notification_cancel: [10092,21902,com.facebook.katana,714499313,com.facebook.rti.mqtt.common.analytics.MqttDiagnosticNotification,0,0,64,8,NULL]
01-26 06:22:35.753   892  1267 I binder_sample: [com.android.server.am.ActivityManagerService,29,750,execTransact,100]
01-26 06:22:35.753   892   924 I content_query_sample: [content://telephony/carriers/preferapn,apn,,name ASC,176,,36]
01-26 06:22:35.784   892   892 I notification_cancel: [10092,21902,com.facebook.katana,714499313,com.facebook.rti.mqtt.common.analytics.MqttDiagnosticNotification,0,0,64,8,NULL]
01-26 06:22:35.803   892  1267 I notification_cancel_all: [10013,3976,com.android.providers.downloads,0,0,64,9,NULL]
01-26 06:22:35.906   892  2293 I am_proc_start: [0,4113,10053,com.htc.android.mail:sync,broadcast,com.htc.android.mail/.eassvc.EASEventReceiver]
01-26 06:22:35.946   892  1738 I am_proc_bound: [0,4113,com.htc.android.mail:sync]
01-26 06:22:35.976 21902 21902 I binder_sample: [android.net.IConnectivityManager,17,379,com.facebook.katana,75]
01-26 06:22:36.001   892   892 I notification_cancel: [10092,21902,com.facebook.katana,714499313,com.facebook.rti.mqtt.common.analytics.MqttDiagnosticNotification,0,0,64,8,NULL]
01-26 06:22:36.023   892  2364 I am_proc_died: [0,3651,com.google.android.apps.plus]
01-26 06:22:36.046   892   892 I notification_cancel: [10092,21902,com.facebook.katana,10011,NULL,0,0,64,8,NULL]
01-26 06:22:36.049   892   892 I notification_cancel: [10092,21902,com.facebook.katana,714499313,com.facebook.rti.mqtt.common.analytics.MqttDiagnosticNotification,0,0,64,8,NULL]
01-26 06:22:36.242   892   892 I notification_cancel: [10092,21902,com.facebook.katana,714499313,com.facebook.rti.mqtt.common.analytics.MqttDiagnosticNotification,0,0,64,8,NULL]
01-26 06:22:36.373   892  1738 I am_proc_start: [0,4153,10064,com.google.android.setupwizard,broadcast,com.google.android.setupwizard/.carrier.MobileConnectivityChangeReceiver]
01-26 06:22:36.390   892  1570 I am_proc_bound: [0,4153,com.google.android.setupwizard]
01-26 06:22:36.391   892   892 I notification_cancel: [10015,1153,com.android.systemui,100,low_battery,-1,0,64,8,NULL]
01-26 06:22:36.391   892   892 I notification_cancel: [10015,1153,com.android.systemui,2130838302,power_saver,-1,0,64,8,NULL]
01-26 06:22:36.462   892  1759 I am_proc_died: [0,3598,com.android.chrome]
01-26 06:22:36.674  1992  6498 I force_gc: Binder
01-26 06:22:36.723   892  1738 I am_proc_start: [0,4191,10068,com.htc.updater,broadcast,com.htc.updater/.download.DownloadReceiver]
01-26 06:22:36.726  4153  4153 I binder_sample: [android.app.IActivityManager,14,46,com.google.android.setupwizard,9]
01-26 06:22:36.765   892  1267 I am_proc_bound: [0,4191,com.htc.updater]
01-26 06:22:36.822   892  1594 I am_proc_died: [0,3623,com.google.android.apps.photos]
01-26 06:22:37.045 21107  4231 I aggregation: 1453760557045
01-26 06:22:37.106   892  1295 I am_proc_start: [0,4242,10122,com.google.android.apps.magazines,broadcast,com.google.android.apps.magazines/com.google.apps.dots.android.newsstand.appwidget.NewsWidgetProvider]
01-26 06:22:37.177   892  1738 I am_proc_start: [0,4267,10020,com.google.process.gapps,content provider,com.google.android.gsf/.settings.GoogleSettingsProvider]
01-26 06:22:37.180   892  1570 I am_proc_bound: [0,4242,com.google.android.apps.magazines]
01-26 06:22:37.192   892   923 I am_proc_died: [0,3864,com.htc.mobiledata:remote]
01-26 06:22:37.195   892  9714 I am_proc_bound: [0,4267,com.google.process.gapps]
01-26 06:22:37.477   892  1928 I force_gc: Binder
01-26 06:22:37.702   892  1570 I am_proc_died: [0,3806,com.htc.calendar]
01-26 06:22:37.749   892   923 I am_proc_start: [0,4320,10020,com.google.android.gms.unstable,service,com.google.android.gms/.droidguard.DroidGuardService]
01-26 06:22:37.751  4242  4242 I binder_sample: [android.app.IActivityManager,12,38,com.google.android.apps.magazines,7]
01-26 06:22:37.767   892  1570 I am_proc_bound: [0,4320,com.google.android.gms.unstable]
01-26 06:22:38.090   892   892 I notification_cancel: [10020,4320,com.google.android.gms,10436,NOT_LMP,0,0,64,8,NULL]
01-26 06:22:38.091   892   892 I notification_cancel: [10020,4320,com.google.android.gms,39789,NOT_LMP,0,0,64,8,NULL]
01-26 06:22:38.415 21107 21107 I binder_sample: [com.google.android.gms.common.internal.IGmsServiceBroker,46,102,com.google.android.gms,20]
01-26 06:22:38.486   892   912 I am_proc_start: [0,4418,10081,com.android.chrome,broadcast,com.android.chrome/org.chromium.content.browser.BackgroundSyncLauncherService$Receiver]
01-26 06:22:38.601   892  9715 I am_proc_died: [0,3924,com.htc.cs.pns]
01-26 06:22:38.603   892  1595 I am_proc_bound: [0,4418,com.android.chrome]
01-26 06:22:39.051   892  9715 I am_proc_died: [0,3976,android.process.media]
01-26 06:22:39.356   892  9715 I am_proc_start: [0,4476,10129,com.google.android.apps.photos,broadcast,com.google.android.apps.photos/.actionqueue.SystemReceiver]
01-26 06:22:39.395   892  1570 I am_proc_bound: [0,4476,com.google.android.apps.photos]
01-26 06:22:39.442   892  1759 I am_proc_died: [0,3754,com.htc.bgp]
01-26 06:22:40.211   892   892 I notification_cancel: [10129,4476,com.google.android.apps.photos,10436,NULL,0,0,64,8,NULL]
01-26 06:22:40.229   892  1759 I am_proc_start: [0,4551,10131,com.google.android.apps.plus,broadcast,com.google.android.apps.plus/com.google.android.libraries.social.autobackup.AutoBackupEnvironment$ConnectivityReceiver]
01-26 06:22:40.254   892  1295 I am_proc_bound: [0,4551,com.google.android.apps.plus]
01-26 06:22:40.303   892  1571 I am_proc_died: [0,3841,com.htc.mobiledata]
01-26 06:22:40.472   892  1759 I am_proc_start: [0,4586,10013,android.process.media,content provider,com.android.providers.media/.MediaProvider]
01-26 06:22:40.532   892   912 I am_proc_bound: [0,4586,android.process.media]
01-26 06:22:40.698   892  2364 I notification_cancel_all: [10013,4586,com.android.providers.downloads,0,0,64,9,NULL]
01-26 06:22:40.997   892   912 I am_proc_died: [0,3889,com.htc.sense.mms]
01-26 06:22:41.072  1992  4621 I c2dm    : [-2,NULL,1,1]
01-26 06:22:41.076   892   892 I notification_enqueue: [10020,1992,com.google.android.gms,0,com.google.android.gms.auth.TokenNotificationManager:gftrss081@gmail.com:com.google,0,Notification(pri=0 contentView=null vibrate=null sound=null defaults=0x0 flags=0xa color=0x00000000 vis=PRIVATE),1]
01-26 06:22:41.078   892   892 I notification_skip_beep_vibrate: [0,0,0,0,0,1,0,1,0,0]
01-26 06:22:41.078   892   892 I notification_skip_light: [1,0,1,0,0]
01-26 06:22:41.153  1992  4639 I c2dm    : [3,NULL,1,1]
01-26 06:22:41.157  1992  4639 I gtalk_heartbeat_reset: [1680,64.233.188.188:5228]
01-26 06:22:41.159  1992  4639 I gtalk_connection: 0
01-26 06:22:41.177   892  2989 I force_gc: Binder
01-26 06:22:41.188  1992  4639 I c2dm    : [7,,1,1]
01-26 06:22:43.512   892  1738 I am_proc_died: [0,4242,com.google.android.apps.magazines]
01-26 06:22:44.372   892  1595 I am_proc_start: [0,4758,10041,com.htc.mobiledata,content provider,com.htc.mobiledata/.MobileDataProvider]
01-26 06:22:44.460   892   923 I am_proc_start: [0,4764,10008,com.htc.bgp,broadcast,com.htc.flexnet/.AndroidIntentReceiver]
01-26 06:22:44.521   892  1594 I am_proc_bound: [0,4758,com.htc.mobiledata]
01-26 06:22:44.534   892  1295 I am_proc_bound: [0,4764,com.htc.bgp]
01-26 06:22:44.658   892  1622 I am_proc_start: [0,4824,10041,com.htc.mobiledata:remote,service,com.htc.mobiledata/.MobileDataService]
01-26 06:22:44.673   892  1738 I am_proc_died: [0,4191,com.htc.updater]
01-26 06:22:44.686   892  1571 I am_proc_bound: [0,4824,com.htc.mobiledata:remote]
01-26 06:22:44.697  1623  1623 I binder_sample: [com.android.internal.telephony.ITelephonyRegistry,17,8,com.android.phone,1]
01-26 06:22:45.732   892  1594 I am_proc_died: [0,4551,com.google.android.apps.plus]
01-26 06:22:45.825   892   926 I am_proc_start: [0,4890,10007,com.htc.calendar,broadcast,com.htc.calendar/.ProviderChangeReceiver]
01-26 06:22:45.857   892  1595 I am_proc_bound: [0,4890,com.htc.calendar]
01-26 06:22:45.939   892   892 I notification_cancel: [10007,4890,com.htc.calendar,1,NULL,0,0,64,8,NULL]
01-26 06:22:46.392   892   892 I notification_cancel: [10015,1153,com.android.systemui,100,low_battery,-1,0,64,8,NULL]
01-26 06:22:46.392   892   892 I notification_cancel: [10015,1153,com.android.systemui,2130838302,power_saver,-1,0,64,8,NULL]
01-26 06:22:46.421   892   926 I am_proc_start: [0,4923,1000,com.android.settings,broadcast,com.android.settings/.framework.app.HtcSystemReceiver]
01-26 06:22:46.456   892  1622 I am_proc_bound: [0,4923,com.android.settings]
01-26 06:22:46.511   892  1595 I am_proc_died: [0,4418,com.android.chrome]
01-26 06:22:46.612   892   892 I notification_cancel: [1000,4923,com.android.settings,17301624,NULL,0,0,0,8,NULL]
01-26 06:22:46.781   892  2293 I am_proc_died: [0,4586,android.process.media]
01-26 06:22:47.118   892   926 I am_proc_start: [0,4977,10069,com.google.android.googlequicksearchbox:search,broadcast,com.google.android.googlequicksearchbox/com.google.android.apps.gsa.search.core.GmsPackageWatcher]
01-26 06:22:47.140   892  1570 I am_proc_bound: [0,4977,com.google.android.googlequicksearchbox:search]
01-26 06:22:47.763   892   892 I backup_transport_lifecycle: [com.google.android.gms/.backup.BackupTransportService,1]
01-26 06:22:47.778   892   892 I notification_cancel: [10020,1992,com.google.android.gms,1,com.google.android.backup.notification.tag,0,0,64,8,NULL]
01-26 06:22:47.947   892   892 I notification_cancel: [10103,13376,com.google.android.talk,8,com.google.android.talk:gmscore,0,0,64,8,NULL]
01-26 06:22:47.972   892  9715 I am_proc_start: [0,5021,10059,com.android.vending,broadcast,com.android.vending/com.google.android.finsky.receivers.PackageMonitorReceiver$RegisteredReceiver]
01-26 06:22:47.989   892  1267 I am_proc_bound: [0,5021,com.android.vending]
01-26 06:22:47.993   892   913 I am_proc_died: [0,4476,com.google.android.apps.photos]
01-26 06:22:49.005   892   892 I notification_cancel: [10059,5021,com.android.vending,-1050172287,NULL,0,0,64,8,NULL]
01-26 06:22:49.139   892  1571 I am_proc_start: [0,5099,10013,android.process.media,content provider,com.android.providers.downloads/.DownloadProvider]
01-26 06:22:49.235   892  1759 I am_proc_start: [0,5123,10131,com.google.android.apps.plus,broadcast,com.google.android.apps.plus/.service.PackagesMediaMonitor]
01-26 06:22:49.238   892  1295 I am_proc_bound: [0,5099,android.process.media]
01-26 06:22:49.256   892   892 I free_storage_changed: 6221737984
01-26 06:22:49.258   892  1570 I am_proc_bound: [0,5123,com.google.android.apps.plus]
01-26 06:22:49.331  1645  5122 I content_query_sample: [content://com.htc.launcher.settings/favorites?notify=true,,,,5,com.htc.launcher,2]
01-26 06:22:49.362   892  1594 I am_proc_died: [0,5099,android.process.media]
01-26 06:22:49.416   892  1594 I am_proc_start: [0,5149,10013,android.process.media,restart,android.process.media]
01-26 06:22:49.478   892  1738 I am_proc_start: [0,5175,10023,com.google.android.partnersetup,content provider,com.google.android.partnersetup/.RlzAppProvider]
01-26 06:22:49.480   892  1594 I am_proc_bound: [0,5149,android.process.media]
01-26 06:22:49.521   892  1267 I am_proc_bound: [0,5175,com.google.android.partnersetup]
01-26 06:22:49.638   892  1571 I binder_sample: [com.android.server.am.ActivityManagerService,29,531,execTransact,100]
01-26 06:22:49.666   892   913 I notification_cancel_all: [10013,5149,com.android.providers.downloads,0,0,64,9,NULL]
01-26 06:22:49.675   892  2293 I am_proc_died: [0,4153,com.google.android.setupwizard]
01-26 06:22:49.961   892  1571 I am_proc_died: [0,4824,com.htc.mobiledata:remote]
01-26 06:22:50.512   892   912 I am_proc_died: [0,4764,com.htc.bgp]
01-26 06:22:54.146   892  1571 I am_proc_start: [0,5374,10020,com.google.android.gms:car,service,com.google.android.gms/.car.CarService]
01-26 06:22:54.176   892  1571 I am_proc_bound: [0,5374,com.google.android.gms:car]
01-26 06:22:54.345   892   892 I notification_cancel: [10020,5374,com.google.android.gms,10436,NOT_LMP,0,0,64,8,NULL]
01-26 06:22:54.346   892   892 I notification_cancel: [10020,5374,com.google.android.gms,39789,NOT_LMP,0,0,64,8,NULL]
01-26 06:22:54.430   892   892 I notification_enqueue: [10020,1992,com.google.android.gms,0,com.google.android.gms.auth.TokenNotificationManager:gftrss081@gmail.com:com.google,0,Notification(pri=0 contentView=null vibrate=null sound=null defaults=0x0 flags=0xa color=0x00000000 vis=PRIVATE),1]
01-26 06:22:54.431   892   892 I notification_skip_beep_vibrate: [0,0,0,0,0,1,0,1,0,0]
01-26 06:22:54.431   892   892 I notification_skip_light: [1,0,1,0,0]
01-26 06:22:54.646   892   912 I am_proc_died: [0,4320,com.google.android.gms.unstable]
01-26 06:22:54.912   892   892 I notification_cancel: [10020,5374,com.google.android.gms,10436,NULL,0,0,64,8,NULL]
01-26 06:22:55.003   892   892 I notification_cancel: [10059,5021,com.android.vending,10436,NULL,0,0,64,8,NULL]
01-26 06:22:55.022   892  1594 I am_proc_died: [0,4758,com.htc.mobiledata]
01-26 06:22:55.332   892   913 I am_proc_died: [0,4977,com.google.android.googlequicksearchbox:search]
01-26 06:22:56.379   892   892 I notification_cancel: [10015,1153,com.android.systemui,100,low_battery,-1,0,64,8,NULL]
01-26 06:22:56.380   892   892 I notification_cancel: [10015,1153,com.android.systemui,2130838302,power_saver,-1,0,64,8,NULL]
01-26 06:23:01.052   892  1267 I am_proc_died: [0,4890,com.htc.calendar]
01-26 06:23:02.209  1153  1153 I binder_sample: [,1,6,com.android.systemui,1]
01-26 06:23:03.223   892  1759 I am_proc_died: [0,4923,com.android.settings]
01-26 06:23:06.392   892   892 I notification_cancel: [10015,1153,com.android.systemui,100,low_battery,-1,0,64,8,NULL]
01-26 06:23:06.392   892   892 I notification_cancel: [10015,1153,com.android.systemui,2130838302,power_saver,-1,0,64,8,NULL]
01-26 06:23:06.485   892   926 I am_proc_start: [0,5833,1000,com.android.settings,broadcast,com.android.settings/.framework.app.HtcSystemReceiver]
01-26 06:23:06.511   892  1595 I am_proc_bound: [0,5833,com.android.settings]
01-26 06:23:06.632   892   892 I notification_cancel: [1000,5833,com.android.settings,17301624,NULL,0,0,0,8,NULL]
01-26 06:23:08.673   947  1004 I [0]     :   notified to exit

01-26 06:23:09.842   892   912 I am_proc_died: [0,5175,com.google.android.partnersetup]
01-26 06:23:10.358   892   892 I notification_enqueue: [1000,1572,com.htc.android.ssdtest,0,NULL,0,Notification(pri=0 contentView=null vibrate=null sound=null defaults=0x0 flags=0x2 color=0x00000000 vis=PRIVATE),1]
01-26 06:23:10.359   892   892 I notification_skip_beep_vibrate: [0,0,0,0,0,0,0,1,0,0]
01-26 06:23:10.359   892   892 I notification_skip_light: [1,0,1,0,0]
01-26 06:23:10.360   892   892 I notification_enqueue: [1000,1572,com.htc.android.ssdtest,9,NULL,0,Notification(pri=0 contentView=null vibrate=null sound=null defaults=0x0 flags=0x2 color=0x00000000 vis=PRIVATE),1]
01-26 06:23:10.361   892   892 I notification_skip_beep_vibrate: [0,0,0,0,0,0,0,1,0,0]
01-26 06:23:10.361   892   892 I notification_skip_light: [1,0,1,0,0]
01-26 06:23:12.764   892  9715 I am_home_stack_moved: [0,0,1,1,startingNewTask]
01-26 06:23:12.764   892  9715 I wm_task_moved: [1820,1,10]
01-26 06:23:12.770   892  9715 I am_create_task: [0,1821]
01-26 06:23:12.771   892  9715 I am_create_activity: [0,200521589,1821,com.android.settings/.Settings,android.intent.action.MAIN,NULL,NULL,268435456]
01-26 06:23:12.774   892  9715 I wm_task_created: [1821,1]
01-26 06:23:12.774   892  9715 I wm_task_moved: [1821,1,11]
01-26 06:23:12.817   892  9715 I am_pause_activity: [0,162449545,com.mediatek.connectivity/.CdsRadioInfoActivity]
01-26 06:23:12.820  1623  1623 I am_on_paused_called: [0,com.mediatek.connectivity.CdsRadioInfoActivity]
01-26 06:23:12.821   892  9715 I am_home_stack_moved: [0,0,1,1,startedActivity setFocusedActivity]
01-26 06:23:12.859   892  9715 I am_focused_activity: [0,com.android.settings/.Settings]
01-26 06:23:12.919   892  1571 I am_restart_activity: [0,200521589,1821,com.android.settings/.Settings]
01-26 06:23:12.924   892  1571 I am_focused_activity: [0,com.android.settings/.Settings]
01-26 06:23:12.928  1623  1623 I binder_sample: [android.app.IActivityManager,19,107,com.android.phone,21]
01-26 06:23:13.026   892  1622 I am_proc_died: [0,4113,com.htc.android.mail:sync]
01-26 06:23:13.226   341   341 I sf_frame_dur: [com.mediatek.connectivity/com.mediatek.connectivity.CdsRadioInfoActivity,72,17,10,14,100,32,5]
01-26 06:23:13.491  5833  5833 I am_on_resume_called: [0,com.android.settings.Settings]
01-26 06:23:13.650   892  1738 I am_proc_start: [0,6049,10041,com.htc.mobiledata,content provider,com.htc.mobiledata/.MobileDataProvider]
01-26 06:23:13.657  5833  5833 I binder_sample: [android.view.IWindowSession,6,22,com.android.settings,4]
01-26 06:23:13.739   892   913 I am_proc_bound: [0,6049,com.htc.mobiledata]
01-26 06:23:13.845   892   932 I am_activity_launch_time: [0,200521589,com.android.settings/.Settings,983,983]
01-26 06:23:13.883   341   341 I sf_frame_dur: [Starting com.android.settings,0,0,1,0,0,0,0]
01-26 06:23:14.091   892   912 I am_proc_died: [0,5149,android.process.media]
01-26 06:23:14.452   892  9715 I am_proc_died: [0,5374,com.google.android.gms:car]
01-26 06:23:14.901   892  2364 I am_finish_activity: [0,200521589,1821,com.android.settings/.Settings,app-request]
01-26 06:23:14.904   892  2364 I am_home_stack_moved: [0,0,1,1,finishActivity adjustTopFocus setFocusedActivity]
01-26 06:23:14.906   892  2364 I am_focused_activity: [0,com.mediatek.connectivity/.CdsRadioInfoActivity]
01-26 06:23:14.929   892  2364 I am_pause_activity: [0,200521589,com.android.settings/.Settings]
01-26 06:23:14.933  5833  5833 I am_on_paused_called: [0,com.android.settings.Settings]
01-26 06:23:14.938   892  1267 I am_resume_activity: [0,162449545,1820,com.mediatek.connectivity/.CdsRadioInfoActivity]
01-26 06:23:14.943   892  1267 I am_focused_activity: [0,com.mediatek.connectivity/.CdsRadioInfoActivity]
01-26 06:23:14.974  1623  1623 I am_on_resume_called: [0,com.mediatek.connectivity.CdsRadioInfoActivity]
01-26 06:23:15.012   892  1570 I am_proc_died: [0,3682,com.htc.sense.hsp]
01-26 06:23:15.317   892   926 I am_destroy_activity: [0,200521589,1821,com.android.settings/.Settings,finish-imm]
01-26 06:23:15.332   341   341 I sf_frame_dur: [com.android.settings/com.android.settings.Settings,35,3,1,1,1,0,0]
01-26 06:23:15.371   892  1595 I wm_task_removed: [1821,removeAppToken: last token]
01-26 06:23:15.371   892  1595 I wm_task_removed: [1821,removeTask]
01-26 06:23:15.573  1623  1623 I binder_sample: [com.android.internal.telephony.ITelephonyRegistry,10,27,com.android.phone,5]
01-26 06:23:15.851   892  2293 I am_finish_activity: [0,162449545,1820,com.mediatek.connectivity/.CdsRadioInfoActivity,app-request]
01-26 06:23:15.855   892  2293 I am_home_stack_moved: [0,0,1,1,finishActivity adjustTopFocus setFocusedActivity]
01-26 06:23:15.860   892  2293 I am_focused_activity: [0,com.mediatek.connectivity/.CdsRadioMenuActivity]
01-26 06:23:15.862   892  2293 I am_pause_activity: [0,162449545,com.mediatek.connectivity/.CdsRadioInfoActivity]
01-26 06:23:15.868  1623  1623 I am_on_paused_called: [0,com.mediatek.connectivity.CdsRadioInfoActivity]
01-26 06:23:15.882   892   912 I am_resume_activity: [0,429592497,1820,com.mediatek.connectivity/.CdsRadioMenuActivity]
01-26 06:23:15.885   892   912 I am_focused_activity: [0,com.mediatek.connectivity/.CdsRadioMenuActivity]
01-26 06:23:15.887  1623  1623 I am_on_resume_called: [0,com.mediatek.connectivity.CdsRadioMenuActivity]
01-26 06:23:16.213   892   926 I am_destroy_activity: [0,162449545,1820,com.mediatek.connectivity/.CdsRadioInfoActivity,finish-imm]
01-26 06:23:16.226   341   341 I sf_frame_dur: [com.mediatek.connectivity/com.mediatek.connectivity.CdsRadioInfoActivity,0,0,1,0,1,0,0]
01-26 06:23:16.382   892   892 I notification_cancel: [10015,1153,com.android.systemui,100,low_battery,-1,0,64,8,NULL]
01-26 06:23:16.382   892   892 I notification_cancel: [10015,1153,com.android.systemui,2130838302,power_saver,-1,0,64,8,NULL]
01-26 06:23:16.390   892   892 I notification_cancel: [1000,5833,com.android.settings,17301624,NULL,0,0,0,8,NULL]
01-26 06:23:16.520   892  1571 I am_finish_activity: [0,429592497,1820,com.mediatek.connectivity/.CdsRadioMenuActivity,app-request]
01-26 06:23:16.522   892  1571 I am_home_stack_moved: [0,0,1,1,finishActivity adjustTopFocus setFocusedActivity]
01-26 06:23:16.523   892  1571 I am_focused_activity: [0,com.facebook.katana/com.facebook.composer.activity.ComposerActivity]
01-26 06:23:16.541   892  1571 I am_pause_activity: [0,429592497,com.mediatek.connectivity/.CdsRadioMenuActivity]
01-26 06:23:16.543  1623  1623 I am_on_paused_called: [0,com.mediatek.connectivity.CdsRadioMenuActivity]
01-26 06:23:16.572   892  1295 I am_resume_activity: [0,128451104,775,com.facebook.katana/com.facebook.composer.activity.ComposerActivity]
01-26 06:23:16.583   892  1295 I am_focused_activity: [0,com.facebook.katana/com.facebook.composer.activity.ComposerActivity]
01-26 06:23:16.628 21902 21902 I am_on_resume_called: [0,com.facebook.composer.activity.ComposerActivity]
01-26 06:23:16.643   892   912 I am_proc_died: [0,4267,com.google.process.gapps]
01-26 06:23:16.733   892   892 I notification_cancel: [10092,21902,com.facebook.katana,714499313,com.facebook.rti.mqtt.common.analytics.MqttDiagnosticNotification,0,0,64,8,NULL]
01-26 06:23:16.828   892  1594 I am_proc_start: [0,6144,10020,com.google.process.gapps,content provider,com.google.android.gsf/.settings.GoogleSettingsProvider]
01-26 06:23:16.846   892  1267 I am_proc_bound: [0,6144,com.google.process.gapps]
01-26 06:23:16.934   892   926 I am_destroy_activity: [0,429592497,1820,com.mediatek.connectivity/.CdsRadioMenuActivity,finish-imm]
01-26 06:23:16.955   892  1295 I wm_task_removed: [1820,removeAppToken: last token]
01-26 06:23:16.955   892  1295 I wm_task_removed: [1820,removeTask]
01-26 06:23:17.042   892   892 I notification_cancel: [10092,21902,com.facebook.katana,714499313,com.facebook.rti.mqtt.common.analytics.MqttDiagnosticNotification,0,0,64,8,NULL]
01-26 06:23:17.050   892  1295 I am_home_stack_moved: [0,0,1,1,startingNewTask]
01-26 06:23:17.050   892  1295 I wm_task_moved: [775,1,9]
01-26 06:23:17.055   892  1295 I am_create_task: [0,1822]
01-26 06:23:17.055   892  1295 I am_create_activity: [0,581322703,1822,com.android.settings/.Settings,android.intent.action.MAIN,NULL,NULL,268435456]
01-26 06:23:17.056   892  1295 I wm_task_created: [1822,1]
01-26 06:23:17.056   892  1295 I wm_task_moved: [1822,1,10]
01-26 06:23:17.080   892  1295 I am_pause_activity: [0,128451104,com.facebook.katana/com.facebook.composer.activity.ComposerActivity]
01-26 06:23:17.083   892  1295 I am_home_stack_moved: [0,0,1,1,startedActivity setFocusedActivity]
01-26 06:23:17.120   892  1295 I am_focused_activity: [0,com.android.settings/.Settings]
01-26 06:23:17.126   892  2293 I am_proc_died: [0,5123,com.google.android.apps.plus]
01-26 06:23:17.148 21902 21902 I am_on_paused_called: [0,com.facebook.composer.activity.ComposerActivity]
01-26 06:23:17.184   892  9715 I am_restart_activity: [0,581322703,1822,com.android.settings/.Settings]
01-26 06:23:17.207   892  9715 I am_focused_activity: [0,com.android.settings/.Settings]
01-26 06:23:17.374  5833  5833 I am_on_resume_called: [0,com.android.settings.Settings]
01-26 06:23:17.572   892   932 I am_activity_launch_time: [0,581322703,com.android.settings/.Settings,420,420]
01-26 06:23:19.258   892   892 I free_storage_changed: 6444056576
01-26 06:23:19.480   892   924 I am_proc_start: [0,6207,10044,com.htc.sense.hsp,service,com.htc.sense.hsp/.weather.location.AutoSettingService]
01-26 06:23:19.481   892  9715 I am_proc_bound: [0,6207,com.htc.sense.hsp]
01-26 06:23:19.869   892   892 I notification_cancel: [10044,6207,com.htc.sense.hsp,2131361907,NULL,0,0,64,8,NULL]
01-26 06:23:22.954   892   912 I am_proc_start: [0,6298,10041,com.htc.mobiledata:remote,service,com.htc.mobiledata/.MobileDataService]
01-26 06:23:22.972   892   913 I am_proc_bound: [0,6298,com.htc.mobiledata:remote]
01-26 06:23:23.396   892   892 I notification_cancel: [10092,21902,com.facebook.katana,714499313,com.facebook.rti.mqtt.common.analytics.MqttDiagnosticNotification,0,0,64,8,NULL]
01-26 06:23:23.402  1992  4639 I gtalk_conn_close: [20,42]
01-26 06:23:23.409   892   892 I notification_cancel: [1001,1623,com.android.phone,9,NULL,0,0,64,8,NULL]
01-26 06:23:23.409   892   892 I notification_cancel: [1001,1623,com.android.phone,10,NULL,0,0,64,8,NULL]
01-26 06:23:23.467   892   892 I notification_cancel: [10092,21902,com.facebook.katana,714499313,com.facebook.rti.mqtt.common.analytics.MqttDiagnosticNotification,0,0,64,8,NULL]
01-26 06:23:23.473   892   923 I am_proc_start: [0,6350,10008,com.htc.bgp,broadcast,com.htc.flexnet/.AndroidIntentReceiver]
01-26 06:23:23.492  1623 23011 I content_query_sample: [content://gsmapn/siminfo,_id,,,181,com.android.phone,37]
01-26 06:23:23.495   892  1045 I netstats_mobile_sample: [232505401,259887,24323756,208120,232512121,259931,24374137,208453,232512121,259931,24367417,208409,-1]
01-26 06:23:23.496   892  1045 I netstats_wifi_sample: [69898299,102361,7717523,78132,68400194,101228,6687736,73362,67779335,98941,6682680,73314,-1]
01-26 06:23:23.517  1623 23011 I content_query_sample: [content://telephony/siminfo,_id,,,208,com.android.phone,42]
01-26 06:23:23.529   892   892 I notification_cancel: [10092,21902,com.facebook.katana,714499313,com.facebook.rti.mqtt.common.analytics.MqttDiagnosticNotification,0,0,64,8,NULL]
01-26 06:23:23.530   892  1045 I netstats_mobile_sample: [232505401,259887,24323756,208120,232512121,259931,24374137,208453,232512121,259931,24367417,208409,-1]
01-26 06:23:23.531   892  1045 I netstats_wifi_sample: [69898299,102361,7717523,78132,68400194,101228,6687736,73362,67779335,98941,6682680,73314,-1]
01-26 06:23:23.581   892  1622 I am_proc_bound: [0,6350,com.htc.bgp]
01-26 06:23:23.783   892   892 I notification_cancel: [1000,892,android,394,CaptivePortal.Notification,0,0,0,8,NULL]
01-26 06:23:23.830   892   892 I notification_cancel: [10092,21902,com.facebook.katana,10011,NULL,0,0,64,8,NULL]
01-26 06:23:23.864   892   913 I am_proc_start: [0,6401,10013,android.process.media,broadcast,com.android.providers.downloads/.DownloadReceiver]
01-26 06:23:23.891   892  1570 I am_proc_bound: [0,6401,android.process.media]
01-26 06:23:23.980   892  9714 I notification_cancel_all: [10013,6401,com.android.providers.downloads,0,0,64,9,NULL]
01-26 06:23:24.020   892  1594 I am_proc_start: [0,6430,10053,com.htc.android.mail:sync,broadcast,com.htc.android.mail/.eassvc.EASEventReceiver]
01-26 06:23:24.074   892  1295 I am_proc_bound: [0,6430,com.htc.android.mail:sync]
01-26 06:23:24.132   892  1759 I am_proc_died: [0,5021,com.android.vending]
01-26 06:23:24.264   892  1622 I am_proc_start: [0,6454,10064,com.google.android.setupwizard,broadcast,com.google.android.setupwizard/.carrier.MobileConnectivityChangeReceiver]
01-26 06:23:24.281   892  1738 I am_proc_bound: [0,6454,com.google.android.setupwizard]
01-26 06:23:24.388   892  2364 I am_proc_start: [0,6478,10068,com.htc.updater,broadcast,com.htc.updater/.download.DownloadReceiver]
01-26 06:23:24.389   892  1267 I am_proc_died: [0,6144,com.google.process.gapps]
01-26 06:23:24.406   892  2364 I am_proc_bound: [0,6478,com.htc.updater]
01-26 06:23:24.527   892  1571 I am_proc_start: [0,6514,10122,com.google.android.apps.magazines,broadcast,com.google.android.apps.magazines/com.google.apps.dots.android.newsstand.appwidget.NewsWidgetProvider]
01-26 06:23:24.572   892  1594 I am_proc_bound: [0,6514,com.google.android.apps.magazines]
01-26 06:23:24.602   892  1595 I am_proc_died: [0,6298,com.htc.mobiledata:remote]
01-26 06:23:24.956   892  1594 I am_proc_start: [0,6552,10020,com.google.process.gapps,content provider,com.google.android.gsf/.gservices.GservicesProvider]
01-26 06:23:24.971   892   913 I am_proc_bound: [0,6552,com.google.process.gapps]
01-26 06:23:25.069  6514  6514 I binder_sample: [android.app.IActivityManager,29,147,com.google.android.apps.magazines,29]
01-26 06:23:25.334  6514  6624 I content_query_sample: [content://com.google.settings/partner,value,name=?,,9,com.google.android.apps.magazines,2]
01-26 06:23:25.387   892  2293 I am_proc_start: [0,6630,10081,com.android.chrome,broadcast,com.android.chrome/org.chromium.content.browser.BackgroundSyncLauncherService$Receiver]
01-26 06:23:25.410   892  9714 I am_proc_bound: [0,6630,com.android.chrome]
01-26 06:23:25.472   892   912 I am_proc_died: [0,6049,com.htc.mobiledata]
01-26 06:23:25.566   892  1595 I am_proc_start: [0,6658,10129,com.google.android.apps.photos,broadcast,com.google.android.apps.photos/.actionqueue.SystemReceiver]
01-26 06:23:25.636   892  1570 I am_proc_died: [0,6401,android.process.media]
01-26 06:23:25.637   892   923 I am_proc_bound: [0,6658,com.google.android.apps.photos]
01-26 06:23:26.221   892  2364 I am_proc_start: [0,6700,10131,com.google.android.apps.plus,broadcast,com.google.android.apps.plus/com.google.android.libraries.social.autobackup.AutoBackupEnvironment$ConnectivityReceiver]
01-26 06:23:26.232   892   892 I notification_cancel: [10129,6658,com.google.android.apps.photos,10436,NULL,0,0,64,8,NULL]
01-26 06:23:26.250   892  1295 I am_proc_bound: [0,6700,com.google.android.apps.plus]
01-26 06:23:26.272   892  1267 I am_proc_died: [0,6350,com.htc.bgp]
01-26 06:23:26.329   892  1295 I am_proc_start: [0,6728,10013,android.process.media,content provider,com.android.providers.media/.MediaProvider]
01-26 06:23:26.357   892  1738 I am_proc_bound: [0,6728,android.process.media]
01-26 06:23:26.378   892   892 I notification_cancel: [10015,1153,com.android.systemui,100,low_battery,-1,0,64,8,NULL]
01-26 06:23:26.378   892   892 I notification_cancel: [10015,1153,com.android.systemui,2130838302,power_saver,-1,0,64,8,NULL]
01-26 06:23:26.457   892  1570 I notification_cancel_all: [10013,6728,com.android.providers.downloads,0,0,64,9,NULL]
01-26 06:23:26.633  6700  6759 I content_query_sample: [content://com.google.android.apps.plus.iu.EsGoogleIuProvider/settings,auto_upload_enabled/auto_upload_account_id,,,33,com.google.android.apps.plus,7]
01-26 06:23:26.659   892   923 I am_proc_start: [0,6764,10008,com.htc.bgp,broadcast,com.htc.flexnet/.SystemIntentReceiver]
01-26 06:23:26.689   892  1295 I am_proc_bound: [0,6764,com.htc.bgp]
01-26 06:23:26.721   892  1570 I am_proc_died: [0,6430,com.htc.android.mail:sync]
01-26 06:23:26.808   892  1595 I am_proc_start: [0,6806,10053,com.htc.android.mail:sync,broadcast,com.htc.android.mail/.eassvc.EASEventReceiver]
01-26 06:23:26.821   892  2364 I am_proc_bound: [0,6806,com.htc.android.mail:sync]
01-26 06:23:27.044   892  1594 I am_proc_start: [0,6830,10081,com.android.chrome,broadcast,com.android.chrome/org.chromium.content.browser.BackgroundSyncLauncherService$Receiver]
01-26 06:23:27.059   892  1595 I am_proc_bound: [0,6830,com.android.chrome]
01-26 06:23:27.176   892  1267 I am_proc_start: [0,6855,10007,com.htc.calendar,broadcast,com.htc.calendar/.ProviderChangeReceiver]
01-26 06:23:27.197   892   923 I am_proc_bound: [0,6855,com.htc.calendar]
01-26 06:23:27.319   892   892 I notification_cancel: [10007,6855,com.htc.calendar,1,NULL,0,0,64,8,NULL]
01-26 06:23:27.343   892   913 I am_proc_died: [0,6552,com.google.process.gapps]
01-26 06:23:27.836   892   892 I notification_cancel: [10007,6855,com.htc.calendar,1,NULL,0,0,64,8,NULL]
01-26 06:23:32.975  1992  6963 I gtalk_connection: 16974847
01-26 06:23:36.383   892   892 I notification_cancel: [10015,1153,com.android.systemui,100,low_battery,-1,0,64,8,NULL]
01-26 06:23:36.387   892   892 I notification_cancel: [10015,1153,com.android.systemui,2130838302,power_saver,-1,0,64,8,NULL]
01-26 06:23:36.403   892   892 I notification_cancel: [1000,5833,com.android.settings,17301624,NULL,0,0,0,8,NULL]
01-26 06:23:46.393   892   892 I notification_cancel: [10015,1153,com.android.systemui,100,low_battery,-1,0,64,8,NULL]
01-26 06:23:46.394   892   892 I notification_cancel: [10015,1153,com.android.systemui,2130838302,power_saver,-1,0,64,8,NULL]
01-26 06:23:46.446   892   892 I notification_cancel: [1000,5833,com.android.settings,17301624,NULL,0,0,0,8,NULL]
01-26 06:23:47.805   892   923 I am_proc_start: [0,7197,10041,com.htc.mobiledata,content provider,com.htc.mobiledata/.MobileDataProvider]
01-26 06:23:47.822   892   913 I am_proc_bound: [0,7197,com.htc.mobiledata]
01-26 06:23:47.924   892  1738 I am_proc_start: [0,7220,10041,com.htc.mobiledata:remote,service,com.htc.mobiledata/.MobileDataService]
01-26 06:23:47.943   892  1267 I am_proc_bound: [0,7220,com.htc.mobiledata:remote]
01-26 06:23:48.054   892   913 I am_proc_died: [0,6728,android.process.media]
01-26 06:23:49.259   892   892 I free_storage_changed: 6452961280
01-26 06:23:52.041  1992  7298 I gtalk_connection: 16974847
01-26 06:23:56.378   892   892 I notification_cancel: [10015,1153,com.android.systemui,100,low_battery,-1,0,64,8,NULL]
01-26 06:23:56.408   892   892 I notification_cancel: [10015,1153,com.android.systemui,2130838302,power_saver,-1,0,64,8,NULL]
01-26 06:24:06.390   892   892 I notification_cancel: [10015,1153,com.android.systemui,100,low_battery,-1,0,64,8,NULL]
01-26 06:24:06.407   892   892 I notification_cancel: [10015,1153,com.android.systemui,2130838302,power_saver,-1,0,64,8,NULL]
01-26 06:24:06.467   892   892 I notification_cancel: [1000,5833,com.android.settings,17301624,NULL,0,0,0,8,NULL]
01-26 06:24:16.415   892   892 I notification_cancel: [10015,1153,com.android.systemui,100,low_battery,-1,0,64,8,NULL]
01-26 06:24:16.415   892   892 I notification_cancel: [10015,1153,com.android.systemui,2130838302,power_saver,-1,0,64,8,NULL]
01-26 06:24:16.469   892   892 I notification_cancel: [1000,5833,com.android.settings,17301624,NULL,0,0,0,8,NULL]
01-26 06:24:19.261   892   892 I free_storage_changed: 6450765824
01-26 06:24:24.711  1623  1623 I binder_sample: [com.android.internal.telephony.ITelephonyRegistry,10,53,com.android.phone,10]
01-26 06:24:26.368   892   892 I notification_cancel: [10015,1153,com.android.systemui,100,low_battery,-1,0,64,8,NULL]
01-26 06:24:26.369   892   892 I notification_cancel: [10015,1153,com.android.systemui,2130838302,power_saver,-1,0,64,8,NULL]
01-26 06:24:30.154  1992  7857 I gtalk_connection: 16974847
01-26 06:24:35.440   892  1021 I am_proc_start: [0,7944,10055,com.htc.sense.mms,service,com.htc.sense.mms/.transaction.TransactionService]
01-26 06:24:35.458   892  1595 I am_proc_bound: [0,7944,com.htc.sense.mms]
01-26 06:24:35.574   892  1622 I am_proc_died: [0,6514,com.google.android.apps.magazines]
01-26 06:24:35.717   892  2364 I am_proc_start: [0,7991,10055,com.htc.sense.mms:mms,service,com.htc.sense.mms/com.htc.messaging.service.MmsService]
01-26 06:24:35.756   892  9715 I am_proc_bound: [0,7991,com.htc.sense.mms:mms]
01-26 06:24:35.763  1623 13398 I content_query_sample: Binder:7944, Query uri:content://mms-sms/pending?protocol=mms, selection:err_type < ? AND due_time <= ?, selectionArgs:[Ljava.lang.String;@18390536
01-26 06:24:35.812   892   912 I am_proc_died: [0,6806,com.htc.android.mail:sync]
01-26 06:24:36.397   892   892 I notification_cancel: [10015,1153,com.android.systemui,100,low_battery,-1,0,64,8,NULL]
01-26 06:24:36.397   892   892 I notification_cancel: [10015,1153,com.android.systemui,2130838302,power_saver,-1,0,64,8,NULL]
01-26 06:24:36.421   892   892 I notification_cancel: [1000,5833,com.android.settings,17301624,NULL,0,0,0,8,NULL]
01-26 06:24:37.764  1623  2217 I content_query_sample: Binder:7944, Query uri:content://mms-sms-v2/rawQuery, selection:select count(1) from contact_threads where htc_category =1 or htc_category = 2, selectionArgs:null
01-26 06:24:37.772  1623 23011 I content_query_sample: Binder:7944, Query uri:content://mms-sms-v2/rawQuery, selection:select _id,msg_id from addr where (type = 129 or type = 130 or type = 151), selectionArgs:null
01-26 06:24:37.778  1623 13398 I content_query_sample: Binder:7944, Query uri:content://mms/part, selection:null, selectionArgs:null
01-26 06:24:37.783  1623 21544 I content_query_sample: Binder:7944, Query uri:content://mms/thread-allreport, selection:thread_id>0 AND m_id!= "" AND (m_type = 128 or m_type = 134 or m_type = 136), selectionArgs:null
01-26 06:24:37.789  1623  2220 I content_query_sample: Binder:7944, Query uri:content://sms, selection:body Like 'BEGIN:VCARD%' AND thread_id > 0 , selectionArgs:null
01-26 06:24:37.807  1623  2216 I content_query_sample: Binder:7944, Query uri:content://mms-sms-v2/rawQuery, selection:select count(1) from blocklist, selectionArgs:null
01-26 06:24:37.812  1623 21546 I content_query_sample: Binder:7944, Query uri:content://mms-sms-v2/rawQuery, selection:SELECT count(1) FROM sms WHERE date2 = 0, selectionArgs:null
01-26 06:24:37.818  1623 23011 I content_query_sample: Binder:7944, Query uri:content://mms-sms-v2/rawQuery, selection:SELECT count(1) FROM pdu WHERE date2 = 0, selectionArgs:null
01-26 06:24:37.854  1623 21544 I content_query_sample: Binder:7944, Query uri:content://mms-sms-v2/conversations?simple=true&formal=true&category=0, selection:null, selectionArgs:null
01-26 06:24:37.866  1623  2220 I content_query_sample: Binder:7991, Query uri:content://mms-sms-v2/rawQuery, selection:SELECT count(1) FROM sms WHERE date2 = 0, selectionArgs:null
01-26 06:24:37.871  1623 31880 I content_query_sample: Binder:7991, Query uri:content://mms-sms-v2/rawQuery, selection:select count(1) from contact_threads where htc_category =1 or htc_category = 2, selectionArgs:null
01-26 06:24:37.879  1623  2216 I content_query_sample: Binder:7991, Query uri:content://mms-sms-v2/rawQuery, selection:select _id,msg_id from addr where (type = 129 or type = 130 or type = 151), selectionArgs:null
01-26 06:24:37.883  1623  2086 I content_query_sample: Binder:7944, Query uri:content://mms-sms/draft?category=0, selection:null, selectionArgs:null
01-26 06:24:37.888  1623  4071 I content_query_sample: Binder:7991, Query uri:content://mms/part, selection:null, selectionArgs:null
01-26 06:24:37.894  1623  2086 I content_query_sample: Binder:7991, Query uri:content://mms-sms-v2/rawQuery, selection:SELECT count(1) FROM pdu WHERE date2 = 0, selectionArgs:null
01-26 06:24:37.900  1623  1644 I content_query_sample: Binder:7991, Query uri:content://mms-sms-v2/rawQuery, selection:select count(1) from blocklist, selectionArgs:null
01-26 06:24:37.904  1623 23011 I content_query_sample: Binder:7991, Query uri:content://mms/thread-allreport, selection:thread_id>0 AND m_id!= "" AND (m_type = 128 or m_type = 134 or m_type = 136), selectionArgs:null
01-26 06:24:37.911  1623 10406 I content_query_sample: Binder:7991, Query uri:content://mms-sms-v2/conversations?simple=true&formal=true&category=0, selection:null, selectionArgs:null
01-26 06:24:37.918  1623 31880 I content_query_sample: Binder:7991, Query uri:content://sms, selection:body Like 'BEGIN:VCARD%' AND thread_id > 0 , selectionArgs:null
01-26 06:24:37.925  1623 21544 I content_update_sample: Binder:7944, Update uri:content://mms, selection:st=129 AND m_type!=134, selectionArgs:null
01-26 06:24:37.943  1623  4071 I content_update_sample: Binder:7991, Update uri:content://mms, selection:st=129 AND m_type!=134, selectionArgs:null
01-26 06:24:37.945  1623 21546 I content_query_sample: Binder:7991, Query uri:content://mms-sms/draft?category=0, selection:null, selectionArgs:null
01-26 06:24:38.051   892  1595 I am_proc_died: [0,6478,com.htc.updater]
01-26 06:24:41.245   892  1570 I am_home_stack_moved: [0,0,1,1,startingNewTask]
01-26 06:24:41.245   892  1570 I wm_task_moved: [1822,1,10]
01-26 06:24:41.252   892  1570 I am_create_task: [0,1823]
01-26 06:24:41.252   892  1570 I am_create_activity: [0,993438261,1823,com.mediatek.connectivity/.CdsRadioMenuActivity,android.intent.action.MAIN,NULL,NULL,268435456]
01-26 06:24:41.254   892  1570 I wm_task_created: [1823,1]
01-26 06:24:41.254   892  1570 I wm_task_moved: [1823,1,11]
01-26 06:24:41.272   892  1570 I am_pause_activity: [0,581322703,com.android.settings/.Settings]
01-26 06:24:41.274  5833  5833 I am_on_paused_called: [0,com.android.settings.Settings]
01-26 06:24:41.275   892  1570 I am_home_stack_moved: [0,0,1,1,startedActivity setFocusedActivity]
01-26 06:24:41.282   892  1570 I am_focused_activity: [0,com.mediatek.connectivity/.CdsRadioMenuActivity]
01-26 06:24:41.287   892  1571 I am_restart_activity: [0,993438261,1823,com.mediatek.connectivity/.CdsRadioMenuActivity]
01-26 06:24:41.295   892  1571 I am_focused_activity: [0,com.mediatek.connectivity/.CdsRadioMenuActivity]
01-26 06:24:41.324  1623  1623 I am_on_resume_called: [0,com.mediatek.connectivity.CdsRadioMenuActivity]
01-26 06:24:41.360  1623  1623 I binder_sample: [android.view.IWindowSession,6,19,com.android.phone,3]
01-26 06:24:41.434   892   932 I am_activity_launch_time: [0,993438261,com.mediatek.connectivity/.CdsRadioMenuActivity,148,148]
01-26 06:24:41.473   341   341 I sf_frame_dur: [Starting com.mediatek.connectivity,0,1,0,0,0,0,0]
01-26 06:24:41.533   892  1738 I am_proc_died: [0,6454,com.google.android.setupwizard]
01-26 06:24:41.658   341   341 I sf_frame_dur: [com.android.settings/com.android.settings.Settings,69,4,0,1,0,2,2]
01-26 06:24:42.010   892  1595 I am_finish_activity: [0,993438261,1823,com.mediatek.connectivity/.CdsRadioMenuActivity,app-request]
01-26 06:24:42.011   892  1595 I am_home_stack_moved: [0,0,1,1,finishActivity adjustTopFocus setFocusedActivity]
01-26 06:24:42.013   892  1595 I am_focused_activity: [0,com.android.settings/.Settings]
01-26 06:24:42.029   892  1595 I am_pause_activity: [0,993438261,com.mediatek.connectivity/.CdsRadioMenuActivity]
01-26 06:24:42.030  1623  1623 I binder_sample: [android.app.IActivityManager,11,20,com.android.phone,4]
01-26 06:24:42.030  1623  1623 I am_on_paused_called: [0,com.mediatek.connectivity.CdsRadioMenuActivity]
01-26 06:24:42.033   892  2293 I am_resume_activity: [0,581322703,1822,com.android.settings/.Settings]
01-26 06:24:42.036   892  2293 I am_focused_activity: [0,com.android.settings/.Settings]
01-26 06:24:42.051  5833  5833 I am_on_resume_called: [0,com.android.settings.Settings]
01-26 06:24:42.092   892  2293 I am_proc_died: [0,6700,com.google.android.apps.plus]
01-26 06:24:42.401   892   926 I am_destroy_activity: [0,993438261,1823,com.mediatek.connectivity/.CdsRadioMenuActivity,finish-imm]
01-26 06:24:42.415   892  1759 I wm_task_removed: [1823,removeAppToken: last token]
01-26 06:24:42.415   892  1759 I wm_task_removed: [1823,removeTask]
01-26 06:24:42.416   341   341 I sf_frame_dur: [com.mediatek.connectivity/com.mediatek.connectivity.CdsRadioMenuActivity,0,0,0,0,1,0,0]
01-26 06:24:42.592   892  1570 I am_finish_activity: [0,581322703,1822,com.android.settings/.Settings,app-request]
01-26 06:24:42.594   892  1570 I am_home_stack_moved: [0,0,1,1,finishActivity adjustTopFocus setFocusedActivity]
01-26 06:24:42.596   892  1570 I am_focused_activity: [0,com.facebook.katana/com.facebook.composer.activity.ComposerActivity]
01-26 06:24:42.619   892  1570 I am_pause_activity: [0,581322703,com.android.settings/.Settings]
01-26 06:24:42.627  5833  5833 I am_on_paused_called: [0,com.android.settings.Settings]
01-26 06:24:42.660   892  9714 I am_resume_activity: [0,128451104,775,com.facebook.katana/com.facebook.composer.activity.ComposerActivity]
01-26 06:24:42.668   892  9714 I am_focused_activity: [0,com.facebook.katana/com.facebook.composer.activity.ComposerActivity]
01-26 06:24:42.726 21902 21902 I am_on_resume_called: [0,com.facebook.composer.activity.ComposerActivity]
01-26 06:24:42.949   892  1295 I am_proc_start: [0,8118,10020,com.google.process.gapps,content provider,com.google.android.gsf/.settings.GoogleSettingsProvider]
01-26 06:24:42.975   892   912 I am_proc_bound: [0,8118,com.google.process.gapps]
01-26 06:24:43.041   892   926 I am_destroy_activity: [0,581322703,1822,com.android.settings/.Settings,finish-imm]
01-26 06:24:43.057   341   341 I sf_frame_dur: [com.android.settings/com.android.settings.Settings,2,0,0,0,1,0,0]
01-26 06:24:43.078   892  2364 I wm_task_removed: [1822,removeAppToken: last token]
01-26 06:24:43.079   892  2364 I wm_task_removed: [1822,removeTask]
01-26 06:24:43.196   892  1570 I am_proc_died: [0,6830,com.android.chrome]
01-26 06:24:43.198  8118  8118 I binder_sample: [android.app.IActivityManager,12,92,com.google.process.gapps,18]
01-26 06:24:43.208  1992  6971 I force_gc: Binder
01-26 06:24:43.208  1992  2366 I content_query_sample: [content://com.google.settings/partner,value,name=?,,8,com.google.android.gms,2]
01-26 06:24:45.302   892  1295 I am_home_stack_moved: [0,0,1,1,startingNewTask]
01-26 06:24:45.303   892  1295 I wm_task_moved: [775,1,9]
01-26 06:24:45.307   892  1295 I am_create_task: [0,1824]
01-26 06:24:45.307   892  1295 I am_create_activity: [0,451461248,1824,com.mediatek.connectivity/.CdsRadioMenuActivity,android.intent.action.MAIN,NULL,NULL,268435456]
01-26 06:24:45.307   892  1295 I wm_task_created: [1824,1]
01-26 06:24:45.307   892  1295 I wm_task_moved: [1824,1,10]
01-26 06:24:45.329   892  1295 I am_pause_activity: [0,128451104,com.facebook.katana/com.facebook.composer.activity.ComposerActivity]
01-26 06:24:45.333   892  1295 I am_home_stack_moved: [0,0,1,1,startedActivity setFocusedActivity]
01-26 06:24:45.363   892  1295 I am_focused_activity: [0,com.mediatek.connectivity/.CdsRadioMenuActivity]
01-26 06:24:45.365 21902 21902 I am_on_paused_called: [0,com.facebook.composer.activity.ComposerActivity]
01-26 06:24:45.396   892  1571 I am_restart_activity: [0,451461248,1824,com.mediatek.connectivity/.CdsRadioMenuActivity]
01-26 06:24:45.402   892  1571 I am_focused_activity: [0,com.mediatek.connectivity/.CdsRadioMenuActivity]
01-26 06:24:45.435  1623  1623 I am_on_resume_called: [0,com.mediatek.connectivity.CdsRadioMenuActivity]
01-26 06:24:45.505   892  9714 I am_proc_died: [0,6207,com.htc.sense.hsp]
01-26 06:24:45.605   892   924 I am_proc_start: [0,8149,10044,com.htc.sense.hsp,service,com.htc.sense.hsp/.weather.location.AutoSettingService]
01-26 06:24:45.606   892   932 I am_activity_launch_time: [0,451461248,com.mediatek.connectivity/.CdsRadioMenuActivity,239,239]
01-26 06:24:45.702   892  1594 I am_proc_died: [0,6658,com.google.android.apps.photos]
01-26 06:24:45.702   341   341 I sf_frame_dur: [com.facebook.katana/com.facebook.composer.activity.ComposerActivity,4,1,0,1,0,0,1]
01-26 06:24:45.751   892  1571 I am_proc_bound: [0,8149,com.htc.sense.hsp]
01-26 06:24:46.350   892  1571 I am_home_stack_moved: [0,0,1,1,sourceStackToFront]
01-26 06:24:46.350   892  1571 I wm_task_moved: [1824,1,10]
01-26 06:24:46.354   892  1571 I am_create_activity: [0,834137457,1824,com.mediatek.connectivity/.CdsRadioInfoActivity,NULL,NULL,NULL,0]
01-26 06:24:46.355   892  1571 I am_pause_activity: [0,451461248,com.mediatek.connectivity/.CdsRadioMenuActivity]
