01-26 09:36:37.753 22078 22078 I binder_sample: [android.location.ILocationManager,32,20,com.google.android.gms.persistent,4]
01-26 09:36:37.803 21486 21528 I am_activity_launch_time: [0,612916619,com.mediatek.connectivity/.CdsRadioMenuActivity,194,194]
01-26 09:36:37.849 21486 22796 I am_proc_died: [0,9026,com.htc.mediamanager]
01-26 09:36:37.922   341   341 I sf_frame_dur: [tunein.player/tunein.ui.actvities.TuneInSearchActivity,0,0,0,2,0,0,0]
01-26 09:36:38.540 21486 22177 I am_home_stack_moved: [0,0,1,1,sourceStackToFront]
01-26 09:36:38.540 21486 22177 I wm_task_moved: [2116,1,5]
01-26 09:36:38.544 21486 22177 I am_create_activity: [0,494326324,2116,com.mediatek.connectivity/.CdsRadioInfoActivity,NULL,NULL,NULL,0]
01-26 09:36:38.546 21486 22177 I am_pause_activity: [0,612916619,com.mediatek.connectivity/.CdsRadioMenuActivity]
01-26 09:36:38.548 21486 22177 I am_home_stack_moved: [0,0,1,1,startedActivity setFocusedActivity]
01-26 09:36:38.551 21486 22177 I am_focused_activity: [0,com.mediatek.connectivity/.CdsRadioInfoActivity]
01-26 09:36:38.555 22179 22179 I am_on_paused_called: [0,com.mediatek.connectivity.CdsRadioMenuActivity]
01-26 09:36:38.558 21486 22178 I am_restart_activity: [0,494326324,2116,com.mediatek.connectivity/.CdsRadioInfoActivity]
01-26 09:36:38.562 21486 22178 I am_focused_activity: [0,com.mediatek.connectivity/.CdsRadioInfoActivity]
01-26 09:36:38.683 22179 22179 I am_on_resume_called: [0,com.mediatek.connectivity.CdsRadioInfoActivity]
01-26 09:36:38.714 21486 22796 I am_proc_died: [0,8609,com.google.android.apps.plus]
01-26 09:36:38.827 21486 21528 I am_activity_launch_time: [0,494326324,com.mediatek.connectivity/.CdsRadioInfoActivity,271,271]
01-26 09:36:38.883   341   341 I sf_frame_dur: [Starting com.mediatek.connectivity,1,0,0,0,0,0,0]
01-26 09:36:38.883   341   341 I sf_frame_dur: [com.mediatek.connectivity/com.mediatek.connectivity.CdsRadioMenuActivity,0,0,0,1,0,0,0]
01-26 09:36:45.242 22179 22179 I binder_sample: [android.view.IWindowSession,6,21,com.android.phone,4]
01-26 09:36:47.963 21486 21486 I free_storage_changed: 6068142080
01-26 09:36:52.027 21690 21690 I binder_sample: [com.android.internal.telephony.ISub,15,14,com.android.systemui,2]
01-26 09:36:55.646   341   341 I sf_frame_dur: [PopupWindow:3a24c7cd,0,2,0,0,0,0,0]
01-26 09:36:59.753 26197 26197 I binder_sample: [android.location.ILocationManager,32,8,com.htc.ate.engine,1]
01-26 09:37:01.308   341   341 I sf_frame_dur: [com.mediatek.connectivity/com.mediatek.connectivity.CdsRadioInfoActivity,14,0,0,0,1,1,0]
01-26 09:37:06.646 21486 21486 I notification_cancel: [10015,21690,com.android.systemui,100,low_battery,-1,0,64,8,NULL]
01-26 09:37:06.646 21486 21486 I notification_cancel: [10015,21690,com.android.systemui,2130838302,power_saver,-1,0,64,8,NULL]
01-26 09:37:17.965 21486 21486 I free_storage_changed: 5914779648
01-26 09:37:18.786 21486 21573 I netstats_mobile_sample: [9880102,13501,971062,9945,9880102,13501,975077,10012,9880102,13501,975077,10012,-1]
01-26 09:37:18.786 21486 21573 I netstats_wifi_sample: [18922123,26387,1884291,20494,18549013,26311,1625686,19125,18483932,25479,1623995,19106,-1]
01-26 09:37:26.801 21486 21486 I notification_cancel: [10015,21690,com.android.systemui,100,low_battery,-1,0,64,8,NULL]
01-26 09:37:26.801 21486 21486 I notification_cancel: [10015,21690,com.android.systemui,2130838302,power_saver,-1,0,64,8,NULL]
01-26 09:37:32.820 26197 26197 I binder_sample: [android.location.ILocationManager,32,32,com.htc.ate.engine,6]
01-26 09:37:47.966 21486 21486 I free_storage_changed: 6091747328
01-26 09:37:48.567 22179 22179 I binder_sample: [com.android.internal.telephony.ITelephonyRegistry,17,6,com.android.phone,1]
01-26 09:37:48.669 21486 22202 I am_proc_start: [0,9716,10041,com.htc.mobiledata:remote,service,com.htc.mobiledata/.MobileDataService]
01-26 09:37:48.674 22179 22179 I binder_sample: [com.android.internal.telephony.ITelephonyRegistry,17,46,com.android.phone,9]
01-26 09:37:48.715 21486 21507 I am_proc_bound: [0,9716,com.htc.mobiledata:remote]
01-26 09:37:48.857 21486 21486 I am_proc_start: [0,9743,1000,com.htc.htcpowermanager:remote,broadcast,com.htc.htcpowermanager/.battery.PowerUsageReceiver]
01-26 09:37:48.883 21486 22177 I am_proc_bound: [0,9743,com.htc.htcpowermanager:remote]
01-26 09:37:49.043 26197 26197 I binder_sample: [android.location.ILocationManager,32,5,com.htc.ate.engine,1]
01-26 09:37:49.055 21486 22203 I am_proc_start: [0,9770,10008,com.htc.bgp,broadcast,com.htc.flexnet/.AndroidIntentReceiver]
01-26 09:37:49.077 21486 21516 I am_proc_bound: [0,9770,com.htc.bgp]
01-26 09:37:50.461 21486 21518 I am_proc_start: [0,9828,10007,com.htc.calendar,broadcast,com.htc.calendar/.ProviderChangeReceiver]
01-26 09:37:50.486 21486 22129 I am_proc_bound: [0,9828,com.htc.calendar]
01-26 09:37:50.637 21486 21486 I notification_cancel: [10007,9828,com.htc.calendar,1,NULL,0,0,64,8,NULL]
01-26 09:37:51.410 21486 22251 I am_home_stack_moved: [0,0,1,1,startingNewTask]
01-26 09:37:51.410 21486 22251 I wm_task_moved: [2116,1,5]
01-26 09:37:51.416 21486 22251 I am_create_task: [0,2117]
01-26 09:37:51.416 21486 22251 I am_create_activity: [0,108864010,2117,com.htc.soundrecorder/.SoundRecorderBG,android.intent.action.MAIN,NULL,NULL,268435456]
01-26 09:37:51.417 21486 22251 I wm_task_created: [2117,1]
01-26 09:37:51.417 21486 22251 I wm_task_moved: [2117,1,6]
01-26 09:37:51.448 21486 22251 I am_pause_activity: [0,494326324,com.mediatek.connectivity/.CdsRadioInfoActivity]
01-26 09:37:51.450 22179 22179 I am_on_paused_called: [0,com.mediatek.connectivity.CdsRadioInfoActivity]
01-26 09:37:51.471 21486 22251 I am_home_stack_moved: [0,0,1,1,startedActivity setFocusedActivity]
01-26 09:37:51.475 21486 22251 I am_focused_activity: [0,com.htc.soundrecorder/.SoundRecorderBG]
01-26 09:37:51.521 21486 21516 I am_proc_start: [0,9879,10046,com.htc.soundrecorder,activity,com.htc.soundrecorder/.SoundRecorderBG]
01-26 09:37:51.538 21486 22154 I am_proc_bound: [0,9879,com.htc.soundrecorder]
01-26 09:37:51.543 21486 22154 I am_restart_activity: [0,108864010,2117,com.htc.soundrecorder/.SoundRecorderBG]
01-26 09:37:51.556 21486 22154 I am_focused_activity: [0,com.htc.soundrecorder/.SoundRecorderBG]
01-26 09:37:51.815   341   341 I sf_frame_dur: [com.mediatek.connectivity/com.mediatek.connectivity.CdsRadioInfoActivity,82,14,3,4,105,21,0]
01-26 09:37:51.928  9879  9879 I am_on_resume_called: [0,com.htc.soundrecorder.SoundRecorderBG]
01-26 09:37:52.146 21486 21528 I am_activity_launch_time: [0,108864010,com.htc.soundrecorder/.SoundRecorderBG,670,670]
01-26 09:37:52.185   341   341 I sf_frame_dur: [Starting com.htc.soundrecorder,0,0,1,0,0,0,0]
01-26 09:37:52.197 21486 21516 I am_proc_died: [0,9080,android.process.media]
01-26 09:37:52.274 21486 22129 I am_proc_start: [0,9925,10013,android.process.media,content provider,com.android.providers.media/.MediaProvider]
01-26 09:37:52.277 21486 21486 I notification_cancel: [10046,9879,com.htc.soundrecorder,1,NULL,0,0,64,8,NULL]
01-26 09:37:52.290 21486 21486 I notification_cancel: [10046,9879,com.htc.soundrecorder,2,NULL,0,0,64,8,NULL]
01-26 09:37:52.300 21486 21516 I am_proc_bound: [0,9925,android.process.media]
01-26 09:37:52.395 21486 22203 I notification_cancel_all: [10013,9925,com.android.providers.downloads,0,0,64,9,NULL]
01-26 09:37:54.766 21486 21486 I notification_cancel: [10046,9879,com.htc.soundrecorder,2,NULL,0,0,64,8,NULL]
01-26 09:37:55.039 21486 21486 I notification_cancel: [10046,9879,com.htc.soundrecorder,1,NULL,0,0,64,8,NULL]
01-26 09:37:55.106 21486 21486 I notification_enqueue: [10046,9879,com.htc.soundrecorder,1,NULL,0,Notification(pri=6 contentView=com.htc.soundrecorder/0x1090077 vibrate=null sound=null defaults=0x0 flags=0x42 color=0xff159a79 vis=PUBLIC features=0x1),0]
01-26 09:37:55.109 21486 21486 I notification_skip_beep_vibrate: [0,0,0,0,0,0,0,1,0,0]
01-26 09:37:55.109 21486 21486 I notification_skip_light: [1,0,1,0,0]
01-26 09:37:55.259 21486 21486 I notification_cancel: [10402,1877,tunein.player,51500515,NULL,0,0,64,8,NULL]
01-26 09:37:55.262 21486 21486 I notification_cancel: [1000,21486,tunein.player,51500515,NULL,0,0,0,8,NULL]
01-26 09:37:55.264 21486 21486 I notification_canceled: [0|tunein.player|51500515|null|10402,8]
01-26 09:37:55.265 21486 21486 I notification_light_decision: fully charge
01-26 09:37:55.266 21486 21486 I notification_light: [1,0xc800]
01-26 09:37:55.271 21486  7839 I notification_expansion: [0|com.htc.soundrecorder|1|null|10046,0,1]
01-26 09:37:56.070 21486 21486 I notification_cancel: [1000,21486,android,0,NULL,-1,0,0,8,NULL]
01-26 09:37:56.071 21486 21486 I notification_canceled: [-1|android|0|null|1000,8]
01-26 09:37:56.071 21486 21486 I notification_light_decision: fully charge
01-26 09:37:56.072 21486 21486 I notification_light: [1,0xc800]
01-26 09:37:56.556 21690 21690 I binder_sample: [,1,5,com.android.systemui,1]
01-26 09:37:56.637 22179 10030 I content_update_sample: Binder:22179, Delete uri:content://sms/icc-db/1, selection:null, selectionArgs:null
01-26 09:37:56.652 21486 21486 I notification_cancel: [1001,22179,com.android.phone,8903,NULL,0,0,64,8,NULL]
01-26 09:37:56.652 21486 21486 I notification_cancel: [1001,22179,com.android.phone,17,NULL,0,0,64,8,NULL]
01-26 09:37:56.652 21486 21486 I notification_cancel: [1001,22179,com.android.phone,19,NULL,0,0,64,8,NULL]
01-26 09:37:56.689 21486 21486 I notification_cancel: [10015,21690,com.android.systemui,100,low_battery,-1,0,64,8,NULL]
01-26 09:37:56.689 21486 21486 I notification_cancel: [10015,21690,com.android.systemui,2130838302,power_saver,-1,0,64,8,NULL]
01-26 09:37:56.799 21486 21486 I notification_cancel: [10008,9770,com.htc.CustomizationSetup,2131558478,SIM2StateChangeService,0,0,64,8,NULL]
01-26 09:37:56.866 21486 21506 I am_proc_start: [0,10040,10055,com.htc.sense.mms,broadcast,com.htc.sense.mms/.transaction.SmsReceiver]
01-26 09:37:56.895 21486 22228 I am_proc_died: [0,9743,com.htc.htcpowermanager:remote]
01-26 09:37:56.909 21486 23315 I am_proc_bound: [0,10040,com.htc.sense.mms]
01-26 09:37:57.037 21486 21486 I notification_cancel: [1001,22179,com.android.phone,19,NULL,0,0,64,8,NULL]
01-26 09:37:57.061 21486 21486 I notification_cancel: [1001,22179,com.android.phone,16,NULL,0,0,64,8,NULL]
01-26 09:37:57.133 22179 22179 I binder_sample: [com.android.internal.telephony.ITelephonyRegistry,10,15,com.android.phone,3]
01-26 09:37:57.159 21486 21486 I notification_cancel: [1001,22179,com.android.phone,19,NULL,0,0,64,8,NULL]
01-26 09:37:57.365 21486 22129 I am_proc_start: [0,10081,10058,com.htc.cs.pns,broadcast,com.htc.cs.pns/com.htc.lib1.cs.push.receiver.SimStateChangeReceiver]
01-26 09:37:57.394 21486 23315 I am_proc_bound: [0,10081,com.htc.cs.pns]
01-26 09:37:57.700 21486 21506 I am_proc_start: [0,10112,1000,com.android.settings,broadcast,com.android.settings/.framework.app.HtcSystemReceiver]
01-26 09:37:57.734 21486 21506 I am_proc_bound: [0,10112,com.android.settings]
01-26 09:37:58.050 21486 21486 I notification_cancel: [1000,10112,com.android.settings,17301624,NULL,0,0,0,8,NULL]
01-26 09:37:58.212 21486 21507 I am_proc_died: [0,9716,com.htc.mobiledata:remote]
01-26 09:37:58.745 15005 15005 I binder_sample: [com.android.internal.telephony.ITelephonyRegistry,4,7,com.android.bluetooth,1]
01-26 09:37:58.872 22179 22179 I content_update_sample: [content://telephony/siminfo,update,_id=1,125,com.android.phone,26]
01-26 09:37:59.028 21486 21506 I am_proc_start: [0,10158,10041,com.htc.mobiledata:remote,service,com.htc.mobiledata/.MobileDataService]
01-26 09:37:59.063 21486 22202 I am_proc_bound: [0,10158,com.htc.mobiledata:remote]
01-26 09:37:59.148 21486 21486 I notification_cancel: [1001,22179,com.android.phone,16,NULL,0,0,64,8,NULL]
01-26 09:37:59.151 21486 21486 I notification_cancel: [1001,22179,com.android.phone,21,NULL,0,0,64,8,NULL]
01-26 09:37:59.356 21486 21486 I binder_sample: [com.android.internal.telephony.ITelephony,100,8,system_server,1]
01-26 09:37:59.382 22179 22693 I content_query_sample: Binder:10040, Query uri:content://mms-sms-v2/rawQuery, selection:select count(1) from contact_threads where htc_category =1 or htc_category = 2, selectionArgs:null
01-26 09:37:59.395 22179 32544 I content_query_sample: Binder:10040, Query uri:content://mms-sms-v2/rawQuery, selection:select _id,msg_id from addr where (type = 129 or type = 130 or type = 151), selectionArgs:null
01-26 09:37:59.414 22179 32543 I content_query_sample: Binder:10040, Query uri:content://mms/part, selection:null, selectionArgs:null
01-26 09:37:59.435 22179 32544 I content_query_sample: Binder:10040, Query uri:content://mms-sms-v2/rawQuery, selection:SELECT count(1) FROM sms WHERE date2 = 0, selectionArgs:null
01-26 09:37:59.443 22179 10210 I content_update_sample: Binder:22179, Delete uri:content://sms/icc-db/0, selection:null, selectionArgs:null
01-26 09:37:59.444 22179 32542 I content_query_sample: Binder:10040, Query uri:content://mms-sms-v2/rawQuery, selection:select count(1) from blocklist, selectionArgs:null
01-26 09:37:59.445 21486 21486 I notification_cancel: [1001,22179,com.android.phone,19,NULL,0,0,64,8,NULL]
01-26 09:37:59.452 22179 22693 I content_query_sample: Binder:10040, Query uri:content://mms/thread-allreport, selection:thread_id>0 AND m_id!= "" AND (m_type = 128 or m_type = 134 or m_type = 136), selectionArgs:null
01-26 09:37:59.462 22179 22912 I content_query_sample: Binder:10040, Query uri:content://sms, selection:body Like 'BEGIN:VCARD%' AND thread_id > 0 , selectionArgs:null
01-26 09:37:59.477 22179 22912 I content_query_sample: Binder:10040, Query uri:content://mms-sms-v2/rawQuery, selection:SELECT count(1) FROM pdu WHERE date2 = 0, selectionArgs:null
01-26 09:37:59.493 22179 22913 I content_query_sample: Binder:10040, Query uri:content://mms-sms-v2/conversations?simple=true&formal=true&category=0, selection:null, selectionArgs:null
01-26 09:37:59.504 22179 22912 I content_query_sample: Binder:10040, Query uri:content://mms-sms/draft?category=0, selection:null, selectionArgs:null
01-26 09:37:59.532 22179 22912 I content_update_sample: Binder:10040, Update uri:content://mms, selection:st=129 AND m_type!=134, selectionArgs:null
01-26 09:37:59.567 21486 22228 I binder_sample: [,1,6,system_server,1]
01-26 09:38:02.658 22431 10275 I content_query_sample: [content://icc/phonebook/subId/1,name/number/hidden/recordNumber/number1/number2/emails,,,684,com.android.providers.contacts,100]
01-26 09:38:04.682 15005 15005 I binder_sample: [com.android.internal.telephony.ITelephony,50,5,com.android.bluetooth,1]
01-26 09:38:06.682 21486 21486 I notification_cancel: [10015,21690,com.android.systemui,100,low_battery,-1,0,64,8,NULL]
01-26 09:38:06.682 21486 21486 I notification_cancel: [10015,21690,com.android.systemui,2130838302,power_saver,-1,0,64,8,NULL]
01-26 09:38:06.754 21486 21486 I notification_cancel: [1000,10112,com.android.settings,17301624,NULL,0,0,0,8,NULL]
01-26 09:38:10.734 26197 26197 I binder_sample: [android.location.ILocationManager,32,5,com.htc.ate.engine,1]
01-26 09:38:11.967 22179 22179 I binder_sample: [com.android.internal.telephony.ITelephonyRegistry,10,63,com.android.phone,12]
01-26 09:38:15.618 21486 21486 I notification_cancel: [1000,10112,com.android.settings,2130837975,NULL,0,0,0,8,NULL]
01-26 09:38:15.624 21486 21486 I notification_cancel: [1000,10112,com.android.settings,2130837975,NULL,0,0,0,8,NULL]
01-26 09:38:16.234 21486 22202 I am_finish_activity: [0,108864010,2117,com.htc.soundrecorder/.SoundRecorderBG,app-request]
01-26 09:38:16.238 21486 22202 I am_home_stack_moved: [0,0,1,1,finishActivity adjustTopFocus setFocusedActivity]
01-26 09:38:16.244 21486 22202 I am_focused_activity: [0,com.mediatek.connectivity/.CdsRadioInfoActivity]
01-26 09:38:16.263 21486 22202 I am_pause_activity: [0,108864010,com.htc.soundrecorder/.SoundRecorderBG]
01-26 09:38:16.268  9879  9879 I am_on_paused_called: [0,com.htc.soundrecorder.SoundRecorderBG]
01-26 09:38:16.271 21486 22177 I am_resume_activity: [0,494326324,2116,com.mediatek.connectivity/.CdsRadioInfoActivity]
01-26 09:38:16.274 21486 22177 I am_focused_activity: [0,com.mediatek.connectivity/.CdsRadioInfoActivity]
01-26 09:38:16.299 22179 22179 I am_on_resume_called: [0,com.mediatek.connectivity.CdsRadioInfoActivity]
01-26 09:38:16.649 21486 21518 I am_destroy_activity: [0,108864010,2117,com.htc.soundrecorder/.SoundRecorderBG,finish-imm]
01-26 09:38:16.665 21486 21486 I notification_cancel: [10015,21690,com.android.systemui,100,low_battery,-1,0,64,8,NULL]
01-26 09:38:16.665 21486 21486 I notification_cancel: [10015,21690,com.android.systemui,2130838302,power_saver,-1,0,64,8,NULL]
01-26 09:38:16.666   341   341 I sf_frame_dur: [com.htc.soundrecorder/com.htc.soundrecorder.SoundRecorderBG,24,53,144,43,2,0,1]
01-26 09:38:16.683 21486 21486 I notification_cancel: [1000,10112,com.android.settings,17301624,NULL,0,0,0,8,NULL]
01-26 09:38:16.688 21486 22202 I wm_task_removed: [2117,removeAppToken: last token]
01-26 09:38:16.688 21486 22202 I wm_task_removed: [2117,removeTask]
01-26 09:38:16.935 21486  7839 I am_finish_activity: [0,494326324,2116,com.mediatek.connectivity/.CdsRadioInfoActivity,app-request]
01-26 09:38:16.936 21486  7839 I am_home_stack_moved: [0,0,1,1,finishActivity adjustTopFocus setFocusedActivity]
01-26 09:38:16.939 21486  7839 I am_focused_activity: [0,com.mediatek.connectivity/.CdsRadioMenuActivity]
01-26 09:38:16.939 21486  7839 I am_pause_activity: [0,494326324,com.mediatek.connectivity/.CdsRadioInfoActivity]
01-26 09:38:16.943 22179 22179 I am_on_paused_called: [0,com.mediatek.connectivity.CdsRadioInfoActivity]
01-26 09:38:16.946 21486 22202 I am_resume_activity: [0,612916619,2116,com.mediatek.connectivity/.CdsRadioMenuActivity]
01-26 09:38:16.949 21486 22202 I am_focused_activity: [0,com.mediatek.connectivity/.CdsRadioMenuActivity]
01-26 09:38:16.952 22179 22179 I am_on_resume_called: [0,com.mediatek.connectivity.CdsRadioMenuActivity]
01-26 09:38:17.290 21486 21518 I am_destroy_activity: [0,494326324,2116,com.mediatek.connectivity/.CdsRadioInfoActivity,finish-imm]
01-26 09:38:17.305   341   341 I sf_frame_dur: [com.mediatek.connectivity/com.mediatek.connectivity.CdsRadioInfoActivity,0,0,1,0,0,0,0]
01-26 09:38:17.612 21486 23315 I am_finish_activity: [0,612916619,2116,com.mediatek.connectivity/.CdsRadioMenuActivity,app-request]
01-26 09:38:17.621 21486 23315 I am_home_stack_moved: [0,0,1,1,finishActivity adjustTopFocus setFocusedActivity]
01-26 09:38:17.629 21486 23315 I am_focused_activity: [0,tunein.player/tunein.ui.actvities.TuneInSearchActivity]
01-26 09:38:17.652 21486 23315 I am_pause_activity: [0,612916619,com.mediatek.connectivity/.CdsRadioMenuActivity]
01-26 09:38:17.654 22179 22179 I am_on_paused_called: [0,com.mediatek.connectivity.CdsRadioMenuActivity]
01-26 09:38:17.660 21486 22177 I am_resume_activity: [0,838385445,2005,tunein.player/tunein.ui.actvities.TuneInSearchActivity]
01-26 09:38:17.664 21486 22177 I am_focused_activity: [0,tunein.player/tunein.ui.actvities.TuneInSearchActivity]
01-26 09:38:17.766 30896 30896 I am_on_resume_called: [0,tunein.ui.actvities.TuneInSearchActivity]
01-26 09:38:17.967 21486 21486 I free_storage_changed: 6077796352
01-26 09:38:17.987 30896 30896 I content_query_sample: [content://tunein.player.settingsprovider/prefs_default/get_boolean/recording_enabled,,,,0,tunein.player,1]
01-26 09:38:18.198 21486 21518 I am_destroy_activity: [0,612916619,2116,com.mediatek.connectivity/.CdsRadioMenuActivity,finish-imm]
01-26 09:38:18.219 21486 21516 I wm_task_removed: [2116,removeAppToken: last token]
01-26 09:38:18.219 21486 21516 I wm_task_removed: [2116,removeTask]
01-26 09:38:20.091 21486 22074 I am_home_stack_moved: [0,0,1,1,startingNewTask]
01-26 09:38:20.092 21486 22074 I wm_task_moved: [2005,1,4]
01-26 09:38:20.095 21486 22074 I am_create_task: [0,2118]
01-26 09:38:20.095 21486 22074 I am_create_activity: [0,12522475,2118,com.android.server.telecom/.CallActivity,android.intent.action.CALL,NULL,tel:xxxxxxxxxx,276824064]
01-26 09:38:20.095 21486 22074 I wm_task_created: [2118,1]
01-26 09:38:20.095 21486 22074 I wm_task_moved: [2118,1,5]
01-26 09:38:20.112 21486 22074 I am_pause_activity: [0,838385445,tunein.player/tunein.ui.actvities.TuneInSearchActivity]
01-26 09:38:20.114 21486 22074 I am_home_stack_moved: [0,0,1,1,startedActivity setFocusedActivity]
01-26 09:38:20.117 21486 22074 I am_focused_activity: [0,com.android.server.telecom/.CallActivity]
01-26 09:38:20.121 30896 30896 I am_on_paused_called: [0,tunein.ui.actvities.TuneInSearchActivity]
01-26 09:38:20.157 21486 23315 I am_proc_start: [0,10549,1000,com.android.server.telecom:ui,activity,com.android.server.telecom/.CallActivity]
01-26 09:38:20.177 21486 21507 I am_proc_bound: [0,10549,com.android.server.telecom:ui]
01-26 09:38:20.179 21486 21507 I am_restart_activity: [0,12522475,2118,com.android.server.telecom/.CallActivity]
01-26 09:38:20.182 21486 21507 I am_focused_activity: [0,com.android.server.telecom/.CallActivity]
01-26 09:38:20.265 21486 23315 I am_finish_activity: [0,12522475,2118,com.android.server.telecom/.CallActivity,app-request]
01-26 09:38:20.266 21486 23315 I am_home_stack_moved: [0,0,1,1,finishActivity adjustTopFocus setFocusedActivity]
01-26 09:38:20.268 21486 23315 I am_focused_activity: [0,tunein.player/tunein.ui.actvities.TuneInSearchActivity]
01-26 09:38:20.269 21486 23315 I am_pause_activity: [0,12522475,com.android.server.telecom/.CallActivity]
01-26 09:38:20.294 21486 22075 I am_resume_activity: [0,838385445,2005,tunein.player/tunein.ui.actvities.TuneInSearchActivity]
01-26 09:38:20.302 21486 22075 I am_focused_activity: [0,tunein.player/tunein.ui.actvities.TuneInSearchActivity]
01-26 09:38:20.352 30896 30896 I am_on_resume_called: [0,tunein.ui.actvities.TuneInSearchActivity]
01-26 09:38:20.373 21486 21516 I am_destroy_activity: [0,12522475,2118,com.android.server.telecom/.CallActivity,finish-idle]
01-26 09:38:20.377 21486 21506 I wm_task_removed: [2118,removeAppToken: last token]
01-26 09:38:20.377 21486 21506 I wm_task_removed: [2118,removeTask]
01-26 09:38:20.398 21486 22203 I am_home_stack_moved: [0,0,1,1,intentActivityFound]
01-26 09:38:20.398 21486 22203 I wm_task_moved: [2005,1,4]
01-26 09:38:20.401 21486 22203 I am_home_stack_moved: [0,0,1,1,bringingFoundTaskToFront]
01-26 09:38:20.401 21486 22203 I wm_task_moved: [1966,1,4]
01-26 09:38:20.423 21486 22203 I am_pause_activity: [0,838385445,tunein.player/tunein.ui.actvities.TuneInSearchActivity]
01-26 09:38:20.426 21486 22203 I am_task_to_front: [0,1966]
01-26 09:38:20.426 21486 22203 I am_new_intent: [0,641514476,1966,com.android.phone/.InCallScreen,android.intent.action.MAIN,NULL,NULL,272891904]
01-26 09:38:20.433 30896 30896 I am_on_paused_called: [0,tunein.ui.actvities.TuneInSearchActivity]
01-26 09:38:20.437 21486 22129 I am_resume_activity: [0,225416559,1966,com.android.phone/.InCallScreen]
01-26 09:38:20.440 21486 22129 I am_home_stack_moved: [0,0,1,1,completeResume setFocusedActivity]
01-26 09:38:20.443 21486 22129 I am_focused_activity: [0,com.android.phone/.InCallScreen]
01-26 09:38:20.617 21486 21486 I notification_cancel: [1001,22179,com.android.phone,2,NULL,0,0,64,8,NULL]
01-26 09:38:20.703 22179 22179 I [70301] : []
01-26 09:38:20.709 22179 22179 I am_on_resume_called: [0,com.android.phone.InCallScreen]
01-26 09:38:21.094 21486 21486 I notification_light_decision: fully charge
01-26 09:38:21.095 21486 21486 I notification_light: [1,0xc800]
01-26 09:38:21.164 21486 21518 I am_proc_start: [0,10591,1000,com.htc.htcpowermanager:remote,broadcast,com.htc.htcpowermanager/.PowerCommonReceiver]
01-26 09:38:21.180   341   341 I sf_frame_dur: [tunein.player/tunein.ui.actvities.TuneInSearchActivity,14,0,2,2,1,3,0]
01-26 09:38:21.199 21486 22129 I am_proc_bound: [0,10591,com.htc.htcpowermanager:remote]
01-26 09:38:21.752 22179 22179 I binder_sample: [android.media.IAudioService,19,279,com.android.phone,55]
01-26 09:38:21.912 21486 22154 I status_bar_disable: disable=0x40000 pkg=com.android.phone token=android.os.BinderProxy@32a04cd3
01-26 09:38:21.913 21690 21690 I sysui_statusbar_disable: disable: < expand icons ALERTS* system_info back home recent clock search >
01-26 09:38:21.914 21690 21690 I sysui_heads_up_status: [,0]
01-26 09:38:22.085 21486 21486 I notification_light_decision: fully charge
01-26 09:38:22.086 21486 21486 I notification_light: [1,0xc800]
01-26 09:38:22.091 21486 21486 I notification_cancel: [10046,9879,com.htc.soundrecorder,1,NULL,0,0,64,8,NULL]
01-26 09:38:22.091 21486 21486 I notification_enqueue: [10046,9879,com.htc.soundrecorder,1,NULL,0,Notification(pri=6 contentView=com.htc.soundrecorder/0x1090077 vibrate=null sound=null defaults=0x0 flags=0x42 color=0xff159a79 vis=PUBLIC features=0x1),1]
01-26 09:38:22.093 21486 21486 I notification_skip_beep_vibrate: [0,0,0,0,0,0,0,1,0,0]
01-26 09:38:22.093 21486 21486 I notification_skip_light: [1,0,1,0,0]
01-26 09:38:22.094 21486 21486 I notification_enqueue: [1001,22179,com.android.phone,2,NULL,0,Notification(pri=12 contentView=null vibrate=null sound=null defaults=0x0 flags=0x2 color=0xff0073c3 actions=1 vis=PRIVATE features=0x1),0]
01-26 09:38:22.095 21486 21486 I notification_skip_beep_vibrate: [0,0,0,0,0,0,0,1,0,0]
01-26 09:38:22.095 21486 21486 I notification_skip_light: [1,0,1,0,0]
01-26 09:38:22.096 21486 21486 I notification_enqueue: [1001,22179,com.android.phone,2,NULL,0,Notification(pri=12 contentView=null vibrate=null sound=null defaults=0x0 flags=0x2 color=0xff0073c3 actions=1 vis=PRIVATE features=0x1),1]
01-26 09:38:22.097 21486 21486 I notification_skip_beep_vibrate: [0,0,0,0,0,0,0,1,0,0]
01-26 09:38:22.097 21486 21486 I notification_skip_light: [1,0,1,0,0]
01-26 09:38:22.194 21486  7839 I notification_expansion: [0|com.android.phone|2|null|1001,0,1]
01-26 09:38:22.194 21486 22074 I notification_expansion: [0|com.htc.soundrecorder|1|null|10046,0,0]
01-26 09:38:22.503 22179 22179 I gsm_rat_switched_new: [20393251,14,3]
01-26 09:38:26.680 21486 21486 I notification_cancel: [10015,21690,com.android.systemui,100,low_battery,-1,0,64,8,NULL]
01-26 09:38:26.681 21486 21486 I notification_cancel: [10015,21690,com.android.systemui,2130838302,power_saver,-1,0,64,8,NULL]
01-26 09:38:26.706 21486 21486 I notification_cancel: [1000,10112,com.android.settings,17301624,NULL,0,0,0,8,NULL]
01-26 09:38:26.745 22078 22078 I binder_sample: [android.location.ILocationManager,32,15,com.google.android.gms.persistent,3]
01-26 09:38:33.491 21486 21486 I notification_cancel: [10092,3445,com.facebook.katana,714499313,com.facebook.rti.mqtt.common.analytics.MqttDiagnosticNotification,0,0,64,8,NULL]
01-26 09:38:33.690 21486 21486 I notification_cancel: [10092,3445,com.facebook.katana,714499313,com.facebook.rti.mqtt.common.analytics.MqttDiagnosticNotification,0,0,64,8,NULL]
01-26 09:38:35.391 22179 22179 I binder_sample: [com.android.internal.telephony.ITelephonyRegistry,10,73,com.android.phone,14]
01-26 09:38:36.701 21486 21486 I notification_cancel: [10015,21690,com.android.systemui,100,low_battery,-1,0,64,8,NULL]
01-26 09:38:36.702 21486 21486 I notification_cancel: [10015,21690,com.android.systemui,2130838302,power_saver,-1,0,64,8,NULL]
01-26 09:38:37.776 22078 22078 I binder_sample: [android.location.ILocationManager,32,19,com.google.android.gms.persistent,3]
01-26 09:38:46.694 21486 21486 I notification_cancel: [10015,21690,com.android.systemui,100,low_battery,-1,0,64,8,NULL]
01-26 09:38:46.695 21486 21486 I notification_cancel: [10015,21690,com.android.systemui,2130838302,power_saver,-1,0,64,8,NULL]
01-26 09:38:47.967 21486 21486 I free_storage_changed: 6051495936
01-26 09:38:53.292 22078 31853 I c2dm    : [0,NULL,2,2]
01-26 09:38:53.346 22078 31888 I c2dm    : [1,NULL,2,2]
01-26 09:38:55.428 22179 22179 I binder_sample: [com.android.internal.telephony.ITelephonyRegistry,10,96,com.android.phone,19]
01-26 09:38:56.677 21486 21486 I notification_cancel: [10015,21690,com.android.systemui,100,low_battery,-1,0,64,8,NULL]
01-26 09:38:56.692 21486 21486 I notification_cancel: [10015,21690,com.android.systemui,2130838302,power_saver,-1,0,64,8,NULL]
01-26 09:38:57.833 22078 22078 I binder_sample: [android.location.ILocationManager,32,26,com.google.android.gms.persistent,5]
01-26 09:39:05.421 22179 22179 I binder_sample: [com.android.internal.telephony.ITelephonyRegistry,10,82,com.android.phone,16]
01-26 09:39:06.684 21486 21486 I notification_cancel: [10015,21690,com.android.systemui,100,low_battery,-1,0,64,8,NULL]
01-26 09:39:06.685 21486 21486 I notification_cancel: [10015,21690,com.android.systemui,2130838302,power_saver,-1,0,64,8,NULL]
01-26 09:39:07.960 22179 22179 I binder_sample: [com.android.internal.telephony.ITelephonyRegistry,10,136,com.android.phone,27]
01-26 09:39:16.685 21486 21486 I notification_cancel: [10015,21690,com.android.systemui,100,low_battery,-1,0,64,8,NULL]
01-26 09:39:16.686 21486 21486 I notification_cancel: [10015,21690,com.android.systemui,2130838302,power_saver,-1,0,64,8,NULL]
01-26 09:39:17.943 22179 22179 I binder_sample: [com.android.internal.telephony.ITelephonyRegistry,10,120,com.android.phone,24]
01-26 09:39:17.968 21486 21486 I free_storage_changed: 6027853824
01-26 09:39:24.821 26197 26197 I binder_sample: [android.location.ILocationManager,32,6,com.htc.ate.engine,1]
01-26 09:39:24.836 22078 22078 I binder_sample: [android.location.ILocationManager,32,10,com.google.android.gms.persistent,2]
01-26 09:39:39.229 21486 22075 I am_home_stack_moved: [0,0,1,1,startingNewTask]
01-26 09:39:39.229 21486 22075 I wm_task_moved: [1966,1,4]
01-26 09:39:39.234 21486 22075 I am_create_task: [0,2119]
01-26 09:39:39.234 21486 22075 I am_create_activity: [0,861078131,2119,com.mediatek.connectivity/.CdsRadioMenuActivity,android.intent.action.MAIN,NULL,NULL,268435456]
01-26 09:39:39.236 21486 22075 I wm_task_created: [2119,1]
01-26 09:39:39.236 21486 22075 I wm_task_moved: [2119,1,5]
01-26 09:39:39.268 21486 22075 I am_pause_activity: [0,225416559,com.android.phone/.InCallScreen]
01-26 09:39:39.276 22179 22179 I [70302] : []
01-26 09:39:39.283 21486 22075 I am_home_stack_moved: [0,0,1,1,startedActivity setFocusedActivity]
01-26 09:39:39.286 21486 22075 I am_focused_activity: [0,com.mediatek.connectivity/.CdsRadioMenuActivity]
01-26 09:39:39.292 22179 22179 I am_on_paused_called: [0,com.android.phone.InCallScreen]
01-26 09:39:39.296 21486  7839 I am_restart_activity: [0,861078131,2119,com.mediatek.connectivity/.CdsRadioMenuActivity]
01-26 09:39:39.301 21486  7839 I am_focused_activity: [0,com.mediatek.connectivity/.CdsRadioMenuActivity]
01-26 09:39:39.354 22179 22179 I am_on_resume_called: [0,com.mediatek.connectivity.CdsRadioMenuActivity]
01-26 09:39:39.416 22179 22179 I binder_sample: [android.view.IWindowSession,6,30,com.android.phone,6]
01-26 09:39:39.532 21486 21528 I am_activity_launch_time: [0,861078131,com.mediatek.connectivity/.CdsRadioMenuActivity,237,79410]
01-26 09:39:39.587   341   341 I sf_frame_dur: [com.android.phone/com.android.phone.InCallScreen,2,0,2,0,1,2,1]
01-26 09:39:40.094 21486 22178 I am_finish_activity: [0,861078131,2119,com.mediatek.connectivity/.CdsRadioMenuActivity,app-request]
01-26 09:39:40.095 21486 22178 I am_home_stack_moved: [0,0,1,1,finishActivity adjustTopFocus setFocusedActivity]
01-26 09:39:40.097 21486 22178 I am_focused_activity: [0,com.android.phone/.InCallScreen]
01-26 09:39:40.116 21486 22178 I am_pause_activity: [0,861078131,com.mediatek.connectivity/.CdsRadioMenuActivity]
01-26 09:39:40.118 22179 22179 I am_on_paused_called: [0,com.mediatek.connectivity.CdsRadioMenuActivity]
01-26 09:39:40.120 21486 21506 I am_resume_activity: [0,225416559,1966,com.android.phone/.InCallScreen]
01-26 09:39:40.125 21486 21506 I am_focused_activity: [0,com.android.phone/.InCallScreen]
01-26 09:39:40.223 22179 22179 I [70301] : []
01-26 09:39:40.231 22179 22179 I am_on_resume_called: [0,com.android.phone.InCallScreen]
01-26 09:39:40.374 22179 22179 I binder_sample: [android.location.ICountryDetector,1,30,com.android.phone,6]
01-26 09:39:40.626 21486 22202 I am_destroy_activity: [0,861078131,2119,com.mediatek.connectivity/.CdsRadioMenuActivity,finish-imm]
01-26 09:39:40.642 21486 22251 I wm_task_removed: [2119,removeAppToken: last token]
01-26 09:39:40.642 21486 22251 I wm_task_removed: [2119,removeTask]
01-26 09:39:41.185 21486 22075 I wm_task_moved: [1966,0,0]
01-26 09:39:41.208 21486 22075 I am_pause_activity: [0,225416559,com.android.phone/.InCallScreen]
01-26 09:39:41.217 22179 22179 I [70302] : []
01-26 09:39:41.221 22179 22179 I am_on_paused_called: [0,com.android.phone.InCallScreen]
01-26 09:39:41.227 21486 22129 I am_resume_activity: [0,838385445,2005,tunein.player/tunein.ui.actvities.TuneInSearchActivity]
01-26 09:39:41.232 21486 22129 I am_home_stack_moved: [0,0,1,1,completeResume setFocusedActivity]
01-26 09:39:41.233 21486 22129 I am_focused_activity: [0,tunein.player/tunein.ui.actvities.TuneInSearchActivity]
01-26 09:39:41.292 30896 30896 I am_on_resume_called: [0,tunein.ui.actvities.TuneInSearchActivity]
01-26 09:39:41.298 30896 30896 I content_query_sample: [content://tunein.player.settingsprovider/prefs_default/get_string/refreshToken,,,,0,tunein.player,1]
01-26 09:39:43.706 21486 22203 I am_home_stack_moved: [0,0,1,1,startingNewTask]
01-26 09:39:43.706 21486 22203 I wm_task_moved: [2005,1,4]
01-26 09:39:43.720 21486 22203 I am_create_task: [0,2120]
01-26 09:39:43.721 21486 22203 I am_create_activity: [0,204178740,2120,com.mediatek.connectivity/.CdsRadioMenuActivity,android.intent.action.MAIN,NULL,NULL,268435456]
01-26 09:39:43.723 21486 22203 I wm_task_created: [2120,1]
01-26 09:39:43.723 21486 22203 I wm_task_moved: [2120,1,5]
01-26 09:39:43.745 22078 22078 I binder_sample: [android.location.ILocationManager,32,6,com.google.android.gms.persistent,1]
01-26 09:39:43.774 21486 22203 I am_pause_activity: [0,838385445,tunein.player/tunein.ui.actvities.TuneInSearchActivity]
01-26 09:39:43.787 21486 22203 I am_home_stack_moved: [0,0,1,1,startedActivity setFocusedActivity]
01-26 09:39:43.791 21486 22203 I am_focused_activity: [0,com.mediatek.connectivity/.CdsRadioMenuActivity]
01-26 09:39:43.796 30896 30896 I binder_sample: [tunein.player.ITuneInService,3,21,tunein.player,4]
01-26 09:39:43.797 30896 30896 I am_on_paused_called: [0,tunein.ui.actvities.TuneInSearchActivity]
01-26 09:39:43.801 21486 22075 I am_restart_activity: [0,204178740,2120,com.mediatek.connectivity/.CdsRadioMenuActivity]
01-26 09:39:43.804 21486 22075 I am_focused_activity: [0,com.mediatek.connectivity/.CdsRadioMenuActivity]
01-26 09:39:43.821 30896 30896 I binder_sample: [android.app.IActivityManager,19,24,tunein.player,4]
01-26 09:39:43.854 22179 22179 I am_on_resume_called: [0,com.mediatek.connectivity.CdsRadioMenuActivity]
01-26 09:39:43.984 21486 21528 I am_activity_launch_time: [0,204178740,com.mediatek.connectivity/.CdsRadioMenuActivity,185,185]
01-26 09:39:44.085   341   341 I sf_frame_dur: [tunein.player/tunein.ui.actvities.TuneInSearchActivity,14,0,1,1,0,1,0]
01-26 09:39:44.785 21486 22075 I am_home_stack_moved: [0,0,1,1,sourceStackToFront]
01-26 09:39:44.785 21486 22075 I wm_task_moved: [2120,1,5]
01-26 09:39:44.790 21486 22075 I am_create_activity: [0,309631038,2120,com.mediatek.connectivity/.CdsRadioInfoActivity,NULL,NULL,NULL,0]
01-26 09:39:44.795 21486 22075 I am_pause_activity: [0,204178740,com.mediatek.connectivity/.CdsRadioMenuActivity]
01-26 09:39:44.798 21486 22075 I am_home_stack_moved: [0,0,1,1,startedActivity setFocusedActivity]
01-26 09:39:44.802 21486 22075 I am_focused_activity: [0,com.mediatek.connectivity/.CdsRadioInfoActivity]
01-26 09:39:44.805 22179 22179 I am_on_paused_called: [0,com.mediatek.connectivity.CdsRadioMenuActivity]
01-26 09:39:44.812 21486 21516 I am_restart_activity: [0,309631038,2120,com.mediatek.connectivity/.CdsRadioInfoActivity]
01-26 09:39:44.837 21486 21516 I am_focused_activity: [0,com.mediatek.connectivity/.CdsRadioInfoActivity]
01-26 09:39:44.971 22179 22179 I am_on_resume_called: [0,com.mediatek.connectivity.CdsRadioInfoActivity]
01-26 09:39:45.144 21486 21528 I am_activity_launch_time: [0,309631038,com.mediatek.connectivity/.CdsRadioInfoActivity,338,338]
01-26 09:39:45.147   341   341 I sf_frame_dur: [com.mediatek.connectivity/com.mediatek.connectivity.CdsRadioMenuActivity,17,2,0,0,1,0,0]
01-26 09:39:45.181   341   341 I sf_frame_dur: [Starting com.mediatek.connectivity,0,1,0,0,0,0,0]
01-26 09:39:46.559 21884 21884 I binder_sample: [android.view.IWindowSession,6,12,com.htc.sense.ime,2]
01-26 09:39:46.663 21486 21486 I notification_cancel: [10015,21690,com.android.systemui,100,low_battery,-1,0,64,8,NULL]
01-26 09:39:46.663 21486 21486 I notification_cancel: [10015,21690,com.android.systemui,2130838302,power_saver,-1,0,64,8,NULL]
01-26 09:39:47.768 26197 26197 I binder_sample: [android.location.ILocationManager,32,18,com.htc.ate.engine,3]
01-26 09:39:47.968 21486 21486 I free_storage_changed: 6003888128
01-26 09:39:55.758 26197 26197 I binder_sample: [android.location.ILocationManager,32,8,com.htc.ate.engine,1]
01-26 09:39:56.676 21486 21486 I notification_cancel: [10015,21690,com.android.systemui,100,low_battery,-1,0,64,8,NULL]
01-26 09:39:56.701 21486 21486 I notification_cancel: [10015,21690,com.android.systemui,2130838302,power_saver,-1,0,64,8,NULL]
01-26 09:39:57.418 22179 22179 I binder_sample: [android.os.IPowerManager,1,9,com.android.phone,1]
01-26 09:39:59.613 21486 22251 I am_proc_start: [0,11719,10055,com.htc.sense.mms:mms,service,com.htc.sense.mms/com.htc.messaging.service.MmsService]
01-26 09:39:59.644 22179 22692 I content_query_sample: Binder:10040, Query uri:content://mms-sms/pending?protocol=mms, selection:err_type < ? AND due_time <= ?, selectionArgs:[Ljava.lang.String;@56dfa7f
01-26 09:39:59.648 10040 11717 I content_query_sample: [content://mms-sms/pending?protocol=mms,,err_type < ? AND due_time <= ?,due_time,5,com.htc.sense.mms,2]
01-26 09:39:59.661 21486 22074 I am_proc_bound: [0,11719,com.htc.sense.mms:mms]
01-26 09:39:59.957   341   341 I sf_frame_dur: [com.mediatek.connectivity/com.mediatek.connectivity.CdsRadioInfoActivity,14,0,0,0,1,1,0]
01-26 09:40:01.883 22179 22742 I content_query_sample: Binder:11719, Query uri:content://mms-sms-v2/rawQuery, selection:SELECT count(1) FROM sms WHERE date2 = 0, selectionArgs:null
01-26 09:40:01.890 22179 22662 I content_query_sample: Binder:11719, Query uri:content://mms-sms-v2/rawQuery, selection:select count(1) from contact_threads where htc_category =1 or htc_category = 2, selectionArgs:null
01-26 09:40:01.899 22179 22913 I content_query_sample: Binder:11719, Query uri:content://mms-sms-v2/rawQuery, selection:select _id,msg_id from addr where (type = 129 or type = 130 or type = 151), selectionArgs:null
01-26 09:40:01.907 22179 22693 I content_query_sample: Binder:11719, Query uri:content://mms/part, selection:null, selectionArgs:null
01-26 09:40:01.913 22179 22912 I content_query_sample: Binder:11719, Query uri:content://mms-sms-v2/rawQuery, selection:SELECT count(1) FROM pdu WHERE date2 = 0, selectionArgs:null
01-26 09:40:01.919 22179 32542 I content_query_sample: Binder:11719, Query uri:content://mms-sms-v2/rawQuery, selection:select count(1) from blocklist, selectionArgs:null
01-26 09:40:01.924 22179 22662 I content_query_sample: Binder:11719, Query uri:content://mms/thread-allreport, selection:thread_id>0 AND m_id!= "" AND (m_type = 128 or m_type = 134 or m_type = 136), selectionArgs:null
01-26 09:40:01.931 22179 22913 I content_query_sample: Binder:11719, Query uri:content://mms-sms-v2/conversations?simple=true&formal=true&category=0, selection:null, selectionArgs:null
01-26 09:40:01.938 22179 22692 I content_update_sample: Binder:11719, Update uri:content://mms, selection:st=129 AND m_type!=134, selectionArgs:null
01-26 09:40:01.947 22179 22693 I content_query_sample: Binder:11719, Query uri:content://sms, selection:body Like 'BEGIN:VCARD%' AND thread_id > 0 , selectionArgs:null
01-26 09:40:01.978 22179 22692 I content_query_sample: Binder:11719, Query uri:content://mms-sms/draft?category=0, selection:null, selectionArgs:null
01-26 09:40:06.670 21486 21486 I notification_cancel: [10015,21690,com.android.systemui,100,low_battery,-1,0,64,8,NULL]
01-26 09:40:06.670 21486 21486 I notification_cancel: [10015,21690,com.android.systemui,2130838302,power_saver,-1,0,64,8,NULL]
01-26 09:40:16.678 21486 21486 I notification_cancel: [10015,21690,com.android.systemui,100,low_battery,-1,0,64,8,NULL]
01-26 09:40:16.678 21486 21486 I notification_cancel: [10015,21690,com.android.systemui,2130838302,power_saver,-1,0,64,8,NULL]
01-26 09:40:17.970 21486 21486 I free_storage_changed: 5845221376
01-26 09:40:20.849 22078 22078 I binder_sample: [android.location.ILocationManager,32,50,com.google.android.gms.persistent,10]
01-26 09:40:26.673 21486 21486 I notification_cancel: [10015,21690,com.android.systemui,100,low_battery,-1,0,64,8,NULL]
01-26 09:40:26.678 21486 21486 I notification_cancel: [10015,21690,com.android.systemui,2130838302,power_saver,-1,0,64,8,NULL]
01-26 09:40:36.658 21486 21486 I notification_cancel: [10015,21690,com.android.systemui,100,low_battery,-1,0,64,8,NULL]
01-26 09:40:36.659 21486 21486 I notification_cancel: [10015,21690,com.android.systemui,2130838302,power_saver,-1,0,64,8,NULL]
01-26 09:40:42.755 26197 26197 I binder_sample: [android.location.ILocationManager,32,25,com.htc.ate.engine,5]
01-26 09:40:46.679 21486 21486 I notification_cancel: [10015,21690,com.android.systemui,100,low_battery,-1,0,64,8,NULL]
01-26 09:40:46.680 21486 21486 I notification_cancel: [10015,21690,com.android.systemui,2130838302,power_saver,-1,0,64,8,NULL]
01-26 09:40:47.128 22179 22179 I binder_sample: [com.android.internal.telephony.ITelephonyRegistry,17,7,com.android.phone,1]
01-26 09:40:47.235 21486 21486 I notification_light_decision: fully charge
01-26 09:40:47.236 21486 21486 I notification_light: [1,0xc800]
01-26 09:40:47.378 21486 23315 I wm_task_moved: [1966,0,0]
01-26 09:40:47.404 21486 22074 I status_bar_disable: disable=0x0 pkg=com.android.phone token=android.os.BinderProxy@32a04cd3
01-26 09:40:47.405 21690 21690 I sysui_statusbar_disable: disable: < expand icons alerts* system_info back home recent clock search >
01-26 09:40:47.586 21486 21486 I binder_sample: [com.android.internal.telephony.IHtcTelephony,1,217,system_server,43]
01-26 09:40:47.627 21486 21486 I notification_cancel: [1001,22179,com.android.phone,2,NULL,0,0,64,8,NULL]
01-26 09:40:47.628 21486 21486 I notification_canceled: [0|com.android.phone|2|null|1001,8]
01-26 09:40:47.628 21486 21486 I notification_light_decision: fully charge
01-26 09:40:47.629 21486 21486 I notification_light: [1,0xc800]
01-26 09:40:47.635 21486 21486 I notification_cancel: [1001,22179,com.android.phone,2,NULL,0,0,64,8,NULL]
01-26 09:40:47.732 21486 21486 I notification_light_decision: fully charge
01-26 09:40:47.735 21486 21486 I notification_light: [1,0xc800]
01-26 09:40:47.746 21486 22203 I notification_expansion: [0|com.htc.soundrecorder|1|null|10046,0,1]
01-26 09:40:47.961 21486 21486 I am_proc_start: [0,12337,1000,com.htc.usage,broadcast,com.htc.usage/.receiver.CallActionReceiver]
01-26 09:40:47.970 21486 21486 I notification_cancel: [1000,21486,com.htc.smartdim,0,NULL,0,0,0,8,NULL]
01-26 09:40:47.972 21486 21486 I free_storage_changed: 6072442880
01-26 09:40:48.008 21486 22251 I am_proc_bound: [0,12337,com.htc.usage]
01-26 09:40:48.173 21486 21486 I notification_cancel: [1000,21486,com.htc.smartdim,0,NULL,0,0,0,8,NULL]
01-26 09:40:50.386 21486 22251 I am_home_stack_moved: [0,0,1,1,startingNewTask]
01-26 09:40:50.386 21486 22251 I wm_task_moved: [2120,1,5]
01-26 09:40:50.390 21486 22251 I am_create_task: [0,2121]
01-26 09:40:50.390 21486 22251 I am_create_activity: [0,977809070,2121,com.htc.camera/.CameraEntry,android.intent.action.MAIN,NULL,NULL,268435456]
01-26 09:40:50.391 21486 22251 I wm_task_created: [2121,1]
01-26 09:40:50.391 21486 22251 I wm_task_moved: [2121,1,6]
01-26 09:40:50.412 21486 22251 I am_pause_activity: [0,309631038,com.mediatek.connectivity/.CdsRadioInfoActivity]
01-26 09:40:50.414 22179 22179 I am_on_paused_called: [0,com.mediatek.connectivity.CdsRadioInfoActivity]
01-26 09:40:50.415 21486 22251 I am_home_stack_moved: [0,0,1,1,startedActivity setFocusedActivity]
01-26 09:40:50.418 21486 22251 I am_focused_activity: [0,com.htc.camera/.CameraEntry]
01-26 09:40:50.449 21486 23315 I configuration_changed: 1152
01-26 09:40:50.483 22179 22359 I content_query_sample: Binder:22179, Query uri:content://mms-sms/conversations?FromThreadTable=true, selection:null, selectionArgs:null
01-26 09:40:50.495 21486 23315 I am_restart_activity: [0,977809070,2121,com.htc.camera/.CameraEntry]
01-26 09:40:50.497 21486 23315 I am_focused_activity: [0,com.htc.camera/.CameraEntry]
01-26 09:40:50.498 22179 22179 I binder_sample: [android.app.IActivityManager,19,84,com.android.phone,16]
01-26 09:40:50.522 22179 22359 I content_query_sample: [content://mms-sms/conversations?FromThreadTable=true,_id/recipient_address/name/recipient_ids,,,41,com.android.phone,9]
01-26 09:40:50.598   341   341 I sf_frame_dur: [com.mediatek.connectivity/com.mediatek.connectivity.CdsRadioInfoActivity,75,13,7,12,67,40,0]
01-26 09:40:50.866 21486 21486 I notification_cancel: [1000,21486,com.htc.soundrecorder,1,NULL,0,0,0,8,NULL]
01-26 09:40:50.867 21486 21486 I notification_canceled: [0|com.htc.soundrecorder|1|null|10046,8]
01-26 09:40:50.867 21486 21486 I notification_light_decision: fully charge
01-26 09:40:50.868 21486 21486 I notification_light: [1,0xc800]
01-26 09:40:50.871 21486 22228 I notification_expansion: [0|com.google.android.talk|0|com.google.android.talk1:UgwuN4wEScEkmvu_UHd4AaABAQ|10103,0,1]
01-26 09:40:50.874 27339 27339 I am_on_resume_called: [0,com.htc.camera.CameraEntry]
01-26 09:40:51.127 21486 21528 I am_activity_launch_time: [0,977809070,com.htc.camera/.CameraEntry,707,707]
01-26 09:40:51.198 21486 21506 I am_proc_died: [0,9925,android.process.media]
01-26 09:40:51.199 21486 21506 I am_kill : [0,9879,com.htc.soundrecorder,9,depends on provider com.android.providers.media/.MediaProvider in dying proc android.process.media]
01-26 09:40:51.274   341   341 I sf_frame_dur: [InputMethod,0,0,0,0,0,0,1]
01-26 09:40:51.435 22179 22201 I content_query_sample: Binder:10040, Query uri:content://mms-sms/draft?category=0, selection:null, selectionArgs:null
01-26 09:40:51.437 22179 22779 I content_query_sample: Binder:11719, Query uri:content://mms-sms/draft?category=0, selection:null, selectionArgs:null
01-26 09:40:51.485 21486 21518 I am_proc_start: [0,12518,10063,com.htc.mms.backupagent,broadcast,com.htc.mms.backupagent/.SMSBroadcastReceiver]
01-26 09:40:51.487 21486 21506 I am_proc_died: [0,9879,com.htc.soundrecorder]
01-26 09:40:51.487 21486 21506 I am_schedule_service_restart: [0,com.htc.soundrecorder/.RecordingService,1000]
01-26 09:40:51.527 21486 22075 I am_proc_bound: [0,12518,com.htc.mms.backupagent]
01-26 09:40:51.546 21486 22796 I am_proc_died: [0,14175,com.htc.QueryHTCServiceStates]
01-26 09:40:51.546 21486 22796 I am_schedule_service_restart: [0,com.htc.QueryHTCServiceStates/.QueryHTCServiceStates,1000]
01-26 09:40:51.646 22179 32543 I content_query_sample: Binder:16971, Query uri:content://sms, selection:null, selectionArgs:null
01-26 09:40:51.667 22179 22693 I content_query_sample: Binder:16971, Query uri:content://mms, selection:null, selectionArgs:null
01-26 09:40:51.691 22179 22742 I content_query_sample: Binder:16971, Query uri:content://sms/28, selection:null, selectionArgs:null
01-26 09:40:51.709 22179 22201 I content_query_sample: Binder:16971, Query uri:content://sms/40, selection:null, selectionArgs:null
01-26 09:40:51.774 22179 22779 I content_query_sample: Binder:16971, Query uri:content://sms, selection:_id > ?, selectionArgs:[Ljava.lang.String;@27fc90d1
01-26 09:40:51.802 22179 32544 I content_query_sample: Binder:16971, Query uri:content://sms, selection:_id > ?, selectionArgs:[Ljava.lang.String;@2fd33637
01-26 09:40:51.867 21486 22177 I am_proc_start: [0,12588,10024,com.htc.mediamanager,content provider,com.htc.album/com.htc.mediamanager.providers.media.MediaManagerProvider]
01-26 09:40:51.877 22179 22693 I content_query_sample: Binder:16971, Query uri:content://mms, selection:_id > ?, selectionArgs:[Ljava.lang.String;@3ce8690d
01-26 09:40:51.945 21486 21516 I am_proc_bound: [0,12588,com.htc.mediamanager]
01-26 09:40:51.952 21486 22074 I am_proc_died: [0,9828,com.htc.calendar]
01-26 09:40:52.343 21486 21506 I am_proc_start: [0,12634,10013,android.process.media,content provider,com.android.providers.media/.MediaProvider]
01-26 09:40:52.369 21486 22228 I am_proc_bound: [0,12634,android.process.media]
01-26 09:40:52.508 21486 22203 I notification_cancel_all: [10013,12634,com.android.providers.downloads,0,0,64,9,NULL]
01-26 09:40:52.582 21486 21518 I am_proc_start: [0,12663,1000,com.htc.QueryHTCServiceStates,service,com.htc.QueryHTCServiceStates/.QueryHTCServiceStates]
01-26 09:40:52.609 21486 22178 I am_proc_bound: [0,12663,com.htc.QueryHTCServiceStates]
01-26 09:40:55.284 21486 21486 I notification_cancel: [1001,22179,com.android.phone,8903,NULL,0,0,64,8,NULL]
01-26 09:40:55.285 21486 21486 I notification_cancel: [1001,22179,com.android.phone,17,NULL,0,0,64,8,NULL]
01-26 09:40:55.285 21486 21486 I notification_cancel: [1001,22179,com.android.phone,19,NULL,0,0,64,8,NULL]
01-26 09:40:55.285 21486 21486 I notification_cancel: [10008,9770,com.htc.CustomizationSetup,2131558478,SIM2StateChangeService,0,0,64,8,NULL]
01-26 09:40:55.403 22431 12692 I content_update_sample: [content://com.android.contacts/account_contact_remove?account_name=SIM&account_type=com.htc.contacts.sim_slot2&caller_is_syncadapter=true,delete,,138,com.android.providers.contacts,28]
01-26 09:40:55.419 22179 12694 I content_update_sample: Binder:22179, Delete uri:content://sms/icc-db/1, selection:null, selectionArgs:null
01-26 09:40:55.564 21486 22251 I am_proc_died: [0,10112,com.android.settings]
01-26 09:40:55.635 21486 21486 I notification_cancel: [1001,22179,com.android.phone,19,NULL,0,0,64,8,NULL]
