----- timezone:GMT
01-26 06:16:28.823   892  1622 I am_proc_died: [0,27318,android.process.media]
01-26 06:16:29.211  1623  1623 I binder_sample: [com.android.internal.telephony.ITelephonyRegistry,10,488,com.android.phone,97]
01-26 06:16:29.215   892   892 I notification_cancel: [10092,21902,com.facebook.katana,714499313,com.facebook.rti.mqtt.common.analytics.MqttDiagnosticNotification,0,0,64,8,NULL]
01-26 06:16:29.218 27541 27541 I binder_sample: [android.net.IConnectivityManager,1,381,com.htc.updater,76]
01-26 06:16:29.262   892  1571 I am_proc_start: [0,27603,10122,com.google.android.apps.magazines,broadcast,com.google.android.apps.magazines/com.google.apps.dots.android.newsstand.appwidget.NewsWidgetProvider]
01-26 06:16:29.317   892  1595 I am_proc_bound: [0,27603,com.google.android.apps.magazines]
01-26 06:16:29.331 21107 27596 I aggregation: 1453760189331
01-26 06:16:29.348   892   892 I notification_cancel: [10092,21902,com.facebook.katana,10011,NULL,0,0,64,8,NULL]
01-26 06:16:29.397   892   892 I notification_cancel: [10092,21902,com.facebook.katana,714499313,com.facebook.rti.mqtt.common.analytics.MqttDiagnosticNotification,0,0,64,8,NULL]
01-26 06:16:29.543   892  2293 I am_proc_start: [0,27634,10020,com.google.process.gapps,content provider,com.google.android.gsf/.settings.GoogleSettingsProvider]
01-26 06:16:29.570   892  9715 I am_proc_bound: [0,27634,com.google.process.gapps]
01-26 06:16:29.592   892  9715 I am_proc_died: [0,27386,com.htc.bgp]
01-26 06:16:29.644   892   892 I notification_cancel: [10092,21902,com.facebook.katana,714499313,com.facebook.rti.mqtt.common.analytics.MqttDiagnosticNotification,0,0,64,8,NULL]
01-26 06:16:29.992   892   913 I am_proc_died: [0,27478,com.htc.android.mail:sync]
01-26 06:16:30.096   892  1267 I am_proc_start: [0,27691,10020,com.google.android.gms.unstable,service,com.google.android.gms/.droidguard.DroidGuardService]
01-26 06:16:30.116   892  1571 I am_proc_bound: [0,27691,com.google.android.gms.unstable]
01-26 06:16:30.242   892  1267 I am_proc_died: [0,27506,com.google.android.setupwizard]
01-26 06:16:30.411   892   892 I notification_cancel: [10020,27691,com.google.android.gms,10436,NOT_LMP,0,0,64,8,NULL]
01-26 06:16:30.414   892   892 I notification_cancel: [10020,27691,com.google.android.gms,39789,NOT_LMP,0,0,64,8,NULL]
01-26 06:16:30.612   892  1595 I am_proc_start: [0,27784,10081,com.android.chrome,broadcast,com.android.chrome/org.chromium.content.browser.BackgroundSyncLauncherService$Receiver]
01-26 06:16:30.663   892   923 I am_proc_bound: [0,27784,com.android.chrome]
01-26 06:16:30.712   892  1295 I am_proc_died: [0,27541,com.htc.updater]
01-26 06:16:30.874   892  9714 I am_proc_start: [0,27833,10129,com.google.android.apps.photos,broadcast,com.google.android.apps.photos/.actionqueue.SystemReceiver]
01-26 06:16:30.875   892  1759 I am_proc_died: [0,27408,com.htc.mobiledata]
01-26 06:16:30.891   892  9715 I am_proc_bound: [0,27833,com.google.android.apps.photos]
01-26 06:16:31.052   892  1570 I am_proc_died: [0,27443,com.htc.mobiledata:remote]
01-26 06:16:31.625   892   892 I notification_cancel: [10129,27833,com.google.android.apps.photos,10436,NULL,0,0,64,8,NULL]
01-26 06:16:31.646   892  1759 I am_proc_start: [0,27905,10131,com.google.android.apps.plus,broadcast,com.google.android.apps.plus/com.google.android.libraries.social.autobackup.AutoBackupEnvironment$ConnectivityReceiver]
01-26 06:16:31.670   892  1570 I am_proc_bound: [0,27905,com.google.android.apps.plus]
01-26 06:16:31.778   892  9714 I am_proc_start: [0,27937,10013,android.process.media,content provider,com.android.providers.media/.MediaProvider]
01-26 06:16:31.796   892  1595 I am_proc_died: [0,27603,com.google.android.apps.magazines]
01-26 06:16:31.802   892  2364 I am_proc_bound: [0,27937,android.process.media]
01-26 06:16:31.947   892  1622 I notification_cancel_all: [10013,27937,com.android.providers.downloads,0,0,64,9,NULL]
01-26 06:16:32.124   892  1594 I am_proc_start: [0,27993,10044,com.htc.sense.hsp,broadcast,com.htc.sense.hsp/.weather.location.AutoSettingReceiver]
01-26 06:16:32.150   892  1267 I am_proc_bound: [0,27993,com.htc.sense.hsp]
01-26 06:16:32.202   892  2293 I am_proc_died: [0,27833,com.google.android.apps.photos]
01-26 06:16:32.404   892  2214 I force_gc: Binder
01-26 06:16:32.433   892   913 I notification_cancel_all: [10013,27937,com.android.providers.downloads,0,0,64,9,NULL]
01-26 06:16:32.472   892  9714 I am_proc_start: [0,28032,10008,com.htc.bgp,broadcast,com.htc.flexnet/.SystemIntentReceiver]
01-26 06:16:32.503   892  1267 I am_proc_bound: [0,28032,com.htc.bgp]
01-26 06:16:32.552   892  2364 I am_proc_died: [0,27784,com.android.chrome]
01-26 06:16:32.698   892   912 I am_proc_start: [0,28077,10053,com.htc.android.mail:sync,broadcast,com.htc.android.mail/.eassvc.EASEventReceiver]
01-26 06:16:32.717   892  2293 I am_proc_bound: [0,28077,com.htc.android.mail:sync]
01-26 06:16:32.762  1992  3238 I force_gc: Binder
01-26 06:16:32.929   892  2364 I am_proc_start: [0,28111,10064,com.google.android.setupwizard,broadcast,com.google.android.setupwizard/.carrier.MobileConnectivityChangeReceiver]
01-26 06:16:32.949   892  1570 I am_proc_bound: [0,28111,com.google.android.setupwizard]
01-26 06:16:33.022   892   912 I am_proc_start: [0,28150,10068,com.htc.updater,broadcast,com.htc.updater/.download.DownloadReceiver]
01-26 06:16:33.059   892   913 I am_proc_bound: [0,28150,com.htc.updater]
01-26 06:16:33.083   892  2364 I am_proc_died: [0,27905,com.google.android.apps.plus]
01-26 06:16:33.126   892   913 I am_proc_start: [0,28175,10122,com.google.android.apps.magazines,broadcast,com.google.android.apps.magazines/com.google.apps.dots.android.newsstand.appwidget.NewsWidgetProvider]
01-26 06:16:33.141   892  2364 I am_proc_bound: [0,28175,com.google.android.apps.magazines]
01-26 06:16:33.784   892  1738 I am_proc_died: [0,27634,com.google.process.gapps]
01-26 06:16:33.841   892   913 I am_proc_start: [0,28216,10020,com.google.process.gapps,content provider,com.google.android.gsf/.gservices.GservicesProvider]
01-26 06:16:33.861   892  1738 I am_proc_bound: [0,28216,com.google.process.gapps]
01-26 06:16:33.902   892  9715 I am_proc_died: [0,27937,android.process.media]
01-26 06:16:34.815   892  1267 I am_proc_start: [0,28311,10081,com.android.chrome,broadcast,com.android.chrome/org.chromium.content.browser.BackgroundSyncLauncherService$Receiver]
01-26 06:16:34.829   892  1571 I am_proc_bound: [0,28311,com.android.chrome]
01-26 06:16:34.950   892  1570 I am_proc_start: [0,28340,10129,com.google.android.apps.photos,broadcast,com.google.android.apps.photos/.actionqueue.SystemReceiver]
01-26 06:16:34.969   892  2293 I am_proc_bound: [0,28340,com.google.android.apps.photos]
01-26 06:16:35.011   892   923 I am_proc_died: [0,28032,com.htc.bgp]
01-26 06:16:35.253   892   913 I am_proc_died: [0,28150,com.htc.updater]
01-26 06:16:35.369   892   892 I notification_cancel: [10129,28340,com.google.android.apps.photos,10436,NULL,0,0,64,8,NULL]
01-26 06:16:35.388   892  1738 I am_proc_start: [0,28383,10131,com.google.android.apps.plus,broadcast,com.google.android.apps.plus/com.google.android.libraries.social.autobackup.AutoBackupEnvironment$ConnectivityReceiver]
01-26 06:16:35.411   892   923 I am_proc_bound: [0,28383,com.google.android.apps.plus]
01-26 06:16:35.490   892  1595 I am_proc_start: [0,28410,10013,android.process.media,content provider,com.android.providers.media/.MediaProvider]
01-26 06:16:35.535   892  1571 I am_proc_bound: [0,28410,android.process.media]
01-26 06:16:35.644   892  1295 I notification_cancel_all: [10013,28410,com.android.providers.downloads,0,0,64,9,NULL]
01-26 06:16:35.843   892  1571 I am_proc_start: [0,28481,10007,com.htc.calendar,broadcast,com.htc.calendar/.ProviderChangeReceiver]
01-26 06:16:35.845   892  1622 I am_proc_died: [0,28111,com.google.android.setupwizard]
01-26 06:16:35.860   892  1594 I am_proc_bound: [0,28481,com.htc.calendar]
01-26 06:16:35.950   892  1295 I am_proc_start: [0,28509,10008,com.htc.bgp,broadcast,com.htc.flexnet/.AndroidIntentReceiver]
01-26 06:16:35.965   892  2364 I am_proc_bound: [0,28509,com.htc.bgp]
01-26 06:16:35.973   892  2395 I force_gc: Binder
01-26 06:16:36.071   892   892 I notification_cancel: [10007,28481,com.htc.calendar,1,NULL,0,0,64,8,NULL]
01-26 06:16:36.091 28509 28534 I content_query_sample: [content://com.android.calendar/calendar_alerts,alarmTime,state=0 AND alarmTime<? AND alarmTime>? AND end>=?,alarmTime ASC,19,com.htc.flexnet,4]
01-26 06:16:36.108   892   913 I notification_cancel_all: [10013,28410,com.android.providers.downloads,0,0,64,9,NULL]
01-26 06:16:36.152   892  1594 I am_proc_start: [0,28545,10064,com.google.android.setupwizard,broadcast,com.google.android.setupwizard/.carrier.MobileConnectivityChangeReceiver]
01-26 06:16:36.175   892   923 I am_proc_bound: [0,28545,com.google.android.setupwizard]
01-26 06:16:36.272   892  1759 I am_proc_start: [0,28572,10068,com.htc.updater,broadcast,com.htc.updater/.download.DownloadReceiver]
01-26 06:16:36.276 28545 28545 I binder_sample: [android.app.IActivityManager,14,33,com.google.android.setupwizard,6]
01-26 06:16:36.302   892  1571 I am_proc_bound: [0,28572,com.htc.updater]
01-26 06:16:36.326   892  2364 I am_proc_died: [0,28175,com.google.android.apps.magazines]
01-26 06:16:36.399   892  1738 I am_proc_start: [0,28604,10122,com.google.android.apps.magazines,broadcast,com.google.android.apps.magazines/com.google.apps.dots.android.newsstand.appwidget.NewsWidgetProvider]
01-26 06:16:36.411   892   892 I notification_cancel: [10015,1153,com.android.systemui,100,low_battery,-1,0,64,8,NULL]
01-26 06:16:36.412   892   892 I notification_cancel: [10015,1153,com.android.systemui,2130838302,power_saver,-1,0,64,8,NULL]
01-26 06:16:36.419   892  1759 I am_proc_bound: [0,28604,com.google.android.apps.magazines]
01-26 06:16:36.812   892  9714 I am_proc_died: [0,28311,com.android.chrome]
01-26 06:16:36.987   892  2293 I am_proc_start: [0,28717,10081,com.android.chrome,broadcast,com.android.chrome/org.chromium.content.browser.BackgroundSyncLauncherService$Receiver]
01-26 06:16:37.003   892  1622 I am_proc_bound: [0,28717,com.android.chrome]
01-26 06:16:37.121   892  1594 I am_proc_died: [0,27691,com.google.android.gms.unstable]
01-26 06:16:37.215   892   892 I notification_enqueue: [10020,1992,com.google.android.gms,0,com.google.android.gms.auth.TokenNotificationManager:gftrss081@gmail.com:com.google,0,Notification(pri=0 contentView=null vibrate=null sound=null defaults=0x0 flags=0xa color=0x00000000 vis=PRIVATE),1]
01-26 06:16:37.216   892   892 I notification_skip_beep_vibrate: [0,0,0,0,0,1,0,1,0,0]
01-26 06:16:37.216   892   892 I notification_skip_light: [1,0,1,0,0]
01-26 06:16:37.351   892   892 I notification_cancel: [10007,28481,com.htc.calendar,1,NULL,0,0,64,8,NULL]
01-26 06:16:37.382  1992 28756 I c2dm    : [-2,NULL,1,1]
01-26 06:16:37.420   892   892 I notification_cancel: [10007,28481,com.htc.calendar,1,NULL,0,0,64,8,NULL]
01-26 06:16:37.502   892  1622 I am_proc_died: [0,28410,android.process.media]
01-26 06:16:37.502  1992 28776 I c2dm    : [3,NULL,1,1]
01-26 06:16:37.505  1992 28776 I gtalk_heartbeat_reset: [1680,74.125.204.188:5228]
01-26 06:16:37.507  1992 28776 I gtalk_connection: 0
01-26 06:16:37.519  1992 28776 I c2dm    : [7,,1,1]
01-26 06:16:39.312   892   926 I am_proc_start: [0,28871,10069,com.google.android.googlequicksearchbox:search,broadcast,com.google.android.googlequicksearchbox/com.google.android.apps.gsa.search.core.GmsPackageWatcher]
01-26 06:16:39.345   892  1570 I am_proc_bound: [0,28871,com.google.android.googlequicksearchbox:search]
01-26 06:16:39.916   892   892 I backup_transport_lifecycle: [com.google.android.gms/.backup.BackupTransportService,1]
01-26 06:16:39.934   892   892 I notification_cancel: [10020,1992,com.google.android.gms,1,com.google.android.backup.notification.tag,0,0,64,8,NULL]
01-26 06:16:40.143   892   923 I am_proc_start: [0,28913,10059,com.android.vending,broadcast,com.android.vending/com.google.android.finsky.receivers.PackageMonitorReceiver$RegisteredReceiver]
01-26 06:16:40.148   892   892 I notification_cancel: [10103,13376,com.google.android.talk,8,com.google.android.talk:gmscore,0,0,64,8,NULL]
01-26 06:16:40.160   892  1295 I am_proc_bound: [0,28913,com.android.vending]
01-26 06:16:40.500  1653 28758 I content_query_sample: [content://com.android.contacts/speed_dial/clearlist_ext,_id,com.htc.contacts.sim,,19,com.android.providers.contacts,4]
01-26 06:16:40.613   892   892 I notification_cancel: [10059,28913,com.android.vending,-1050172287,NULL,0,0,64,8,NULL]
01-26 06:16:40.685   892  9714 I am_proc_start: [0,28962,10013,android.process.media,content provider,com.android.providers.downloads/.DownloadProvider]
01-26 06:16:40.690   892  2568 I force_gc: Binder
01-26 06:16:40.733   892   912 I am_proc_bound: [0,28962,android.process.media]
01-26 06:16:40.812   892  1595 I am_proc_died: [0,28572,com.htc.updater]
01-26 06:16:40.867   892  2364 I notification_cancel_all: [10013,28962,com.android.providers.downloads,0,0,64,9,NULL]
01-26 06:16:41.053 28962 28999 I content_query_sample: [content://downloads/all_downloads,,,,179,com.android.providers.downloads,36]
01-26 06:16:41.078   892  1295 I am_proc_died: [0,28604,com.google.android.apps.magazines]
01-26 06:16:41.352   892   912 I am_proc_start: [0,29028,10023,com.google.android.partnersetup,content provider,com.google.android.partnersetup/.RlzAppProvider]
01-26 06:16:41.369   892  1267 I am_proc_bound: [0,29028,com.google.android.partnersetup]
01-26 06:16:41.413 28871 28986 I content_update_sample: [content://com.google.android.googlequicksearchbox.icing/applications,update,com.google.android.gms,641,com.google.android.googlequicksearchbox,100]
01-26 06:16:41.571   892   913 I am_proc_died: [0,28340,com.google.android.apps.photos]
01-26 06:16:42.221   892   913 I am_proc_died: [0,28717,com.android.chrome]
01-26 06:16:45.803   892  2364 I am_proc_start: [0,29129,10020,com.google.android.gms:car,service,com.google.android.gms/.car.CarService]
01-26 06:16:45.853   892  1594 I am_proc_bound: [0,29129,com.google.android.gms:car]
01-26 06:16:45.862   892   923 I am_proc_died: [0,28509,com.htc.bgp]
01-26 06:16:46.030   892   892 I notification_cancel: [10020,29129,com.google.android.gms,10436,NOT_LMP,0,0,64,8,NULL]
01-26 06:16:46.030   892   892 I notification_cancel: [10020,29129,com.google.android.gms,39789,NOT_LMP,0,0,64,8,NULL]
01-26 06:16:46.103   892   892 I notification_enqueue: [10020,1992,com.google.android.gms,0,com.google.android.gms.auth.TokenNotificationManager:gftrss081@gmail.com:com.google,0,Notification(pri=0 contentView=null vibrate=null sound=null defaults=0x0 flags=0xa color=0x00000000 vis=PRIVATE),1]
01-26 06:16:46.104   892   892 I notification_skip_beep_vibrate: [0,0,0,0,0,1,0,1,0,0]
01-26 06:16:46.104   892   892 I notification_skip_light: [1,0,1,0,0]
01-26 06:16:46.379   892   892 I notification_cancel: [10015,1153,com.android.systemui,100,low_battery,-1,0,64,8,NULL]
01-26 06:16:46.379   892   892 I notification_cancel: [10015,1153,com.android.systemui,2130838302,power_saver,-1,0,64,8,NULL]
01-26 06:16:46.471   892  1759 I am_proc_start: [0,29166,10041,com.htc.mobiledata,content provider,com.htc.mobiledata/.MobileDataProvider]
01-26 06:16:46.472 29129 29129 I binder_sample: [android.app.IActivityManager,36,23,com.google.android.gms:car,4]
01-26 06:16:46.488   892   892 I notification_cancel: [10020,29129,com.google.android.gms,10436,NULL,0,0,64,8,NULL]
01-26 06:16:46.491   892  2364 I am_proc_bound: [0,29166,com.htc.mobiledata]
01-26 06:16:46.498   892   892 I notification_cancel: [10059,28913,com.android.vending,10436,NULL,0,0,64,8,NULL]
01-26 06:16:46.581   892  9714 I am_proc_start: [0,29192,10041,com.htc.mobiledata:remote,service,com.htc.mobiledata/.MobileDataService]
01-26 06:16:46.632   892  2293 I am_proc_start: [0,29214,10008,com.htc.bgp,broadcast,com.htc.flexnet/.AndroidIntentReceiver]
01-26 06:16:46.633   892  1267 I am_proc_bound: [0,29192,com.htc.mobiledata:remote]
01-26 06:16:46.674   892  2293 I am_proc_bound: [0,29214,com.htc.bgp]
01-26 06:16:46.683   892  2293 I am_proc_died: [0,28545,com.google.android.setupwizard]
01-26 06:16:47.912   892  1595 I am_proc_died: [0,28481,com.htc.calendar]
01-26 06:16:47.913   892  1595 I am_broadcast_discard_app: [0,207783169,android.intent.action.PROVIDER_CHANGED,0,ResolveInfo{33d5ed94 com.htc.calendar/.ProviderChangeReceiver m=0x308000}]
01-26 06:16:47.943   892   926 I am_proc_start: [0,29282,10007,com.htc.calendar,broadcast,com.htc.calendar/.ProviderChangeReceiver]
01-26 06:16:47.965   892  2364 I am_proc_bound: [0,29282,com.htc.calendar]
01-26 06:16:48.016   892   892 I notification_cancel: [10007,29282,com.htc.calendar,1,NULL,0,0,64,8,NULL]
01-26 06:16:48.092   892  1571 I am_proc_died: [0,28871,com.google.android.googlequicksearchbox:search]
01-26 06:16:49.236   892   892 I free_storage_changed: 6304882688
01-26 06:16:51.447  1623  1623 I binder_sample: [com.android.internal.telephony.ITelephonyRegistry,10,44,com.android.phone,8]
01-26 06:16:52.068   892  2293 I am_home_stack_moved: [0,0,1,1,intentActivityFound]
01-26 06:16:52.068   892  2293 I wm_task_moved: [1818,1,10]
01-26 06:16:52.074   892  2293 I am_home_stack_moved: [0,0,1,1,bringingFoundTaskToFront]
01-26 06:16:52.074   892  2293 I wm_task_moved: [917,1,10]
01-26 06:16:52.130   892  2293 I am_pause_activity: [0,1053913949,com.mediatek.connectivity/.CdsRadioInfoActivity]
01-26 06:16:52.131   892  2293 I am_task_to_front: [0,917]
01-26 06:16:52.131   892  2293 I am_home_stack_moved: [0,0,1,1,sourceStackToFront]
01-26 06:16:52.131   892  2293 I wm_task_moved: [917,1,10]
01-26 06:16:52.131  1623  1623 I am_on_paused_called: [0,com.mediatek.connectivity.CdsRadioInfoActivity]
01-26 06:16:52.135   892  2293 I am_create_activity: [0,69573313,917,com.google.android.gm/.ConversationListActivityGmail,android.intent.action.MAIN,NULL,NULL,272629760]
01-26 06:16:52.137   892  2293 I am_home_stack_moved: [0,0,1,1,startedActivity setFocusedActivity]
01-26 06:16:52.141   892  2293 I am_focused_activity: [0,com.google.android.gm/.ConversationListActivityGmail]
01-26 06:16:52.149   892  1571 I am_restart_activity: [0,69573313,917,com.google.android.gm/.ConversationListActivityGmail]
01-26 06:16:52.152   892  1571 I am_focused_activity: [0,com.google.android.gm/.ConversationListActivityGmail]
01-26 06:16:52.196   892   913 I am_home_stack_moved: [0,0,1,1,sourceStackToFront]
01-26 06:16:52.196   892   913 I wm_task_moved: [917,1,10]
01-26 06:16:52.201   892   913 I am_finish_activity: [0,69573313,917,com.google.android.gm/.ConversationListActivityGmail,clear]
01-26 06:16:52.202   892   913 I am_home_stack_moved: [0,0,1,1,finishActivity adjustTopFocus setFocusedActivity]
01-26 06:16:52.204   892   913 I am_focused_activity: [0,com.google.android.gm/.welcome.WelcomeTourActivity]
01-26 06:16:52.208   892   913 I am_pause_activity: [0,69573313,com.google.android.gm/.ConversationListActivityGmail]
01-26 06:16:52.209   892   913 I wm_task_moved: [917,1,10]
01-26 06:16:52.212   892   913 I am_focused_activity: [0,com.google.android.gm/.welcome.WelcomeTourActivity]
01-26 06:16:52.212   892   913 I am_new_intent: [0,508990389,917,com.google.android.gm/.welcome.WelcomeTourActivity,NULL,NULL,NULL,67108864]
01-26 06:16:52.402   892  1594 I am_resume_activity: [0,232341371,917,com.google.android.gm/.welcome.WelcomeTourActivity]
01-26 06:16:52.405   892  1594 I am_focused_activity: [0,com.google.android.gm/.welcome.WelcomeTourActivity]
01-26 06:16:52.413  8973  8973 I am_on_resume_called: [0,com.google.android.gm.welcome.WelcomeTourActivity]
01-26 06:16:52.493   892  9715 I am_destroy_activity: [0,69573313,917,com.google.android.gm/.ConversationListActivityGmail,finish-idle]
01-26 06:16:52.562   892  1570 I am_proc_died: [0,28962,android.process.media]
01-26 06:16:52.762   341   341 I sf_frame_dur: [com.mediatek.connectivity/com.mediatek.connectivity.CdsRadioInfoActivity,92,15,16,10,35,16,1]
01-26 06:16:56.406   892   892 I notification_cancel: [10015,1153,com.android.systemui,100,low_battery,-1,0,64,8,NULL]
01-26 06:16:56.407   892   892 I notification_cancel: [10015,1153,com.android.systemui,2130838302,power_saver,-1,0,64,8,NULL]
01-26 06:17:19.238   892   892 I free_storage_changed: 6296707072
01-26 06:17:40.062 21107 30085 I aggregation: 1453760260062
01-26 06:17:40.294   892  9714 I am_proc_start: [0,30091,10020,com.google.android.gms.unstable,service,com.google.android.gms/.droidguard.DroidGuardService]
01-26 06:17:40.324   892  2364 I am_proc_bound: [0,30091,com.google.android.gms.unstable]
01-26 06:17:40.447   892   892 I notification_cancel: [10020,30091,com.google.android.gms,10436,NOT_LMP,0,0,64,8,NULL]
01-26 06:17:40.447   892   892 I notification_cancel: [10020,30091,com.google.android.gms,39789,NOT_LMP,0,0,64,8,NULL]
01-26 06:17:40.511   892   892 I notification_enqueue: [10020,1992,com.google.android.gms,0,com.google.android.gms.auth.TokenNotificationManager:gftrss081@gmail.com:com.google,0,Notification(pri=0 contentView=null vibrate=null sound=null defaults=0x0 flags=0xa color=0x00000000 vis=PRIVATE),1]
01-26 06:17:40.512   892   892 I notification_skip_beep_vibrate: [0,0,0,0,0,1,0,1,0,0]
01-26 06:17:40.512   892   892 I notification_skip_light: [1,0,1,0,0]
01-26 06:17:42.853   892  9715 I am_proc_start: [0,30199,10064,com.google.android.setupwizard,broadcast,com.google.android.setupwizard/.util.GservicesChangedReceiver]
01-26 06:17:42.869   892  2364 I am_proc_bound: [0,30199,com.google.android.setupwizard]
01-26 06:17:42.924   892   923 I am_proc_died: [0,28077,com.htc.android.mail:sync]
01-26 06:17:45.909   892  1594 I am_proc_died: [0,27993,com.htc.sense.hsp]
01-26 06:17:49.240   892   892 I free_storage_changed: 6285828096
01-26 06:17:50.169  1623  1623 I binder_sample: [android.content.pm.IPackageManager,63,10,com.android.phone,2]
01-26 06:17:50.185   892   926 I am_proc_start: [0,30359,10069,com.google.android.googlequicksearchbox:search,broadcast,com.google.android.googlequicksearchbox/com.google.android.apps.gsa.search.core.GmsPackageWatcher]
01-26 06:17:50.207   892  1295 I am_proc_bound: [0,30359,com.google.android.googlequicksearchbox:search]
01-26 06:17:50.473   892   892 I notification_cancel: [10103,13376,com.google.android.talk,8,com.google.android.talk:gmscore,0,0,64,8,NULL]
01-26 06:17:51.039   892   923 I am_proc_start: [0,30417,10131,com.google.android.apps.plus,broadcast,com.google.android.apps.plus/.service.PackagesMediaMonitor]
01-26 06:17:51.040   892   923 I binder_sample: [com.android.server.am.ActivityManagerService,16,564,execTransact,100]
01-26 06:17:51.040   892   913 I binder_sample: [com.android.server.am.ActivityManagerService,12,564,execTransact,100]
01-26 06:17:51.040  1992  1992 I binder_sample: [android.app.IActivityManager,12,565,com.google.android.gms.persistent,100]
01-26 06:17:51.041   892  1622 I binder_sample: [com.android.server.am.ActivityManagerService,48,533,execTransact,100]
01-26 06:17:51.044   892  1594 I am_proc_died: [0,29028,com.google.android.partnersetup]
01-26 06:17:51.046   892  1570 I binder_sample: [com.android.server.am.ActivityManagerService,48,540,execTransact,100]
01-26 06:17:51.046   892   892 I backup_transport_lifecycle: [com.google.android.gms/.backup.BackupTransportService,1]
01-26 06:17:51.051 30359 30359 I binder_sample: [com.android.internal.telephony.ITelephonyRegistry,4,218,com.google.android.googlequicksearchbox,43]
01-26 06:17:51.052   892   892 I notification_cancel: [10020,1992,com.google.android.gms,1,com.google.android.backup.notification.tag,0,0,64,8,NULL]
01-26 06:17:51.060 30359 30408 I content_update_sample: [content://com.google.android.googlequicksearchbox.icing/applications,update,com.google.android.gms,600,com.google.android.googlequicksearchbox,100]
01-26 06:17:51.082   892  1759 I am_proc_start: [0,30444,10023,com.google.android.partnersetup,content provider,com.google.android.partnersetup/.RlzAppProvider]
01-26 06:17:51.084   892  2293 I am_proc_bound: [0,30417,com.google.android.apps.plus]
01-26 06:17:51.101   892   913 I am_proc_bound: [0,30444,com.google.android.partnersetup]
01-26 06:17:51.450   892  2364 I am_proc_start: [0,30475,10013,android.process.media,content provider,com.android.providers.media/.MediaProvider]
01-26 06:17:51.467   892   912 I am_proc_bound: [0,30475,android.process.media]
01-26 06:17:51.512   892  1570 I am_proc_died: [0,29192,com.htc.mobiledata:remote]
01-26 06:17:51.562   892  9714 I notification_cancel_all: [10013,30475,com.android.providers.downloads,0,0,64,9,NULL]
01-26 06:17:51.775   892  1622 I am_proc_start: [0,30539,10044,com.htc.sense.hsp,broadcast,com.htc.sense.hsp/.opensense.pluginmanager.RegisterReceiver]
01-26 06:17:51.815   892  2580 I force_gc: Binder
01-26 06:17:51.815   892  1738 I am_proc_bound: [0,30539,com.htc.sense.hsp]
01-26 06:17:51.892   892  1759 I am_proc_died: [0,29129,com.google.android.gms:car]
01-26 06:17:52.702   892  2293 I am_proc_died: [0,29214,com.htc.bgp]
01-26 06:18:02.244   892  1021 I am_proc_start: [0,30705,10055,com.htc.sense.mms,service,com.htc.sense.mms/.transaction.TransactionService]
01-26 06:18:02.310   892  9715 I am_proc_bound: [0,30705,com.htc.sense.mms]
01-26 06:18:02.537   892  1594 I am_proc_start: [0,30731,10055,com.htc.sense.mms:mms,service,com.htc.sense.mms/com.htc.messaging.service.MmsService]
01-26 06:18:02.553   892   913 I am_proc_bound: [0,30731,com.htc.sense.mms:mms]
01-26 06:18:02.588  1623  1643 I content_query_sample: Binder:30705, Query uri:content://mms-sms/pending?protocol=mms, selection:err_type < ? AND due_time <= ?, selectionArgs:[Ljava.lang.String;@2cfd06c1
01-26 06:18:04.554  1623  1643 I content_query_sample: Binder:30705, Query uri:content://mms-sms-v2/rawQuery, selection:select _id,msg_id from addr where (type = 129 or type = 130 or type = 151), selectionArgs:null
01-26 06:18:04.568  1623  2216 I content_query_sample: Binder:30705, Query uri:content://mms/thread-allreport, selection:thread_id>0 AND m_id!= "" AND (m_type = 128 or m_type = 134 or m_type = 136), selectionArgs:null
01-26 06:18:04.580  1623  2220 I content_query_sample: Binder:30705, Query uri:content://mms/part, selection:null, selectionArgs:null
01-26 06:18:04.587  1623 23011 I content_query_sample: Binder:30705, Query uri:content://sms, selection:body Like 'BEGIN:VCARD%' AND thread_id > 0 , selectionArgs:null
01-26 06:18:04.594  1623  2217 I content_query_sample: Binder:30705, Query uri:content://mms-sms-v2/rawQuery, selection:SELECT count(1) FROM sms WHERE date2 = 0, selectionArgs:null
01-26 06:18:04.598  1623 21544 I content_query_sample: Binder:30705, Query uri:content://mms-sms-v2/rawQuery, selection:SELECT count(1) FROM pdu WHERE date2 = 0, selectionArgs:null
01-26 06:18:04.603  1623 13398 I content_query_sample: Binder:30705, Query uri:content://mms-sms-v2/rawQuery, selection:select count(1) from contact_threads where htc_category =1 or htc_category = 2, selectionArgs:null
01-26 06:18:04.611  1623 10406 I content_query_sample: Binder:30705, Query uri:content://mms-sms-v2/rawQuery, selection:select count(1) from blocklist, selectionArgs:null
01-26 06:18:04.679  1623 31880 I content_update_sample: Binder:30705, Update uri:content://mms, selection:st=129 AND m_type!=134, selectionArgs:null
01-26 06:18:04.696  1623 23011 I content_query_sample: Binder:30705, Query uri:content://mms-sms/draft?category=0, selection:null, selectionArgs:null
01-26 06:18:04.704  1623  2217 I content_query_sample: Binder:30731, Query uri:content://mms-sms-v2/rawQuery, selection:select _id,msg_id from addr where (type = 129 or type = 130 or type = 151), selectionArgs:null
01-26 06:18:04.711  1623  1643 I content_query_sample: Binder:30705, Query uri:content://mms-sms-v2/conversations?simple=true&formal=true&category=0, selection:null, selectionArgs:null
01-26 06:18:04.711  1623  2217 I content_query_sample: Binder:30731, Query uri:content://mms/thread-allreport, selection:thread_id>0 AND m_id!= "" AND (m_type = 128 or m_type = 134 or m_type = 136), selectionArgs:null
01-26 06:18:04.719  1623  1644 I content_query_sample: Binder:30731, Query uri:content://mms-sms-v2/rawQuery, selection:select count(1) from contact_threads where htc_category =1 or htc_category = 2, selectionArgs:null
01-26 06:18:04.725  1623  2220 I content_query_sample: Binder:30731, Query uri:content://mms-sms-v2/rawQuery, selection:SELECT count(1) FROM sms WHERE date2 = 0, selectionArgs:null
01-26 06:18:04.729  1623  2216 I content_query_sample: Binder:30731, Query uri:content://mms/part, selection:null, selectionArgs:null
01-26 06:18:04.736  1623 13398 I content_query_sample: Binder:30731, Query uri:content://mms-sms-v2/rawQuery, selection:select count(1) from blocklist, selectionArgs:null
01-26 06:18:04.741  1623  1644 I content_query_sample: Binder:30731, Query uri:content://mms-sms-v2/rawQuery, selection:SELECT count(1) FROM pdu WHERE date2 = 0, selectionArgs:null
01-26 06:18:04.749  1623 31880 I content_query_sample: Binder:30731, Query uri:content://sms, selection:body Like 'BEGIN:VCARD%' AND thread_id > 0 , selectionArgs:null
01-26 06:18:04.754  1623 13398 I content_query_sample: Binder:30731, Query uri:content://mms-sms-v2/conversations?simple=true&formal=true&category=0, selection:null, selectionArgs:null
01-26 06:18:04.784  1623  2086 I content_update_sample: Binder:30731, Update uri:content://mms, selection:st=129 AND m_type!=134, selectionArgs:null
01-26 06:18:04.834  1623 21544 I content_query_sample: Binder:30731, Query uri:content://mms-sms/draft?category=0, selection:null, selectionArgs:null
01-26 06:18:04.853   892  1595 I am_proc_died: [0,29166,com.htc.mobiledata]
01-26 06:18:06.392   892   892 I notification_cancel: [10015,1153,com.android.systemui,100,low_battery,-1,0,64,8,NULL]
01-26 06:18:06.393   892   892 I notification_cancel: [10015,1153,com.android.systemui,2130838302,power_saver,-1,0,64,8,NULL]
01-26 06:18:16.416   892   892 I notification_cancel: [10015,1153,com.android.systemui,100,low_battery,-1,0,64,8,NULL]
01-26 06:18:16.416   892   892 I notification_cancel: [10015,1153,com.android.systemui,2130838302,power_saver,-1,0,64,8,NULL]
01-26 06:18:19.244   892   892 I free_storage_changed: 6281990144
01-26 06:18:26.382   892   892 I notification_cancel: [10015,1153,com.android.systemui,100,low_battery,-1,0,64,8,NULL]
01-26 06:18:26.383   892   892 I notification_cancel: [10015,1153,com.android.systemui,2130838302,power_saver,-1,0,64,8,NULL]
01-26 06:18:34.300   892  1267 I am_home_stack_moved: [0,0,1,1,intentActivityFound]
01-26 06:18:34.300   892  1267 I wm_task_moved: [917,1,10]
01-26 06:18:34.304   892  1267 I am_home_stack_moved: [0,0,1,1,bringingFoundTaskToFront]
01-26 06:18:34.304   892  1267 I wm_task_moved: [1818,1,10]
01-26 06:18:34.326   892  1267 I am_pause_activity: [0,232341371,com.google.android.gm/.welcome.WelcomeTourActivity]
01-26 06:18:34.327  8973  8973 I am_on_paused_called: [0,com.google.android.gm.welcome.WelcomeTourActivity]
01-26 06:18:34.328   892  1267 I am_task_to_front: [0,1818]
01-26 06:18:34.331   892   923 I am_resume_activity: [0,1053913949,1818,com.mediatek.connectivity/.CdsRadioInfoActivity]
01-26 06:18:34.334   892   923 I am_home_stack_moved: [0,0,1,1,completeResume setFocusedActivity]
01-26 06:18:34.337   892   923 I am_focused_activity: [0,com.mediatek.connectivity/.CdsRadioInfoActivity]
01-26 06:18:34.368  1623  1623 I am_on_resume_called: [0,com.mediatek.connectivity.CdsRadioInfoActivity]
01-26 06:18:35.967   892  2293 I am_finish_activity: [0,1053913949,1818,com.mediatek.connectivity/.CdsRadioInfoActivity,app-request]
01-26 06:18:35.968   892  2293 I am_home_stack_moved: [0,0,1,1,finishActivity adjustTopFocus setFocusedActivity]
01-26 06:18:35.970   892  2293 I am_focused_activity: [0,com.mediatek.connectivity/.CdsRadioMenuActivity]
01-26 06:18:35.971   892  2293 I am_pause_activity: [0,1053913949,com.mediatek.connectivity/.CdsRadioInfoActivity]
01-26 06:18:35.975  1623  1623 I am_on_paused_called: [0,com.mediatek.connectivity.CdsRadioInfoActivity]
01-26 06:18:35.978   892  9715 I am_resume_activity: [0,708378150,1818,com.mediatek.connectivity/.CdsRadioMenuActivity]
01-26 06:18:35.981   892  9715 I am_focused_activity: [0,com.mediatek.connectivity/.CdsRadioMenuActivity]
01-26 06:18:35.984  1623  1623 I am_on_resume_called: [0,com.mediatek.connectivity.CdsRadioMenuActivity]
01-26 06:18:36.307   892   926 I am_destroy_activity: [0,1053913949,1818,com.mediatek.connectivity/.CdsRadioInfoActivity,finish-imm]
01-26 06:18:36.323   341   341 I sf_frame_dur: [com.mediatek.connectivity/com.mediatek.connectivity.CdsRadioInfoActivity,17,0,4,0,2,0,0]
01-26 06:18:36.379   892   892 I notification_cancel: [10015,1153,com.android.systemui,100,low_battery,-1,0,64,8,NULL]
01-26 06:18:36.379   892   892 I notification_cancel: [10015,1153,com.android.systemui,2130838302,power_saver,-1,0,64,8,NULL]
01-26 06:18:36.624   892  9715 I am_finish_activity: [0,708378150,1818,com.mediatek.connectivity/.CdsRadioMenuActivity,app-request]
01-26 06:18:36.628   892  9715 I am_home_stack_moved: [0,0,1,1,finishActivity adjustTopFocus setFocusedActivity]
01-26 06:18:36.633   892  9715 I am_focused_activity: [0,com.google.android.gm/.welcome.WelcomeTourActivity]
01-26 06:18:36.680   892  9715 I am_pause_activity: [0,708378150,com.mediatek.connectivity/.CdsRadioMenuActivity]
01-26 06:18:36.684  1623  1623 I am_on_paused_called: [0,com.mediatek.connectivity.CdsRadioMenuActivity]
01-26 06:18:36.693   892  1295 I am_resume_activity: [0,232341371,917,com.google.android.gm/.welcome.WelcomeTourActivity]
01-26 06:18:36.698   892  1295 I am_focused_activity: [0,com.google.android.gm/.welcome.WelcomeTourActivity]
01-26 06:18:36.707  8973  8973 I am_on_resume_called: [0,com.google.android.gm.welcome.WelcomeTourActivity]
01-26 06:18:37.038   892   926 I am_destroy_activity: [0,708378150,1818,com.mediatek.connectivity/.CdsRadioMenuActivity,finish-imm]
01-26 06:18:37.061   892   913 I wm_task_removed: [1818,removeAppToken: last token]
01-26 06:18:37.061   892   913 I wm_task_removed: [1818,removeTask]
01-26 06:18:37.245   892  2364 I wm_task_moved: [917,0,0]
01-26 06:18:37.271   892  2364 I am_pause_activity: [0,232341371,com.google.android.gm/.welcome.WelcomeTourActivity]
01-26 06:18:37.273  8973  8973 I am_on_paused_called: [0,com.google.android.gm.welcome.WelcomeTourActivity]
01-26 06:18:37.278   892  1622 I am_resume_activity: [0,862065805,810,tunein.player/tunein.ui.actvities.TuneInSearchActivity]
01-26 06:18:37.281   892  1622 I am_home_stack_moved: [0,0,1,1,completeResume setFocusedActivity]
01-26 06:18:37.282   892  1622 I am_focused_activity: [0,tunein.player/tunein.ui.actvities.TuneInSearchActivity]
01-26 06:18:37.376 24007 24007 I content_query_sample: [content://tunein.player.tasks.data/tasks,,task_type=?,task_start_utc ASC,11,tunein.player,3]
01-26 06:18:37.388 24007 24007 I am_on_resume_called: [0,tunein.ui.actvities.TuneInSearchActivity]
01-26 06:18:37.787   892  9714 I am_home_stack_moved: [0,0,1,1,startingNewTask]
01-26 06:18:37.787   892  9714 I wm_task_moved: [810,1,9]
01-26 06:18:37.790   892  9714 I am_create_task: [0,1819]
01-26 06:18:37.790   892  9714 I am_create_activity: [0,973074696,1819,com.mediatek.connectivity/.CdsRadioMenuActivity,android.intent.action.MAIN,NULL,NULL,268435456]
01-26 06:18:37.792   892  9714 I wm_task_created: [1819,1]
01-26 06:18:37.792   892  9714 I wm_task_moved: [1819,1,10]
01-26 06:18:37.808   892  9714 I am_pause_activity: [0,862065805,tunein.player/tunein.ui.actvities.TuneInSearchActivity]
01-26 06:18:37.810   892  9714 I am_home_stack_moved: [0,0,1,1,startedActivity setFocusedActivity]
01-26 06:18:37.812   892  9714 I am_focused_activity: [0,com.mediatek.connectivity/.CdsRadioMenuActivity]
01-26 06:18:37.819 24007 24007 I am_on_paused_called: [0,tunein.ui.actvities.TuneInSearchActivity]
01-26 06:18:37.822   892   913 I am_restart_activity: [0,973074696,1819,com.mediatek.connectivity/.CdsRadioMenuActivity]
01-26 06:18:37.831   892   913 I am_focused_activity: [0,com.mediatek.connectivity/.CdsRadioMenuActivity]
01-26 06:18:37.880  1623  1623 I am_on_resume_called: [0,com.mediatek.connectivity.CdsRadioMenuActivity]
01-26 06:18:37.969   892   932 I am_activity_launch_time: [0,973074696,com.mediatek.connectivity/.CdsRadioMenuActivity,150,105825]
01-26 06:18:38.193   341   341 I sf_frame_dur: [tunein.player/tunein.ui.actvities.TuneInSearchActivity,0,0,0,0,2,0,0]
01-26 06:18:38.737   892   912 I am_home_stack_moved: [0,0,1,1,sourceStackToFront]
01-26 06:18:38.737   892   912 I wm_task_moved: [1819,1,10]
01-26 06:18:38.740   892   912 I am_create_activity: [0,901874546,1819,com.mediatek.connectivity/.CdsRadioInfoActivity,NULL,NULL,NULL,0]
01-26 06:18:38.741   892   912 I am_pause_activity: [0,973074696,com.mediatek.connectivity/.CdsRadioMenuActivity]
01-26 06:18:38.744   892   912 I am_home_stack_moved: [0,0,1,1,startedActivity setFocusedActivity]
01-26 06:18:38.747   892   912 I am_focused_activity: [0,com.mediatek.connectivity/.CdsRadioInfoActivity]
01-26 06:18:38.752  1623  1623 I am_on_paused_called: [0,com.mediatek.connectivity.CdsRadioMenuActivity]
01-26 06:18:38.758   892  1622 I am_restart_activity: [0,901874546,1819,com.mediatek.connectivity/.CdsRadioInfoActivity]
01-26 06:18:38.772   892  1622 I am_focused_activity: [0,com.mediatek.connectivity/.CdsRadioInfoActivity]
01-26 06:18:38.866  1623  1623 I am_on_resume_called: [0,com.mediatek.connectivity.CdsRadioInfoActivity]
01-26 06:18:38.996   892   932 I am_activity_launch_time: [0,901874546,com.mediatek.connectivity/.CdsRadioInfoActivity,240,240]
01-26 06:18:39.071   341   341 I sf_frame_dur: [com.mediatek.connectivity/com.mediatek.connectivity.CdsRadioMenuActivity,0,1,0,0,0,1,0]
01-26 06:18:49.246   892   892 I free_storage_changed: 6274203648
01-26 06:18:56.399   892   892 I notification_cancel: [10015,1153,com.android.systemui,100,low_battery,-1,0,64,8,NULL]
01-26 06:18:56.399   892   892 I notification_cancel: [10015,1153,com.android.systemui,2130838302,power_saver,-1,0,64,8,NULL]
01-26 06:18:59.134   341   341 I sf_frame_dur: [com.mediatek.connectivity/com.mediatek.connectivity.CdsRadioInfoActivity,11,1,0,0,1,1,0]
01-26 06:19:06.379   892   892 I notification_cancel: [10015,1153,com.android.systemui,100,low_battery,-1,0,64,8,NULL]
01-26 06:19:06.379   892   892 I notification_cancel: [10015,1153,com.android.systemui,2130838302,power_saver,-1,0,64,8,NULL]
01-26 06:19:16.378   892   892 I notification_cancel: [10015,1153,com.android.systemui,100,low_battery,-1,0,64,8,NULL]
01-26 06:19:16.378   892   892 I notification_cancel: [10015,1153,com.android.systemui,2130838302,power_saver,-1,0,64,8,NULL]
01-26 06:19:17.396   892   926 I am_proc_start: [0,31269,10008,com.htc.bgp,broadcast,com.htc.flexnet/.AndroidIntentReceiver]
01-26 06:19:17.458   892  1570 I am_proc_start: [0,31290,10041,com.htc.mobiledata,content provider,com.htc.mobiledata/.MobileDataProvider]
01-26 06:19:17.459  1623  1623 I binder_sample: [com.android.internal.telephony.ITelephonyRegistry,17,59,com.android.phone,11]
01-26 06:19:17.486   892  1594 I am_proc_bound: [0,31269,com.htc.bgp]
01-26 06:19:17.518 31269 31269 I binder_sample: [,1,24,<pre-initialized>,4]
01-26 06:19:17.569   892   913 I am_proc_bound: [0,31290,com.htc.mobiledata]
01-26 06:19:17.595  1623  1623 I binder_sample: [com.android.internal.telephony.ITelephonyRegistry,17,7,com.android.phone,1]
01-26 06:19:17.679   892  1045 I netstats_mobile_sample: [232442886,259659,24258615,207825,232449606,259703,24308996,208158,232449606,259703,24302276,208114,-1]
01-26 06:19:17.679   892  1045 I netstats_wifi_sample: [69898299,102361,7717523,78132,68400194,101228,6687736,73362,67779335,98941,6682680,73314,-1]
01-26 06:19:17.749   892  1045 I netstats_mobile_sample: [232442886,259659,24258615,207825,232449606,259703,24308996,208158,232449606,259703,24302276,208114,-1]
01-26 06:19:17.749   892  1045 I netstats_wifi_sample: [69898299,102361,7717523,78132,68400194,101228,6687736,73362,67779335,98941,6682680,73314,-1]
01-26 06:19:17.794   892  1039 I binder_sample: [com.android.internal.telephony.ITelephony,100,9,system_server,1]
01-26 06:19:17.796 31290 31290 I binder_sample: [android.app.IActivityManager,30,35,com.htc.mobiledata,7]
01-26 06:19:18.037  1623  2217 I content_query_sample: [content://gsmapn/carriers/preferapn,apn,,name ASC,17,com.android.phone,4]
01-26 06:19:18.062  7819 31317 I content_update_sample: [content://media/external/file,delete,_data like ?,452,com.mediatek.mtklogger,91]
01-26 06:19:18.065   892   912 I am_proc_start: [0,31338,10041,com.htc.mobiledata:remote,service,com.htc.mobiledata/.MobileDataService]
01-26 06:19:18.070   892   892 I notification_cancel: [1000,892,android,392,CaptivePortal.Notification,0,0,0,8,NULL]
01-26 06:19:18.091   892   912 I am_proc_bound: [0,31338,com.htc.mobiledata:remote]
01-26 06:19:18.136  1623  1643 I content_query_sample: [content://gsmapn/carriers/preferapn,apn,,name ASC,20,com.android.phone,5]
01-26 06:19:18.243   892   892 I notification_cancel: [10092,21902,com.facebook.katana,10011,NULL,0,0,64,8,NULL]
01-26 06:19:18.306   892  1738 I am_proc_died: [0,30091,com.google.android.gms.unstable]
01-26 06:19:18.427   892  1267 I am_proc_start: [0,31380,10053,com.htc.android.mail:sync,broadcast,com.htc.android.mail/.eassvc.EASEventReceiver]
01-26 06:19:18.535   892  2293 I am_proc_bound: [0,31380,com.htc.android.mail:sync]
01-26 06:19:18.652   892  1595 I am_proc_died: [0,29282,com.htc.calendar]
01-26 06:19:18.692   892   892 I notification_cancel: [1000,892,com.mediatek.mtklogger,2130837539,NULL,0,0,0,8,NULL]
01-26 06:19:18.693   892   892 I notification_canceled: [0|com.mediatek.mtklogger|2130837539|null|10116,8]
01-26 06:19:18.694   892   892 I notification_light_decision: fully charge
01-26 06:19:18.695   892   892 I notification_light: [1,0xc800]
01-26 06:19:18.696   892   892 I notification_enqueue: [10116,7819,com.mediatek.mtklogger,2130837539,NULL,0,Notification(pri=0 contentView=com.mediatek.mtklogger/0x1090077 vibrate=null sound=null defaults=0x0 flags=0x60 color=0x00000000 vis=PRIVATE),0]
01-26 06:19:18.699   892   892 I notification_skip_beep_vibrate: [0,0,0,0,0,0,0,1,0,0]
01-26 06:19:18.699   892   892 I notification_skip_light: [1,0,1,0,0]
01-26 06:19:18.963   892  1267 I am_proc_start: [0,31423,10068,com.htc.updater,broadcast,com.htc.updater/.download.DownloadReceiver]
01-26 06:19:19.018   892  1594 I am_proc_bound: [0,31423,com.htc.updater]
01-26 06:19:19.145   892  1295 I am_proc_start: [0,31450,10122,com.google.android.apps.magazines,broadcast,com.google.android.apps.magazines/com.google.apps.dots.android.newsstand.appwidget.NewsWidgetProvider]
01-26 06:19:19.146   892  2364 I am_proc_died: [0,30359,com.google.android.googlequicksearchbox:search]
01-26 06:19:19.162   892  1267 I am_proc_bound: [0,31450,com.google.android.apps.magazines]
01-26 06:19:19.244 31380 31432 I content_query_sample: [content://mail/accounts,_id/_name/_inserver/_providerGroup/_emailaddress/_username/_password/_outusername/_outpassword/_protocol/_easDomain/_inport/_outserver/_outport/_useSSLin/_useSSLout/_useSignature/_signature/_sizelimit/_fetchMailType/_fetchMailNum/_fetchMailDays/_enableSDsave/_deleteFromServer/_poll_frequency_number/_askBeforeDelete/_refreshMailWhenOpenFolder/_provider/_downloadMessageWhenScroll/_threadedMail/_defaultfolderId/_draftfolderId/_trashfolderId/_sentfolderId/_outfolderId/_providerid/_emailnotifications/_lastupdatetime/_desc/_sound/_ringtone/_vibrate/_smtpauth/_sortby/_defaultaccount/_fontSize/_alwaysBccMyself/_replyWithText/_forward_with_attach/_previewLinesNumber/_del/_peakdays/_peaktimestart/_peaktimeend/_peakonfrequency/_peakofffrequency/_easSvrProtocol/_contactGroup/_colorIdx/_syncWithServer/_nextfetchtime/_accountType/_searchfolderId/_autoDownloadAttach/_autoDownloadOnWifi/_showSubjectInPrimaryView/_filterby,_del <> 1,_id,93,com.htc.android.mail,19]
01-26 06:19:19.247   892   892 I free_storage_changed: 6121365504
01-26 06:19:19.542   892  1570 I am_proc_died: [0,28913,com.android.vending]
01-26 06:19:19.965   892  1594 I am_proc_start: [0,31533,10081,com.android.chrome,broadcast,com.android.chrome/org.chromium.content.browser.BackgroundSyncLauncherService$Receiver]
01-26 06:19:19.972  1992 31532 I gtalk_conn_close: [-255,162]
01-26 06:19:19.973   892   913 I am_proc_died: [0,30417,com.google.android.apps.plus]
01-26 06:19:19.981   892  1759 I am_proc_bound: [0,31533,com.android.chrome]
01-26 06:19:20.130   892  1570 I am_proc_start: [0,31557,10129,com.google.android.apps.photos,broadcast,com.google.android.apps.photos/.actionqueue.SystemReceiver]
01-26 06:19:20.132   892  1267 I am_proc_died: [0,30444,com.google.android.partnersetup]
01-26 06:19:20.144   892  1595 I am_proc_bound: [0,31557,com.google.android.apps.photos]
01-26 06:19:20.482   892  2293 I am_proc_died: [0,30539,com.htc.sense.hsp]
01-26 06:19:20.608   892   892 I notification_cancel: [10129,31557,com.google.android.apps.photos,10436,NULL,0,0,64,8,NULL]
01-26 06:19:20.632   892  1571 I am_proc_start: [0,31585,10131,com.google.android.apps.plus,broadcast,com.google.android.apps.plus/com.google.android.libraries.social.autobackup.AutoBackupEnvironment$ConnectivityReceiver]
01-26 06:19:20.652   892   923 I am_proc_bound: [0,31585,com.google.android.apps.plus]
01-26 06:19:21.093   892  1738 I am_proc_start: [0,31616,10044,com.htc.sense.hsp,broadcast,com.htc.sense.hsp/.weather.location.AutoSettingReceiver]
01-26 06:19:21.118   892  1571 I am_proc_bound: [0,31616,com.htc.sense.hsp]
01-26 06:19:21.961   892   912 I am_proc_start: [0,31646,10007,com.htc.calendar,broadcast,com.htc.calendar/.ProviderChangeReceiver]
01-26 06:19:21.993   892  1759 I am_proc_died: [0,30705,com.htc.sense.mms]
01-26 06:19:21.999   892  9715 I am_proc_bound: [0,31646,com.htc.calendar]
01-26 06:19:22.103   892   892 I notification_cancel: [10007,31646,com.htc.calendar,1,NULL,0,0,64,8,NULL]
01-26 06:19:22.927   892   892 I notification_cancel: [1000,892,com.mediatek.mtklogger,2130837539,NULL,0,0,0,8,NULL]
01-26 06:19:22.927   892   892 I notification_canceled: [0|com.mediatek.mtklogger|2130837539|null|10116,8]
01-26 06:19:22.928   892   892 I notification_light_decision: fully charge
01-26 06:19:22.930   892   892 I notification_light: [1,0xc800]
01-26 06:19:22.938   892   892 I notification_enqueue: [10116,7819,com.mediatek.mtklogger,2130837539,NULL,0,Notification(pri=0 contentView=com.mediatek.mtklogger/0x1090077 vibrate=null sound=null defaults=0x0 flags=0x60 color=0x00000000 vis=PRIVATE),0]
01-26 06:19:22.945   892   892 I notification_skip_beep_vibrate: [0,0,0,0,0,0,0,1,0,0]
01-26 06:19:22.945   892   892 I notification_skip_light: [1,0,1,0,0]
01-26 06:19:24.603   892   923 I am_proc_died: [0,31338,com.htc.mobiledata:remote]
01-26 06:19:25.561  1992 31718 I gtalk_connection: 16974847
01-26 06:19:26.118   892  9715 I am_proc_start: [0,31723,10041,com.htc.mobiledata:remote,service,com.htc.mobiledata/.MobileDataService]
01-26 06:19:26.173   892   892 I notification_cancel: [1001,1623,com.android.phone,8903,NULL,0,0,64,8,NULL]
01-26 06:19:26.209   892   892 I notification_cancel: [10008,31269,com.htc.CustomizationSetup,2131558478,SIM2StateChangeService,0,0,64,8,NULL]
01-26 06:19:26.273   892  1295 I am_proc_start: [0,31747,10055,com.htc.sense.mms,broadcast,com.htc.sense.mms/.transaction.SmsReceiver]
01-26 06:19:26.275   892  1759 I am_proc_bound: [0,31723,com.htc.mobiledata:remote]
01-26 06:19:26.278   892  2364 I am_proc_died: [0,28216,com.google.process.gapps]
01-26 06:19:26.302   892  1571 I am_proc_bound: [0,31747,com.htc.sense.mms]
01-26 06:19:26.341   892   892 I notification_cancel: [1001,1623,com.android.phone,17,NULL,0,0,64,8,NULL]
01-26 06:19:26.342   892   892 I notification_cancel: [1001,1623,com.android.phone,19,NULL,0,0,64,8,NULL]
01-26 06:19:26.362   892  1295 I am_proc_died: [0,30475,android.process.media]
01-26 06:19:26.379   892   892 I notification_cancel: [10015,1153,com.android.systemui,100,low_battery,-1,0,64,8,NULL]
01-26 06:19:26.379   892   892 I notification_cancel: [10015,1153,com.android.systemui,2130838302,power_saver,-1,0,64,8,NULL]
01-26 06:19:26.393  1623 31775 I content_update_sample: Binder:1623, Delete uri:content://sms/icc-db/1, selection:null, selectionArgs:null
01-26 06:19:26.537   892  1595 I am_proc_start: [0,31781,10058,com.htc.cs.pns,broadcast,com.htc.cs.pns/com.htc.lib1.cs.push.receiver.SimStateChangeReceiver]
01-26 06:19:26.555   892  1595 I am_proc_bound: [0,31781,com.htc.cs.pns]
01-26 06:19:26.611   892  1622 I am_proc_died: [0,30731,com.htc.sense.mms:mms]
01-26 06:19:26.744   892   892 I notification_cancel: [1001,1623,com.android.phone,19,NULL,0,0,64,8,NULL]
01-26 06:19:26.757   892   892 I notification_cancel: [1001,1623,com.android.phone,16,NULL,0,0,64,8,NULL]
01-26 06:19:26.846   892   892 I notification_cancel: [1001,1623,com.android.phone,19,NULL,0,0,64,8,NULL]
01-26 06:19:26.932   892  9714 I am_proc_died: [0,31380,com.htc.android.mail:sync]
01-26 06:19:27.222   892  1267 I am_proc_died: [0,31423,com.htc.updater]
01-26 06:19:28.158   892  1570 I am_proc_start: [0,31822,10013,android.process.media,content provider,com.android.providers.media/.MediaProvider]
01-26 06:19:28.158  1623  1623 I binder_sample: [android.app.IActivityManager,14,60,com.android.phone,12]
01-26 06:19:28.238   892   912 I am_proc_bound: [0,31822,android.process.media]
01-26 06:19:28.241   892  1738 I am_proc_died: [0,30199,com.google.android.setupwizard]
01-26 06:19:28.323   892  1622 I notification_cancel_all: [10013,31822,com.android.providers.downloads,0,0,64,9,NULL]
01-26 06:19:28.508  1623 23011 I content_query_sample: Binder:31747, Query uri:content://mms-sms-v2/rawQuery, selection:select count(1) from contact_threads where htc_category =1 or htc_category = 2, selectionArgs:null
