01-26 16:52:58.410 22179 22662 I content_query_sample: Binder:11932, Query uri:content://mms-sms-v2/rawQuery, selection:select _id,msg_id from addr where (type = 129 or type = 130 or type = 151), selectionArgs:null
01-26 16:52:58.416 22179 12770 I content_query_sample: Binder:11932, Query uri:content://mms/part, selection:null, selectionArgs:null
01-26 16:52:58.421 22179 22693 I content_query_sample: Binder:11932, Query uri:content://mms-sms-v2/rawQuery, selection:select count(1) from blocklist, selectionArgs:null
01-26 16:52:58.438 22179 32544 I content_query_sample: Binder:11932, Query uri:content://mms-sms-v2/rawQuery, selection:SELECT count(1) FROM pdu WHERE date2 = 0, selectionArgs:null
01-26 16:52:58.444 22179 22913 I content_query_sample: Binder:11932, Query uri:content://mms/thread-allreport, selection:thread_id>0 AND m_id!= "" AND (m_type = 128 or m_type = 134 or m_type = 136), selectionArgs:null
01-26 16:52:58.448 22179 22200 I content_query_sample: Binder:11932, Query uri:content://mms-sms-v2/conversations?simple=true&formal=true&category=0, selection:null, selectionArgs:null
01-26 16:52:58.464 22179 22692 I content_update_sample: Binder:11932, Update uri:content://mms, selection:st=129 AND m_type!=134, selectionArgs:null
01-26 16:52:58.470 22179 22693 I content_query_sample: Binder:11932, Query uri:content://sms, selection:body Like 'BEGIN:VCARD%' AND thread_id > 0 , selectionArgs:null
01-26 16:52:58.495 22179 22742 I content_query_sample: Binder:11932, Query uri:content://mms-sms/draft?category=0, selection:null, selectionArgs:null
01-26 16:52:58.601 22179 22779 I content_query_sample: Binder:11961, Query uri:content://mms-sms-v2/rawQuery, selection:SELECT count(1) FROM sms WHERE date2 = 0, selectionArgs:null
01-26 16:52:58.608 22179 22200 I content_query_sample: Binder:11961, Query uri:content://mms-sms-v2/rawQuery, selection:select count(1) from contact_threads where htc_category =1 or htc_category = 2, selectionArgs:null
01-26 16:52:58.625 22179 12771 I content_query_sample: Binder:11961, Query uri:content://mms-sms-v2/rawQuery, selection:select _id,msg_id from addr where (type = 129 or type = 130 or type = 151), selectionArgs:null
01-26 16:52:58.630 22179 32544 I content_query_sample: Binder:11961, Query uri:content://mms/part, selection:null, selectionArgs:null
01-26 16:52:58.634 22179 22913 I content_query_sample: Binder:11961, Query uri:content://mms-sms-v2/rawQuery, selection:SELECT count(1) FROM pdu WHERE date2 = 0, selectionArgs:null
01-26 16:52:58.638 22179 15920 I content_query_sample: Binder:11961, Query uri:content://mms-sms-v2/rawQuery, selection:select count(1) from blocklist, selectionArgs:null
01-26 16:52:58.642 22179 22779 I content_query_sample: Binder:11961, Query uri:content://mms-sms-v2/conversations?simple=true&formal=true&category=0, selection:null, selectionArgs:null
01-26 16:52:58.650 22179 32543 I content_query_sample: Binder:11961, Query uri:content://mms/thread-allreport, selection:thread_id>0 AND m_id!= "" AND (m_type = 128 or m_type = 134 or m_type = 136), selectionArgs:null
01-26 16:52:58.659 22179 22693 I content_query_sample: Binder:11961, Query uri:content://sms, selection:body Like 'BEGIN:VCARD%' AND thread_id > 0 , selectionArgs:null
01-26 16:52:58.676 22179 22912 I content_update_sample: Binder:11961, Update uri:content://mms, selection:st=129 AND m_type!=134, selectionArgs:null
01-26 16:52:58.686 22179 22742 I content_query_sample: Binder:11961, Query uri:content://mms-sms/draft?category=0, selection:null, selectionArgs:null
01-26 16:52:58.808 21486 22203 I am_proc_died: [0,11439,com.google.process.gapps]
01-26 16:52:59.839 21486 23315 I am_proc_start: [0,12056,10020,com.google.process.gapps,content provider,com.google.android.gsf/.settings.GoogleSettingsProvider]
01-26 16:52:59.854 21486 21516 I am_proc_bound: [0,12056,com.google.process.gapps]
01-26 16:53:01.421 21486 22228 I am_home_stack_moved: [0,0,1,1,startingNewTask]
01-26 16:53:01.421 21486 22228 I wm_task_moved: [2594,1,6]
01-26 16:53:01.432 21486 22228 I am_create_task: [0,2595]
01-26 16:53:01.432 21486 22228 I am_create_activity: [0,543049675,2595,com.mediatek.connectivity/.CdsRadioMenuActivity,android.intent.action.MAIN,NULL,NULL,268435456]
01-26 16:53:01.434 21486 22228 I wm_task_created: [2595,1]
01-26 16:53:01.434 21486 22228 I wm_task_moved: [2595,1,7]
01-26 16:53:01.459 21486 22228 I am_pause_activity: [0,879778228,com.google.android.apps.maps/com.google.android.maps.MapsActivity]
01-26 16:53:01.462 21486 22228 I am_home_stack_moved: [0,0,1,1,startedActivity setFocusedActivity]
01-26 16:53:01.467 21486 22228 I am_focused_activity: [0,com.mediatek.connectivity/.CdsRadioMenuActivity]
01-26 16:53:01.581 10023 10023 I am_on_paused_called: [0,com.google.android.maps.MapsActivity]
01-26 16:53:01.587 21486 22129 I am_restart_activity: [0,543049675,2595,com.mediatek.connectivity/.CdsRadioMenuActivity]
01-26 16:53:01.623 21486 22129 I am_focused_activity: [0,com.mediatek.connectivity/.CdsRadioMenuActivity]
01-26 16:53:01.671 21486 22177 I am_proc_died: [0,11932,com.htc.sense.mms]
01-26 16:53:01.732 22179 22179 I am_on_resume_called: [0,com.mediatek.connectivity.CdsRadioMenuActivity]
01-26 16:53:01.878   341   341 I sf_frame_dur: [com.google.android.apps.maps/com.google.android.maps.MapsActivity,531,456,80,14,39,33,15]
01-26 16:53:01.885 21486 21528 I am_activity_launch_time: [0,543049675,com.mediatek.connectivity/.CdsRadioMenuActivity,303,303]
01-26 16:53:02.451 21486 22178 I am_finish_activity: [0,543049675,2595,com.mediatek.connectivity/.CdsRadioMenuActivity,app-request]
01-26 16:53:02.452 21486 22178 I am_home_stack_moved: [0,0,1,1,finishActivity adjustTopFocus setFocusedActivity]
01-26 16:53:02.454 21486 22178 I am_focused_activity: [0,com.google.android.apps.maps/com.google.android.maps.MapsActivity]
01-26 16:53:02.472 21486 22178 I am_pause_activity: [0,543049675,com.mediatek.connectivity/.CdsRadioMenuActivity]
01-26 16:53:02.474 22179 22179 I am_on_paused_called: [0,com.mediatek.connectivity.CdsRadioMenuActivity]
01-26 16:53:02.478 21486 21516 I am_resume_activity: [0,879778228,2594,com.google.android.apps.maps/com.google.android.maps.MapsActivity]
01-26 16:53:02.481 21486 21516 I am_focused_activity: [0,com.google.android.apps.maps/com.google.android.maps.MapsActivity]
01-26 16:53:02.568 22078 23528 I force_gc: Binder
01-26 16:53:02.574 21486 21486 I notification_cancel: [10117,10023,com.google.android.apps.maps,1554,com.google.android.apps.gmm.directions.cy,0,0,64,8,NULL]
01-26 16:53:02.659 10023 10023 I am_on_resume_called: [0,com.google.android.maps.MapsActivity]
01-26 16:53:02.909 21486 22074 I am_proc_died: [0,11961,com.htc.sense.mms:mms]
01-26 16:53:02.910 21486 22074 I am_schedule_service_restart: [0,com.htc.sense.mms/com.htc.messaging.service.MmsService,1000]
01-26 16:53:03.158 21486 21518 I am_destroy_activity: [0,543049675,2595,com.mediatek.connectivity/.CdsRadioMenuActivity,finish-imm]
01-26 16:53:03.173   341   341 I sf_frame_dur: [com.mediatek.connectivity/com.mediatek.connectivity.CdsRadioMenuActivity,0,1,0,0,0,0,0]
01-26 16:53:03.189 21486 22228 I wm_task_removed: [2595,removeAppToken: last token]
01-26 16:53:03.190 21486 22228 I wm_task_removed: [2595,removeTask]
01-26 16:53:03.739 21486 21486 I free_storage_changed: 5569495040
01-26 16:53:03.899 21486 22178 I am_proc_died: [0,12056,com.google.process.gapps]
01-26 16:53:03.945 21486 21518 I am_proc_start: [0,12140,10055,com.htc.sense.mms:mms,service,com.htc.sense.mms/com.htc.messaging.service.MmsService]
01-26 16:53:04.100 21486 21516 I am_proc_bound: [0,12140,com.htc.sense.mms:mms]
01-26 16:53:04.539 21486 22177 I am_finish_activity: [0,879778228,2594,com.google.android.apps.maps/com.google.android.maps.MapsActivity,app-request]
01-26 16:53:04.540 21486 22177 I am_home_stack_moved: [0,0,1,1,finishActivity adjustTopFocus setFocusedActivity]
01-26 16:53:04.542 21486 22177 I am_focused_activity: [0,tunein.player/tunein.ui.actvities.TuneInSearchActivity]
01-26 16:53:04.569 21486 22177 I am_pause_activity: [0,879778228,com.google.android.apps.maps/com.google.android.maps.MapsActivity]
01-26 16:53:04.629 21486 22228 I am_proc_died: [0,12140,com.htc.sense.mms:mms]
01-26 16:53:04.630 21486 22228 I am_schedule_service_restart: [0,com.htc.sense.mms/com.htc.messaging.service.MmsService,4000]
01-26 16:53:04.689 10023 10023 I am_on_paused_called: [0,com.google.android.maps.MapsActivity]
01-26 16:53:04.696 21486 22796 I am_resume_activity: [0,838385445,2005,tunein.player/tunein.ui.actvities.TuneInSearchActivity]
01-26 16:53:04.699 21486 22796 I am_focused_activity: [0,tunein.player/tunein.ui.actvities.TuneInSearchActivity]
01-26 16:53:04.738  4396  4396 I am_on_resume_called: [0,tunein.ui.actvities.TuneInSearchActivity]
01-26 16:53:04.765  4396  4396 I content_query_sample: [content://tunein.player.settingsprovider/prefs_default/get_string/oauthToken,,,,0,tunein.player,1]
01-26 16:53:05.130 21486 21518 I am_destroy_activity: [0,879778228,2594,com.google.android.apps.maps/com.google.android.maps.MapsActivity,finish-imm]
01-26 16:53:05.145   341   341 I sf_frame_dur: [com.google.android.apps.maps/com.google.android.maps.MapsActivity,27,13,2,0,1,0,0]
01-26 16:53:05.208 21486 22178 I wm_task_removed: [2594,removeAppToken: last token]
01-26 16:53:05.208 21486 22178 I wm_task_removed: [2594,removeTask]
01-26 16:53:05.899 21486 22178 I am_home_stack_moved: [0,0,1,1,startingNewTask]
01-26 16:53:05.899 21486 22178 I wm_task_moved: [2005,1,5]
01-26 16:53:05.903 21486 22178 I am_create_task: [0,2596]
01-26 16:53:05.903 21486 22178 I am_create_activity: [0,215306922,2596,com.mediatek.connectivity/.CdsRadioMenuActivity,android.intent.action.MAIN,NULL,NULL,268435456]
01-26 16:53:05.904 21486 22178 I wm_task_created: [2596,1]
01-26 16:53:05.904 21486 22178 I wm_task_moved: [2596,1,6]
01-26 16:53:05.922 21486 22178 I am_pause_activity: [0,838385445,tunein.player/tunein.ui.actvities.TuneInSearchActivity]
01-26 16:53:05.925 21486 22178 I am_home_stack_moved: [0,0,1,1,startedActivity setFocusedActivity]
01-26 16:53:05.928 21486 22178 I am_focused_activity: [0,com.mediatek.connectivity/.CdsRadioMenuActivity]
01-26 16:53:05.933  4396  4396 I am_on_paused_called: [0,tunein.ui.actvities.TuneInSearchActivity]
01-26 16:53:05.960 21486 22074 I am_restart_activity: [0,215306922,2596,com.mediatek.connectivity/.CdsRadioMenuActivity]
01-26 16:53:05.964 21486 22074 I am_focused_activity: [0,com.mediatek.connectivity/.CdsRadioMenuActivity]
01-26 16:53:05.989 22179 22179 I am_on_resume_called: [0,com.mediatek.connectivity.CdsRadioMenuActivity]
01-26 16:53:06.046 22179 22179 I binder_sample: [android.view.IWindowSession,6,34,com.android.phone,6]
01-26 16:53:06.081 21486 21528 I am_activity_launch_time: [0,215306922,com.mediatek.connectivity/.CdsRadioMenuActivity,123,123]
01-26 16:53:06.257 21486 21516 I am_proc_died: [0,10023,com.google.android.apps.maps]
01-26 16:53:06.273   341   341 I sf_frame_dur: [tunein.player/tunein.ui.actvities.TuneInSearchActivity,1,0,0,2,1,0,0]
01-26 16:53:06.853 21486 21506 I am_home_stack_moved: [0,0,1,1,sourceStackToFront]
01-26 16:53:06.853 21486 21506 I wm_task_moved: [2596,1,6]
01-26 16:53:06.857 21486 21506 I am_create_activity: [0,623568949,2596,com.mediatek.connectivity/.CdsRadioInfoActivity,NULL,NULL,NULL,0]
01-26 16:53:06.859 21486 21506 I am_pause_activity: [0,215306922,com.mediatek.connectivity/.CdsRadioMenuActivity]
01-26 16:53:06.861 21486 21506 I am_home_stack_moved: [0,0,1,1,startedActivity setFocusedActivity]
01-26 16:53:06.865 21486 21506 I am_focused_activity: [0,com.mediatek.connectivity/.CdsRadioInfoActivity]
01-26 16:53:06.874 22179 22179 I am_on_paused_called: [0,com.mediatek.connectivity.CdsRadioMenuActivity]
01-26 16:53:06.904 21486 22177 I am_restart_activity: [0,623568949,2596,com.mediatek.connectivity/.CdsRadioInfoActivity]
01-26 16:53:06.907 21486 22177 I am_focused_activity: [0,com.mediatek.connectivity/.CdsRadioInfoActivity]
01-26 16:53:07.014 22179 22179 I am_on_resume_called: [0,com.mediatek.connectivity.CdsRadioInfoActivity]
01-26 16:53:07.180 21486 21528 I am_activity_launch_time: [0,623568949,com.mediatek.connectivity/.CdsRadioInfoActivity,278,278]
01-26 16:53:07.201   341   341 I sf_frame_dur: [com.mediatek.connectivity/com.mediatek.connectivity.CdsRadioMenuActivity,1,1,0,2,1,0,0]
01-26 16:53:08.660 21486 21518 I am_proc_start: [0,12185,10055,com.htc.sense.mms:mms,service,com.htc.sense.mms/com.htc.messaging.service.MmsService]
01-26 16:53:08.675 21486 21506 I am_proc_bound: [0,12185,com.htc.sense.mms:mms]
01-26 16:53:10.799 22179 22201 I content_query_sample: Binder:12185, Query uri:content://mms-sms-v2/rawQuery, selection:select count(1) from contact_threads where htc_category =1 or htc_category = 2, selectionArgs:null
01-26 16:53:10.821 22179 12770 I content_query_sample: Binder:12185, Query uri:content://mms-sms-v2/rawQuery, selection:SELECT count(1) FROM sms WHERE date2 = 0, selectionArgs:null
01-26 16:53:10.831 22179 32544 I content_query_sample: Binder:12185, Query uri:content://mms-sms-v2/rawQuery, selection:select _id,msg_id from addr where (type = 129 or type = 130 or type = 151), selectionArgs:null
01-26 16:53:10.837 22179 22912 I content_query_sample: Binder:12185, Query uri:content://mms/part, selection:null, selectionArgs:null
01-26 16:53:10.842 22179 22662 I content_query_sample: Binder:12185, Query uri:content://mms-sms-v2/rawQuery, selection:select count(1) from blocklist, selectionArgs:null
01-26 16:53:10.847 22179 22779 I content_query_sample: Binder:12185, Query uri:content://mms-sms-v2/rawQuery, selection:SELECT count(1) FROM pdu WHERE date2 = 0, selectionArgs:null
01-26 16:53:10.851 22179 15920 I content_query_sample: Binder:12185, Query uri:content://mms/thread-allreport, selection:thread_id>0 AND m_id!= "" AND (m_type = 128 or m_type = 134 or m_type = 136), selectionArgs:null
01-26 16:53:10.858 22179 32543 I content_query_sample: Binder:12185, Query uri:content://mms-sms-v2/conversations?simple=true&formal=true&category=0, selection:null, selectionArgs:null
01-26 16:53:10.859 22179 22200 I content_update_sample: Binder:12185, Update uri:content://mms, selection:st=129 AND m_type!=134, selectionArgs:null
01-26 16:53:10.871 22179 12771 I content_query_sample: Binder:12185, Query uri:content://sms, selection:body Like 'BEGIN:VCARD%' AND thread_id > 0 , selectionArgs:null
01-26 16:53:10.893 22179 12770 I content_query_sample: Binder:12185, Query uri:content://mms-sms/draft?category=0, selection:null, selectionArgs:null
01-26 16:53:18.538   341   341 I sf_frame_dur: [PopupWindow:1e84df1d,0,1,0,0,0,0,0]
01-26 16:53:24.055 22078  8938 I gtalk_conn_close: [20,140]
01-26 16:53:24.694 21690 21690 I binder_sample: [com.android.internal.telephony.ISub,15,707,com.android.systemui,100]
01-26 16:53:24.697 21486 21486 I notification_cancel: [10092,5628,com.facebook.katana,714499313,com.facebook.rti.mqtt.common.analytics.MqttDiagnosticNotification,0,0,64,8,NULL]
01-26 16:53:24.803 21486 21486 I notification_cancel: [1001,22179,com.android.phone,16,NULL,0,0,64,8,NULL]
01-26 16:53:24.804 21486 22178 I binder_sample: [com.android.server.input.InputManagerService,5,588,execTransact,100]
01-26 16:53:24.842 21486 21486 I notification_cancel: [10092,5628,com.facebook.katana,714499313,com.facebook.rti.mqtt.common.analytics.MqttDiagnosticNotification,0,0,64,8,NULL]
01-26 16:53:25.024 21486 21518 I am_proc_start: [0,12264,10008,com.htc.bgp,broadcast,com.htc.flexnet/.AndroidIntentReceiver]
01-26 16:53:25.036 21486 21486 I notification_cancel: [10092,5628,com.facebook.katana,714499313,com.facebook.rti.mqtt.common.analytics.MqttDiagnosticNotification,0,0,64,8,NULL]
01-26 16:53:25.080 21486 22074 I am_proc_start: [0,12287,10041,com.htc.mobiledata,content provider,com.htc.mobiledata/.MobileDataProvider]
01-26 16:53:25.084 21486 22075 I am_proc_bound: [0,12264,com.htc.bgp]
01-26 16:53:25.110 21486 21580 I netstats_mobile_sample: [94699478,116311,9535162,90572,94699478,116311,9579833,90937,94699478,116311,9579833,90937,-1]
01-26 16:53:25.110 21486 21580 I netstats_wifi_sample: [64726124,95856,8203666,76795,63302642,94283,7188570,73080,63066800,91602,7182785,73015,-1]
01-26 16:53:25.126   341   341 I sf_frame_dur: [com.mediatek.connectivity/com.mediatek.connectivity.CdsRadioInfoActivity,14,0,0,0,1,1,0]
01-26 16:53:25.151 21486 22796 I am_proc_bound: [0,12287,com.htc.mobiledata]
01-26 16:53:25.172 21486 21580 I netstats_mobile_sample: [94699478,116311,9535162,90572,94699478,116311,9579833,90937,94699478,116311,9579833,90937,-1]
01-26 16:53:25.173 21486 21580 I netstats_wifi_sample: [64726124,95856,8203666,76795,63302642,94283,7188570,73080,63066800,91602,7182785,73015,-1]
01-26 16:53:25.192 21486 21486 I notification_cancel: [1000,21486,android,257,CaptivePortal.Notification,0,0,0,8,NULL]
01-26 16:53:25.195 21486 22251 I am_proc_died: [0,12185,com.htc.sense.mms:mms]
01-26 16:53:25.195 21486 22251 I am_schedule_service_restart: [0,com.htc.sense.mms/com.htc.messaging.service.MmsService,16000]
01-26 16:53:25.197 21486 21486 I notification_cancel: [1001,22179,com.android.phone,16,NULL,0,0,64,8,NULL]
01-26 16:53:25.429 21486 21486 I notification_cancel: [10092,5628,com.facebook.katana,10011,NULL,0,0,64,8,NULL]
01-26 16:53:25.457 21486 22796 I am_proc_start: [0,12331,10041,com.htc.mobiledata:remote,service,com.htc.mobiledata/.MobileDataService]
01-26 16:53:25.641 21486 22177 I am_proc_bound: [0,12331,com.htc.mobiledata:remote]
01-26 16:53:26.054 12264 12264 I content_query_sample: [content://single_customization_settings/SettingTable/application_Calendar,,,,500,com.htc.flexnet,100]
01-26 16:53:26.054 12264 12264 I content_query_sample: [content://customization_settings/SettingTable/application_Calendar,,,,504,com.htc.flexnet,100]
01-26 16:53:26.141 21486 21517 I content_query_sample: [content://telephony/carriers/preferapn,apn,,name ASC,87,,18]
01-26 16:53:26.149 21486 21486 I notification_cancel: [1000,21486,android,65537,CaptivePortal.Notification,0,0,0,8,NULL]
01-26 16:53:26.257 21486 22075 I am_proc_start: [0,12368,10013,android.process.media,broadcast,com.android.providers.downloads/.DownloadReceiver]
01-26 16:53:26.320 22179 22179 I binder_sample: [com.android.internal.telephony.ITelephonyRegistry,17,5,com.android.phone,1]
01-26 16:53:26.405 21486 22228 I am_proc_bound: [0,12368,android.process.media]
01-26 16:53:26.629 21486 22154 I notification_cancel_all: [10013,12368,com.android.providers.downloads,0,0,64,9,NULL]
01-26 16:53:26.766 21486 22203 I am_proc_start: [0,12400,10053,com.htc.android.mail:sync,broadcast,com.htc.android.mail/.eassvc.EASEventReceiver]
01-26 16:53:26.805 21486 22177 I am_proc_bound: [0,12400,com.htc.android.mail:sync]
01-26 16:53:26.817 21486 21580 I netstats_mobile_sample: [94699478,116311,9535162,90572,94699478,116311,9579833,90937,94699478,116311,9579833,90937,-1]
01-26 16:53:26.818 21486 21580 I netstats_wifi_sample: [64726124,95856,8203666,76795,63302642,94283,7188570,73080,63066800,91602,7182785,73015,-1]
01-26 16:53:26.832 21486 21580 I netstats_mobile_sample: [94699478,116311,9535162,90572,94699478,116311,9579833,90937,94699478,116311,9579833,90937,-1]
01-26 16:53:26.832 21486 21580 I netstats_wifi_sample: [64726124,95856,8203666,76795,63302642,94283,7188570,73080,63066800,91602,7182785,73015,-1]
01-26 16:53:26.910 21486 22228 I am_proc_died: [0,8328,com.google.android.talk]
01-26 16:53:26.910 21486 22228 I am_schedule_service_restart: [0,com.google.android.talk/com.google.android.libraries.hangouts.video.CallService,1000]
01-26 16:53:27.115 21486 21486 I notification_cancel: [10092,5628,com.facebook.katana,714499313,com.facebook.rti.mqtt.common.analytics.MqttDiagnosticNotification,0,0,64,8,NULL]
01-26 16:53:27.116  5628  5628 I binder_sample: [android.net.IConnectivityManager,17,123,com.facebook.katana,24]
01-26 16:53:27.149 21486 21507 I am_proc_died: [0,12331,com.htc.mobiledata:remote]
01-26 16:53:27.184 21486 21486 I notification_cancel: [10092,5628,com.facebook.katana,714499313,com.facebook.rti.mqtt.common.analytics.MqttDiagnosticNotification,0,0,64,8,NULL]
01-26 16:53:27.294 21486 22251 I am_proc_start: [0,12460,10064,com.google.android.setupwizard,broadcast,com.google.android.setupwizard/.carrier.MobileConnectivityChangeReceiver]
01-26 16:53:27.312 21486 22075 I am_proc_bound: [0,12460,com.google.android.setupwizard]
01-26 16:53:27.389 21486 21506 I am_proc_died: [0,12368,android.process.media]
01-26 16:53:27.511 21486 22202 I am_proc_start: [0,12492,10068,com.htc.updater,broadcast,com.htc.updater/.download.DownloadReceiver]
01-26 16:53:27.527 21486 21486 I notification_cancel: [10092,5628,com.facebook.katana,714499313,com.facebook.rti.mqtt.common.analytics.MqttDiagnosticNotification,0,0,64,8,NULL]
01-26 16:53:27.566 21486 22129 I am_proc_bound: [0,12492,com.htc.updater]
01-26 16:53:27.571 21486  7839 I am_proc_died: [0,12264,com.htc.bgp]
01-26 16:53:27.573 21486 21486 I notification_cancel: [10092,5628,com.facebook.katana,10011,NULL,0,0,64,8,NULL]
01-26 16:53:27.580 21486 21486 I notification_cancel: [10092,5628,com.facebook.katana,714499313,com.facebook.rti.mqtt.common.analytics.MqttDiagnosticNotification,0,0,64,8,NULL]
01-26 16:53:27.721 21486 21507 I am_proc_start: [0,12525,10008,com.htc.bgp,content provider,com.android.providers.calendar/com.htc.providers.calendar.HtcCalendarProvider]
01-26 16:53:27.724 21486 22177 I am_proc_died: [0,12287,com.htc.mobiledata]
01-26 16:53:27.741 21486 22074 I am_proc_bound: [0,12525,com.htc.bgp]
01-26 16:53:28.119 21486 21486 I notification_cancel: [10092,5628,com.facebook.katana,714499313,com.facebook.rti.mqtt.common.analytics.MqttDiagnosticNotification,0,0,64,8,NULL]
01-26 16:53:28.120 12492 12492 I binder_sample: [android.content.pm.IPackageManager,11,379,com.htc.updater,75]
01-26 16:53:28.123 12525 12525 I binder_sample: [android.app.IActivityManager,17,382,<pre-initialized>,76]
01-26 16:53:28.194 21486 21507 I binder_sample: [com.android.server.am.ActivityManagerService,29,507,execTransact,100]
01-26 16:53:28.200  3480 12517 I aggregation: 1453798408199
01-26 16:53:28.419 21486 22075 I am_proc_start: [0,12573,10020,com.google.process.gapps,content provider,com.google.android.gsf/.settings.GoogleSettingsProvider]
01-26 16:53:28.465 21486 22796 I am_proc_start: [0,12596,10122,com.google.android.apps.magazines,broadcast,com.google.android.apps.magazines/com.google.apps.dots.android.newsstand.appwidget.NewsWidgetProvider]
01-26 16:53:28.466 21486 21516 I am_proc_bound: [0,12573,com.google.process.gapps]
01-26 16:53:28.481 21486 23315 I am_proc_bound: [0,12596,com.google.android.apps.magazines]
01-26 16:53:28.908 21486 22075 I am_proc_died: [0,12460,com.google.android.setupwizard]
01-26 16:53:29.048 12492 12586 I content_query_sample: [content://com.htc.updater.download/downloads,,,,405,com.htc.updater,82]
01-26 16:53:29.055 21486 22129 I am_proc_start: [0,12623,10020,com.google.android.gms.unstable,service,com.google.android.gms/.droidguard.DroidGuardService]
01-26 16:53:29.070 21486 22202 I am_proc_bound: [0,12623,com.google.android.gms.unstable]
01-26 16:53:29.221 21486 21486 I notification_cancel: [10020,12623,com.google.android.gms,10436,NOT_LMP,0,0,64,8,NULL]
01-26 16:53:29.222 21486 21486 I notification_cancel: [10020,12623,com.google.android.gms,39789,NOT_LMP,0,0,64,8,NULL]
01-26 16:53:29.222 12623 12623 I content_query_sample: [content://com.google.android.gsf.gservices,,,,0,com.google.android.gms,1]
01-26 16:53:29.459 21486 22203 I am_proc_died: [0,12492,com.htc.updater]
01-26 16:53:29.484  3480  3480 I binder_sample: [com.google.android.gms.common.internal.IGmsServiceBroker,46,116,com.google.android.gms,23]
01-26 16:53:30.549 21486  7839 I am_proc_start: [0,12794,10081,com.android.chrome,broadcast,com.android.chrome/org.chromium.content.browser.BackgroundSyncLauncherService$Receiver]
01-26 16:53:30.572 21486 22673 I force_gc: Binder
01-26 16:53:30.572 21486 22177 I am_proc_bound: [0,12794,com.android.chrome]
01-26 16:53:30.672 21486 21506 I am_proc_died: [0,12596,com.google.android.apps.magazines]
01-26 16:53:30.838 21486 22178 I am_proc_died: [0,12525,com.htc.bgp]
01-26 16:53:30.894 21486 22228 I am_proc_start: [0,12836,10129,com.google.android.apps.photos,broadcast,com.google.android.apps.photos/.actionqueue.SystemReceiver]
01-26 16:53:30.914 21486 22154 I am_proc_bound: [0,12836,com.google.android.apps.photos]
01-26 16:53:31.068 21486 22251 I am_proc_died: [0,12573,com.google.process.gapps]
01-26 16:53:32.184 21486 22203 I am_proc_start: [0,12893,10020,com.google.process.gapps,content provider,com.google.android.gsf/.settings.GoogleSettingsProvider]
01-26 16:53:32.283 21486 23315 I am_proc_bound: [0,12893,com.google.process.gapps]
01-26 16:53:33.192 21486 22202 I binder_sample: [com.android.server.am.ActivityManagerService,14,733,execTransact,100]
01-26 16:53:33.193 22179 22179 I binder_sample: [android.app.IActivityManager,14,734,com.android.phone,100]
01-26 16:53:33.193 21486 22074 I binder_sample: [com.android.server.am.ActivityManagerService,29,732,execTransact,100]
01-26 16:53:33.194 12893 12893 I binder_sample: [android.app.IActivityManager,29,732,<pre-initialized>,100]
01-26 16:53:33.194 21486 22251 I binder_sample: [com.android.server.power.PowerManagerService$BinderService,1,724,execTransact,100]
01-26 16:53:33.458 21486 22203 I binder_sample: [com.android.server.am.ActivityManagerService,29,1329,execTransact,100]
01-26 16:53:33.649 21486 21486 I notification_cancel: [10129,12836,com.google.android.apps.photos,10436,NULL,0,0,64,8,NULL]
01-26 16:53:33.670 21486  7839 I am_proc_start: [0,12957,10131,com.google.android.apps.plus,broadcast,com.google.android.apps.plus/com.google.android.libraries.social.autobackup.AutoBackupEnvironment$ConnectivityReceiver]
01-26 16:53:33.676 21486 22074 I am_proc_died: [0,12794,com.android.chrome]
01-26 16:53:33.691 21486 21506 I am_proc_bound: [0,12957,com.google.android.apps.plus]
01-26 16:53:33.740 21486 21486 I free_storage_changed: 5550411776
01-26 16:53:33.883 21486 22228 I am_proc_start: [0,12987,10013,android.process.media,content provider,com.android.providers.media/.MediaProvider]
01-26 16:53:33.899 21486 21507 I am_proc_died: [0,12893,com.google.process.gapps]
01-26 16:53:33.908 21486  7839 I am_proc_bound: [0,12987,android.process.media]
01-26 16:53:33.990 21486 22075 I notification_cancel_all: [10013,12987,com.android.providers.downloads,0,0,64,9,NULL]
01-26 16:53:34.289 21486 22074 I am_proc_start: [0,13027,10020,com.google.process.gapps,content provider,com.google.android.gsf/.gservices.GservicesProvider]
01-26 16:53:34.313 21486 21507 I am_proc_bound: [0,13027,com.google.process.gapps]
01-26 16:53:34.590 21486 22075 I notification_cancel_all: [10013,12987,com.android.providers.downloads,0,0,64,9,NULL]
01-26 16:53:34.619 21486 21506 I am_proc_start: [0,13085,10008,com.htc.bgp,broadcast,com.htc.flexnet/.SystemIntentReceiver]
01-26 16:53:34.639 21486 22228 I am_proc_died: [0,12836,com.google.android.apps.photos]
01-26 16:53:34.645 21486 22178 I am_proc_bound: [0,13085,com.htc.bgp]
01-26 16:53:34.771 21486 21506 I am_proc_start: [0,13117,10064,com.google.android.setupwizard,broadcast,com.google.android.setupwizard/.carrier.MobileConnectivityChangeReceiver]
01-26 16:53:34.790 21486 22203 I am_proc_bound: [0,13117,com.google.android.setupwizard]
01-26 16:53:34.890 21486 21506 I am_proc_start: [0,13148,10068,com.htc.updater,broadcast,com.htc.updater/.download.DownloadReceiver]
01-26 16:53:34.933 21486 22074 I am_proc_bound: [0,13148,com.htc.updater]
01-26 16:53:34.990 21486 22750 I force_gc: Binder
01-26 16:53:35.032 21486 22251 I am_proc_start: [0,13189,10122,com.google.android.apps.magazines,broadcast,com.google.android.apps.magazines/com.google.apps.dots.android.newsstand.appwidget.NewsWidgetProvider]
01-26 16:53:35.053 21486 22178 I am_proc_bound: [0,13189,com.google.android.apps.magazines]
01-26 16:53:35.109 21486 22177 I am_proc_died: [0,12957,com.google.android.apps.plus]
01-26 16:53:35.521 21486 22129 I am_proc_died: [0,12987,android.process.media]
01-26 16:53:35.618 21486 22796 I am_proc_start: [0,13299,10081,com.android.chrome,broadcast,com.android.chrome/org.chromium.content.browser.BackgroundSyncLauncherService$Receiver]
01-26 16:53:35.637 21486 22177 I am_proc_bound: [0,13299,com.android.chrome]
01-26 16:53:35.772 21486  7839 I am_proc_start: [0,13335,10129,com.google.android.apps.photos,broadcast,com.google.android.apps.photos/.actionqueue.SystemReceiver]
01-26 16:53:35.805 21486 21506 I am_proc_bound: [0,13335,com.google.android.apps.photos]
01-26 16:53:35.859 21486 22178 I am_proc_died: [0,13085,com.htc.bgp]
01-26 16:53:36.213 21486 21486 I notification_cancel: [10129,13335,com.google.android.apps.photos,10436,NULL,0,0,64,8,NULL]
01-26 16:53:36.235 21486  7839 I am_proc_start: [0,13378,10131,com.google.android.apps.plus,broadcast,com.google.android.apps.plus/com.google.android.libraries.social.autobackup.AutoBackupEnvironment$ConnectivityReceiver]
01-26 16:53:36.237 21486 21507 I am_proc_died: [0,13148,com.htc.updater]
01-26 16:53:36.266 21486 21516 I am_proc_bound: [0,13378,com.google.android.apps.plus]
01-26 16:53:36.361 21486  7839 I am_proc_start: [0,13406,10013,android.process.media,content provider,com.android.providers.media/.MediaProvider]
01-26 16:53:36.392 21486 22074 I am_proc_bound: [0,13406,android.process.media]
01-26 16:53:36.489 21486 23315 I notification_cancel_all: [10013,13406,com.android.providers.downloads,0,0,64,9,NULL]
01-26 16:53:36.714 21486 23315 I am_proc_start: [0,13486,10008,com.htc.bgp,broadcast,com.htc.flexnet/.AndroidIntentReceiver]
01-26 16:53:36.716 21486 21507 I am_proc_died: [0,13189,com.google.android.apps.magazines]
01-26 16:53:36.730 21486 22075 I am_proc_bound: [0,13486,com.htc.bgp]
01-26 16:53:36.936 21486  7839 I notification_cancel_all: [10013,13406,com.android.providers.downloads,0,0,64,9,NULL]
01-26 16:53:36.999 21486 21507 I am_proc_start: [0,13559,10068,com.htc.updater,broadcast,com.htc.updater/.download.DownloadReceiver]
01-26 16:53:37.021 21486 21506 I am_proc_bound: [0,13559,com.htc.updater]
01-26 16:53:37.166 21486 21507 I am_proc_start: [0,13587,10122,com.google.android.apps.magazines,broadcast,com.google.android.apps.magazines/com.google.apps.dots.android.newsstand.appwidget.NewsWidgetProvider]
01-26 16:53:37.190 21486  7839 I am_proc_bound: [0,13587,com.google.android.apps.magazines]
01-26 16:53:37.360 21486 22228 I am_proc_died: [0,12623,com.google.android.gms.unstable]
01-26 16:53:37.828 21486 22075 I am_proc_start: [0,13687,10007,com.htc.calendar,broadcast,com.htc.calendar/.ProviderChangeReceiver]
01-26 16:53:37.840 21486 22228 I am_proc_bound: [0,13687,com.htc.calendar]
01-26 16:53:37.999 21486 21506 I am_proc_died: [0,13406,android.process.media]
01-26 16:53:38.026 21486 22959 I force_gc: Binder
01-26 16:53:38.055 21486 21486 I notification_cancel: [10007,13687,com.htc.calendar,1,NULL,0,0,64,8,NULL]
01-26 16:53:38.072 21486 21486 I notification_cancel: [10044,7764,com.htc.sense.hsp,2131361907,NULL,0,0,64,8,NULL]
01-26 16:53:38.107 21486 21486 I notification_enqueue: [10020,22078,com.google.android.gms,0,com.google.android.gms.auth.TokenNotificationManager:gftrss081@gmail.com:com.google,0,Notification(pri=0 contentView=null vibrate=null sound=null defaults=0x0 flags=0xa color=0x00000000 vis=PRIVATE),1]
01-26 16:53:38.108 21486 21486 I notification_skip_beep_vibrate: [0,0,0,0,0,1,0,1,0,0]
01-26 16:53:38.108 21486 21486 I notification_skip_light: [1,0,1,0,0]
01-26 16:53:38.135 21486 21486 I notification_cancel: [10007,13687,com.htc.calendar,1,NULL,0,0,64,8,NULL]
01-26 16:53:38.152 22078 13711 I c2dm    : [-2,NULL,1,1]
01-26 16:53:38.202 21486 21506 I am_proc_died: [0,13486,com.htc.bgp]
01-26 16:53:38.288 22078 13721 I c2dm    : [3,NULL,1,1]
01-26 16:53:38.292 22078 13721 I gtalk_heartbeat_reset: [1680,64.233.188.188:5228]
01-26 16:53:38.294 22078 13721 I gtalk_connection: 0
01-26 16:53:38.365 21486 21507 I am_proc_start: [0,13729,10008,com.htc.bgp,content provider,com.android.providers.calendar/com.htc.providers.calendar.HtcCalendarProvider]
01-26 16:53:38.390 21486 22228 I am_proc_bound: [0,13729,com.htc.bgp]
01-26 16:53:38.391 22078 13721 I c2dm    : [7,,1,1]
01-26 16:53:38.410 21486 22796 I am_proc_died: [0,13559,com.htc.updater]
01-26 16:53:38.844 21486 22154 I am_proc_start: [0,13783,10103,com.google.android.talk,broadcast,com.google.android.talk/com.google.android.apps.hangouts.phone.PackageReplacedReceiver]
01-26 16:53:38.901 22431 13718 I content_query_sample: [content://icc/phonebook/subId/1,name/number/hidden/recordNumber/number1/number2/emails,,,709,com.android.providers.contacts,100]
01-26 16:53:38.908 21486 22202 I am_proc_bound: [0,13783,com.google.android.talk]
01-26 16:53:38.939 21486 22178 I am_proc_died: [0,13587,com.google.android.apps.magazines]
01-26 16:53:39.211 21486 21486 I notification_cancel: [10007,13687,com.htc.calendar,1,NULL,0,0,64,8,NULL]
01-26 16:53:39.211 21486 21486 I notification_cancel: [10007,13687,com.htc.calendar,1,NULL,0,0,64,8,NULL]
01-26 16:53:39.214 21486 21486 I backup_transport_lifecycle: [com.google.android.gms/.backup.BackupTransportService,1]
01-26 16:53:39.214 21486 21486 I notification_cancel: [10020,22078,com.google.android.gms,1,com.google.android.backup.notification.tag,0,0,64,8,NULL]
01-26 16:53:39.359 21486 22154 I am_proc_died: [0,13378,com.google.android.apps.plus]
01-26 16:53:39.512 21486  7839 I am_proc_start: [0,13820,10055,com.htc.sense.mms,content provider,com.htc.sense.mms/.util.MmsCustomizationProvider]
01-26 16:53:39.584 21486 22202 I am_proc_bound: [0,13820,com.htc.sense.mms]
01-26 16:53:39.728 21486 23315 I am_proc_died: [0,13299,com.android.chrome]
01-26 16:53:40.764 21486 22203 I am_proc_start: [0,13869,10059,com.android.vending,broadcast,com.android.vending/com.google.android.finsky.receivers.PackageMonitorReceiver$RegisteredReceiver]
01-26 16:53:40.797 21486 22796 I am_proc_bound: [0,13869,com.android.vending]
01-26 16:53:40.946 21486 21486 I notification_cancel: [10103,13783,com.google.android.talk,8,com.google.android.talk:gmscore,0,0,64,8,NULL]
01-26 16:53:41.019 21486 23315 I am_proc_died: [0,13117,com.google.android.setupwizard]
01-26 16:53:41.230 21486 21518 I am_proc_start: [0,13925,10055,com.htc.sense.mms:mms,service,com.htc.sense.mms/com.htc.messaging.service.MmsService]
01-26 16:53:41.258 21486 22203 I am_proc_bound: [0,13925,com.htc.sense.mms:mms]
01-26 16:53:41.340 21486 21486 I notification_cancel: [10059,13869,com.android.vending,-1050172287,NULL,0,0,64,8,NULL]
01-26 16:53:41.422 21486 22177 I am_proc_start: [0,13956,10013,android.process.media,content provider,com.android.providers.downloads/.DownloadProvider]
01-26 16:53:41.485 21486 21506 I am_proc_bound: [0,13956,android.process.media]
01-26 16:53:41.500 21486 22202 I am_proc_died: [0,13335,com.google.android.apps.photos]
01-26 16:53:41.583 21486 22796 I am_proc_start: [0,13984,10131,com.google.android.apps.plus,broadcast,com.google.android.apps.plus/.service.PackagesMediaMonitor]
01-26 16:53:41.640 21486 21507 I am_proc_died: [0,13956,android.process.media]
01-26 16:53:41.640 21486 21507 I am_schedule_service_restart: [0,com.android.providers.downloads/.DownloadService,1000]
01-26 16:53:41.701 21486 21507 I am_proc_start: [0,14006,10013,android.process.media,restart,android.process.media]
01-26 16:53:41.702 21486 21507 I am_schedule_service_restart: [0,com.android.providers.downloads/.DownloadService,4000]
01-26 16:53:41.810 21486 21506 I am_proc_died: [0,13687,com.htc.calendar]
01-26 16:53:41.812 21486 22154 I am_proc_bound: [0,13984,com.google.android.apps.plus]
01-26 16:53:41.819 21486 22202 I am_proc_bound: [0,14006,android.process.media]
01-26 16:53:41.822 22179 22693 I content_query_sample: Binder:13820, Query uri:content://mms-sms-v2/rawQuery, selection:SELECT count(1) FROM sms WHERE date2 = 0, selectionArgs:null
01-26 16:53:41.840 22179 22692 I content_query_sample: Binder:13820, Query uri:content://mms-sms-v2/rawQuery, selection:select count(1) from contact_threads where htc_category =1 or htc_category = 2, selectionArgs:null
01-26 16:53:41.850 22179 32544 I content_query_sample: Binder:13820, Query uri:content://mms-sms-v2/rawQuery, selection:select _id,msg_id from addr where (type = 129 or type = 130 or type = 151), selectionArgs:null
01-26 16:53:41.856 22179 22779 I content_query_sample: Binder:13820, Query uri:content://mms/part, selection:null, selectionArgs:null
01-26 16:53:41.864 22179 22662 I content_update_sample: Binder:13820, Update uri:content://mms, selection:st=129 AND m_type!=134, selectionArgs:null
01-26 16:53:41.867 22179 22201 I content_query_sample: Binder:13820, Query uri:content://mms-sms-v2/conversations?simple=true&formal=true&category=0, selection:null, selectionArgs:null
01-26 16:53:41.875 22179 32543 I content_query_sample: Binder:13820, Query uri:content://mms-sms-v2/rawQuery, selection:SELECT count(1) FROM pdu WHERE date2 = 0, selectionArgs:null
01-26 16:53:41.881 22179 22693 I content_query_sample: Binder:13820, Query uri:content://mms-sms-v2/rawQuery, selection:select count(1) from blocklist, selectionArgs:null
01-26 16:53:41.888 22179 12770 I content_query_sample: Binder:13820, Query uri:content://mms/thread-allreport, selection:thread_id>0 AND m_id!= "" AND (m_type = 128 or m_type = 134 or m_type = 136), selectionArgs:null
01-26 16:53:41.895 22179 15920 I content_query_sample: Binder:13820, Query uri:content://sms, selection:body Like 'BEGIN:VCARD%' AND thread_id > 0 , selectionArgs:null
01-26 16:53:41.910 21486 23057 I force_gc: Binder
01-26 16:53:41.931 22179 22200 I content_query_sample: Binder:13820, Query uri:content://mms-sms/draft?category=0, selection:null, selectionArgs:null
01-26 16:53:42.056 21486 22177 I binder_sample: [com.android.server.am.ActivityManagerService,29,669,execTransact,100]
01-26 16:53:42.096 21486 22202 I notification_cancel_all: [10013,14006,com.android.providers.downloads,0,0,64,9,NULL]
01-26 16:53:42.396 21486 22177 I am_proc_start: [0,14087,10023,com.google.android.partnersetup,content provider,com.google.android.partnersetup/.RlzAppProvider]
01-26 16:53:42.422 21486 22202 I am_proc_bound: [0,14087,com.google.android.partnersetup]
01-26 16:53:42.518 21486 21506 I am_proc_start: [0,14124,10007,com.htc.calendar,broadcast,com.htc.calendar/.ProviderChangeReceiver]
01-26 16:53:42.520 21486 22177 I am_proc_died: [0,13820,com.htc.sense.mms]
01-26 16:53:42.524  9847 13980 I content_update_sample: [content://com.google.android.googlequicksearchbox.icing/applications,update,com.google.android.gms,905,com.google.android.googlequicksearchbox,100]
01-26 16:53:42.539 21486 22203 I am_proc_bound: [0,14124,com.htc.calendar]
01-26 16:53:42.662 21486 21486 I notification_cancel: [10007,14124,com.htc.calendar,1,NULL,0,0,64,8,NULL]
01-26 16:53:43.071 21486 22129 I am_proc_start: [0,14151,10020,com.google.android.gms:car,service,com.google.android.gms/.car.CarService]
01-26 16:53:43.101 21486 22228 I am_proc_bound: [0,14151,com.google.android.gms:car]
01-26 16:53:43.325 21486 21486 I notification_cancel: [10020,14151,com.google.android.gms,10436,NOT_LMP,0,0,64,8,NULL]
01-26 16:53:43.325 21486 21486 I notification_cancel: [10020,14151,com.google.android.gms,39789,NOT_LMP,0,0,64,8,NULL]
01-26 16:53:43.400 21486 21486 I notification_enqueue: [10020,22078,com.google.android.gms,0,com.google.android.gms.auth.TokenNotificationManager:gftrss081@gmail.com:com.google,0,Notification(pri=0 contentView=null vibrate=null sound=null defaults=0x0 flags=0xa color=0x00000000 vis=PRIVATE),1]
01-26 16:53:43.401 21486 21486 I notification_skip_beep_vibrate: [0,0,0,0,0,1,0,1,0,0]
01-26 16:53:43.401 21486 21486 I notification_skip_light: [1,0,1,0,0]
01-26 16:53:43.433 22179 32542 I content_query_sample: Binder:13925, Query uri:content://mms-sms-v2/rawQuery, selection:select count(1) from contact_threads where htc_category =1 or htc_category = 2, selectionArgs:null
01-26 16:53:43.441 22179 22692 I content_query_sample: Binder:13925, Query uri:content://mms-sms-v2/rawQuery, selection:SELECT count(1) FROM sms WHERE date2 = 0, selectionArgs:null
01-26 16:53:43.447 22179 22779 I content_query_sample: Binder:13925, Query uri:content://mms-sms-v2/rawQuery, selection:select _id,msg_id from addr where (type = 129 or type = 130 or type = 151), selectionArgs:null
01-26 16:53:43.453 22179 12770 I content_query_sample: Binder:13925, Query uri:content://mms/part, selection:null, selectionArgs:null
01-26 16:53:43.459 22179 22742 I content_query_sample: Binder:13925, Query uri:content://mms-sms-v2/rawQuery, selection:select count(1) from blocklist, selectionArgs:null
01-26 16:53:43.465 22179 32542 I content_query_sample: Binder:13925, Query uri:content://mms-sms-v2/rawQuery, selection:SELECT count(1) FROM pdu WHERE date2 = 0, selectionArgs:null
01-26 16:53:43.471 22179 22692 I content_query_sample: Binder:13925, Query uri:content://mms-sms-v2/conversations?simple=true&formal=true&category=0, selection:null, selectionArgs:null
01-26 16:53:43.476 22179 32544 I content_update_sample: Binder:13925, Update uri:content://mms, selection:st=129 AND m_type!=134, selectionArgs:null
01-26 16:53:43.479 21486 22075 I am_proc_died: [0,13729,com.htc.bgp]
01-26 16:53:43.500 22179 22662 I content_query_sample: Binder:13925, Query uri:content://mms/thread-allreport, selection:thread_id>0 AND m_id!= "" AND (m_type = 128 or m_type = 134 or m_type = 136), selectionArgs:null
01-26 16:53:43.511 22179 12770 I content_query_sample: Binder:13925, Query uri:content://sms, selection:body Like 'BEGIN:VCARD%' AND thread_id > 0 , selectionArgs:null
01-26 16:53:43.638 14151 14151 I content_query_sample: [content://com.google.android.gsf.gservices,,,,1,com.google.android.gms,1]
01-26 16:53:43.661 21486 22202 I am_proc_died: [0,13925,com.htc.sense.mms:mms]
01-26 16:53:43.662 21486 22202 I am_schedule_service_restart: [0,com.htc.sense.mms/com.htc.messaging.service.MmsService,64000]
01-26 16:53:43.846 21486 21486 I notification_cancel: [10020,14151,com.google.android.gms,10436,NULL,0,0,64,8,NULL]
01-26 16:53:43.914 21486 21486 I notification_cancel: [10059,13869,com.android.vending,10436,NULL,0,0,64,8,NULL]
01-26 16:53:45.170 21486 22074 I am_proc_start: [0,14242,10041,com.htc.mobiledata,content provider,com.htc.mobiledata/.MobileDataProvider]
01-26 16:53:45.385 21486  7839 I am_proc_start: [0,14264,10008,com.htc.bgp,broadcast,com.htc.flexnet/.AndroidIntentReceiver]
01-26 16:53:45.386 21486 22228 I am_proc_bound: [0,14242,com.htc.mobiledata]
01-26 16:53:45.401 21486 22251 I am_proc_bound: [0,14264,com.htc.bgp]
01-26 16:53:45.490 21486 21507 I am_proc_start: [0,14287,10041,com.htc.mobiledata:remote,service,com.htc.mobiledata/.MobileDataService]
01-26 16:53:45.508 21486 21506 I am_proc_bound: [0,14287,com.htc.mobiledata:remote]
01-26 16:53:45.548 21486 23165 I force_gc: Binder
01-26 16:53:45.669 21486 22129 I am_proc_died: [0,9847,com.google.android.googlequicksearchbox:search]
01-26 16:53:45.889 21486 22203 I am_proc_died: [0,14006,android.process.media]
01-26 16:53:46.602 21486 21486 I notification_cancel: [10007,14124,com.htc.calendar,1,NULL,0,0,64,8,NULL]
01-26 16:53:49.126 22078 24231 I force_gc: Binder
01-26 16:53:49.851 21486 21506 I am_proc_died: [0,13027,com.google.process.gapps]
01-26 16:53:50.218 21486 22154 I am_proc_died: [0,14151,com.google.android.gms:car]
01-26 16:53:53.640 21486  7839 I am_proc_died: [0,13984,com.google.android.apps.plus]
01-26 16:53:54.263 21486 22203 I am_home_stack_moved: [0,0,1,1,startingNewTask]
01-26 16:53:54.263 21486 22203 I wm_task_moved: [2596,1,6]
01-26 16:53:54.280 21486 22203 I am_create_task: [0,2597]
01-26 16:53:54.280 21486 22203 I am_create_activity: [0,684421528,2597,com.htc.video/.ViewVideo,android.intent.action.VIEW,video/*,file:///sdcard/test.mp4,276824064]
01-26 16:53:54.281 21486 22203 I wm_task_created: [2597,1]
01-26 16:53:54.281 21486 22203 I wm_task_moved: [2597,1,7]
01-26 16:53:54.306 21486 22203 I am_pause_activity: [0,623568949,com.mediatek.connectivity/.CdsRadioInfoActivity]
01-26 16:53:54.309 22179 22179 I am_on_paused_called: [0,com.mediatek.connectivity.CdsRadioInfoActivity]
01-26 16:53:54.310 21486 22203 I am_home_stack_moved: [0,0,1,1,startedActivity setFocusedActivity]
01-26 16:53:54.314 21486 22203 I am_focused_activity: [0,com.htc.video/.ViewVideo]
01-26 16:53:54.359 21486 22177 I am_proc_start: [0,14496,10026,com.htc.video,activity,com.htc.video/.ViewVideo]
01-26 16:53:54.374 21486 21516 I am_proc_bound: [0,14496,com.htc.video]
01-26 16:53:54.383 21486 21516 I am_restart_activity: [0,684421528,2597,com.htc.video/.ViewVideo]
01-26 16:53:54.387 21486 21516 I am_focused_activity: [0,com.htc.video/.ViewVideo]
01-26 16:53:54.449 21486 22074 I am_proc_died: [0,14087,com.google.android.partnersetup]
01-26 16:53:54.692 14496 14496 I am_on_resume_called: [0,com.htc.video.ViewVideo]
01-26 16:53:54.793 21486 22075 I am_proc_start: [0,14542,10013,android.process.media,content provider,com.android.providers.media/.MediaProvider]
01-26 16:53:54.806 21486 22074 I am_proc_bound: [0,14542,android.process.media]
01-26 16:53:54.863 14496 14496 I binder_sample: [android.app.IActivityManager,29,100,com.htc.video,20]
01-26 16:53:54.870 21486 22202 I notification_cancel_all: [10013,14542,com.android.providers.downloads,0,0,64,9,NULL]
01-26 16:53:55.056 21486 21528 I am_activity_launch_time: [0,684421528,com.htc.video/.ViewVideo,741,741]
01-26 16:53:55.106 21486 22228 I am_proc_died: [0,14242,com.htc.mobiledata]
01-26 16:53:55.316   341   341 I sf_frame_dur: [com.mediatek.connectivity/com.mediatek.connectivity.CdsRadioInfoActivity,88,18,10,9,49,20,2]
01-26 16:53:58.890 21486 22796 I binder_sample: [com.android.server.am.ActivityManagerService$PermissionController,1,781,execTransact,100]
01-26 16:53:59.188 21486 22228 I am_proc_died: [0,14264,com.htc.bgp]
01-26 16:54:03.741 21486 21486 I free_storage_changed: 5537419264
01-26 16:54:07.091 21486 23315 I am_proc_died: [0,12400,com.htc.android.mail:sync]
01-26 16:54:19.049 21486 22178 I am_proc_died: [0,14287,com.htc.mobiledata:remote]
01-26 16:54:26.358  3480 15025 I aggregation: 1453798466358
01-26 16:54:26.451 21486 23315 I am_proc_start: [0,15026,10020,com.google.process.gapps,content provider,com.google.android.gsf/.settings.GoogleSettingsProvider]
01-26 16:54:26.467 21486 22129 I am_proc_bound: [0,15026,com.google.process.gapps]
01-26 16:54:26.732 21486 22074 I am_proc_start: [0,15052,10020,com.google.android.gms.unstable,service,com.google.android.gms/.droidguard.DroidGuardService]
01-26 16:54:26.750 21486 22129 I am_proc_bound: [0,15052,com.google.android.gms.unstable]
01-26 16:54:26.848 21486 22251 I am_proc_died: [0,14542,android.process.media]
01-26 16:54:26.876 21486 21486 I notification_cancel: [10020,15052,com.google.android.gms,10436,NOT_LMP,0,0,64,8,NULL]
01-26 16:54:26.876 21486 21486 I notification_cancel: [10020,15052,com.google.android.gms,39789,NOT_LMP,0,0,64,8,NULL]
01-26 16:54:26.967 21486 21486 I notification_enqueue: [10020,22078,com.google.android.gms,0,com.google.android.gms.auth.TokenNotificationManager:gftrss081@gmail.com:com.google,0,Notification(pri=0 contentView=null vibrate=null sound=null defaults=0x0 flags=0xa color=0x00000000 vis=PRIVATE),1]
01-26 16:54:26.968 21486 21486 I notification_skip_beep_vibrate: [0,0,0,0,0,1,0,1,0,0]
01-26 16:54:26.968 21486 21486 I notification_skip_light: [1,0,1,0,0]
01-26 16:54:27.269 21486 22796 I am_proc_died: [0,14124,com.htc.calendar]
01-26 16:54:29.432 21486 22796 I am_proc_start: [0,15163,10064,com.google.android.setupwizard,broadcast,com.google.android.setupwizard/.util.GservicesChangedReceiver]
01-26 16:54:29.463 21486 23315 I am_proc_bound: [0,15163,com.google.android.setupwizard]
01-26 16:54:32.862 21486 21516 I am_proc_died: [0,13869,com.android.vending]
01-26 16:54:33.742 21486 21486 I free_storage_changed: 5528162304
01-26 16:54:36.407 21486 21518 I binder_sample: [,1,20,system_server,4]
01-26 16:54:36.471 22179 22179 I binder_sample: [android.content.pm.IPackageManager,34,15,com.android.phone,3]
01-26 16:54:36.473 21486 21518 I am_proc_start: [0,15284,10069,com.google.android.googlequicksearchbox:search,broadcast,com.google.android.googlequicksearchbox/com.google.android.apps.gsa.search.core.GmsPackageWatcher]
01-26 16:54:36.494 21486 22075 I am_proc_bound: [0,15284,com.google.android.googlequicksearchbox:search]
01-26 16:54:37.083 21486 21486 I backup_transport_lifecycle: [com.google.android.gms/.backup.BackupTransportService,1]
01-26 16:54:37.083 21486 21486 I notification_cancel: [10020,22078,com.google.android.gms,1,com.google.android.backup.notification.tag,0,0,64,8,NULL]
01-26 16:54:37.170 21486 21507 I am_proc_start: [0,15312,10059,com.android.vending,broadcast,com.android.vending/com.google.android.finsky.receivers.PackageMonitorReceiver$RegisteredReceiver]
01-26 16:54:37.175 21486 21486 I notification_cancel: [10103,13783,com.google.android.talk,8,com.google.android.talk:gmscore,0,0,64,8,NULL]
01-26 16:54:37.191 21486 22796 I am_proc_bound: [0,15312,com.android.vending]
01-26 16:54:37.405 21486 21486 I notification_cancel: [10059,15312,com.android.vending,-1050172287,NULL,0,0,64,8,NULL]
01-26 16:54:37.433 21486 23297 I force_gc: Binder
01-26 16:54:37.468 21486 23315 I am_proc_start: [0,15372,10013,android.process.media,content provider,com.android.providers.downloads/.DownloadProvider]
01-26 16:54:37.503 21486 22074 I am_proc_bound: [0,15372,android.process.media]
01-26 16:54:37.599 21486 22203 I am_proc_start: [0,15401,10131,com.google.android.apps.plus,broadcast,com.google.android.apps.plus/.service.PackagesMediaMonitor]
01-26 16:54:37.602 21486  7839 I am_proc_died: [0,15052,com.google.android.gms.unstable]
01-26 16:54:37.622 21486 22251 I am_proc_bound: [0,15401,com.google.android.apps.plus]
01-26 16:54:37.708 21486 22796 I notification_cancel_all: [10013,15372,com.android.providers.downloads,0,0,64,9,NULL]
