----- timezone:GMT
01-26 13:10:18.918 21486 21486 I notification_cancel: [10020,15235,com.google.android.gms,39789,NOT_LMP,0,0,64,8,NULL]
01-26 13:10:19.638 21486 21516 I am_proc_start: [0,15344,10081,com.android.chrome,broadcast,com.android.chrome/org.chromium.content.browser.BackgroundSyncLauncherService$Receiver]
01-26 13:10:19.655 21486 22129 I am_proc_bound: [0,15344,com.android.chrome]
01-26 13:10:19.760 22078 15342 I c2dm    : [-2,NULL,1,1]
01-26 13:10:19.879 22078 15367 I c2dm    : [3,NULL,1,1]
01-26 13:10:19.883 22078 15367 I gtalk_heartbeat_reset: [1680,173.194.72.188:5228]
01-26 13:10:19.892 22078 15367 I gtalk_connection: 0
01-26 13:10:19.916 22078 15367 I c2dm    : [7,,1,1]
01-26 13:10:19.976 21486 22796 I am_proc_start: [0,15378,10129,com.google.android.apps.photos,broadcast,com.google.android.apps.photos/.actionqueue.SystemReceiver]
01-26 13:10:20.011 21486 23315 I am_proc_bound: [0,15378,com.google.android.apps.photos]
01-26 13:10:20.535 21486 21486 I notification_cancel: [10129,15378,com.google.android.apps.photos,10436,NULL,0,0,64,8,NULL]
01-26 13:10:20.559 21486 22251 I am_proc_start: [0,15429,10131,com.google.android.apps.plus,broadcast,com.google.android.apps.plus/com.google.android.libraries.social.autobackup.AutoBackupEnvironment$ConnectivityReceiver]
01-26 13:10:20.576 21486 22129 I am_proc_bound: [0,15429,com.google.android.apps.plus]
01-26 13:10:20.612 21486 21506 I am_proc_died: [0,14393,com.htc.feedback]
01-26 13:10:21.287 21486 22203 I am_proc_start: [0,15465,10038,com.htc.widget.hmsproc2,broadcast,com.htc.htchotspotwidget/.HotspotReceiver]
01-26 13:10:21.310 21486 23315 I am_proc_bound: [0,15465,com.htc.widget.hmsproc2]
01-26 13:10:21.412 21486 22178 I am_proc_start: [0,15487,1001,com.mediatek.engineermode,broadcast,com.mediatek.engineermode/.wifi.WifiStateReceiver]
01-26 13:10:21.439 21486 22251 I am_proc_bound: [0,15487,com.mediatek.engineermode]
01-26 13:10:21.544 21486 22074 I notification_cancel_all: [10013,15110,com.android.providers.downloads,0,0,64,9,NULL]
01-26 13:10:21.692 21486 21486 I notification_cancel: [1001,15487,com.mediatek.engineermode,10,NULL,0,0,64,8,NULL]
01-26 13:10:21.705 21486 21486 I notification_cancel: [1001,15487,com.mediatek.engineermode,10,NULL,0,0,64,8,NULL]
01-26 13:10:21.715 22078 25356 I force_gc: Binder
01-26 13:10:21.880 21486 21507 I notification_cancel_all: [10013,15110,com.android.providers.downloads,0,0,64,9,NULL]
01-26 13:10:22.013 21486 21507 I am_proc_died: [0,12398,com.htc.mobiledata:remote]
01-26 13:10:22.090 21486 21486 I notification_enqueue: [10020,22078,com.google.android.gms,0,com.google.android.gms.auth.TokenNotificationManager:gftrss081@gmail.com:com.google,0,Notification(pri=0 contentView=null vibrate=null sound=null defaults=0x0 flags=0xa color=0x00000000 vis=PRIVATE),1]
01-26 13:10:22.094 21486 21486 I notification_skip_beep_vibrate: [0,0,0,0,0,1,0,1,0,0]
01-26 13:10:22.094 21486 21486 I notification_skip_light: [1,0,1,0,0]
01-26 13:10:22.439 21486 22750 I force_gc: Binder
01-26 13:10:22.629 21486 21486 I notification_cancel: [10044,14417,com.htc.sense.hsp,2131361907,NULL,0,0,64,8,NULL]
01-26 13:10:22.732 21486 21516 I am_proc_died: [0,4141,com.htc.mobiledata]
01-26 13:10:27.066 21486 21486 I notification_cancel: [10015,21690,com.android.systemui,100,low_battery,-1,0,64,8,NULL]
01-26 13:10:27.070 21486 21486 I notification_cancel: [10015,21690,com.android.systemui,2130838302,power_saver,-1,0,64,8,NULL]
01-26 13:10:27.945 21486 21518 I am_proc_start: [0,15574,10069,com.google.android.googlequicksearchbox:search,broadcast,com.google.android.googlequicksearchbox/com.google.android.apps.gsa.search.core.GmsPackageWatcher]
01-26 13:10:27.978 21486 22228 I am_proc_bound: [0,15574,com.google.android.googlequicksearchbox:search]
01-26 13:10:28.797 21486 21486 I backup_transport_lifecycle: [com.google.android.gms/.backup.BackupTransportService,1]
01-26 13:10:28.797 21486 21486 I notification_cancel: [10020,22078,com.google.android.gms,1,com.google.android.backup.notification.tag,0,0,64,8,NULL]
01-26 13:10:28.832 21486 22177 I am_proc_died: [0,7873,com.htc.cs.pns]
01-26 13:10:29.019 21486 22074 I am_proc_start: [0,15640,10059,com.android.vending,broadcast,com.android.vending/com.google.android.finsky.receivers.PackageMonitorReceiver$RegisteredReceiver]
01-26 13:10:29.044 21486 21486 I notification_cancel: [10103,14986,com.google.android.talk,8,com.google.android.talk:gmscore,0,0,64,8,NULL]
01-26 13:10:29.063 21486 22074 I am_proc_died: [0,4974,com.htc.sense.mms]
01-26 13:10:29.065 21486  7839 I am_proc_bound: [0,15640,com.android.vending]
01-26 13:10:29.212 21486 22228 I am_proc_died: [0,15465,com.htc.widget.hmsproc2]
01-26 13:10:29.472 21486 22203 I am_proc_died: [0,15110,android.process.media]
01-26 13:10:29.508 21486 21486 I notification_cancel: [10059,15640,com.android.vending,-1050172287,NULL,0,0,64,8,NULL]
01-26 13:10:29.581 21486 21507 I am_proc_start: [0,15709,10013,android.process.media,content provider,com.android.providers.downloads/.DownloadProvider]
01-26 13:10:29.596 21486 21516 I am_proc_bound: [0,15709,android.process.media]
01-26 13:10:29.772 21486 22177 I am_proc_died: [0,12425,com.htc.bgp]
01-26 13:10:29.877 15640 15708 I content_query_sample: [content://downloads/my_downloads,,,,78,com.android.vending,16]
01-26 13:10:29.892 21486  7839 I notification_cancel_all: [10013,15709,com.android.providers.downloads,0,0,64,9,NULL]
01-26 13:10:30.161 21486 22154 I am_proc_died: [0,15168,com.htc.updater]
01-26 13:10:30.256 21486 22202 I am_proc_start: [0,15771,10023,com.google.android.partnersetup,content provider,com.google.android.partnersetup/.RlzAppProvider]
01-26 13:10:30.278 15574 15734 I content_update_sample: [content://com.google.android.googlequicksearchbox.icing/applications,update,com.google.android.gms,559,com.google.android.googlequicksearchbox,100]
01-26 13:10:30.285 21486 21507 I am_proc_bound: [0,15771,com.google.android.partnersetup]
01-26 13:10:30.292 21486 22796 I am_proc_died: [0,15487,com.mediatek.engineermode]
01-26 13:10:30.666 21486 22129 I am_proc_died: [0,15194,com.google.android.apps.magazines]
01-26 13:10:31.268 21486 21486 I free_storage_changed: 5725011968
01-26 13:10:31.391 21486  7839 I am_proc_died: [0,15344,com.android.chrome]
01-26 13:10:34.041 21486 22178 I am_home_stack_moved: [0,0,1,1,startingNewTask]
01-26 13:10:34.041 21486 22178 I wm_task_moved: [2355,1,6]
01-26 13:10:34.056 21486 22178 I am_create_task: [0,2356]
01-26 13:10:34.056 21486 22178 I am_create_activity: [0,859952102,2356,com.google.android.youtube/.UrlActivity,android.intent.action.VIEW,NULL,vnd.youtube:bJMcCaW-H24,268435456]
01-26 13:10:34.058 21486 22178 I wm_task_created: [2356,1]
01-26 13:10:34.058 21486 22178 I wm_task_moved: [2356,1,7]
01-26 13:10:34.080 21486 22178 I am_pause_activity: [0,35191544,com.android.settings/.Settings]
01-26 13:10:34.083 11147 11147 I am_on_paused_called: [0,com.android.settings.Settings]
01-26 13:10:34.085 21486 22178 I am_home_stack_moved: [0,0,1,1,startedActivity setFocusedActivity]
01-26 13:10:34.088 21486 22178 I am_focused_activity: [0,com.google.android.youtube/.UrlActivity]
01-26 13:10:34.127 21486 22203 I am_proc_start: [0,15891,10138,com.google.android.youtube,activity,com.google.android.youtube/.UrlActivity]
01-26 13:10:34.147 21486 21506 I am_proc_bound: [0,15891,com.google.android.youtube]
01-26 13:10:34.151 21486 21506 I am_restart_activity: [0,859952102,2356,com.google.android.youtube/.UrlActivity]
01-26 13:10:34.155 21486 21506 I am_focused_activity: [0,com.google.android.youtube/.UrlActivity]
01-26 13:10:34.621 21486 22959 I force_gc: Binder
01-26 13:10:34.745 21486 22251 I am_proc_start: [0,15953,10020,com.google.android.gms:car,service,com.google.android.gms/.car.CarService]
01-26 13:10:34.750 21486 22129 I am_proc_died: [0,15140,com.google.android.setupwizard]
01-26 13:10:34.799 22179 22179 I binder_sample: [com.android.internal.telephony.ITelephonyRegistry,10,14,com.android.phone,2]
01-26 13:10:34.828 21486 22202 I am_proc_bound: [0,15953,com.google.android.gms:car]
01-26 13:10:34.966 21486 21486 I notification_cancel: [10138,15891,com.google.android.youtube,2,NULL,0,0,64,8,NULL]
01-26 13:10:35.140 21486 21486 I notification_cancel: [10020,15953,com.google.android.gms,10436,NOT_LMP,0,0,64,8,NULL]
01-26 13:10:35.141 21486 21486 I notification_cancel: [10020,15953,com.google.android.gms,39789,NOT_LMP,0,0,64,8,NULL]
01-26 13:10:35.214 21486 22228 I am_home_stack_moved: [0,0,1,1,intentActivityFound]
01-26 13:10:35.214 21486 22228 I wm_task_moved: [2356,1,7]
01-26 13:10:35.219 21486 22228 I am_home_stack_moved: [0,0,1,1,sourceStackToFront]
01-26 13:10:35.219 21486 22228 I wm_task_moved: [2356,1,7]
01-26 13:10:35.224 21486 22228 I am_create_activity: [0,419792125,2356,com.google.android.youtube/com.google.android.apps.youtube.app.WatchWhileActivity,android.intent.action.VIEW,NULL,vnd.youtube:bJMcCaW-H24,335544320]
01-26 13:10:35.225 21486 22228 I am_pause_activity: [0,859952102,com.google.android.youtube/.UrlActivity]
01-26 13:10:35.227 21486 22228 I am_home_stack_moved: [0,0,1,1,startedActivity setFocusedActivity]
01-26 13:10:35.229 21486 22228 I am_focused_activity: [0,com.google.android.youtube/com.google.android.apps.youtube.app.WatchWhileActivity]
01-26 13:10:35.234 21486 22796 I am_finish_activity: [0,859952102,2356,com.google.android.youtube/.UrlActivity,app-request]
01-26 13:10:35.316 21486 21486 I notification_enqueue: [10020,22078,com.google.android.gms,0,com.google.android.gms.auth.TokenNotificationManager:gftrss081@gmail.com:com.google,0,Notification(pri=0 contentView=null vibrate=null sound=null defaults=0x0 flags=0xa color=0x00000000 vis=PRIVATE),1]
01-26 13:10:35.317 21486 21486 I notification_skip_beep_vibrate: [0,0,0,0,0,1,0,1,0,0]
01-26 13:10:35.317 21486 21486 I notification_skip_light: [1,0,1,0,0]
01-26 13:10:35.370 21486 22177 I am_restart_activity: [0,419792125,2356,com.google.android.youtube/com.google.android.apps.youtube.app.WatchWhileActivity]
01-26 13:10:35.375 21486 22177 I am_focused_activity: [0,com.google.android.youtube/com.google.android.apps.youtube.app.WatchWhileActivity]
01-26 13:10:35.381 21486 21518 I am_destroy_activity: [0,859952102,2356,com.google.android.youtube/.UrlActivity,finish-idle]
01-26 13:10:35.857 21486 21486 I notification_cancel: [10020,15953,com.google.android.gms,10436,NULL,0,0,64,8,NULL]
01-26 13:10:35.932 21486 23315 I am_proc_died: [0,15378,com.google.android.apps.photos]
01-26 13:10:35.953 21486 21486 I notification_cancel: [10059,15640,com.android.vending,10436,NULL,0,0,64,8,NULL]
01-26 13:10:36.482 21486 21486 I notification_cancel: [10138,15891,com.google.android.youtube,1005,NULL,0,0,64,8,NULL]
01-26 13:10:36.527 15891 15891 I am_on_resume_called: [0,com.google.android.apps.youtube.app.WatchWhileActivity]
01-26 13:10:36.587 21486 22178 I am_proc_died: [0,15235,com.google.android.gms.unstable]
01-26 13:10:36.666 21486 21486 I notification_cancel: [10138,15891,com.google.android.youtube,2,NULL,0,0,64,8,NULL]
01-26 13:10:36.745 21486 21528 I am_activity_launch_time: [0,419792125,com.google.android.youtube/com.google.android.apps.youtube.app.WatchWhileActivity,1417,2651]
01-26 13:10:36.795 21486 22251 I am_proc_died: [0,15709,android.process.media]
01-26 13:10:36.868 21486 21486 I notification_cancel: [10138,15891,com.google.android.youtube,10436,NULL,0,0,64,8,NULL]
01-26 13:10:37.053 21486 21486 I notification_cancel: [10015,21690,com.android.systemui,100,low_battery,-1,0,64,8,NULL]
01-26 13:10:37.053 21486 21486 I notification_cancel: [10015,21690,com.android.systemui,2130838302,power_saver,-1,0,64,8,NULL]
01-26 13:10:37.192   341   341 I sf_frame_dur: [com.android.settings/com.android.settings.Settings,141,2,2,4,4,1,5]
01-26 13:10:47.062 21486 21486 I notification_cancel: [10015,21690,com.android.systemui,100,low_battery,-1,0,64,8,NULL]
01-26 13:10:47.063 21486 21486 I notification_cancel: [10015,21690,com.android.systemui,2130838302,power_saver,-1,0,64,8,NULL]
01-26 13:10:57.055 21486 21486 I notification_cancel: [10015,21690,com.android.systemui,100,low_battery,-1,0,64,8,NULL]
01-26 13:10:57.064 21486 21486 I notification_cancel: [10015,21690,com.android.systemui,2130838302,power_saver,-1,0,64,8,NULL]
01-26 13:11:01.270 21486 21486 I free_storage_changed: 5700734976
01-26 13:11:01.518 22179 22179 I binder_sample: [com.android.internal.telephony.ITelephonyRegistry,10,62,com.android.phone,12]
01-26 13:11:07.065 21486 21486 I notification_cancel: [10015,21690,com.android.systemui,100,low_battery,-1,0,64,8,NULL]
01-26 13:11:07.065 21486 21486 I notification_cancel: [10015,21690,com.android.systemui,2130838302,power_saver,-1,0,64,8,NULL]
01-26 13:11:11.768 22179 22179 I binder_sample: [com.android.internal.telephony.ITelephonyRegistry,10,70,com.android.phone,14]
01-26 13:11:17.019 21486 21486 I notification_cancel: [10015,21690,com.android.systemui,100,low_battery,-1,0,64,8,NULL]
01-26 13:11:17.019 21486 21486 I notification_cancel: [10015,21690,com.android.systemui,2130838302,power_saver,-1,0,64,8,NULL]
01-26 13:11:27.068 21486 21486 I notification_cancel: [10015,21690,com.android.systemui,100,low_battery,-1,0,64,8,NULL]
01-26 13:11:27.069 21486 21486 I notification_cancel: [10015,21690,com.android.systemui,2130838302,power_saver,-1,0,64,8,NULL]
01-26 13:11:27.107 22179 22179 I binder_sample: [com.android.internal.telephony.ITelephonyRegistry,10,33,com.android.phone,6]
01-26 13:11:31.270 21486 21486 I free_storage_changed: 5696741376
01-26 13:11:37.055 21486 21486 I notification_cancel: [10015,21690,com.android.systemui,100,low_battery,-1,0,64,8,NULL]
01-26 13:11:37.058 21486 21486 I notification_cancel: [10015,21690,com.android.systemui,2130838302,power_saver,-1,0,64,8,NULL]
01-26 13:11:47.059 21486 21486 I notification_cancel: [10015,21690,com.android.systemui,100,low_battery,-1,0,64,8,NULL]
01-26 13:11:47.061 21486 21486 I notification_cancel: [10015,21690,com.android.systemui,2130838302,power_saver,-1,0,64,8,NULL]
01-26 13:11:49.621 21486 22178 I am_home_stack_moved: [0,0,1,1,startingNewTask]
01-26 13:11:49.621 21486 22178 I wm_task_moved: [2356,1,7]
01-26 13:11:49.624 21486 22178 I am_create_task: [0,2357]
01-26 13:11:49.624 21486 22178 I am_create_activity: [0,823774437,2357,com.mediatek.connectivity/.CdsRadioMenuActivity,android.intent.action.MAIN,NULL,NULL,268435456]
01-26 13:11:49.626 21486 22178 I wm_task_created: [2357,1]
01-26 13:11:49.626 21486 22178 I wm_task_moved: [2357,1,8]
01-26 13:11:49.660 21486 22178 I am_pause_activity: [0,419792125,com.google.android.youtube/com.google.android.apps.youtube.app.WatchWhileActivity]
01-26 13:11:49.664 21486 22178 I am_home_stack_moved: [0,0,1,1,startedActivity setFocusedActivity]
01-26 13:11:49.668 21486 22178 I am_focused_activity: [0,com.mediatek.connectivity/.CdsRadioMenuActivity]
01-26 13:11:49.672 15891 15891 I am_on_paused_called: [0,com.google.android.apps.youtube.app.WatchWhileActivity]
01-26 13:11:49.677 21486 22202 I am_restart_activity: [0,823774437,2357,com.mediatek.connectivity/.CdsRadioMenuActivity]
01-26 13:11:49.682 21486 22202 I am_focused_activity: [0,com.mediatek.connectivity/.CdsRadioMenuActivity]
01-26 13:11:49.745 22179 22179 I am_on_resume_called: [0,com.mediatek.connectivity.CdsRadioMenuActivity]
01-26 13:11:49.902 21486 21528 I am_activity_launch_time: [0,823774437,com.mediatek.connectivity/.CdsRadioMenuActivity,227,227]
01-26 13:11:49.937   341   341 I sf_frame_dur: [Starting com.mediatek.connectivity,0,1,0,0,0,0,0]
01-26 13:11:50.073   341   341 I sf_frame_dur: [com.google.android.youtube/com.google.android.apps.youtube.app.WatchWhileActivity,15,1,0,0,0,1,0]
01-26 13:11:50.246 15891 16029 I google_http_request: [539,204,com.google.android.youtube/10.49.59,1]
01-26 13:11:50.464 21486 22796 I am_finish_activity: [0,823774437,2357,com.mediatek.connectivity/.CdsRadioMenuActivity,app-request]
01-26 13:11:50.465 21486 22796 I am_home_stack_moved: [0,0,1,1,finishActivity adjustTopFocus setFocusedActivity]
01-26 13:11:50.468 21486 22796 I am_focused_activity: [0,com.google.android.youtube/com.google.android.apps.youtube.app.WatchWhileActivity]
01-26 13:11:50.489 21486 22796 I am_pause_activity: [0,823774437,com.mediatek.connectivity/.CdsRadioMenuActivity]
01-26 13:11:50.492 22179 22179 I am_on_paused_called: [0,com.mediatek.connectivity.CdsRadioMenuActivity]
01-26 13:11:50.499 21486 22074 I am_resume_activity: [0,419792125,2356,com.google.android.youtube/com.google.android.apps.youtube.app.WatchWhileActivity]
01-26 13:11:50.502 21486 22074 I am_focused_activity: [0,com.google.android.youtube/com.google.android.apps.youtube.app.WatchWhileActivity]
01-26 13:11:50.549 21486 21486 I notification_cancel: [10138,15891,com.google.android.youtube,1005,NULL,0,0,64,8,NULL]
01-26 13:11:50.552 21486 21486 I notification_cancel: [10138,15891,com.google.android.youtube,4,NULL,0,0,64,8,NULL]
01-26 13:11:50.557 15891 15891 I am_on_resume_called: [0,com.google.android.apps.youtube.app.WatchWhileActivity]
01-26 13:11:50.899 21486 21518 I am_destroy_activity: [0,823774437,2357,com.mediatek.connectivity/.CdsRadioMenuActivity,finish-imm]
01-26 13:11:50.911 21486 22129 I wm_task_removed: [2357,removeAppToken: last token]
01-26 13:11:50.911 21486 22129 I wm_task_removed: [2357,removeTask]
01-26 13:11:51.143 21486 21516 I am_finish_activity: [0,419792125,2356,com.google.android.youtube/com.google.android.apps.youtube.app.WatchWhileActivity,app-request]
01-26 13:11:51.145 21486 21516 I am_home_stack_moved: [0,0,1,1,finishActivity adjustTopFocus setFocusedActivity]
01-26 13:11:51.149 21486 21516 I am_focused_activity: [0,com.android.settings/.Settings]
01-26 13:11:51.172 21486 21516 I am_pause_activity: [0,419792125,com.google.android.youtube/com.google.android.apps.youtube.app.WatchWhileActivity]
01-26 13:11:51.181 15891 15891 I am_on_paused_called: [0,com.google.android.apps.youtube.app.WatchWhileActivity]
01-26 13:11:51.187 21486 22154 I am_resume_activity: [0,35191544,2355,com.android.settings/.Settings]
01-26 13:11:51.193 21486 22154 I am_focused_activity: [0,com.android.settings/.Settings]
01-26 13:11:51.212 11147 11147 I am_on_resume_called: [0,com.android.settings.Settings]
01-26 13:11:51.320 21486 21506 I am_proc_start: [0,17093,10041,com.htc.mobiledata,content provider,com.htc.mobiledata/.MobileDataProvider]
01-26 13:11:51.385 21486 22129 I am_proc_bound: [0,17093,com.htc.mobiledata]
01-26 13:11:51.606 21486 21518 I am_destroy_activity: [0,419792125,2356,com.google.android.youtube/com.google.android.apps.youtube.app.WatchWhileActivity,finish-imm]
01-26 13:11:51.622   341   341 I sf_frame_dur: [com.google.android.youtube/com.google.android.apps.youtube.app.WatchWhileActivity,14,0,0,0,1,0,0]
01-26 13:11:51.658 21486 22129 I wm_task_removed: [2356,removeAppToken: last token]
01-26 13:11:51.658 21486 22129 I wm_task_removed: [2356,removeTask]
01-26 13:11:51.756 21486  7839 I am_finish_activity: [0,35191544,2355,com.android.settings/.Settings,app-request]
01-26 13:11:51.761 21486  7839 I am_home_stack_moved: [0,0,1,1,finishActivity adjustTopFocus setFocusedActivity]
01-26 13:11:51.764 21486  7839 I am_focused_activity: [0,tunein.player/tunein.ui.actvities.TuneInSearchActivity]
01-26 13:11:51.785 21486  7839 I am_pause_activity: [0,35191544,com.android.settings/.Settings]
01-26 13:11:51.787 11147 11147 I am_on_paused_called: [0,com.android.settings.Settings]
01-26 13:11:51.794 21486 22202 I am_resume_activity: [0,838385445,2005,tunein.player/tunein.ui.actvities.TuneInSearchActivity]
01-26 13:11:51.800 21486 22202 I am_focused_activity: [0,tunein.player/tunein.ui.actvities.TuneInSearchActivity]
01-26 13:11:51.936 30877 30877 I content_query_sample: [content://tunein.player.settingsprovider/prefs_default/get_string/username,,,,0,tunein.player,1]
01-26 13:11:51.937 30877 30877 I am_on_resume_called: [0,tunein.ui.actvities.TuneInSearchActivity]
01-26 13:11:51.980 30877 30877 I content_query_sample: [content://tunein.player.settingsprovider/prefs_default/get_string/refreshToken,,,,0,tunein.player,1]
01-26 13:11:52.125 30877 30877 I content_query_sample: [content://tunein.player.settingsprovider/prefs_default/get_boolean/recording_enabled,,,,0,tunein.player,1]
01-26 13:11:52.399 21486 21518 I am_destroy_activity: [0,35191544,2355,com.android.settings/.Settings,finish-imm]
01-26 13:11:52.414 21486 22075 I wm_task_removed: [2355,removeAppToken: last token]
01-26 13:11:52.414 21486 22075 I wm_task_removed: [2355,removeTask]
01-26 13:11:52.415   341   341 I sf_frame_dur: [com.android.settings/com.android.settings.Settings,7,1,0,0,1,0,0]
01-26 13:11:53.419 21486 22177 I am_home_stack_moved: [0,0,1,1,startingNewTask]
01-26 13:11:53.419 21486 22177 I wm_task_moved: [2005,1,5]
01-26 13:11:53.423 21486 22177 I am_create_task: [0,2358]
01-26 13:11:53.423 21486 22177 I am_create_activity: [0,243089706,2358,com.mediatek.connectivity/.CdsRadioMenuActivity,android.intent.action.MAIN,NULL,NULL,268435456]
01-26 13:11:53.424 21486 22177 I wm_task_created: [2358,1]
01-26 13:11:53.424 21486 22177 I wm_task_moved: [2358,1,6]
01-26 13:11:53.457 21486 22177 I am_pause_activity: [0,838385445,tunein.player/tunein.ui.actvities.TuneInSearchActivity]
01-26 13:11:53.483 21486 22177 I am_home_stack_moved: [0,0,1,1,startedActivity setFocusedActivity]
01-26 13:11:53.486 21486 22177 I am_focused_activity: [0,com.mediatek.connectivity/.CdsRadioMenuActivity]
01-26 13:11:53.502 30877 30877 I am_on_paused_called: [0,tunein.ui.actvities.TuneInSearchActivity]
01-26 13:11:53.507 21486 22202 I am_restart_activity: [0,243089706,2358,com.mediatek.connectivity/.CdsRadioMenuActivity]
01-26 13:11:53.513 21486 22202 I am_focused_activity: [0,com.mediatek.connectivity/.CdsRadioMenuActivity]
01-26 13:11:53.559 22179 22179 I am_on_resume_called: [0,com.mediatek.connectivity.CdsRadioMenuActivity]
01-26 13:11:53.711 21486 21528 I am_activity_launch_time: [0,243089706,com.mediatek.connectivity/.CdsRadioMenuActivity,207,207]
01-26 13:11:53.779   341   341 I sf_frame_dur: [tunein.player/tunein.ui.actvities.TuneInSearchActivity,14,0,0,0,2,0,0]
01-26 13:11:54.442 21486  7839 I am_home_stack_moved: [0,0,1,1,sourceStackToFront]
01-26 13:11:54.442 21486  7839 I wm_task_moved: [2358,1,6]
01-26 13:11:54.446 21486  7839 I am_create_activity: [0,726609088,2358,com.mediatek.connectivity/.CdsRadioInfoActivity,NULL,NULL,NULL,0]
01-26 13:11:54.448 21486  7839 I am_pause_activity: [0,243089706,com.mediatek.connectivity/.CdsRadioMenuActivity]
01-26 13:11:54.452 21486  7839 I am_home_stack_moved: [0,0,1,1,startedActivity setFocusedActivity]
01-26 13:11:54.456 21486  7839 I am_focused_activity: [0,com.mediatek.connectivity/.CdsRadioInfoActivity]
01-26 13:11:54.460 22179 22179 I am_on_paused_called: [0,com.mediatek.connectivity.CdsRadioMenuActivity]
01-26 13:11:54.467 21486 22154 I am_restart_activity: [0,726609088,2358,com.mediatek.connectivity/.CdsRadioInfoActivity]
01-26 13:11:54.495 21486 22154 I am_focused_activity: [0,com.mediatek.connectivity/.CdsRadioInfoActivity]
01-26 13:11:54.576 22179 22179 I am_on_resume_called: [0,com.mediatek.connectivity.CdsRadioInfoActivity]
01-26 13:11:54.734 21486 21528 I am_activity_launch_time: [0,726609088,com.mediatek.connectivity/.CdsRadioInfoActivity,270,270]
01-26 13:11:54.775   341   341 I sf_frame_dur: [com.mediatek.connectivity/com.mediatek.connectivity.CdsRadioMenuActivity,0,1,0,0,0,0,0]
01-26 13:11:57.057 21486 21486 I notification_cancel: [10015,21690,com.android.systemui,100,low_battery,-1,0,64,8,NULL]
01-26 13:11:57.057 21486 21486 I notification_cancel: [10015,21690,com.android.systemui,2130838302,power_saver,-1,0,64,8,NULL]
01-26 13:12:01.273 21486 21486 I free_storage_changed: 5680963584
01-26 13:12:06.500   341   341 I sf_frame_dur: [PopupWindow:beca5c3,1,1,1,0,0,0,0]
01-26 13:12:07.047 21486 21486 I notification_cancel: [10015,21690,com.android.systemui,100,low_battery,-1,0,64,8,NULL]
01-26 13:12:07.048 21486 21486 I notification_cancel: [10015,21690,com.android.systemui,2130838302,power_saver,-1,0,64,8,NULL]
01-26 13:12:12.178   341   341 I sf_frame_dur: [com.mediatek.connectivity/com.mediatek.connectivity.CdsRadioInfoActivity,11,1,0,0,1,1,0]
01-26 13:12:17.068 21486 21486 I notification_cancel: [10015,21690,com.android.systemui,100,low_battery,-1,0,64,8,NULL]
01-26 13:12:17.070 21486 21486 I notification_cancel: [10015,21690,com.android.systemui,2130838302,power_saver,-1,0,64,8,NULL]
01-26 13:12:27.082 21486 21486 I notification_cancel: [10015,21690,com.android.systemui,100,low_battery,-1,0,64,8,NULL]
01-26 13:12:27.082 21486 21486 I notification_cancel: [10015,21690,com.android.systemui,2130838302,power_saver,-1,0,64,8,NULL]
01-26 13:12:31.278 21486 21486 I free_storage_changed: 5530742784
01-26 13:12:47.042 21486 21486 I notification_cancel: [10015,21690,com.android.systemui,100,low_battery,-1,0,64,8,NULL]
01-26 13:12:47.042 21486 21486 I notification_cancel: [10015,21690,com.android.systemui,2130838302,power_saver,-1,0,64,8,NULL]
01-26 13:12:57.073 21486 21486 I notification_cancel: [10015,21690,com.android.systemui,100,low_battery,-1,0,64,8,NULL]
01-26 13:12:57.076 21486 21486 I notification_cancel: [10015,21690,com.android.systemui,2130838302,power_saver,-1,0,64,8,NULL]
01-26 13:12:59.857 21486 21518 I am_proc_start: [0,17625,10008,com.htc.bgp,broadcast,com.htc.flexnet/.AndroidIntentReceiver]
01-26 13:12:59.895 22179 22179 I binder_sample: [com.android.internal.telephony.ITelephonyRegistry,17,6,com.android.phone,1]
01-26 13:12:59.979 21486 22129 I am_proc_start: [0,17650,10041,com.htc.mobiledata:remote,service,com.htc.mobiledata/.MobileDataService]
01-26 13:12:59.984 21486 22177 I am_proc_bound: [0,17625,com.htc.bgp]
01-26 13:13:00.019 21486 22228 I am_proc_bound: [0,17650,com.htc.mobiledata:remote]
01-26 13:13:00.083 21486 21580 I netstats_mobile_sample: [37969613,45985,3603263,35936,37969613,45985,3619134,36085,37969613,45985,3619134,36085,-1]
01-26 13:13:00.084 21486 21580 I netstats_wifi_sample: [64644379,95163,8148128,76389,63233045,93633,7137710,72808,62997203,90952,7131925,72743,-1]
01-26 13:13:00.143 21486 21580 I netstats_mobile_sample: [37969613,45985,3603263,35936,37969613,45985,3619134,36085,37969613,45985,3619134,36085,-1]
01-26 13:13:00.144 21486 21580 I netstats_wifi_sample: [64644379,95163,8148128,76389,63233045,93633,7137710,72808,62997203,90952,7131925,72743,-1]
01-26 13:13:00.241 21486 21486 I notification_cancel: [1000,21486,android,186,CaptivePortal.Notification,0,0,0,8,NULL]
01-26 13:13:00.287 21486 21517 I binder_sample: [com.android.internal.telephony.ITelephony,89,57,system_server,11]
01-26 13:13:00.396 21486 21486 I notification_cancel: [10092,30600,com.facebook.katana,10011,NULL,0,0,64,8,NULL]
01-26 13:13:00.416 22179 22913 I content_query_sample: [content://gsmapn/carriers/preferapn,apn,,name ASC,80,com.android.phone,17]
01-26 13:13:00.716 21486 22251 I am_proc_start: [0,17720,10013,android.process.media,broadcast,com.android.providers.downloads/.DownloadReceiver]
01-26 13:13:00.754 21486 22796 I am_proc_bound: [0,17720,android.process.media]
01-26 13:13:00.936 21486 21516 I notification_cancel_all: [10013,17720,com.android.providers.downloads,0,0,64,9,NULL]
01-26 13:13:01.001 21486 23315 I am_proc_start: [0,17756,10064,com.google.android.setupwizard,broadcast,com.google.android.setupwizard/.carrier.MobileConnectivityChangeReceiver]
01-26 13:13:01.029 21486 21516 I am_proc_bound: [0,17756,com.google.android.setupwizard]
01-26 13:13:01.160 21486 23315 I am_proc_start: [0,17788,10068,com.htc.updater,broadcast,com.htc.updater/.download.DownloadReceiver]
01-26 13:13:01.162 22078 22078 I binder_sample: [android.app.IActivityManager,38,35,com.google.android.gms.persistent,7]
01-26 13:13:01.179 21486 22202 I am_proc_bound: [0,17788,com.htc.updater]
01-26 13:13:01.279 21486 21486 I free_storage_changed: 5751607296
01-26 13:13:01.361 21486 22075 I am_proc_start: [0,17814,10122,com.google.android.apps.magazines,broadcast,com.google.android.apps.magazines/com.google.apps.dots.android.newsstand.appwidget.NewsWidgetProvider]
01-26 13:13:01.377 21486  7839 I am_proc_bound: [0,17814,com.google.android.apps.magazines]
01-26 13:13:01.378 17788 17812 I content_query_sample: [content://com.htc.updater.download/downloads,,,,34,com.htc.updater,7]
01-26 13:13:02.067 21486 22251 I am_kill : [0,15574,com.google.android.googlequicksearchbox:search,15,empty #17]
01-26 13:13:02.136 21486 22074 I am_proc_died: [0,15574,com.google.android.googlequicksearchbox:search]
01-26 13:13:02.190 22078 17905 I gtalk_conn_close: [-255,162]
01-26 13:13:02.192 21486 22154 I am_proc_start: [0,17906,10081,com.android.chrome,broadcast,com.android.chrome/org.chromium.content.browser.BackgroundSyncLauncherService$Receiver]
01-26 13:13:02.213 21486 21516 I am_proc_bound: [0,17906,com.android.chrome]
01-26 13:13:02.377 21486 22251 I am_proc_start: [0,17930,10129,com.google.android.apps.photos,broadcast,com.google.android.apps.photos/.actionqueue.SystemReceiver]
01-26 13:13:02.378 21486 22251 I am_kill : [0,15429,com.google.android.apps.plus,15,empty #17]
01-26 13:13:02.433 21486 22075 I am_proc_bound: [0,17930,com.google.android.apps.photos]
01-26 13:13:02.436 21486 21507 I am_proc_died: [0,15429,com.google.android.apps.plus]
01-26 13:13:03.082 21486 22177 I am_proc_start: [0,17957,10131,com.google.android.apps.plus,broadcast,com.google.android.apps.plus/com.google.android.libraries.social.autobackup.AutoBackupEnvironment$ConnectivityReceiver]
01-26 13:13:03.083 21486 22177 I am_kill : [0,14417,com.htc.sense.hsp,15,empty #17]
01-26 13:13:03.138 21486 22075 I am_proc_bound: [0,17957,com.google.android.apps.plus]
01-26 13:13:03.142 21486 22154 I am_proc_died: [0,14417,com.htc.sense.hsp]
01-26 13:13:03.153 21486 21486 I notification_cancel: [10129,17930,com.google.android.apps.photos,10436,NULL,0,0,64,8,NULL]
01-26 13:13:03.616 21486 22177 I am_kill : [0,15771,com.google.android.partnersetup,15,empty #17]
01-26 13:13:03.772 21486 22251 I am_proc_start: [0,17989,10044,com.htc.sense.hsp,broadcast,com.htc.sense.hsp/.weather.location.AutoSettingReceiver]
01-26 13:13:03.774 21486 22154 I am_proc_died: [0,15771,com.google.android.partnersetup]
01-26 13:13:03.797 21486 21516 I am_proc_bound: [0,17989,com.htc.sense.hsp]
01-26 13:13:03.882 21486 21507 I am_proc_died: [0,15953,com.google.android.gms:car]
01-26 13:13:04.254 21486 22074 I am_proc_start: [0,18019,10007,com.htc.calendar,broadcast,com.htc.calendar/.ProviderChangeReceiver]
01-26 13:13:04.274 21486  7839 I am_proc_bound: [0,18019,com.htc.calendar]
01-26 13:13:04.401 21486 23315 I am_proc_died: [0,15891,com.google.android.youtube]
01-26 13:13:04.424 21486 21486 I notification_cancel: [10007,18019,com.htc.calendar,1,NULL,0,0,64,8,NULL]
01-26 13:13:07.052 21486 21486 I notification_cancel: [10015,21690,com.android.systemui,100,low_battery,-1,0,64,8,NULL]
01-26 13:13:07.053 21486 21486 I notification_cancel: [10015,21690,com.android.systemui,2130838302,power_saver,-1,0,64,8,NULL]
01-26 13:13:07.633 22078 18100 I gtalk_connection: 16974847
01-26 13:13:07.866 22431 22431 I binder_sample: [android.os.IUserManager,12,40,android.process.acore,8]
01-26 13:13:07.993 21486 21486 I notification_cancel: [10008,17625,com.htc.CustomizationSetup,2131558478,SIM2StateChangeService,0,0,64,8,NULL]
01-26 13:13:08.007 21486 23057 I force_gc: Binder
01-26 13:13:08.053 21486 21507 I am_proc_start: [0,18112,10055,com.htc.sense.mms,broadcast,com.htc.sense.mms/.transaction.SmsReceiver]
01-26 13:13:08.080 21486 23315 I am_proc_bound: [0,18112,com.htc.sense.mms]
01-26 13:13:08.082 22431 18107 I content_update_sample: [content://com.android.contacts/account_contact_remove?account_name=SIM&account_type=com.htc.contacts.sim_slot2&caller_is_syncadapter=true,delete,,118,com.android.providers.contacts,24]
01-26 13:13:08.203 21486 21486 I notification_cancel: [1001,22179,com.android.phone,8903,NULL,0,0,64,8,NULL]
01-26 13:13:08.208 21486 21486 I notification_cancel: [1001,22179,com.android.phone,17,NULL,0,0,64,8,NULL]
01-26 13:13:08.209 21486 21486 I notification_cancel: [1001,22179,com.android.phone,19,NULL,0,0,64,8,NULL]
01-26 13:13:08.278 22179 18136 I content_update_sample: Binder:22179, Delete uri:content://sms/icc-db/1, selection:null, selectionArgs:null
01-26 13:13:08.490 21486 21486 I notification_cancel: [1001,22179,com.android.phone,19,NULL,0,0,64,8,NULL]
01-26 13:13:08.528 21486 21486 I notification_cancel: [1001,22179,com.android.phone,16,NULL,0,0,64,8,NULL]
01-26 13:13:08.592 21486 21486 I notification_cancel: [1001,22179,com.android.phone,19,NULL,0,0,64,8,NULL]
01-26 13:13:08.609 21486 22074 I am_proc_start: [0,18139,10058,com.htc.cs.pns,broadcast,com.htc.cs.pns/com.htc.lib1.cs.push.receiver.SimStateChangeReceiver]
01-26 13:13:08.639 21486 22177 I am_proc_bound: [0,18139,com.htc.cs.pns]
01-26 13:13:08.723 21486 22075 I am_proc_died: [0,15640,com.android.vending]
01-26 13:13:09.092 21486 21518 I am_proc_start: [0,18169,10038,com.htc.widget.hmsproc2,broadcast,com.htc.widget.weatherclock/.util.WidgetReceiver]
01-26 13:13:09.183 21486 21516 I am_proc_bound: [0,18169,com.htc.widget.hmsproc2]
01-26 13:13:09.387 21486 21506 I am_proc_died: [0,11147,com.android.settings]
01-26 13:13:09.569 22078 27157 I force_gc: Binder
01-26 13:13:09.870 21486 22796 I am_proc_start: [0,18208,10074,com.htc.android.worldclock,broadcast,com.htc.android.worldclock/.alarmclock.AlarmReceiver]
01-26 13:13:09.895 21486 21507 I am_proc_bound: [0,18208,com.htc.android.worldclock]
01-26 13:13:09.915 21486 21486 I notification_cancel: [10007,18019,com.htc.calendar,1,NULL,0,0,64,8,NULL]
01-26 13:13:10.276 22179 22179 I content_update_sample: [content://gsmapn/carriers/current,insert,,340,com.android.phone,69]
01-26 13:13:10.476 21486 21486 I notification_cancel: [10007,18019,com.htc.calendar,1,NULL,0,0,64,8,NULL]
01-26 13:13:10.495 21486 21486 I notification_cancel: [1001,22179,com.android.phone,16,NULL,0,0,64,8,NULL]
01-26 13:13:10.498 21486 21486 I notification_cancel: [1001,22179,com.android.phone,21,NULL,0,0,64,8,NULL]
01-26 13:13:10.510 21486 23165 I force_gc: Binder
01-26 13:13:10.671 22179 22179 I binder_sample: [com.android.internal.telephony.ITelephonyRegistry,17,6,com.android.phone,1]
01-26 13:13:10.719 22179 22692 I content_query_sample: Binder:18112, Query uri:content://mms-sms-v2/rawQuery, selection:SELECT count(1) FROM sms WHERE date2 = 0, selectionArgs:null
01-26 13:13:10.726 22179 22662 I content_query_sample: Binder:18112, Query uri:content://mms-sms-v2/rawQuery, selection:select _id,msg_id from addr where (type = 129 or type = 130 or type = 151), selectionArgs:null
01-26 13:13:10.733 21486 21486 I notification_cancel: [10092,30600,com.facebook.katana,714499313,com.facebook.rti.mqtt.common.analytics.MqttDiagnosticNotification,0,0,64,8,NULL]
01-26 13:13:10.737 22179 32543 I content_query_sample: Binder:18112, Query uri:content://mms/part, selection:null, selectionArgs:null
01-26 13:13:10.746 21486 21486 I notification_cancel: [1000,21486,android,65537,CaptivePortal.Notification,0,0,0,8,NULL]
01-26 13:13:10.749 22179 22913 I content_query_sample: Binder:18112, Query uri:content://mms-sms-v2/rawQuery, selection:select count(1) from contact_threads where htc_category =1 or htc_category = 2, selectionArgs:null
01-26 13:13:10.759 22179 32543 I content_query_sample: Binder:18112, Query uri:content://mms-sms-v2/rawQuery, selection:SELECT count(1) FROM pdu WHERE date2 = 0, selectionArgs:null
01-26 13:13:10.768 22179 22779 I content_query_sample: Binder:18112, Query uri:content://mms/thread-allreport, selection:thread_id>0 AND m_id!= "" AND (m_type = 128 or m_type = 134 or m_type = 136), selectionArgs:null
01-26 13:13:10.779 22179 22912 I content_query_sample: Binder:18112, Query uri:content://sms, selection:body Like 'BEGIN:VCARD%' AND thread_id > 0 , selectionArgs:null
01-26 13:13:10.790 22179 22742 I content_query_sample: Binder:18112, Query uri:content://mms-sms-v2/rawQuery, selection:select count(1) from blocklist, selectionArgs:null
01-26 13:13:10.792 22179 22693 I content_update_sample: Binder:18112, Update uri:content://mms, selection:st=129 AND m_type!=134, selectionArgs:null
01-26 13:13:10.809 22179 22779 I content_query_sample: Binder:18112, Query uri:content://mms-sms-v2/conversations?simple=true&formal=true&category=0, selection:null, selectionArgs:null
01-26 13:13:10.829 22179 22200 I content_query_sample: Binder:18112, Query uri:content://mms-sms/draft?category=0, selection:null, selectionArgs:null
01-26 13:13:10.955 22179 18248 I content_update_sample: [content://telephony/siminfo,update,_id=1,208,com.android.phone,42]
01-26 13:13:11.013 21486 21580 I netstats_mobile_sample: [37969613,45985,3603263,35936,37969613,45985,3619134,36085,37969613,45985,3619134,36085,-1]
01-26 13:13:11.013 21486 21580 I netstats_wifi_sample: [64644379,95163,8148128,76389,63233045,93633,7137710,72808,62997203,90952,7131925,72743,-1]
01-26 13:13:11.036 21486 21580 I netstats_mobile_sample: [37969613,45985,3603263,35936,37969613,45985,3619134,36085,37969613,45985,3619134,36085,-1]
01-26 13:13:11.037 21486 21580 I netstats_wifi_sample: [64644379,95163,8148128,76389,63233045,93633,7137710,72808,62997203,90952,7131925,72743,-1]
01-26 13:13:11.197 22431 22431 I binder_sample: [com.android.internal.telephony.ISub,28,8,android.process.acore,1]
01-26 13:13:11.262 22179 18314 I content_update_sample: Binder:22179, Delete uri:content://sms/icc-db/0, selection:null, selectionArgs:null
01-26 13:13:11.275 22179 18314 I content_update_sample: [content://sms/icc-db/0,delete,,14,com.android.phone,3]
01-26 13:13:11.369 21486 22203 I am_proc_died: [0,12859,com.htc.android.mail:directpush]
01-26 13:13:11.573 21486 22075 I notification_cancel_all: [10013,17720,com.android.providers.downloads,0,0,64,9,NULL]
01-26 13:13:11.606 17814 17814 I binder_sample: [android.net.IConnectivityManager,17,448,com.google.android.apps.magazines,89]
01-26 13:13:11.661 21486 21517 I sync    : [com.google.android.gms.fitness,0,4,-2043188675]
01-26 13:13:11.882 21486 21517 I sync    : [com.google.android.apps.plus.content.EsProvider,0,4,-2043188675]
01-26 13:13:11.950 21486 21507 I binder_sample: [com.android.server.ConnectivityService,17,778,execTransact,100]
01-26 13:13:11.951 30600 30600 I binder_sample: [android.net.IConnectivityManager,17,778,com.facebook.katana,100]
01-26 13:13:11.957 25182 25182 I binder_sample: [android.net.IConnectivityManager,17,130,com.google.android.gms,26]
01-26 13:13:11.967 21486 21516 I am_proc_start: [0,18396,10053,com.htc.android.mail:directpush,service,com.htc.android.mail/.easdp.EASDirectpush]
01-26 13:13:11.981 21486 21486 I notification_cancel: [1001,22179,com.android.phone,19,NULL,0,0,64,8,NULL]
01-26 13:13:11.981 21486 21486 I notification_cancel: [10092,30600,com.facebook.katana,714499313,com.facebook.rti.mqtt.common.analytics.MqttDiagnosticNotification,0,0,64,8,NULL]
01-26 13:13:11.982 21486 21486 I notification_cancel: [10092,30600,com.facebook.katana,714499313,com.facebook.rti.mqtt.common.analytics.MqttDiagnosticNotification,0,0,64,8,NULL]
01-26 13:13:11.982 21486 21486 I notification_cancel: [10092,30600,com.facebook.katana,714499313,com.facebook.rti.mqtt.common.analytics.MqttDiagnosticNotification,0,0,64,8,NULL]
01-26 13:13:12.002 25182 25182 I binder_sample: [android.os.IPowerManager,1,12,com.google.android.gms,2]
01-26 13:13:12.036 21486 21486 I notification_cancel: [10092,30600,com.facebook.katana,10011,NULL,0,0,64,8,NULL]
01-26 13:13:12.038 21486 21486 I notification_cancel: [10092,30600,com.facebook.katana,10011,NULL,0,0,64,8,NULL]
01-26 13:13:12.040 21486 21486 I notification_cancel: [10092,30600,com.facebook.katana,714499313,com.facebook.rti.mqtt.common.analytics.MqttDiagnosticNotification,0,0,64,8,NULL]
01-26 13:13:12.116 21486 21506 I am_proc_bound: [0,18396,com.htc.android.mail:directpush]
01-26 13:13:12.231 21486 21486 I notification_cancel: [10092,30600,com.facebook.katana,714499313,com.facebook.rti.mqtt.common.analytics.MqttDiagnosticNotification,0,0,64,8,NULL]
01-26 13:13:12.251 25182 18423 I aggregation: 1453785192251
01-26 13:13:12.470 21486 21517 I sync    : [com.google.android.gms.fitness,1,4,-2043188675]
01-26 13:13:12.470 21486 21486 I notification_cancel: [1000,21486,android,1938723290,NULL,0,0,0,8,NULL]
01-26 13:13:12.548 22179 22359 I content_query_sample: Binder:22179, Query uri:content://mms-sms/conversations?FromThreadTable=true, selection:null, selectionArgs:null
01-26 13:13:12.748 21486 22129 I am_proc_start: [0,18448,10020,com.google.android.gms.unstable,service,com.google.android.gms/.droidguard.DroidGuardService]
01-26 13:13:12.816 21486 21486 I notification_cancel: [10131,17957,com.google.android.apps.plus,10436,NULL,0,0,64,8,NULL]
01-26 13:13:12.828 21486 22203 I am_proc_bound: [0,18448,com.google.android.gms.unstable]
01-26 13:13:13.053 21486 21486 I notification_cancel: [10020,18448,com.google.android.gms,10436,NOT_LMP,0,0,64,8,NULL]
01-26 13:13:13.053 21486 21486 I notification_cancel: [10020,18448,com.google.android.gms,39789,NOT_LMP,0,0,64,8,NULL]
01-26 13:13:13.436 21486 21486 I notification_enqueue: [10020,22078,com.google.android.gms,0,com.google.android.gms.auth.TokenNotificationManager:gftrss081@gmail.com:com.google,0,Notification(pri=0 contentView=null vibrate=null sound=null defaults=0x0 flags=0xa color=0x00000000 vis=PRIVATE),1]
01-26 13:13:13.438 21486 21486 I notification_skip_beep_vibrate: [0,0,0,0,0,1,0,1,0,0]
01-26 13:13:13.438 21486 21486 I notification_skip_light: [1,0,1,0,0]
01-26 13:13:13.480 21486 21518 I am_proc_start: [0,18489,10063,com.htc.mms.backupagent,broadcast,com.htc.mms.backupagent/.SMSBroadcastReceiver]
01-26 13:13:13.485 22179 15920 I content_query_sample: Binder:18112, Query uri:content://mms-sms/draft?category=0, selection:null, selectionArgs:null
01-26 13:13:13.507 22179 22692 I content_query_sample: Binder:25182, Query uri:content://sms, selection:null, selectionArgs:null
01-26 13:13:13.520 22179 22913 I content_query_sample: Binder:25182, Query uri:content://mms, selection:null, selectionArgs:null
01-26 13:13:13.521 21486 22177 I am_proc_bound: [0,18489,com.htc.mms.backupagent]
01-26 13:13:13.538 22179 22742 I content_query_sample: Binder:25182, Query uri:content://sms/28, selection:null, selectionArgs:null
01-26 13:13:13.542 21486 23297 I force_gc: Binder
01-26 13:13:13.549 22179 15920 I content_query_sample: Binder:25182, Query uri:content://sms/40, selection:null, selectionArgs:null
01-26 13:13:13.566 22179 22201 I content_query_sample: Binder:25182, Query uri:content://sms/42, selection:null, selectionArgs:null
01-26 13:13:13.596 22179 15920 I content_query_sample: Binder:25182, Query uri:content://sms, selection:_id > ?, selectionArgs:[Ljava.lang.String;@eb8da78
01-26 13:13:13.610 22179 22912 I content_query_sample: Binder:25182, Query uri:content://sms, selection:_id > ?, selectionArgs:[Ljava.lang.String;@109e1b6
01-26 13:13:13.626 22179 32543 I content_query_sample: Binder:25182, Query uri:content://mms, selection:_id > ?, selectionArgs:[Ljava.lang.String;@33dd2624
01-26 13:13:13.731 21486 21517 I sync    : [com.google.android.apps.plus.content.EsProvider,1,4,-2043188675]
01-26 13:13:13.732 21486 21486 I notification_cancel: [1000,21486,android,-1345243159,NULL,0,0,0,8,NULL]
01-26 13:13:14.285 22431 18517 I content_query_sample: [content://icc/phonebook/subId/1,name/number/hidden/recordNumber/number1/number2/emails,,,681,com.android.providers.contacts,100]
01-26 13:13:15.146 25182 18423 I content_query_sample: [content://com.google.settings/partner,value,name=?,,5,com.google.android.gms,2]
01-26 13:13:15.646 22078 18554 I c2dm    : [-2,NULL,1,1]
01-26 13:13:15.742 22078 18557 I c2dm    : [3,NULL,1,1]
01-26 13:13:15.748 22078 18557 I gtalk_heartbeat_reset: [1680,64.233.187.188:5228]
01-26 13:13:15.783 22078 18557 I gtalk_connection: 0
01-26 13:13:15.792 22078 18557 I c2dm    : [7,,1,1]
01-26 13:13:16.407 22179 22179 I binder_sample: [com.android.internal.telephony.ITelephonyRegistry,10,43,com.android.phone,8]
01-26 13:13:17.040 21486 21486 I notification_cancel: [10015,21690,com.android.systemui,100,low_battery,-1,0,64,8,NULL]
01-26 13:13:17.041 21486 21486 I notification_cancel: [10015,21690,com.android.systemui,2130838302,power_saver,-1,0,64,8,NULL]
01-26 13:13:19.007 22179 22179 I binder_sample: [com.android.internal.telephony.ITelephonyRegistry,10,76,com.android.phone,15]
01-26 13:13:19.543 21486 22177 I am_kill : [0,18169,com.htc.widget.hmsproc2,15,empty #17]
01-26 13:13:19.607 21486 21516 I am_proc_died: [0,18169,com.htc.widget.hmsproc2]
01-26 13:13:20.302 22179 22179 I binder_sample: [com.android.internal.telephony.ITelephonyRegistry,17,15,com.android.phone,3]
01-26 13:13:20.555 21486 22251 I am_home_stack_moved: [0,0,1,1,startingNewTask]
01-26 13:13:20.555 21486 22251 I wm_task_moved: [2358,1,6]
01-26 13:13:20.559 21486 22251 I am_create_task: [0,2359]
01-26 13:13:20.559 21486 22251 I am_create_activity: [0,906811146,2359,com.android.phone/.dualsim.DualNetworkSettingsPreference,android.intent.action.MAIN,NULL,NULL,268435456]
01-26 13:13:20.561 21486 22251 I wm_task_created: [2359,1]
01-26 13:13:20.561 21486 22251 I wm_task_moved: [2359,1,7]
01-26 13:13:20.589 21486 22251 I am_pause_activity: [0,726609088,com.mediatek.connectivity/.CdsRadioInfoActivity]
01-26 13:13:20.594 21486 22251 I am_home_stack_moved: [0,0,1,1,startedActivity setFocusedActivity]
01-26 13:13:20.595 22179 22179 I am_on_paused_called: [0,com.mediatek.connectivity.CdsRadioInfoActivity]
01-26 13:13:20.597 21486 22251 I am_focused_activity: [0,com.android.phone/.dualsim.DualNetworkSettingsPreference]
01-26 13:13:20.604 21486 21507 I am_restart_activity: [0,906811146,2359,com.android.phone/.dualsim.DualNetworkSettingsPreference]
01-26 13:13:20.608 21486 21507 I am_focused_activity: [0,com.android.phone/.dualsim.DualNetworkSettingsPreference]
01-26 13:13:20.772 22179 22179 I am_on_resume_called: [0,com.android.phone.dualsim.DualNetworkSettingsPreference]
01-26 13:13:20.986   341   341 I sf_frame_dur: [com.mediatek.connectivity/com.mediatek.connectivity.CdsRadioInfoActivity,76,9,9,10,120,19,3]
01-26 13:13:21.002 21486 21528 I am_activity_launch_time: [0,906811146,com.android.phone/.dualsim.DualNetworkSettingsPreference,402,402]
01-26 13:13:21.036   341   341 I sf_frame_dur: [Starting com.android.phone,1,0,0,0,0,0,0]
01-26 13:13:22.364 21486 21518 I am_proc_start: [0,18585,10069,com.google.android.googlequicksearchbox:search,broadcast,com.google.android.googlequicksearchbox/com.google.android.apps.gsa.search.core.GmsPackageWatcher]
01-26 13:13:22.396 21486  7839 I am_proc_bound: [0,18585,com.google.android.googlequicksearchbox:search]
01-26 13:13:22.777 21486 21486 I backup_transport_lifecycle: [com.google.android.gms/.backup.BackupTransportService,1]
01-26 13:13:22.785 21486 21486 I notification_cancel: [10020,22078,com.google.android.gms,1,com.google.android.backup.notification.tag,0,0,64,8,NULL]
01-26 13:13:22.835 21486 21516 I am_kill : [0,18019,com.htc.calendar,15,empty #17]
01-26 13:13:22.944 21486 22202 I am_proc_died: [0,18019,com.htc.calendar]
01-26 13:13:23.016 21486 22074 I am_proc_start: [0,18612,10059,com.android.vending,broadcast,com.android.vending/com.google.android.finsky.receivers.PackageMonitorReceiver$RegisteredReceiver]
01-26 13:13:23.022 21486 21486 I notification_cancel: [10103,14986,com.google.android.talk,8,com.google.android.talk:gmscore,0,0,64,8,NULL]
01-26 13:13:23.037 21486 23315 I am_proc_bound: [0,18612,com.android.vending]
01-26 13:13:23.357 21486 21486 I notification_cancel: [10059,18612,com.android.vending,-1050172287,NULL,0,0,64,8,NULL]
01-26 13:13:23.424 21486  7839 I am_kill : [0,18208,com.htc.android.worldclock,15,empty #17]
01-26 13:13:23.531 21486 22177 I am_proc_died: [0,18208,com.htc.android.worldclock]
01-26 13:13:23.532 18612 18612 I binder_sample: [android.app.IActivityManager,69,107,com.android.vending,21]
01-26 13:13:23.615 21486 21507 I am_finish_activity: [0,906811146,2359,com.android.phone/.dualsim.DualNetworkSettingsPreference,app-request]
01-26 13:13:23.619 21486 21507 I am_home_stack_moved: [0,0,1,1,finishActivity adjustTopFocus setFocusedActivity]
01-26 13:13:23.656 21486 21507 I am_focused_activity: [0,com.mediatek.connectivity/.CdsRadioInfoActivity]
01-26 13:13:23.677 21486 21507 I am_pause_activity: [0,906811146,com.android.phone/.dualsim.DualNetworkSettingsPreference]
01-26 13:13:23.679 22179 22179 I binder_sample: [android.app.IActivityManager,11,64,com.android.phone,12]
01-26 13:13:23.680 22179 22179 I am_on_paused_called: [0,com.android.phone.dualsim.DualNetworkSettingsPreference]
01-26 13:13:23.694 21486 22154 I am_resume_activity: [0,726609088,2358,com.mediatek.connectivity/.CdsRadioInfoActivity]
01-26 13:13:23.697 21486 22154 I am_focused_activity: [0,com.mediatek.connectivity/.CdsRadioInfoActivity]
01-26 13:13:23.728 22179 22179 I am_on_resume_called: [0,com.mediatek.connectivity.CdsRadioInfoActivity]
01-26 13:13:24.088 21486 21518 I am_destroy_activity: [0,906811146,2359,com.android.phone/.dualsim.DualNetworkSettingsPreference,finish-imm]
01-26 13:13:24.103   341   341 I sf_frame_dur: [com.android.phone/com.android.phone.dualsim.DualNetworkSettingsPreference,13,2,1,0,0,1,0]
01-26 13:13:24.117 21486 22154 I wm_task_removed: [2359,removeAppToken: last token]
01-26 13:13:24.117 21486 22154 I wm_task_removed: [2359,removeTask]
01-26 13:13:24.173 21486 22154 I am_proc_start: [0,18676,10023,com.google.android.partnersetup,content provider,com.google.android.partnersetup/.RlzAppProvider]
01-26 13:13:24.203 21486 21506 I am_proc_bound: [0,18676,com.google.android.partnersetup]
01-26 13:13:24.204 18585 18659 I content_update_sample: [content://com.google.android.googlequicksearchbox.icing/applications,update,com.google.android.gms,633,com.google.android.googlequicksearchbox,100]
01-26 13:13:24.211 21486 22075 I am_kill : [0,18139,com.htc.cs.pns,15,empty #17]
01-26 13:13:24.421 21486  7839 I am_proc_died: [0,18139,com.htc.cs.pns]
