01-26 17:03:38.347 21486 22075 I am_focused_activity: [0,com.mediatek.connectivity/.CdsRadioInfoActivity]
01-26 17:03:38.478 22179 22179 I am_on_resume_called: [0,com.mediatek.connectivity.CdsRadioInfoActivity]
01-26 17:03:38.619 21486 21528 I am_activity_launch_time: [0,818599991,com.mediatek.connectivity/.CdsRadioInfoActivity,280,280]
01-26 17:03:38.672   341   341 I sf_frame_dur: [Starting com.mediatek.connectivity,1,0,0,0,0,0,0]
01-26 17:03:38.690   341   341 I sf_frame_dur: [com.mediatek.connectivity/com.mediatek.connectivity.CdsRadioMenuActivity,1,0,0,0,0,0,0]
01-26 17:03:56.334 22078 28514 I gtalk_connection: 16974847
01-26 17:03:59.266 21486 21557 I am_proc_start: [0,28516,10055,com.htc.sense.mms,service,com.htc.sense.mms/.transaction.TransactionService]
01-26 17:03:59.292 21486 22177 I am_proc_bound: [0,28516,com.htc.sense.mms]
01-26 17:03:59.473 21486 22796 I am_proc_start: [0,28542,10055,com.htc.sense.mms:mms,service,com.htc.sense.mms/com.htc.messaging.service.MmsService]
01-26 17:03:59.493 21486  7839 I am_proc_bound: [0,28542,com.htc.sense.mms:mms]
01-26 17:03:59.516 22179 12770 I content_query_sample: Binder:28516, Query uri:content://mms-sms/pending?protocol=mms, selection:err_type < ? AND due_time <= ?, selectionArgs:[Ljava.lang.String;@13375179
01-26 17:04:00.288   341   341 I sf_frame_dur: [PopupWindow:e19e796,0,1,1,0,0,0,0]
01-26 17:04:01.060 21486 22074 I am_proc_died: [0,24860,com.htc.sense.hsp]
01-26 17:04:01.493 22179 22662 I content_query_sample: Binder:28516, Query uri:content://mms-sms-v2/rawQuery, selection:SELECT count(1) FROM sms WHERE date2 = 0, selectionArgs:null
01-26 17:04:01.510 22179 32544 I content_query_sample: Binder:28516, Query uri:content://mms/part, selection:null, selectionArgs:null
01-26 17:04:01.516 22179 22913 I content_query_sample: Binder:28516, Query uri:content://mms-sms-v2/rawQuery, selection:select _id,msg_id from addr where (type = 129 or type = 130 or type = 151), selectionArgs:null
01-26 17:04:01.521 22179 22912 I content_query_sample: Binder:28516, Query uri:content://mms-sms-v2/rawQuery, selection:select count(1) from contact_threads where htc_category =1 or htc_category = 2, selectionArgs:null
01-26 17:04:01.528 22179 12771 I content_query_sample: Binder:28516, Query uri:content://mms-sms-v2/rawQuery, selection:SELECT count(1) FROM pdu WHERE date2 = 0, selectionArgs:null
01-26 17:04:01.533 22179 22779 I content_query_sample: Binder:28516, Query uri:content://sms, selection:body Like 'BEGIN:VCARD%' AND thread_id > 0 , selectionArgs:null
01-26 17:04:01.540 22179 15920 I content_query_sample: Binder:28516, Query uri:content://mms/thread-allreport, selection:thread_id>0 AND m_id!= "" AND (m_type = 128 or m_type = 134 or m_type = 136), selectionArgs:null
01-26 17:04:01.547 22179 32542 I content_query_sample: Binder:28516, Query uri:content://mms-sms-v2/conversations?simple=true&formal=true&category=0, selection:null, selectionArgs:null
01-26 17:04:01.555 22179 12770 I content_query_sample: Binder:28516, Query uri:content://mms-sms-v2/rawQuery, selection:select count(1) from blocklist, selectionArgs:null
01-26 17:04:01.566 22179 22693 I content_update_sample: Binder:28516, Update uri:content://mms, selection:st=129 AND m_type!=134, selectionArgs:null
01-26 17:04:01.566 22179 15920 I content_query_sample: Binder:28516, Query uri:content://mms-sms/draft?category=0, selection:null, selectionArgs:null
01-26 17:04:01.657 22179 12770 I content_update_sample: Binder:28542, Update uri:content://mms, selection:st=129 AND m_type!=134, selectionArgs:null
01-26 17:04:01.740 22179 22201 I content_query_sample: Binder:28542, Query uri:content://mms-sms-v2/rawQuery, selection:SELECT count(1) FROM sms WHERE date2 = 0, selectionArgs:null
01-26 17:04:01.755 22179 22662 I content_query_sample: Binder:28542, Query uri:content://mms-sms-v2/rawQuery, selection:select _id,msg_id from addr where (type = 129 or type = 130 or type = 151), selectionArgs:null
01-26 17:04:01.767 22179 15920 I content_query_sample: Binder:28542, Query uri:content://mms-sms-v2/rawQuery, selection:select count(1) from contact_threads where htc_category =1 or htc_category = 2, selectionArgs:null
01-26 17:04:01.789 22179 32544 I content_query_sample: Binder:28542, Query uri:content://mms/part, selection:null, selectionArgs:null
01-26 17:04:01.804 22179 32543 I content_query_sample: Binder:28542, Query uri:content://mms-sms-v2/conversations?simple=true&formal=true&category=0, selection:null, selectionArgs:null
01-26 17:04:01.822 22179 22742 I content_query_sample: Binder:28542, Query uri:content://mms-sms-v2/rawQuery, selection:SELECT count(1) FROM pdu WHERE date2 = 0, selectionArgs:null
01-26 17:04:01.837 22179 32542 I content_query_sample: Binder:28542, Query uri:content://mms/thread-allreport, selection:thread_id>0 AND m_id!= "" AND (m_type = 128 or m_type = 134 or m_type = 136), selectionArgs:null
01-26 17:04:01.853 22179 12771 I content_query_sample: Binder:28542, Query uri:content://mms-sms-v2/rawQuery, selection:select count(1) from blocklist, selectionArgs:null
01-26 17:04:01.865 22179 22779 I content_query_sample: Binder:28542, Query uri:content://sms, selection:body Like 'BEGIN:VCARD%' AND thread_id > 0 , selectionArgs:null
01-26 17:04:01.897 22179 32542 I content_query_sample: Binder:28542, Query uri:content://mms-sms/draft?category=0, selection:null, selectionArgs:null
01-26 17:04:04.374 21486 21486 I free_storage_changed: 5586608128
01-26 17:04:07.429 21486 22203 I am_proc_died: [0,26950,android.process.media]
01-26 17:04:10.586 21486 22075 I am_home_stack_moved: [0,0,1,1,startingNewTask]
01-26 17:04:10.586 21486 22075 I wm_task_moved: [2606,1,6]
01-26 17:04:10.592 21486 22075 I am_create_task: [0,2607]
01-26 17:04:10.592 21486 22075 I am_create_activity: [0,517756644,2607,com.android.settings/.Settings,android.intent.action.MAIN,NULL,NULL,268435456]
01-26 17:04:10.594 21486 22075 I wm_task_created: [2607,1]
01-26 17:04:10.594 21486 22075 I wm_task_moved: [2607,1,7]
01-26 17:04:10.621 21486 22075 I am_pause_activity: [0,818599991,com.mediatek.connectivity/.CdsRadioInfoActivity]
01-26 17:04:10.623 22179 22179 I am_on_paused_called: [0,com.mediatek.connectivity.CdsRadioInfoActivity]
01-26 17:04:10.625 21486 22075 I am_home_stack_moved: [0,0,1,1,startedActivity setFocusedActivity]
01-26 17:04:10.629 21486 22075 I am_focused_activity: [0,com.android.settings/.Settings]
01-26 17:04:10.655 21486 22203 I am_restart_activity: [0,517756644,2607,com.android.settings/.Settings]
01-26 17:04:10.659 21486 22203 I am_focused_activity: [0,com.android.settings/.Settings]
01-26 17:04:10.760 26135 26135 I am_on_resume_called: [0,com.android.settings.Settings]
01-26 17:04:10.961 21486 22202 I am_proc_died: [0,26896,com.google.android.apps.photos]
01-26 17:04:10.970   341   341 I sf_frame_dur: [com.mediatek.connectivity/com.mediatek.connectivity.CdsRadioInfoActivity,86,7,7,4,46,4,1]
01-26 17:04:11.002 21486 21528 I am_activity_launch_time: [0,517756644,com.android.settings/.Settings,352,352]
01-26 17:04:12.661 21486 22202 I am_finish_activity: [0,517756644,2607,com.android.settings/.Settings,app-request]
01-26 17:04:12.663 21486 22202 I am_home_stack_moved: [0,0,1,1,finishActivity adjustTopFocus setFocusedActivity]
01-26 17:04:12.666 21486 22202 I am_focused_activity: [0,com.mediatek.connectivity/.CdsRadioInfoActivity]
01-26 17:04:12.689 21486 22202 I am_pause_activity: [0,517756644,com.android.settings/.Settings]
01-26 17:04:12.692 26135 26135 I am_on_paused_called: [0,com.android.settings.Settings]
01-26 17:04:12.695 21486 22129 I am_resume_activity: [0,818599991,2606,com.mediatek.connectivity/.CdsRadioInfoActivity]
01-26 17:04:12.699 21486 22129 I am_focused_activity: [0,com.mediatek.connectivity/.CdsRadioInfoActivity]
01-26 17:04:12.732 22179 22179 I am_on_resume_called: [0,com.mediatek.connectivity.CdsRadioInfoActivity]
01-26 17:04:13.093 21486 21518 I am_destroy_activity: [0,517756644,2607,com.android.settings/.Settings,finish-imm]
01-26 17:04:13.105 21486 23315 I wm_task_removed: [2607,removeAppToken: last token]
01-26 17:04:13.106 21486 23315 I wm_task_removed: [2607,removeTask]
01-26 17:04:13.108   341   341 I sf_frame_dur: [com.android.settings/com.android.settings.Settings,31,0,0,1,0,1,0]
01-26 17:04:13.603 21486 21516 I am_finish_activity: [0,818599991,2606,com.mediatek.connectivity/.CdsRadioInfoActivity,app-request]
01-26 17:04:13.604 21486 21516 I am_home_stack_moved: [0,0,1,1,finishActivity adjustTopFocus setFocusedActivity]
01-26 17:04:13.606 21486 21516 I am_focused_activity: [0,com.mediatek.connectivity/.CdsRadioMenuActivity]
01-26 17:04:13.607 21486 21516 I am_pause_activity: [0,818599991,com.mediatek.connectivity/.CdsRadioInfoActivity]
01-26 17:04:13.611 22179 22179 I am_on_paused_called: [0,com.mediatek.connectivity.CdsRadioInfoActivity]
01-26 17:04:13.613 21486 23315 I am_resume_activity: [0,337000686,2606,com.mediatek.connectivity/.CdsRadioMenuActivity]
01-26 17:04:13.616 21486 23315 I am_focused_activity: [0,com.mediatek.connectivity/.CdsRadioMenuActivity]
01-26 17:04:13.624 22179 22179 I binder_sample: [android.app.IActivityManager,19,12,com.android.phone,2]
01-26 17:04:13.625 22179 22179 I am_on_resume_called: [0,com.mediatek.connectivity.CdsRadioMenuActivity]
01-26 17:04:13.718 21486 22251 I am_proc_died: [0,27312,com.google.android.gms:car]
01-26 17:04:13.952 21486 21518 I am_destroy_activity: [0,818599991,2606,com.mediatek.connectivity/.CdsRadioInfoActivity,finish-imm]
01-26 17:04:13.967   341   341 I sf_frame_dur: [com.mediatek.connectivity/com.mediatek.connectivity.CdsRadioInfoActivity,0,0,1,1,0,0,0]
01-26 17:04:14.256 21486 22129 I am_finish_activity: [0,337000686,2606,com.mediatek.connectivity/.CdsRadioMenuActivity,app-request]
01-26 17:04:14.258 21486 22129 I am_home_stack_moved: [0,0,1,1,finishActivity adjustTopFocus setFocusedActivity]
01-26 17:04:14.259 21486 22129 I am_focused_activity: [0,tunein.player/tunein.ui.actvities.TuneInSearchActivity]
01-26 17:04:14.519 21486 22129 I am_pause_activity: [0,337000686,com.mediatek.connectivity/.CdsRadioMenuActivity]
01-26 17:04:14.522 22179 22179 I binder_sample: [android.app.IActivityManager,11,265,com.android.phone,53]
01-26 17:04:14.524 22179 22179 I am_on_paused_called: [0,com.mediatek.connectivity.CdsRadioMenuActivity]
01-26 17:04:14.529 21486 22074 I am_resume_activity: [0,838385445,2005,tunein.player/tunein.ui.actvities.TuneInSearchActivity]
01-26 17:04:14.533 21486 22074 I am_focused_activity: [0,tunein.player/tunein.ui.actvities.TuneInSearchActivity]
01-26 17:04:14.575  4396  4396 I am_on_resume_called: [0,tunein.ui.actvities.TuneInSearchActivity]
01-26 17:04:14.929 21486 21518 I am_destroy_activity: [0,337000686,2606,com.mediatek.connectivity/.CdsRadioMenuActivity,finish-imm]
01-26 17:04:14.940 21486  7839 I wm_task_removed: [2606,removeAppToken: last token]
01-26 17:04:14.940 21486  7839 I wm_task_removed: [2606,removeTask]
01-26 17:04:15.029 21486 22154 I am_home_stack_moved: [0,0,1,1,startingNewTask]
01-26 17:04:15.029 21486 22154 I wm_task_moved: [2005,1,5]
01-26 17:04:15.033 21486 22154 I am_create_task: [0,2608]
01-26 17:04:15.033 21486 22154 I am_create_activity: [0,772944684,2608,com.android.settings/.Settings,android.intent.action.MAIN,NULL,NULL,268435456]
01-26 17:04:15.034 21486 22154 I wm_task_created: [2608,1]
01-26 17:04:15.034 21486 22154 I wm_task_moved: [2608,1,6]
01-26 17:04:15.058 21486 22154 I am_pause_activity: [0,838385445,tunein.player/tunein.ui.actvities.TuneInSearchActivity]
01-26 17:04:15.087 21486 22154 I am_home_stack_moved: [0,0,1,1,startedActivity setFocusedActivity]
01-26 17:04:15.091 21486 22154 I am_focused_activity: [0,com.android.settings/.Settings]
01-26 17:04:15.096  4396  4396 I am_on_paused_called: [0,tunein.ui.actvities.TuneInSearchActivity]
01-26 17:04:15.101 21486 21506 I am_restart_activity: [0,772944684,2608,com.android.settings/.Settings]
01-26 17:04:15.106 21486 21506 I am_focused_activity: [0,com.android.settings/.Settings]
01-26 17:04:15.166 26135 26135 I am_on_resume_called: [0,com.android.settings.Settings]
01-26 17:04:15.383   341   341 I sf_frame_dur: [tunein.player/tunein.ui.actvities.TuneInSearchActivity,0,0,0,0,1,0,0]
01-26 17:04:15.995 21486 21528 I am_activity_launch_time: [0,772944684,com.android.settings/.Settings,898,898]
01-26 17:04:28.698 22179 32544 I content_query_sample: [content://telephony/siminfo,_id,,,174,com.android.phone,35]
01-26 17:04:34.378 21486 21486 I free_storage_changed: 5453230080
01-26 17:04:50.262 21486 21580 I netstats_mobile_sample: [94829902,116683,9644678,91026,94829902,116683,9690774,91417,94829902,116683,9690774,91417,-1]
01-26 17:04:50.262 21486 21580 I netstats_wifi_sample: [64726124,95856,8203666,76795,63302642,94283,7188570,73080,63066800,91602,7182785,73015,-1]
01-26 17:04:58.586 21486 22796 I am_proc_died: [0,26320,com.google.process.gapps]
01-26 17:04:58.662 21486 21486 I notification_cancel: [10008,27624,com.htc.CustomizationSetup,2131558478,SIM2StateChangeService,0,0,64,8,NULL]
01-26 17:04:58.785 21486 22074 I am_proc_start: [0,28788,10058,com.htc.cs.pns,broadcast,com.htc.cs.pns/com.htc.lib1.cs.push.receiver.SimStateChangeReceiver]
01-26 17:04:58.821 21486 21516 I am_proc_bound: [0,28788,com.htc.cs.pns]
01-26 17:04:58.828 22431 28784 I content_update_sample: [content://com.android.contacts/account_contact_remove?account_name=SIM&account_type=com.htc.contacts.sim_slot2&caller_is_syncadapter=true,delete,,236,com.android.providers.contacts,48]
01-26 17:04:58.897 21486 21486 I notification_cancel: [1001,22179,com.android.phone,8903,NULL,0,0,64,8,NULL]
01-26 17:04:58.919 21486 22154 I am_proc_died: [0,27180,com.android.vending]
01-26 17:04:58.927 21486 21486 I notification_cancel: [1001,22179,com.android.phone,17,NULL,0,0,64,8,NULL]
01-26 17:04:58.928 21486 21486 I notification_cancel: [1001,22179,com.android.phone,19,NULL,0,0,64,8,NULL]
01-26 17:04:59.066 22179 28816 I content_update_sample: Binder:22179, Delete uri:content://sms/icc-db/1, selection:null, selectionArgs:null
01-26 17:04:59.192 21486 22129 I am_proc_died: [0,28542,com.htc.sense.mms:mms]
01-26 17:04:59.398 21486 21486 I notification_cancel: [1001,22179,com.android.phone,19,NULL,0,0,64,8,NULL]
01-26 17:04:59.451 21486 21486 I notification_cancel: [1001,22179,com.android.phone,16,NULL,0,0,64,8,NULL]
01-26 17:04:59.540 21486 21486 I notification_cancel: [1001,22179,com.android.phone,19,NULL,0,0,64,8,NULL]
01-26 17:05:00.959 22179 22179 I content_update_sample: [content://telephony/siminfo,update,_id=1,13,com.android.phone,3]
01-26 17:05:01.111 21486 21486 I notification_cancel: [1001,22179,com.android.phone,16,NULL,0,0,64,8,NULL]
01-26 17:05:01.113 21486 21486 I notification_cancel: [1001,22179,com.android.phone,21,NULL,0,0,64,8,NULL]
01-26 17:05:01.564 22179 28876 I content_update_sample: Binder:22179, Delete uri:content://sms/icc-db/0, selection:null, selectionArgs:null
01-26 17:05:01.614 21486 21486 I notification_cancel: [1001,22179,com.android.phone,19,NULL,0,0,64,8,NULL]
01-26 17:05:01.614 21486 21580 I netstats_mobile_sample: [94829902,116683,9644678,91026,94829902,116683,9690774,91417,94829902,116683,9690774,91417,-1]
01-26 17:05:01.614 21486 21486 I notification_cancel: [1000,21486,android,65537,CaptivePortal.Notification,0,0,0,8,NULL]
01-26 17:05:01.614 21486 21580 I netstats_wifi_sample: [64726124,95856,8203666,76795,63302642,94283,7188570,73080,63066800,91602,7182785,73015,-1]
01-26 17:05:01.632 21486 21580 I netstats_mobile_sample: [94829902,116683,9644678,91026,94829902,116683,9690774,91417,94829902,116683,9690774,91417,-1]
01-26 17:05:01.632 21486 21580 I netstats_wifi_sample: [64726124,95856,8203666,76795,63302642,94283,7188570,73080,63066800,91602,7182785,73015,-1]
01-26 17:05:01.634 21486 21574 I binder_sample: [com.android.internal.telephony.ISub,31,6,system_server,1]
01-26 17:05:01.765 21486 22251 I am_proc_start: [0,28884,10013,android.process.media,broadcast,com.android.providers.downloads/.DownloadReceiver]
01-26 17:05:01.809 21486 22177 I am_proc_bound: [0,28884,android.process.media]
01-26 17:05:02.059  5628  5628 I binder_sample: [android.net.IConnectivityManager,17,326,com.facebook.katana,65]
01-26 17:05:02.071 21486 21486 I notification_cancel: [10092,5628,com.facebook.katana,714499313,com.facebook.rti.mqtt.common.analytics.MqttDiagnosticNotification,0,0,64,8,NULL]
01-26 17:05:02.074 21486 21486 I notification_cancel: [10092,5628,com.facebook.katana,714499313,com.facebook.rti.mqtt.common.analytics.MqttDiagnosticNotification,0,0,64,8,NULL]
01-26 17:05:02.191 21486 22178 I notification_cancel_all: [10013,28884,com.android.providers.downloads,0,0,64,9,NULL]
01-26 17:05:02.246 21486 22228 I am_proc_start: [0,28950,10053,com.htc.android.mail:sync,broadcast,com.htc.android.mail/.eassvc.EASEventReceiver]
01-26 17:05:02.274 21486 22251 I am_proc_bound: [0,28950,com.htc.android.mail:sync]
01-26 17:05:02.297 21486 21486 I notification_cancel: [10092,5628,com.facebook.katana,714499313,com.facebook.rti.mqtt.common.analytics.MqttDiagnosticNotification,0,0,64,8,NULL]
01-26 17:05:02.313 21486 21486 I notification_cancel: [10092,5628,com.facebook.katana,10011,NULL,0,0,64,8,NULL]
01-26 17:05:02.320 21486 21486 I notification_cancel: [10092,5628,com.facebook.katana,714499313,com.facebook.rti.mqtt.common.analytics.MqttDiagnosticNotification,0,0,64,8,NULL]
01-26 17:05:02.339 21486 21516 I am_proc_died: [0,27140,com.htc.calendar]
01-26 17:05:02.514 21486 21486 I notification_cancel: [10092,5628,com.facebook.katana,714499313,com.facebook.rti.mqtt.common.analytics.MqttDiagnosticNotification,0,0,64,8,NULL]
01-26 17:05:02.697 21486 22129 I am_proc_start: [0,28981,10064,com.google.android.setupwizard,broadcast,com.google.android.setupwizard/.carrier.MobileConnectivityChangeReceiver]
01-26 17:05:02.699 21486 22251 I am_proc_died: [0,27646,com.htc.mobiledata:remote]
01-26 17:05:02.734 21486 22154 I am_proc_bound: [0,28981,com.google.android.setupwizard]
01-26 17:05:02.929 21486 21516 I am_proc_start: [0,29015,10068,com.htc.updater,broadcast,com.htc.updater/.download.DownloadReceiver]
01-26 17:05:02.932 21486 22177 I am_proc_died: [0,28884,android.process.media]
01-26 17:05:02.964 21486 22796 I am_proc_bound: [0,29015,com.htc.updater]
01-26 17:05:03.080  3480 29043 I aggregation: 1453799103080
01-26 17:05:03.139 21486 22074 I am_proc_start: [0,29051,10122,com.google.android.apps.magazines,broadcast,com.google.android.apps.magazines/com.google.apps.dots.android.newsstand.appwidget.NewsWidgetProvider]
01-26 17:05:03.179 21486 22251 I am_proc_bound: [0,29051,com.google.android.apps.magazines]
01-26 17:05:03.199 21486 22177 I am_proc_died: [0,27624,com.htc.bgp]
01-26 17:05:03.243 21486 22074 I am_proc_start: [0,29077,10020,com.google.process.gapps,content provider,com.google.android.gsf/.settings.GoogleSettingsProvider]
01-26 17:05:03.271 21486  7839 I am_proc_bound: [0,29077,com.google.process.gapps]
01-26 17:05:03.539 21486 22075 I am_proc_died: [0,27601,com.htc.mobiledata]
01-26 17:05:03.630 21486 23297 I force_gc: Binder
01-26 17:05:03.734 21486 22074 I am_proc_start: [0,29134,10020,com.google.android.gms.unstable,service,com.google.android.gms/.droidguard.DroidGuardService]
01-26 17:05:03.757 21486 22203 I am_proc_bound: [0,29134,com.google.android.gms.unstable]
01-26 17:05:03.884 21486 22075 I am_proc_died: [0,28788,com.htc.cs.pns]
01-26 17:05:03.994 21486 22075 I am_proc_start: [0,29216,10081,com.android.chrome,broadcast,com.android.chrome/org.chromium.content.browser.BackgroundSyncLauncherService$Receiver]
01-26 17:05:04.019 21486 23315 I am_proc_bound: [0,29216,com.android.chrome]
01-26 17:05:04.049 21486 21486 I notification_cancel: [10020,29134,com.google.android.gms,10436,NOT_LMP,0,0,64,8,NULL]
01-26 17:05:04.050 21486 21486 I notification_cancel: [10020,29134,com.google.android.gms,39789,NOT_LMP,0,0,64,8,NULL]
01-26 17:05:04.072 21486 22202 I am_proc_died: [0,28981,com.google.android.setupwizard]
01-26 17:05:04.194 22179 22179 I binder_sample: [android.os.IPowerManager,1,50,com.android.phone,10]
01-26 17:05:04.314 21486 22202 I am_proc_start: [0,29253,10129,com.google.android.apps.photos,broadcast,com.google.android.apps.photos/.actionqueue.SystemReceiver]
01-26 17:05:04.356 21486 21507 I am_proc_bound: [0,29253,com.google.android.apps.photos]
01-26 17:05:04.379 21486 21486 I free_storage_changed: 5415854080
01-26 17:05:04.661 21486 22228 I am_proc_died: [0,29051,com.google.android.apps.magazines]
01-26 17:05:05.388 21486 21507 I am_proc_died: [0,29015,com.htc.updater]
01-26 17:05:06.689 21486 22796 I am_proc_start: [0,29380,10131,com.google.android.apps.plus,broadcast,com.google.android.apps.plus/com.google.android.libraries.social.autobackup.AutoBackupEnvironment$ConnectivityReceiver]
01-26 17:05:06.703 21486 22075 I am_proc_bound: [0,29380,com.google.android.apps.plus]
01-26 17:05:06.888 21486 22796 I am_proc_died: [0,29216,com.android.chrome]
01-26 17:05:07.028 21486 21486 I notification_cancel: [10129,29253,com.google.android.apps.photos,10436,NULL,0,0,64,8,NULL]
01-26 17:05:07.570 21486 22074 I am_proc_start: [0,29455,10013,android.process.media,content provider,com.android.providers.media/.MediaProvider]
01-26 17:05:07.600 21486 21506 I am_proc_bound: [0,29455,android.process.media]
01-26 17:05:07.712 21486 22202 I notification_cancel_all: [10013,29455,com.android.providers.downloads,0,0,64,9,NULL]
01-26 17:05:08.273 21486 21507 I am_proc_start: [0,29510,10044,com.htc.sense.hsp,broadcast,com.htc.sense.hsp/.weather.location.AutoSettingReceiver]
01-26 17:05:08.398 21486 23315 I am_proc_died: [0,29253,com.google.android.apps.photos]
01-26 17:05:08.639 21486 22129 I am_proc_bound: [0,29510,com.htc.sense.hsp]
01-26 17:05:08.688 29380 29500 I content_query_sample: [content://com.google.android.apps.plus.iu.EsGoogleIuProvider/settings,auto_upload_enabled/auto_upload_account_id,,,624,com.google.android.apps.plus,100]
01-26 17:05:09.283 21486  7839 I am_proc_start: [0,29587,10129,com.google.android.apps.photos,broadcast,com.google.android.apps.photos/.actionqueue.InternalReceiver]
01-26 17:05:09.299 21486 21486 I notification_enqueue: [10020,22078,com.google.android.gms,0,com.google.android.gms.auth.TokenNotificationManager:gftrss081@gmail.com:com.google,0,Notification(pri=0 contentView=null vibrate=null sound=null defaults=0x0 flags=0xa color=0x00000000 vis=PRIVATE),1]
01-26 17:05:09.301 21486 21486 I notification_skip_beep_vibrate: [0,0,0,0,0,1,0,1,0,0]
01-26 17:05:09.301 21486 21486 I notification_skip_light: [1,0,1,0,0]
01-26 17:05:09.325 21486 22177 I am_proc_bound: [0,29587,com.google.android.apps.photos]
01-26 17:05:09.334 21486 23455 I force_gc: Binder
01-26 17:05:09.440 21486 22129 I am_proc_died: [0,28516,com.htc.sense.mms]
01-26 17:05:09.481 22431 29577 I content_query_sample: [content://icc/phonebook/subId/1,name/number/hidden/recordNumber/number1/number2/emails,,,259,com.android.providers.contacts,52]
01-26 17:05:09.827 21486 21486 I notification_cancel: [10129,29587,com.google.android.apps.photos,10436,NULL,0,0,64,8,NULL]
01-26 17:05:09.879 21486 22177 I am_proc_start: [0,29633,10064,com.google.android.setupwizard,broadcast,com.google.android.setupwizard/.util.GservicesChangedReceiver]
01-26 17:05:09.898 21486 22074 I am_proc_bound: [0,29633,com.google.android.setupwizard]
01-26 17:05:10.123 22078 29670 I c2dm    : [-2,NULL,1,1]
01-26 17:05:10.245 22078 29687 I c2dm    : [3,NULL,1,1]
01-26 17:05:10.249 22078 29687 I gtalk_heartbeat_reset: [1680,64.233.188.188:5228]
01-26 17:05:10.258 22078 29687 I gtalk_connection: 0
01-26 17:05:10.268 22078 29687 I c2dm    : [7,,1,1]
01-26 17:05:13.157 22179 22179 I binder_sample: [android.content.pm.IPackageManager,36,65,com.android.phone,13]
01-26 17:05:13.218 21486 21518 I am_proc_start: [0,29828,10069,com.google.android.googlequicksearchbox:search,broadcast,com.google.android.googlequicksearchbox/com.google.android.apps.gsa.search.core.GmsPackageWatcher]
01-26 17:05:13.243 21486 22075 I am_proc_bound: [0,29828,com.google.android.googlequicksearchbox:search]
01-26 17:05:13.308 21486  7839 I am_proc_died: [0,29380,com.google.android.apps.plus]
01-26 17:05:13.726 21486 21486 I backup_transport_lifecycle: [com.google.android.gms/.backup.BackupTransportService,1]
01-26 17:05:13.741 21486 21486 I notification_cancel: [10020,22078,com.google.android.gms,1,com.google.android.backup.notification.tag,0,0,64,8,NULL]
01-26 17:05:14.107 21486 22177 I am_proc_start: [0,29870,10059,com.android.vending,broadcast,com.android.vending/com.google.android.finsky.receivers.PackageMonitorReceiver$RegisteredReceiver]
01-26 17:05:14.163 21486 21516 I am_proc_died: [0,29455,android.process.media]
01-26 17:05:14.167 21486 22251 I am_proc_bound: [0,29870,com.android.vending]
01-26 17:05:14.173 21486 21486 I notification_cancel: [10103,13783,com.google.android.talk,8,com.google.android.talk:gmscore,0,0,64,8,NULL]
01-26 17:05:14.417 21486 21486 I notification_cancel: [10059,29870,com.android.vending,-1050172287,NULL,0,0,64,8,NULL]
01-26 17:05:14.510 21486 22074 I am_proc_start: [0,29930,10013,android.process.media,content provider,com.android.providers.downloads/.DownloadProvider]
01-26 17:05:14.530 21486 23315 I am_proc_bound: [0,29930,android.process.media]
01-26 17:05:14.653 21486 22203 I am_proc_start: [0,29963,10131,com.google.android.apps.plus,broadcast,com.google.android.apps.plus/.service.PackagesMediaMonitor]
01-26 17:05:14.671 21486 21516 I notification_cancel_all: [10013,29930,com.android.providers.downloads,0,0,64,9,NULL]
01-26 17:05:14.702 21486 21516 I am_proc_bound: [0,29963,com.google.android.apps.plus]
01-26 17:05:14.724 22078 23380 I force_gc: Binder
01-26 17:05:15.040 21486 22203 I am_proc_start: [0,30002,10023,com.google.android.partnersetup,content provider,com.google.android.partnersetup/.RlzAppProvider]
01-26 17:05:15.078 21486 22154 I am_proc_bound: [0,30002,com.google.android.partnersetup]
01-26 17:05:15.085 21486 22420 I force_gc: Binder
01-26 17:05:15.124 29828 29955 I content_update_sample: [content://com.google.android.googlequicksearchbox.icing/applications,update,com.google.android.gms,535,com.google.android.googlequicksearchbox,100]
01-26 17:05:15.483 21486  7839 I am_proc_died: [0,29134,com.google.android.gms.unstable]
01-26 17:05:19.593 21486 21507 I am_proc_start: [0,30106,10020,com.google.android.gms:car,service,com.google.android.gms/.car.CarService]
01-26 17:05:19.628 21486 21516 I am_proc_bound: [0,30106,com.google.android.gms:car]
01-26 17:05:19.669 21486 21516 I am_proc_died: [0,29587,com.google.android.apps.photos]
01-26 17:05:19.773 21486 21486 I notification_cancel: [10020,30106,com.google.android.gms,10436,NOT_LMP,0,0,64,8,NULL]
01-26 17:05:19.776 21486 21486 I notification_cancel: [10020,30106,com.google.android.gms,39789,NOT_LMP,0,0,64,8,NULL]
01-26 17:05:19.871 21486 21486 I notification_enqueue: [10020,22078,com.google.android.gms,0,com.google.android.gms.auth.TokenNotificationManager:gftrss081@gmail.com:com.google,0,Notification(pri=0 contentView=null vibrate=null sound=null defaults=0x0 flags=0xa color=0x00000000 vis=PRIVATE),1]
01-26 17:05:19.873 21486 21486 I notification_skip_beep_vibrate: [0,0,0,0,0,1,0,1,0,0]
01-26 17:05:19.873 21486 21486 I notification_skip_light: [1,0,1,0,0]
01-26 17:05:20.061 21486 21486 I notification_cancel: [10020,30106,com.google.android.gms,10436,NULL,0,0,64,8,NULL]
01-26 17:05:20.114 21486 21486 I notification_cancel: [10059,29870,com.android.vending,10436,NULL,0,0,64,8,NULL]
01-26 17:05:21.595 21486 22075 I am_proc_died: [0,29828,com.google.android.googlequicksearchbox:search]
01-26 17:05:25.444 21486 21506 I am_home_stack_moved: [0,0,1,1,startingNewTask]
01-26 17:05:25.444 21486 21506 I wm_task_moved: [2608,1,6]
01-26 17:05:25.450 21486 21506 I am_create_task: [0,2609]
01-26 17:05:25.450 21486 21506 I am_create_activity: [0,277934683,2609,com.htc.music/.browserlayer.MusicBrowserTabActivity,android.intent.action.MAIN,NULL,NULL,268435456]
01-26 17:05:25.456 21486 21506 I wm_task_created: [2609,1]
01-26 17:05:25.456 21486 21506 I wm_task_moved: [2609,1,7]
01-26 17:05:25.476 21486 21506 I am_pause_activity: [0,772944684,com.android.settings/.Settings]
01-26 17:05:25.478 26135 26135 I am_on_paused_called: [0,com.android.settings.Settings]
01-26 17:05:25.480 21486 21506 I am_home_stack_moved: [0,0,1,1,startedActivity setFocusedActivity]
01-26 17:05:25.483 21486 21506 I am_focused_activity: [0,com.htc.music/.browserlayer.MusicBrowserTabActivity]
01-26 17:05:25.517 21486 21507 I am_proc_start: [0,30266,10025,com.htc.music,activity,com.htc.music/.browserlayer.MusicBrowserTabActivity]
01-26 17:05:25.568 21486 22154 I am_proc_bound: [0,30266,com.htc.music]
01-26 17:05:25.572 21486 22154 I am_restart_activity: [0,277934683,2609,com.htc.music/.browserlayer.MusicBrowserTabActivity]
01-26 17:05:25.603 21486 22154 I am_focused_activity: [0,com.htc.music/.browserlayer.MusicBrowserTabActivity]
01-26 17:05:25.614 21486 22228 I am_proc_died: [0,29633,com.google.android.setupwizard]
01-26 17:05:25.828 21486 21506 I am_proc_start: [0,30302,10025,com.htc.music:mediaplaybackservice,service,com.htc.music/.MediaPlaybackService]
01-26 17:05:25.841 21486 22075 I am_proc_died: [0,29930,android.process.media]
01-26 17:05:25.856   341   341 I sf_frame_dur: [com.android.settings/com.android.settings.Settings,126,1,1,1,4,0,5]
01-26 17:05:25.870 21486 21507 I am_proc_bound: [0,30302,com.htc.music:mediaplaybackservice]
01-26 17:05:26.174 21486 23315 I am_proc_start: [0,30343,10056,com.htc.mirrorlinkserver,service,com.htc.mirrorlinkserver/.MirrorLinkServer]
01-26 17:05:26.209 21486 22154 I am_proc_start: [0,30365,10013,android.process.media,content provider,com.android.providers.media/.MediaProvider]
01-26 17:05:26.210 21486 22228 I am_proc_bound: [0,30343,com.htc.mirrorlinkserver]
01-26 17:05:26.258 21486 22228 I am_proc_bound: [0,30365,android.process.media]
01-26 17:05:26.344 21486 22796 I notification_cancel_all: [10013,30365,com.android.providers.downloads,0,0,64,9,NULL]
01-26 17:05:26.384 21486 22591 I force_gc: Binder
01-26 17:05:26.386 30266 30266 I am_on_resume_called: [0,com.htc.music.browserlayer.MusicBrowserTabActivity]
01-26 17:05:26.469 21486 21507 I am_proc_died: [0,29963,com.google.android.apps.plus]
01-26 17:05:26.659 21486  7839 I am_proc_died: [0,30002,com.google.android.partnersetup]
01-26 17:05:26.904 21486 21528 I am_activity_launch_time: [0,277934683,com.htc.music/.browserlayer.MusicBrowserTabActivity,1415,1415]
01-26 17:05:26.943 21486  7839 I am_proc_died: [0,30106,com.google.android.gms:car]
01-26 17:05:27.289 21486  7839 I am_proc_died: [0,29077,com.google.process.gapps]
01-26 17:05:28.019 21486 22202 I am_finish_activity: [0,277934683,2609,com.htc.music/.browserlayer.MusicBrowserTabActivity,app-request]
01-26 17:05:28.020 21486 22202 I am_home_stack_moved: [0,0,1,1,finishActivity adjustTopFocus setFocusedActivity]
01-26 17:05:28.023 21486 22202 I am_focused_activity: [0,com.android.settings/.Settings]
01-26 17:05:28.045 21486 22202 I am_pause_activity: [0,277934683,com.htc.music/.browserlayer.MusicBrowserTabActivity]
01-26 17:05:28.048 30266 30266 I binder_sample: [android.app.IActivityManager,11,30,com.htc.music,6]
01-26 17:05:28.101 21486 22129 I am_proc_start: [0,30465,10037,com.htc.htcdlnamiddlelayer,content provider,com.htc.htcdlnamiddlelayer/.provider.DLNAProvider]
01-26 17:05:28.118 21486 22074 I am_proc_bound: [0,30465,com.htc.htcdlnamiddlelayer]
01-26 17:05:28.218 30266 30266 I binder_sample: [android.app.IActivityManager,115,167,com.htc.music,33]
01-26 17:05:28.232 30266 30266 I am_on_paused_called: [0,com.htc.music.browserlayer.MusicBrowserTabActivity]
01-26 17:05:28.236 21486 21506 I am_resume_activity: [0,772944684,2608,com.android.settings/.Settings]
01-26 17:05:28.238 26135 26135 I am_on_resume_called: [0,com.android.settings.Settings]
01-26 17:05:28.250 21486 21506 I am_focused_activity: [0,com.android.settings/.Settings]
01-26 17:05:28.387 21486 23315 I am_proc_start: [0,30493,10041,com.htc.mobiledata,content provider,com.htc.mobiledata/.MobileDataProvider]
01-26 17:05:28.393 21486 22202 I am_proc_died: [0,29870,com.android.vending]
01-26 17:05:28.439 21486 21506 I am_proc_bound: [0,30493,com.htc.mobiledata]
01-26 17:05:28.538 21486 21518 I am_destroy_activity: [0,277934683,2609,com.htc.music/.browserlayer.MusicBrowserTabActivity,finish-imm]
01-26 17:05:28.551   341   341 I sf_frame_dur: [com.htc.music/com.htc.music.browserlayer.MusicBrowserTabActivity,2,1,2,1,0,0,0]
01-26 17:05:28.640 21486 21506 I wm_task_removed: [2609,removeAppToken: last token]
01-26 17:05:28.640 21486 21506 I wm_task_removed: [2609,removeTask]
01-26 17:05:28.721 21486 22203 I am_finish_activity: [0,772944684,2608,com.android.settings/.Settings,app-request]
01-26 17:05:28.723 21486 22203 I am_home_stack_moved: [0,0,1,1,finishActivity adjustTopFocus setFocusedActivity]
01-26 17:05:28.728 21486 22203 I am_focused_activity: [0,tunein.player/tunein.ui.actvities.TuneInSearchActivity]
01-26 17:05:28.751 21486 22203 I am_pause_activity: [0,772944684,com.android.settings/.Settings]
01-26 17:05:28.754 26135 26135 I am_on_paused_called: [0,com.android.settings.Settings]
01-26 17:05:28.759 21486 22129 I am_resume_activity: [0,838385445,2005,tunein.player/tunein.ui.actvities.TuneInSearchActivity]
01-26 17:05:28.763 21486 22129 I am_focused_activity: [0,tunein.player/tunein.ui.actvities.TuneInSearchActivity]
01-26 17:05:28.814  4396  4396 I am_on_resume_called: [0,tunein.ui.actvities.TuneInSearchActivity]
01-26 17:05:28.831  4396  4396 I content_query_sample: [content://tunein.player.settingsprovider/prefs_default/get_string/refreshToken,,,,1,tunein.player,1]
01-26 17:05:29.159 21486 21518 I am_destroy_activity: [0,772944684,2608,com.android.settings/.Settings,finish-imm]
01-26 17:05:29.174   341   341 I sf_frame_dur: [com.android.settings/com.android.settings.Settings,26,2,1,0,0,0,0]
01-26 17:05:29.184 21486 22796 I wm_task_removed: [2608,removeAppToken: last token]
01-26 17:05:29.184 21486 22796 I wm_task_removed: [2608,removeTask]
01-26 17:05:29.208 21486 21507 I am_proc_died: [0,30343,com.htc.mirrorlinkserver]
01-26 17:05:30.743 22179 22179 I binder_sample: [com.android.internal.telephony.ITelephonyRegistry,10,109,com.android.phone,21]
01-26 17:05:31.723 21486 22154 I am_home_stack_moved: [0,0,1,1,startingNewTask]
01-26 17:05:31.723 21486 22154 I wm_task_moved: [2005,1,5]
01-26 17:05:31.727 21486 22154 I am_create_task: [0,2610]
01-26 17:05:31.727 21486 22154 I am_create_activity: [0,83772594,2610,com.htc.music/.browserlayer.MusicBrowserTabActivity,android.intent.action.MAIN,NULL,NULL,268435456]
01-26 17:05:31.729 21486 22154 I wm_task_created: [2610,1]
01-26 17:05:31.729 21486 22154 I wm_task_moved: [2610,1,6]
01-26 17:05:31.752 21486 22154 I am_pause_activity: [0,838385445,tunein.player/tunein.ui.actvities.TuneInSearchActivity]
01-26 17:05:31.774 21486 22154 I am_home_stack_moved: [0,0,1,1,startedActivity setFocusedActivity]
01-26 17:05:31.778 21486 22154 I am_focused_activity: [0,com.htc.music/.browserlayer.MusicBrowserTabActivity]
01-26 17:05:31.782  4396  4396 I am_on_paused_called: [0,tunein.ui.actvities.TuneInSearchActivity]
01-26 17:05:31.788 21486 21516 I am_restart_activity: [0,83772594,2610,com.htc.music/.browserlayer.MusicBrowserTabActivity]
01-26 17:05:31.793 21486 21516 I am_focused_activity: [0,com.htc.music/.browserlayer.MusicBrowserTabActivity]
01-26 17:05:31.797  4396  4396 I binder_sample: [android.app.IActivityManager,19,14,tunein.player,2]
01-26 17:05:31.948 21486 22129 I am_proc_start: [0,30573,10056,com.htc.mirrorlinkserver,service,com.htc.mirrorlinkserver/.MirrorLinkServer]
01-26 17:05:32.019 30266 30266 I am_on_resume_called: [0,com.htc.music.browserlayer.MusicBrowserTabActivity]
01-26 17:05:32.039 21486 21516 I am_proc_bound: [0,30573,com.htc.mirrorlinkserver]
01-26 17:05:32.089   341   341 I sf_frame_dur: [tunein.player/tunein.ui.actvities.TuneInSearchActivity,14,0,0,0,2,0,0]
01-26 17:05:32.128 21486  7839 I am_proc_died: [0,30493,com.htc.mobiledata]
01-26 17:05:32.196 21486 21528 I am_activity_launch_time: [0,83772594,com.htc.music/.browserlayer.MusicBrowserTabActivity,413,413]
01-26 17:05:32.658 21486 22228 I am_proc_died: [0,30465,com.htc.htcdlnamiddlelayer]
01-26 17:05:34.381 21486 21486 I free_storage_changed: 5596700672
01-26 17:05:34.451 21486 22202 I am_proc_start: [0,30662,10025,com.htc.music:musicenhancer,service,com.htc.music/com.htc.musicenhancer.EnhancerService]
01-26 17:05:34.473 21486 22178 I am_proc_bound: [0,30662,com.htc.music:musicenhancer]
01-26 17:05:34.700 21486 21506 I battery_level: [82,4140,450]
01-26 17:05:34.722 21486 21486 I notification_cancel: [10015,21690,com.android.systemui,100,low_battery,-1,0,64,8,NULL]
01-26 17:05:34.723 21486 21486 I notification_cancel: [10015,21690,com.android.systemui,2130838302,power_saver,-1,0,64,8,NULL]
01-26 17:05:35.204 21486 21557 I am_proc_start: [0,30706,10059,com.android.vending,service,com.android.vending/com.google.android.finsky.services.ContentSyncService]
01-26 17:05:35.261 21486 22075 I am_proc_bound: [0,30706,com.android.vending]
01-26 17:05:35.335 21486 22178 I am_proc_start: [0,30728,10020,com.google.process.gapps,content provider,com.google.android.gsf/.gservices.GservicesProvider]
01-26 17:05:35.359 21486 22228 I am_proc_bound: [0,30728,com.google.process.gapps]
01-26 17:05:35.878 21486 22673 I force_gc: Binder
01-26 17:05:35.883 21486 22178 I binder_sample: [com.android.server.am.ActivityManagerService,29,588,execTransact,100]
01-26 17:05:35.883 30706 30706 I binder_sample: [android.app.IActivityManager,29,589,com.android.vending,100]
01-26 17:05:36.333 21486 21486 I notification_cancel: [10059,30706,com.android.vending,-1050172287,NULL,0,0,64,8,NULL]
01-26 17:05:37.048 21486 22154 I am_proc_died: [0,26135,com.android.settings]
01-26 17:05:41.470 21486 22154 I am_proc_start: [0,30882,10020,com.google.android.gms:car,service,com.google.android.gms/.car.CarService]
01-26 17:05:41.631 21486 21516 I am_proc_bound: [0,30882,com.google.android.gms:car]
01-26 17:05:41.766 21486 21486 I notification_cancel: [10020,30882,com.google.android.gms,10436,NOT_LMP,0,0,64,8,NULL]
01-26 17:05:41.766 21486 21486 I notification_cancel: [10020,30882,com.google.android.gms,39789,NOT_LMP,0,0,64,8,NULL]
01-26 17:05:41.860 21486 21486 I notification_enqueue: [10020,22078,com.google.android.gms,0,com.google.android.gms.auth.TokenNotificationManager:gftrss081@gmail.com:com.google,0,Notification(pri=0 contentView=null vibrate=null sound=null defaults=0x0 flags=0xa color=0x00000000 vis=PRIVATE),1]
01-26 17:05:41.861 21486 21486 I notification_skip_beep_vibrate: [0,0,0,0,0,1,0,1,0,0]
01-26 17:05:41.861 21486 21486 I notification_skip_light: [1,0,1,0,0]
01-26 17:05:42.154 21486 21486 I notification_cancel: [10020,30882,com.google.android.gms,10436,NULL,0,0,64,8,NULL]
01-26 17:05:42.228 21486 21486 I notification_cancel: [10059,30706,com.android.vending,10436,NULL,0,0,64,8,NULL]
01-26 17:05:42.708 21486 21516 I am_proc_died: [0,29510,com.htc.sense.hsp]
01-26 17:05:44.008 21486 21507 I am_finish_activity: [0,83772594,2610,com.htc.music/.browserlayer.MusicBrowserTabActivity,app-request]
01-26 17:05:44.011 21486 21507 I am_home_stack_moved: [0,0,1,1,finishActivity adjustTopFocus setFocusedActivity]
01-26 17:05:44.016 21486 21507 I am_focused_activity: [0,tunein.player/tunein.ui.actvities.TuneInSearchActivity]
01-26 17:05:44.049 21486 21507 I am_pause_activity: [0,83772594,com.htc.music/.browserlayer.MusicBrowserTabActivity]
01-26 17:05:44.110 21486  7839 I am_proc_start: [0,30972,10037,com.htc.htcdlnamiddlelayer,content provider,com.htc.htcdlnamiddlelayer/.provider.DLNAProvider]
01-26 17:05:44.152 21486 22251 I am_proc_bound: [0,30972,com.htc.htcdlnamiddlelayer]
01-26 17:05:44.187 30266 30266 I am_on_paused_called: [0,com.htc.music.browserlayer.MusicBrowserTabActivity]
01-26 17:05:44.190 21486 22178 I am_resume_activity: [0,838385445,2005,tunein.player/tunein.ui.actvities.TuneInSearchActivity]
01-26 17:05:44.193 21486 22178 I am_focused_activity: [0,tunein.player/tunein.ui.actvities.TuneInSearchActivity]
01-26 17:05:44.251  4396  4396 I am_on_resume_called: [0,tunein.ui.actvities.TuneInSearchActivity]
01-26 17:05:44.268 21486 21507 I am_proc_died: [0,28950,com.htc.android.mail:sync]
01-26 17:05:44.507 21486 21518 I am_destroy_activity: [0,83772594,2610,com.htc.music/.browserlayer.MusicBrowserTabActivity,finish-imm]
01-26 17:05:44.523   341   341 I sf_frame_dur: [com.htc.music/com.htc.music.browserlayer.MusicBrowserTabActivity,4,0,1,0,0,0,0]
01-26 17:05:44.568 21486 22251 I wm_task_removed: [2610,removeAppToken: last token]
01-26 17:05:44.568 21486 22251 I wm_task_removed: [2610,removeTask]
01-26 17:05:57.539 21486 22154 I am_proc_died: [0,30882,com.google.android.gms:car]
01-26 17:06:01.728 21486 21557 I am_proc_start: [0,31240,10055,com.htc.sense.mms,service,com.htc.sense.mms/.transaction.TransactionService]
01-26 17:06:01.755 21486  7839 I am_proc_bound: [0,31240,com.htc.sense.mms]
01-26 17:06:01.887 21486 22202 I am_proc_start: [0,31266,10055,com.htc.sense.mms:mms,service,com.htc.sense.mms/com.htc.messaging.service.MmsService]
01-26 17:06:01.916 21486 22129 I am_proc_bound: [0,31266,com.htc.sense.mms:mms]
01-26 17:06:01.921 22179 22779 I content_query_sample: Binder:31240, Query uri:content://mms-sms/pending?protocol=mms, selection:err_type < ? AND due_time <= ?, selectionArgs:[Ljava.lang.String;@1928187d
01-26 17:06:01.997 21486 22750 I force_gc: Binder
01-26 17:06:03.921 22179 22692 I content_query_sample: Binder:31240, Query uri:content://mms-sms-v2/rawQuery, selection:select _id,msg_id from addr where (type = 129 or type = 130 or type = 151), selectionArgs:null
01-26 17:06:03.929 22179 22201 I content_query_sample: Binder:31240, Query uri:content://mms/thread-allreport, selection:thread_id>0 AND m_id!= "" AND (m_type = 128 or m_type = 134 or m_type = 136), selectionArgs:null
01-26 17:06:03.938 22179 22779 I content_query_sample: Binder:31240, Query uri:content://mms-sms-v2/rawQuery, selection:SELECT count(1) FROM sms WHERE date2 = 0, selectionArgs:null
01-26 17:06:03.945 22179 32542 I content_query_sample: Binder:31240, Query uri:content://mms-sms-v2/rawQuery, selection:SELECT count(1) FROM pdu WHERE date2 = 0, selectionArgs:null
01-26 17:06:03.952 22179 22912 I content_query_sample: Binder:31240, Query uri:content://mms-sms-v2/rawQuery, selection:select count(1) from contact_threads where htc_category =1 or htc_category = 2, selectionArgs:null
01-26 17:06:03.959 22179 22742 I content_query_sample: Binder:31240, Query uri:content://mms/part, selection:null, selectionArgs:null
01-26 17:06:03.968 22179 32543 I content_query_sample: Binder:31240, Query uri:content://sms, selection:body Like 'BEGIN:VCARD%' AND thread_id > 0 , selectionArgs:null
01-26 17:06:03.975 22179 12770 I content_query_sample: Binder:31240, Query uri:content://mms-sms-v2/rawQuery, selection:select count(1) from blocklist, selectionArgs:null
01-26 17:06:04.028 22179 22200 I content_update_sample: Binder:31240, Update uri:content://mms, selection:st=129 AND m_type!=134, selectionArgs:null
01-26 17:06:04.050 22179 12771 I content_query_sample: Binder:31266, Query uri:content://mms-sms-v2/rawQuery, selection:SELECT count(1) FROM sms WHERE date2 = 0, selectionArgs:null
01-26 17:06:04.052 22179 12770 I content_query_sample: Binder:31240, Query uri:content://mms-sms/draft?category=0, selection:null, selectionArgs:null
01-26 17:06:04.059 22179 22201 I content_query_sample: Binder:31266, Query uri:content://mms-sms-v2/rawQuery, selection:select count(1) from contact_threads where htc_category =1 or htc_category = 2, selectionArgs:null
01-26 17:06:04.061 22179 22693 I content_query_sample: Binder:31240, Query uri:content://mms-sms-v2/conversations?simple=true&formal=true&category=0, selection:null, selectionArgs:null
01-26 17:06:04.067 22179 22912 I content_query_sample: Binder:31266, Query uri:content://mms-sms-v2/rawQuery, selection:select _id,msg_id from addr where (type = 129 or type = 130 or type = 151), selectionArgs:null
01-26 17:06:04.074 22179 22692 I content_query_sample: Binder:31266, Query uri:content://mms/part, selection:null, selectionArgs:null
01-26 17:06:04.080 22179 12770 I content_query_sample: Binder:31266, Query uri:content://mms-sms-v2/rawQuery, selection:SELECT count(1) FROM pdu WHERE date2 = 0, selectionArgs:null
01-26 17:06:04.085 22179 22779 I content_query_sample: Binder:31266, Query uri:content://mms-sms-v2/rawQuery, selection:select count(1) from blocklist, selectionArgs:null
01-26 17:06:04.091 22179 22912 I content_query_sample: Binder:31266, Query uri:content://mms-sms-v2/conversations?simple=true&formal=true&category=0, selection:null, selectionArgs:null
01-26 17:06:04.097 22179 22200 I content_update_sample: Binder:31266, Update uri:content://mms, selection:st=129 AND m_type!=134, selectionArgs:null
01-26 17:06:04.100 22179 12771 I content_query_sample: Binder:31266, Query uri:content://mms/thread-allreport, selection:thread_id>0 AND m_id!= "" AND (m_type = 128 or m_type = 134 or m_type = 136), selectionArgs:null
01-26 17:06:04.108 22179 12770 I content_query_sample: Binder:31266, Query uri:content://sms, selection:body Like 'BEGIN:VCARD%' AND thread_id > 0 , selectionArgs:null
01-26 17:06:04.168 22179 22913 I content_query_sample: Binder:31266, Query uri:content://mms-sms/draft?category=0, selection:null, selectionArgs:null
01-26 17:06:04.382 21486 21486 I free_storage_changed: 5576957952
01-26 17:06:13.079 21486 22796 I am_proc_died: [0,30573,com.htc.mirrorlinkserver]
01-26 17:06:13.352 21486 22228 I am_home_stack_moved: [0,0,1,1,startingNewTask]
01-26 17:06:13.352 21486 22228 I wm_task_moved: [2005,1,5]
01-26 17:06:13.356 21486 22228 I am_create_task: [0,2611]
01-26 17:06:13.356 21486 22228 I am_create_activity: [0,1004503033,2611,com.mediatek.connectivity/.CdsRadioMenuActivity,android.intent.action.MAIN,NULL,NULL,268435456]
01-26 17:06:13.357 21486 22228 I wm_task_created: [2611,1]
01-26 17:06:13.357 21486 22228 I wm_task_moved: [2611,1,6]
01-26 17:06:13.392 21486 22228 I am_pause_activity: [0,838385445,tunein.player/tunein.ui.actvities.TuneInSearchActivity]
01-26 17:06:13.419 21486 22228 I am_home_stack_moved: [0,0,1,1,startedActivity setFocusedActivity]
01-26 17:06:13.422 21486 22228 I am_focused_activity: [0,com.mediatek.connectivity/.CdsRadioMenuActivity]
01-26 17:06:13.427  4396  4396 I am_on_paused_called: [0,tunein.ui.actvities.TuneInSearchActivity]
01-26 17:06:13.432 21486 23315 I am_restart_activity: [0,1004503033,2611,com.mediatek.connectivity/.CdsRadioMenuActivity]
01-26 17:06:13.436 21486 23315 I am_focused_activity: [0,com.mediatek.connectivity/.CdsRadioMenuActivity]
01-26 17:06:13.513 22179 22179 I am_on_resume_called: [0,com.mediatek.connectivity.CdsRadioMenuActivity]
01-26 17:06:13.703 21486 21528 I am_activity_launch_time: [0,1004503033,com.mediatek.connectivity/.CdsRadioMenuActivity,274,274]
01-26 17:06:13.735   341   341 I sf_frame_dur: [tunein.player/tunein.ui.actvities.TuneInSearchActivity,14,0,1,0,0,1,0]
01-26 17:06:14.242 21486 22129 I am_finish_activity: [0,1004503033,2611,com.mediatek.connectivity/.CdsRadioMenuActivity,app-request]
01-26 17:06:14.244 21486 22129 I am_home_stack_moved: [0,0,1,1,finishActivity adjustTopFocus setFocusedActivity]
01-26 17:06:14.246 21486 22129 I am_focused_activity: [0,tunein.player/tunein.ui.actvities.TuneInSearchActivity]
01-26 17:06:14.265 21486 22129 I am_pause_activity: [0,1004503033,com.mediatek.connectivity/.CdsRadioMenuActivity]
01-26 17:06:14.268 22179 22179 I am_on_paused_called: [0,com.mediatek.connectivity.CdsRadioMenuActivity]
01-26 17:06:14.274 21486 22228 I am_resume_activity: [0,838385445,2005,tunein.player/tunein.ui.actvities.TuneInSearchActivity]
01-26 17:06:14.280 21486 22228 I am_focused_activity: [0,tunein.player/tunein.ui.actvities.TuneInSearchActivity]
01-26 17:06:14.284  4396  4396 I content_query_sample: [content://tunein.player.settingsprovider/prefs_default/get_long/lastFetchedRemoteAppConfig,,,,0,tunein.player,1]
01-26 17:06:14.296  4396  4396 I am_on_resume_called: [0,tunein.ui.actvities.TuneInSearchActivity]
01-26 17:06:14.629 21486 21518 I am_destroy_activity: [0,1004503033,2611,com.mediatek.connectivity/.CdsRadioMenuActivity,finish-imm]
01-26 17:06:14.642 21486 22251 I wm_task_removed: [2611,removeAppToken: last token]
01-26 17:06:14.642 21486 22251 I wm_task_removed: [2611,removeTask]
01-26 17:06:16.987 21486 22251 I am_home_stack_moved: [0,0,1,1,startingNewTask]
01-26 17:06:16.987 21486 22251 I wm_task_moved: [2005,1,5]
01-26 17:06:16.991 21486 22251 I am_create_task: [0,2612]
01-26 17:06:16.991 21486 22251 I am_create_activity: [0,921772587,2612,com.mediatek.connectivity/.CdsRadioMenuActivity,android.intent.action.MAIN,NULL,NULL,268435456]
01-26 17:06:16.992 21486 22251 I wm_task_created: [2612,1]
01-26 17:06:16.992 21486 22251 I wm_task_moved: [2612,1,6]
01-26 17:06:17.017 21486 22251 I am_pause_activity: [0,838385445,tunein.player/tunein.ui.actvities.TuneInSearchActivity]
01-26 17:06:17.044 21486 22251 I am_home_stack_moved: [0,0,1,1,startedActivity setFocusedActivity]
01-26 17:06:17.049 21486 22251 I am_focused_activity: [0,com.mediatek.connectivity/.CdsRadioMenuActivity]
01-26 17:06:17.054  4396  4396 I am_on_paused_called: [0,tunein.ui.actvities.TuneInSearchActivity]
01-26 17:06:17.057 21486 22129 I am_restart_activity: [0,921772587,2612,com.mediatek.connectivity/.CdsRadioMenuActivity]
01-26 17:06:17.063 21486 22129 I am_focused_activity: [0,com.mediatek.connectivity/.CdsRadioMenuActivity]
01-26 17:06:17.103 22179 22179 I am_on_resume_called: [0,com.mediatek.connectivity.CdsRadioMenuActivity]
01-26 17:06:17.256 21486 21528 I am_activity_launch_time: [0,921772587,com.mediatek.connectivity/.CdsRadioMenuActivity,200,200]
01-26 17:06:17.357   341   341 I sf_frame_dur: [tunein.player/tunein.ui.actvities.TuneInSearchActivity,15,0,0,0,1,1,0]
01-26 17:06:18.031 21486 22203 I am_home_stack_moved: [0,0,1,1,sourceStackToFront]
