01-26 06:19:28.527  1623 31880 I content_query_sample: Binder:31747, Query uri:content://mms-sms-v2/rawQuery, selection:select _id,msg_id from addr where (type = 129 or type = 130 or type = 151), selectionArgs:null
01-26 06:19:28.533  1623  1623 I content_update_sample: [content://gsmapn/siminfo,update,_id=1,48,com.android.phone,10]
01-26 06:19:28.539  1623  1644 I content_query_sample: Binder:31747, Query uri:content://mms-sms-v2/rawQuery, selection:select count(1) from blocklist, selectionArgs:null
01-26 06:19:28.547  1623  2217 I content_query_sample: Binder:31747, Query uri:content://mms/part, selection:null, selectionArgs:null
01-26 06:19:28.551  1623 10406 I content_update_sample: Binder:31747, Update uri:content://mms, selection:st=129 AND m_type!=134, selectionArgs:null
01-26 06:19:28.558  1623 31880 I content_query_sample: Binder:31747, Query uri:content://mms-sms-v2/conversations?simple=true&formal=true&category=0, selection:null, selectionArgs:null
01-26 06:19:28.579  1623  2216 I content_query_sample: Binder:31747, Query uri:content://mms-sms-v2/rawQuery, selection:SELECT count(1) FROM sms WHERE date2 = 0, selectionArgs:null
01-26 06:19:28.587  1623 21546 I content_query_sample: Binder:31747, Query uri:content://mms/thread-allreport, selection:thread_id>0 AND m_id!= "" AND (m_type = 128 or m_type = 134 or m_type = 136), selectionArgs:null
01-26 06:19:28.590  1992 31863 I gtalk_connection: 16974847
01-26 06:19:28.593  1623 31880 I content_query_sample: Binder:31747, Query uri:content://sms, selection:body Like 'BEGIN:VCARD%' AND thread_id > 0 , selectionArgs:null
01-26 06:19:28.603  1623  2216 I content_query_sample: Binder:31747, Query uri:content://mms-sms-v2/rawQuery, selection:SELECT count(1) FROM pdu WHERE date2 = 0, selectionArgs:null
01-26 06:19:28.614  1623 21544 I content_query_sample: Binder:31747, Query uri:content://mms-sms/draft?category=0, selection:null, selectionArgs:null
01-26 06:19:28.765   892   892 I notification_cancel: [1001,1623,com.android.phone,16,NULL,0,0,64,8,NULL]
01-26 06:19:28.767   892   892 I notification_cancel: [1001,1623,com.android.phone,21,NULL,0,0,64,8,NULL]
01-26 06:19:28.833  1623 31886 I content_update_sample: [content://telephony/siminfo,update,_id=1,19,com.android.phone,4]
01-26 06:19:28.834   892  1570 I am_proc_died: [0,31450,com.google.android.apps.magazines]
01-26 06:19:28.962   892   892 I notification_cancel: [10092,21902,com.facebook.katana,714499313,com.facebook.rti.mqtt.common.analytics.MqttDiagnosticNotification,0,0,64,8,NULL]
01-26 06:19:29.237 31269 31899 I content_query_sample: [content://gsmapn/carriers,operator,numeric = '46692',name ASC,34,com.htc.flexnet,7]
01-26 06:19:29.269  1623 31930 I content_update_sample: Binder:1623, Delete uri:content://sms/icc-db/0, selection:null, selectionArgs:null
01-26 06:19:29.273   892   892 I notification_cancel: [1000,892,android,65537,CaptivePortal.Notification,0,0,0,8,NULL]
01-26 06:19:29.274   892   892 I notification_cancel: [1001,1623,com.android.phone,19,NULL,0,0,64,8,NULL]
01-26 06:19:29.324   892  1045 I netstats_mobile_sample: [232442886,259659,24258615,207825,232449606,259703,24308996,208158,232449606,259703,24302276,208114,-1]
01-26 06:19:29.325   892  1045 I netstats_wifi_sample: [69898299,102361,7717523,78132,68400194,101228,6687736,73362,67779335,98941,6682680,73314,-1]
01-26 06:19:29.352   892  1045 I netstats_mobile_sample: [232442886,259659,24258615,207825,232449606,259703,24308996,208158,232449606,259703,24302276,208114,-1]
01-26 06:19:29.353   892  1045 I netstats_wifi_sample: [69898299,102361,7717523,78132,68400194,101228,6687736,73362,67779335,98941,6682680,73314,-1]
01-26 06:19:29.488   892  1738 I notification_cancel_all: [10013,31822,com.android.providers.downloads,0,0,64,9,NULL]
01-26 06:19:29.544   892   924 I content_query_sample: [content://telephony/carriers/preferapn,apn,,name ASC,54,,11]
01-26 06:19:29.549   892  1571 I am_proc_start: [0,31943,10053,com.htc.android.mail:sync,broadcast,com.htc.android.mail/.eassvc.EASEventReceiver]
01-26 06:19:29.566   892   924 I binder_sample: [android.content.IBulkCursor,7,6,system_server,1]
01-26 06:19:29.588   892   912 I am_proc_bound: [0,31943,com.htc.android.mail:sync]
01-26 06:19:29.677   892  1570 I am_proc_died: [0,31533,com.android.chrome]
01-26 06:19:29.760   892   892 I notification_cancel: [10092,21902,com.facebook.katana,714499313,com.facebook.rti.mqtt.common.analytics.MqttDiagnosticNotification,0,0,64,8,NULL]
01-26 06:19:29.761   892   892 I notification_cancel: [10092,21902,com.facebook.katana,714499313,com.facebook.rti.mqtt.common.analytics.MqttDiagnosticNotification,0,0,64,8,NULL]
01-26 06:19:29.805   892  2293 I am_proc_start: [0,31996,10064,com.google.android.setupwizard,broadcast,com.google.android.setupwizard/.carrier.MobileConnectivityChangeReceiver]
01-26 06:19:29.826   892   913 I am_proc_bound: [0,31996,com.google.android.setupwizard]
01-26 06:19:29.841  1992  3238 I force_gc: Binder
01-26 06:19:29.842   892  9715 I am_proc_died: [0,31585,com.google.android.apps.plus]
01-26 06:19:29.878   892   892 I notification_cancel: [10092,21902,com.facebook.katana,714499313,com.facebook.rti.mqtt.common.analytics.MqttDiagnosticNotification,0,0,64,8,NULL]
01-26 06:19:29.907   892   892 I notification_cancel: [10092,21902,com.facebook.katana,714499313,com.facebook.rti.mqtt.common.analytics.MqttDiagnosticNotification,0,0,64,8,NULL]
01-26 06:19:29.908   892   892 I notification_cancel: [10092,21902,com.facebook.katana,10011,NULL,0,0,64,8,NULL]
01-26 06:19:29.927 31943 31993 I content_query_sample: [content://mail/accounts,_id/_name/_inserver/_providerGroup/_emailaddress/_username/_password/_outusername/_outpassword/_protocol/_easDomain/_inport/_outserver/_outport/_useSSLin/_useSSLout/_useSignature/_signature/_sizelimit/_fetchMailType/_fetchMailNum/_fetchMailDays/_enableSDsave/_deleteFromServer/_poll_frequency_number/_askBeforeDelete/_refreshMailWhenOpenFolder/_provider/_downloadMessageWhenScroll/_threadedMail/_defaultfolderId/_draftfolderId/_trashfolderId/_sentfolderId/_outfolderId/_providerid/_emailnotifications/_lastupdatetime/_desc/_sound/_ringtone/_vibrate/_smtpauth/_sortby/_defaultaccount/_fontSize/_alwaysBccMyself/_replyWithText/_forward_with_attach/_previewLinesNumber/_del/_peakdays/_peaktimestart/_peaktimeend/_peakonfrequency/_peakofffrequency/_easSvrProtocol/_contactGroup/_colorIdx/_syncWithServer/_nextfetchtime/_accountType/_searchfolderId/_autoDownloadAttach/_autoDownloadOnWifi/_showSubjectInPrimaryView/_filterby,_del <> 1,_id,135,com.htc.android.mail,28]
01-26 06:19:30.089   892   912 I am_proc_start: [0,32026,10068,com.htc.updater,broadcast,com.htc.updater/.download.DownloadReceiver]
01-26 06:19:30.102   892   892 I notification_cancel: [10092,21902,com.facebook.katana,714499313,com.facebook.rti.mqtt.common.analytics.MqttDiagnosticNotification,0,0,64,8,NULL]
01-26 06:19:30.130   892   912 I am_proc_bound: [0,32026,com.htc.updater]
01-26 06:19:30.171   892  2293 I am_proc_died: [0,31646,com.htc.calendar]
01-26 06:19:30.193 32026 32026 I binder_sample: [android.content.pm.IPackageManager,26,45,com.htc.updater,9]
01-26 06:19:30.218 21107 32048 I aggregation: 1453760370218
01-26 06:19:30.291   892   913 I am_proc_start: [0,32058,10122,com.google.android.apps.magazines,broadcast,com.google.android.apps.magazines/com.google.apps.dots.android.newsstand.appwidget.NewsWidgetProvider]
01-26 06:19:30.330   892  1594 I am_proc_start: [0,32082,10020,com.google.process.gapps,content provider,com.google.android.gsf/.settings.GoogleSettingsProvider]
01-26 06:19:30.331   892  1571 I am_proc_bound: [0,32058,com.google.android.apps.magazines]
01-26 06:19:30.352   892   913 I am_proc_died: [0,31557,com.google.android.apps.photos]
01-26 06:19:30.368   892  1267 I am_proc_bound: [0,32082,com.google.process.gapps]
01-26 06:19:30.602   892  2364 I am_proc_died: [0,31723,com.htc.mobiledata:remote]
01-26 06:19:30.813   892  2364 I am_proc_start: [0,32132,10020,com.google.android.gms.unstable,service,com.google.android.gms/.droidguard.DroidGuardService]
01-26 06:19:30.860   892   923 I am_proc_bound: [0,32132,com.google.android.gms.unstable]
01-26 06:19:30.912   892  1571 I am_proc_died: [0,31781,com.htc.cs.pns]
01-26 06:19:31.038   892  1570 I am_proc_start: [0,32194,10081,com.android.chrome,broadcast,com.android.chrome/org.chromium.content.browser.BackgroundSyncLauncherService$Receiver]
01-26 06:19:31.042   892   892 I notification_cancel: [10020,32132,com.google.android.gms,10436,NOT_LMP,0,0,64,8,NULL]
01-26 06:19:31.042   892   892 I notification_cancel: [10020,32132,com.google.android.gms,39789,NOT_LMP,0,0,64,8,NULL]
01-26 06:19:31.098   892  1759 I am_proc_bound: [0,32194,com.android.chrome]
01-26 06:19:31.104   892  2640 I force_gc: Binder
01-26 06:19:31.142   892  1267 I am_proc_died: [0,31747,com.htc.sense.mms]
01-26 06:19:31.208   892   913 I am_proc_start: [0,32223,10129,com.google.android.apps.photos,broadcast,com.google.android.apps.photos/.actionqueue.SystemReceiver]
01-26 06:19:31.242   892  1594 I am_proc_bound: [0,32223,com.google.android.apps.photos]
01-26 06:19:31.292   892   912 I am_proc_died: [0,31269,com.htc.bgp]
01-26 06:19:31.671   892   912 I am_proc_died: [0,31822,android.process.media]
01-26 06:19:31.789   892   892 I notification_cancel: [10129,32223,com.google.android.apps.photos,10436,NULL,0,0,64,8,NULL]
01-26 06:19:31.811   892  9714 I am_proc_start: [0,32274,10131,com.google.android.apps.plus,broadcast,com.google.android.apps.plus/com.google.android.libraries.social.autobackup.AutoBackupEnvironment$ConnectivityReceiver]
01-26 06:19:31.854   892  1571 I am_proc_died: [0,31290,com.htc.mobiledata]
01-26 06:19:31.856   892  1738 I am_proc_bound: [0,32274,com.google.android.apps.plus]
01-26 06:19:31.986   892  2293 I am_proc_start: [0,32301,10013,android.process.media,content provider,com.android.providers.media/.MediaProvider]
01-26 06:19:32.050   892  1622 I am_proc_bound: [0,32301,android.process.media]
01-26 06:19:32.130   892  1595 I notification_cancel_all: [10013,32301,com.android.providers.downloads,0,0,64,9,NULL]
01-26 06:19:32.367   892   892 I notification_enqueue: [10020,1992,com.google.android.gms,0,com.google.android.gms.auth.TokenNotificationManager:gftrss081@gmail.com:com.google,0,Notification(pri=0 contentView=null vibrate=null sound=null defaults=0x0 flags=0xa color=0x00000000 vis=PRIVATE),1]
01-26 06:19:32.368   892   892 I notification_skip_beep_vibrate: [0,0,0,0,0,1,0,1,0,0]
01-26 06:19:32.368   892   892 I notification_skip_light: [1,0,1,0,0]
01-26 06:19:32.723  1992 32354 I c2dm    : [-2,NULL,1,1]
01-26 06:19:32.785   892   912 I am_proc_died: [0,32026,com.htc.updater]
01-26 06:19:32.806  1992 32357 I c2dm    : [3,NULL,1,1]
01-26 06:19:32.818  1992 32357 I gtalk_heartbeat_reset: [1680,64.233.188.188:5228]
01-26 06:19:32.823  1992 32357 I gtalk_connection: 0
01-26 06:19:32.848  1992 32357 I c2dm    : [7,,1,1]
01-26 06:19:32.988  1653 32352 I content_query_sample: [content://icc/phonebook/subId/1,name/number/hidden/recordNumber/number1/number2/emails,,,585,com.android.providers.contacts,100]
01-26 06:19:33.555   892  2293 I am_proc_died: [0,32058,com.google.android.apps.magazines]
01-26 06:19:36.403   892   892 I notification_cancel: [10015,1153,com.android.systemui,100,low_battery,-1,0,64,8,NULL]
01-26 06:19:36.404   892   892 I notification_cancel: [10015,1153,com.android.systemui,2130838302,power_saver,-1,0,64,8,NULL]
01-26 06:19:37.793   892  1267 I am_proc_start: [0,32576,10041,com.htc.mobiledata,content provider,com.htc.mobiledata/.MobileDataProvider]
01-26 06:19:37.861   892   923 I am_proc_bound: [0,32576,com.htc.mobiledata]
01-26 06:19:37.947   892  1622 I am_proc_start: [0,32608,10008,com.htc.bgp,broadcast,com.htc.flexnet/.AndroidIntentReceiver]
01-26 06:19:37.952 32576 32576 I binder_sample: [android.app.IActivityManager,30,22,com.htc.mobiledata,4]
01-26 06:19:38.006   892  1295 I am_proc_start: [0,32632,10041,com.htc.mobiledata:remote,service,com.htc.mobiledata/.MobileDataService]
01-26 06:19:38.008   892  1267 I am_proc_died: [0,32194,com.android.chrome]
01-26 06:19:38.013   892  1622 I am_proc_bound: [0,32608,com.htc.bgp]
01-26 06:19:38.028   892  2364 I am_proc_bound: [0,32632,com.htc.mobiledata:remote]
01-26 06:19:38.051  1623  1623 I binder_sample: [com.android.internal.telephony.ITelephonyRegistry,17,10,com.android.phone,2]
01-26 06:19:38.712   892   923 I am_proc_died: [0,32274,com.google.android.apps.plus]
01-26 06:19:39.213   892   926 I am_proc_start: [0,32713,10007,com.htc.calendar,broadcast,com.htc.calendar/.ProviderChangeReceiver]
01-26 06:19:39.215 32608 32608 I binder_sample: [android.app.IActivityManager,35,33,com.htc.bgp,6]
01-26 06:19:39.230   892  1295 I am_proc_bound: [0,32713,com.htc.calendar]
01-26 06:19:39.293   892   892 I notification_cancel: [10007,32713,com.htc.calendar,1,NULL,0,0,64,8,NULL]
01-26 06:19:40.292   892   926 I am_proc_start: [0,522,10069,com.google.android.googlequicksearchbox:search,broadcast,com.google.android.googlequicksearchbox/com.google.android.apps.gsa.search.core.GmsPackageWatcher]
01-26 06:19:40.309   892  1570 I am_proc_bound: [0,522,com.google.android.googlequicksearchbox:search]
01-26 06:19:40.640   892   892 I backup_transport_lifecycle: [com.google.android.gms/.backup.BackupTransportService,1]
01-26 06:19:40.652   892   892 I notification_cancel: [10020,1992,com.google.android.gms,1,com.google.android.backup.notification.tag,0,0,64,8,NULL]
01-26 06:19:40.740   892  1267 I am_proc_start: [0,556,10059,com.android.vending,broadcast,com.android.vending/com.google.android.finsky.receivers.PackageMonitorReceiver$RegisteredReceiver]
01-26 06:19:40.771   892   892 I notification_cancel: [10103,13376,com.google.android.talk,8,com.google.android.talk:gmscore,0,0,64,8,NULL]
01-26 06:19:40.813   892  2364 I am_proc_bound: [0,556,com.android.vending]
01-26 06:19:40.852   892   912 I am_proc_died: [0,32301,android.process.media]
01-26 06:19:41.258   892   892 I notification_cancel: [10059,556,com.android.vending,-1050172287,NULL,0,0,64,8,NULL]
01-26 06:19:41.314   892  1595 I am_proc_start: [0,619,10013,android.process.media,content provider,com.android.providers.downloads/.DownloadProvider]
01-26 06:19:41.338   892   923 I am_proc_bound: [0,619,android.process.media]
01-26 06:19:41.394   892  1295 I am_proc_died: [0,32223,com.google.android.apps.photos]
01-26 06:19:41.485   892  1594 I am_proc_start: [0,656,10131,com.google.android.apps.plus,broadcast,com.google.android.apps.plus/.service.PackagesMediaMonitor]
01-26 06:19:41.509   892  9714 I am_proc_bound: [0,656,com.google.android.apps.plus]
01-26 06:19:41.557   892   913 I notification_cancel_all: [10013,619,com.android.providers.downloads,0,0,64,9,NULL]
01-26 06:19:41.691   892  2293 I am_proc_died: [0,32132,com.google.android.gms.unstable]
01-26 06:19:41.733   892   912 I am_proc_start: [0,698,10023,com.google.android.partnersetup,content provider,com.google.android.partnersetup/.RlzAppProvider]
01-26 06:19:41.756   892  9714 I am_proc_bound: [0,698,com.google.android.partnersetup]
01-26 06:19:46.450   892  2293 I am_proc_start: [0,805,10020,com.google.android.gms:car,service,com.google.android.gms/.car.CarService]
01-26 06:19:46.455   892  2819 I force_gc: Binder
01-26 06:19:46.481   892   912 I am_proc_bound: [0,805,com.google.android.gms:car]
01-26 06:19:46.612   892  1738 I am_proc_died: [0,31996,com.google.android.setupwizard]
01-26 06:19:46.691   892   892 I notification_cancel: [10020,805,com.google.android.gms,10436,NOT_LMP,0,0,64,8,NULL]
01-26 06:19:46.694   892   892 I notification_cancel: [10020,805,com.google.android.gms,39789,NOT_LMP,0,0,64,8,NULL]
01-26 06:19:46.724   892  2364 I am_proc_died: [0,32632,com.htc.mobiledata:remote]
01-26 06:19:46.805   892   892 I notification_enqueue: [10020,1992,com.google.android.gms,0,com.google.android.gms.auth.TokenNotificationManager:gftrss081@gmail.com:com.google,0,Notification(pri=0 contentView=null vibrate=null sound=null defaults=0x0 flags=0xa color=0x00000000 vis=PRIVATE),1]
01-26 06:19:46.807   892   892 I notification_skip_beep_vibrate: [0,0,0,0,0,1,0,1,0,0]
01-26 06:19:46.807   892   892 I notification_skip_light: [1,0,1,0,0]
01-26 06:19:47.053   892   892 I notification_cancel: [10020,805,com.google.android.gms,10436,NULL,0,0,64,8,NULL]
01-26 06:19:47.111   892   892 I notification_cancel: [10059,556,com.android.vending,10436,NULL,0,0,64,8,NULL]
01-26 06:19:49.248   892   892 I free_storage_changed: 6408560640
01-26 06:19:54.552   892  1738 I am_proc_died: [0,32576,com.htc.mobiledata]
01-26 06:19:55.080   892  1267 I am_home_stack_moved: [0,0,1,1,intentActivityFound]
01-26 06:19:55.080   892  1267 I wm_task_moved: [1819,1,10]
01-26 06:19:55.084   892  1267 I am_home_stack_moved: [0,0,1,1,bringingFoundTaskToFront]
01-26 06:19:55.084   892  1267 I wm_task_moved: [775,1,10]
01-26 06:19:55.111   892  1267 I am_pause_activity: [0,901874546,com.mediatek.connectivity/.CdsRadioInfoActivity]
01-26 06:19:55.113  1623  1623 I am_on_paused_called: [0,com.mediatek.connectivity.CdsRadioInfoActivity]
01-26 06:19:55.113   892  1267 I am_task_to_front: [0,775]
01-26 06:19:55.159   892  2293 I am_restart_activity: [0,128451104,775,com.facebook.katana/com.facebook.composer.activity.ComposerActivity]
01-26 06:19:55.177   892  2293 I am_home_stack_moved: [0,0,1,1,completeResume setFocusedActivity]
01-26 06:19:55.178   892  2293 I am_focused_activity: [0,com.facebook.katana/com.facebook.composer.activity.ComposerActivity]
01-26 06:19:55.472   341   341 I sf_frame_dur: [com.mediatek.connectivity/com.mediatek.connectivity.CdsRadioInfoActivity,78,13,13,17,91,28,4]
01-26 06:19:56.386   892   892 I notification_cancel: [10015,1153,com.android.systemui,100,low_battery,-1,0,64,8,NULL]
01-26 06:19:56.387   892   892 I notification_cancel: [10015,1153,com.android.systemui,2130838302,power_saver,-1,0,64,8,NULL]
01-26 06:19:56.429 21902 21902 I am_on_resume_called: [0,com.facebook.composer.activity.ComposerActivity]
01-26 06:19:56.469   892   892 I notification_cancel: [10092,21902,com.facebook.katana,714499313,com.facebook.rti.mqtt.common.analytics.MqttDiagnosticNotification,0,0,64,8,NULL]
01-26 06:19:56.499   892   892 I notification_cancel: [10092,21902,com.facebook.katana,714499313,com.facebook.rti.mqtt.common.analytics.MqttDiagnosticNotification,0,0,64,8,NULL]
01-26 06:19:56.656   892   892 I notification_cancel: [10092,21902,com.facebook.katana,714499313,com.facebook.rti.mqtt.common.analytics.MqttDiagnosticNotification,0,0,64,8,NULL]
01-26 06:19:56.716   892   892 I notification_cancel: [10092,21902,com.facebook.katana,714499313,com.facebook.rti.mqtt.common.analytics.MqttDiagnosticNotification,0,0,64,8,NULL]
01-26 06:19:56.949   892   932 I am_activity_launch_time: [0,128451104,com.facebook.katana/com.facebook.composer.activity.ComposerActivity,1833,1833]
01-26 06:19:57.502   892   913 I am_proc_died: [0,522,com.google.android.googlequicksearchbox:search]
01-26 06:19:57.650 21902 22358 I content_query_sample: [content://com.facebook.katana.contacts/contacts_with_fbids,fbid/first_name/last_name/display_name/small_picture_url/big_picture_url/huge_picture_url/small_picture_size/big_picture_size/huge_picture_size/communication_rank/is_mobile_pushable/is_messenger_user/messenger_install_time_ms/added_time_ms/is_on_viewer_contact_list/type/link_type/phonebook_section_key/bday_month/bday_day/last_fetch_time_ms/is_partial,(type IN (?) AND fbid IN () AND sort_name_key NOT NULL),sort_name_key,2,com.facebook.katana,1]
01-26 06:19:57.912   892  1571 I am_proc_died: [0,32608,com.htc.bgp]
01-26 06:19:59.142   892  1738 I am_proc_died: [0,32713,com.htc.calendar]
01-26 06:20:01.627 21902  1262 I content_update_sample: [content://com.facebook.katana.properties/properties/com.facebook.contacts.database.DbPropertiesForContacts/contacts_db_properties,insert,,1362,com.facebook.katana,100]
01-26 06:20:01.643 31616 31644 I content_update_sample: [content://com.htc.provider.weather/location,delete,app='com.htc.htclocationservice',1762,com.htc.sense.hsp,100]
01-26 06:20:01.677 21902 22358 I content_query_sample: [content://com.facebook.katana.contacts/contacts_with_fbids,fbid/first_name/last_name/display_name/small_picture_url/big_picture_url/huge_picture_url/small_picture_size/big_picture_size/huge_picture_size/communication_rank/is_mobile_pushable/is_messenger_user/messenger_install_time_ms/added_time_ms/is_on_viewer_contact_list/type/link_type/phonebook_section_key/bday_month/bday_day/last_fetch_time_ms/is_partial,(type IN (?)),,1413,com.facebook.katana,100]
01-26 06:20:01.679 31616 31644 I content_update_sample: [content://com.htc.provider.weather/location,bulkinsert,,35,com.htc.sense.hsp,8]
01-26 06:20:01.684   892   892 I notification_cancel: [10044,31616,com.htc.sense.hsp,2131361907,NULL,0,0,64,8,NULL]
01-26 06:20:02.712   892  1295 I am_proc_died: [0,619,android.process.media]
01-26 06:20:07.716  1623  1623 I binder_sample: [com.android.internal.telephony.ITelephonyRegistry,10,83,com.android.phone,16]
01-26 06:20:10.279  1623  1623 I binder_sample: [com.android.internal.telephony.ITelephonyRegistry,10,86,com.android.phone,17]
01-26 06:20:19.248   892   892 I free_storage_changed: 6390235136
01-26 06:20:26.389   892   892 I notification_cancel: [10015,1153,com.android.systemui,100,low_battery,-1,0,64,8,NULL]
01-26 06:20:26.393   892   892 I notification_cancel: [10015,1153,com.android.systemui,2130838302,power_saver,-1,0,64,8,NULL]
01-26 06:20:30.722   892  1295 I am_proc_died: [0,31943,com.htc.android.mail:sync]
01-26 06:20:46.392   892   892 I notification_cancel: [10015,1153,com.android.systemui,100,low_battery,-1,0,64,8,NULL]
01-26 06:20:46.393   892   892 I notification_cancel: [10015,1153,com.android.systemui,2130838302,power_saver,-1,0,64,8,NULL]
01-26 06:20:49.249   892   892 I free_storage_changed: 6384947200
01-26 06:20:56.409   892   892 I notification_cancel: [10015,1153,com.android.systemui,100,low_battery,-1,0,64,8,NULL]
01-26 06:20:56.425   892   892 I notification_cancel: [10015,1153,com.android.systemui,2130838302,power_saver,-1,0,64,8,NULL]
01-26 06:20:56.476   892   892 I notification_cancel: [10092,21902,com.facebook.katana,714499313,com.facebook.rti.mqtt.common.analytics.MqttDiagnosticNotification,0,0,64,8,NULL]
01-26 06:20:56.669   892   892 I notification_cancel: [10092,21902,com.facebook.katana,714499313,com.facebook.rti.mqtt.common.analytics.MqttDiagnosticNotification,0,0,64,8,NULL]
01-26 06:21:03.881  1623  1623 I binder_sample: [com.android.internal.telephony.ITelephonyRegistry,10,59,com.android.phone,11]
01-26 06:21:06.415   892   892 I notification_cancel: [10015,1153,com.android.systemui,100,low_battery,-1,0,64,8,NULL]
01-26 06:21:06.415   892   892 I notification_cancel: [10015,1153,com.android.systemui,2130838302,power_saver,-1,0,64,8,NULL]
01-26 06:21:16.402   892   892 I notification_cancel: [10015,1153,com.android.systemui,100,low_battery,-1,0,64,8,NULL]
01-26 06:21:16.403   892   892 I notification_cancel: [10015,1153,com.android.systemui,2130838302,power_saver,-1,0,64,8,NULL]
01-26 06:21:19.250   892   892 I free_storage_changed: 6372200448
01-26 06:21:26.392   892   892 I notification_cancel: [10015,1153,com.android.systemui,100,low_battery,-1,0,64,8,NULL]
01-26 06:21:26.395   892   892 I notification_cancel: [10015,1153,com.android.systemui,2130838302,power_saver,-1,0,64,8,NULL]
01-26 06:21:28.627   892  1021 I am_proc_start: [0,2984,10055,com.htc.sense.mms,service,com.htc.sense.mms/.transaction.TransactionService]
01-26 06:21:28.658   892   913 I am_proc_bound: [0,2984,com.htc.sense.mms]
01-26 06:21:28.840   892  9714 I am_proc_start: [0,3011,10055,com.htc.sense.mms:mms,service,com.htc.sense.mms/com.htc.messaging.service.MmsService]
01-26 06:21:28.863   892  1295 I am_proc_bound: [0,3011,com.htc.sense.mms:mms]
01-26 06:21:28.882  1623  2220 I content_query_sample: Binder:2984, Query uri:content://mms-sms/pending?protocol=mms, selection:err_type < ? AND due_time <= ?, selectionArgs:[Ljava.lang.String;@14d2906c
01-26 06:21:29.306   892  1759 I am_proc_died: [0,656,com.google.android.apps.plus]
01-26 06:21:30.861  1623  1643 I content_query_sample: Binder:2984, Query uri:content://mms-sms-v2/rawQuery, selection:SELECT count(1) FROM sms WHERE date2 = 0, selectionArgs:null
01-26 06:21:30.906  1623 31880 I content_query_sample: Binder:2984, Query uri:content://mms-sms-v2/rawQuery, selection:select _id,msg_id from addr where (type = 129 or type = 130 or type = 151), selectionArgs:null
01-26 06:21:30.932  1623 23011 I content_query_sample: Binder:2984, Query uri:content://mms/part, selection:null, selectionArgs:null
01-26 06:21:30.937  1623  1644 I content_query_sample: Binder:2984, Query uri:content://mms-sms-v2/rawQuery, selection:select count(1) from contact_threads where htc_category =1 or htc_category = 2, selectionArgs:null
01-26 06:21:30.944  1623 21544 I content_update_sample: Binder:2984, Update uri:content://mms, selection:st=129 AND m_type!=134, selectionArgs:null
01-26 06:21:30.944  1623  2216 I content_query_sample: Binder:2984, Query uri:content://mms-sms-v2/conversations?simple=true&formal=true&category=0, selection:null, selectionArgs:null
01-26 06:21:30.950  1623 31880 I content_query_sample: Binder:2984, Query uri:content://mms-sms-v2/rawQuery, selection:SELECT count(1) FROM pdu WHERE date2 = 0, selectionArgs:null
01-26 06:21:30.954  1623  2220 I content_query_sample: Binder:2984, Query uri:content://mms/thread-allreport, selection:thread_id>0 AND m_id!= "" AND (m_type = 128 or m_type = 134 or m_type = 136), selectionArgs:null
01-26 06:21:30.961  1623  1643 I content_query_sample: Binder:2984, Query uri:content://sms, selection:body Like 'BEGIN:VCARD%' AND thread_id > 0 , selectionArgs:null
01-26 06:21:30.968  1623  1644 I content_query_sample: Binder:2984, Query uri:content://mms-sms-v2/rawQuery, selection:select count(1) from blocklist, selectionArgs:null
01-26 06:21:30.987  1623 13398 I content_query_sample: Binder:2984, Query uri:content://mms-sms/draft?category=0, selection:null, selectionArgs:null
01-26 06:21:30.993  1623 13398 I content_query_sample: Binder:3011, Query uri:content://mms-sms-v2/rawQuery, selection:select _id,msg_id from addr where (type = 129 or type = 130 or type = 151), selectionArgs:null
01-26 06:21:30.997  1623  2217 I content_query_sample: Binder:3011, Query uri:content://mms-sms-v2/rawQuery, selection:select count(1) from contact_threads where htc_category =1 or htc_category = 2, selectionArgs:null
01-26 06:21:31.004  1623  4071 I content_query_sample: Binder:3011, Query uri:content://mms-sms-v2/rawQuery, selection:SELECT count(1) FROM sms WHERE date2 = 0, selectionArgs:null
01-26 06:21:31.011  1623  2220 I content_query_sample: Binder:3011, Query uri:content://mms/part, selection:null, selectionArgs:null
01-26 06:21:31.017  1623 21546 I content_query_sample: Binder:3011, Query uri:content://mms/thread-allreport, selection:thread_id>0 AND m_id!= "" AND (m_type = 128 or m_type = 134 or m_type = 136), selectionArgs:null
01-26 06:21:31.021  1623  2217 I content_query_sample: Binder:3011, Query uri:content://mms-sms-v2/conversations?simple=true&formal=true&category=0, selection:null, selectionArgs:null
01-26 06:21:31.028  1623  2216 I content_query_sample: Binder:3011, Query uri:content://mms-sms-v2/rawQuery, selection:SELECT count(1) FROM pdu WHERE date2 = 0, selectionArgs:null
01-26 06:21:31.036  1623 31880 I content_query_sample: Binder:3011, Query uri:content://sms, selection:body Like 'BEGIN:VCARD%' AND thread_id > 0 , selectionArgs:null
01-26 06:21:31.043  1623  4071 I content_query_sample: Binder:3011, Query uri:content://mms-sms-v2/rawQuery, selection:select count(1) from blocklist, selectionArgs:null
01-26 06:21:31.046  1623  2220 I content_update_sample: Binder:3011, Update uri:content://mms, selection:st=129 AND m_type!=134, selectionArgs:null
01-26 06:21:31.068  1623 21544 I content_query_sample: Binder:3011, Query uri:content://mms-sms/draft?category=0, selection:null, selectionArgs:null
01-26 06:21:31.162   892  1570 I am_proc_died: [0,698,com.google.android.partnersetup]
01-26 06:21:36.389   892   892 I notification_cancel: [10015,1153,com.android.systemui,100,low_battery,-1,0,64,8,NULL]
01-26 06:21:36.392   892   892 I notification_cancel: [10015,1153,com.android.systemui,2130838302,power_saver,-1,0,64,8,NULL]
01-26 06:21:39.618   892  2293 I am_home_stack_moved: [0,0,1,1,intentActivityFound]
01-26 06:21:39.618   892  2293 I wm_task_moved: [775,1,10]
01-26 06:21:39.622   892  2293 I am_home_stack_moved: [0,0,1,1,bringingFoundTaskToFront]
01-26 06:21:39.622   892  2293 I wm_task_moved: [1819,1,10]
01-26 06:21:39.642   892  2293 I am_pause_activity: [0,128451104,com.facebook.katana/com.facebook.composer.activity.ComposerActivity]
01-26 06:21:39.644   892  2293 I am_task_to_front: [0,1819]
01-26 06:21:39.657 21902 21902 I am_on_paused_called: [0,com.facebook.composer.activity.ComposerActivity]
01-26 06:21:39.689   892  2364 I am_resume_activity: [0,901874546,1819,com.mediatek.connectivity/.CdsRadioInfoActivity]
01-26 06:21:39.692   892  2364 I am_home_stack_moved: [0,0,1,1,completeResume setFocusedActivity]
01-26 06:21:39.695   892  2364 I am_focused_activity: [0,com.mediatek.connectivity/.CdsRadioInfoActivity]
01-26 06:21:39.705 21902 21902 I binder_sample: [android.app.IActivityManager,19,47,com.facebook.katana,9]
01-26 06:21:39.727  1623  1623 I am_on_resume_called: [0,com.mediatek.connectivity.CdsRadioInfoActivity]
01-26 06:21:39.793  1623 14183 I force_gc: Binder
01-26 06:21:40.061   341   341 I sf_frame_dur: [com.facebook.katana/com.facebook.composer.activity.ComposerActivity,15,0,3,2,1,0,1]
01-26 06:21:41.309   892  1267 I am_finish_activity: [0,901874546,1819,com.mediatek.connectivity/.CdsRadioInfoActivity,app-request]
01-26 06:21:41.310   892  1267 I am_home_stack_moved: [0,0,1,1,finishActivity adjustTopFocus setFocusedActivity]
01-26 06:21:41.311   892  1267 I am_focused_activity: [0,com.mediatek.connectivity/.CdsRadioMenuActivity]
01-26 06:21:41.318   892  1267 I am_pause_activity: [0,901874546,com.mediatek.connectivity/.CdsRadioInfoActivity]
01-26 06:21:41.321  1623  1623 I am_on_paused_called: [0,com.mediatek.connectivity.CdsRadioInfoActivity]
01-26 06:21:41.323   892   913 I am_resume_activity: [0,973074696,1819,com.mediatek.connectivity/.CdsRadioMenuActivity]
01-26 06:21:41.327   892   913 I am_focused_activity: [0,com.mediatek.connectivity/.CdsRadioMenuActivity]
01-26 06:21:41.329  1623  1623 I am_on_resume_called: [0,com.mediatek.connectivity.CdsRadioMenuActivity]
01-26 06:21:41.662   892   926 I am_destroy_activity: [0,901874546,1819,com.mediatek.connectivity/.CdsRadioInfoActivity,finish-imm]
01-26 06:21:41.678   341   341 I sf_frame_dur: [com.mediatek.connectivity/com.mediatek.connectivity.CdsRadioInfoActivity,17,0,3,1,2,0,0]
01-26 06:21:41.980   892  2293 I am_finish_activity: [0,973074696,1819,com.mediatek.connectivity/.CdsRadioMenuActivity,app-request]
01-26 06:21:41.983   892  2293 I am_home_stack_moved: [0,0,1,1,finishActivity adjustTopFocus setFocusedActivity]
01-26 06:21:41.989   892  2293 I am_focused_activity: [0,com.facebook.katana/com.facebook.composer.activity.ComposerActivity]
01-26 06:21:42.036   892  2293 I am_pause_activity: [0,973074696,com.mediatek.connectivity/.CdsRadioMenuActivity]
01-26 06:21:42.040  1623  1623 I am_on_paused_called: [0,com.mediatek.connectivity.CdsRadioMenuActivity]
01-26 06:21:42.089   892   912 I am_resume_activity: [0,128451104,775,com.facebook.katana/com.facebook.composer.activity.ComposerActivity]
01-26 06:21:42.096   892   912 I am_focused_activity: [0,com.facebook.katana/com.facebook.composer.activity.ComposerActivity]
01-26 06:21:42.122  1623  1623 I binder_sample: [android.app.IActivityManager,19,81,com.android.phone,16]
01-26 06:21:42.141 21902 21902 I am_on_resume_called: [0,com.facebook.composer.activity.ComposerActivity]
01-26 06:21:42.454   892   926 I am_destroy_activity: [0,973074696,1819,com.mediatek.connectivity/.CdsRadioMenuActivity,finish-imm]
01-26 06:21:42.472   892  1738 I wm_task_removed: [1819,removeAppToken: last token]
01-26 06:21:42.472   892  1738 I wm_task_removed: [1819,removeTask]
01-26 06:21:43.357   892   923 I am_home_stack_moved: [0,0,1,1,startingNewTask]
01-26 06:21:43.357   892   923 I wm_task_moved: [775,1,9]
01-26 06:21:43.360   892   923 I am_create_task: [0,1820]
01-26 06:21:43.360   892   923 I am_create_activity: [0,429592497,1820,com.mediatek.connectivity/.CdsRadioMenuActivity,android.intent.action.MAIN,NULL,NULL,268435456]
01-26 06:21:43.361   892   923 I wm_task_created: [1820,1]
01-26 06:21:43.361   892   923 I wm_task_moved: [1820,1,10]
01-26 06:21:43.393   892   923 I am_pause_activity: [0,128451104,com.facebook.katana/com.facebook.composer.activity.ComposerActivity]
01-26 06:21:43.422   892   923 I am_home_stack_moved: [0,0,1,1,startedActivity setFocusedActivity]
01-26 06:21:43.425   892   923 I am_focused_activity: [0,com.mediatek.connectivity/.CdsRadioMenuActivity]
01-26 06:21:43.425 21902 21902 I am_on_paused_called: [0,com.facebook.composer.activity.ComposerActivity]
01-26 06:21:43.454   892  2293 I am_restart_activity: [0,429592497,1820,com.mediatek.connectivity/.CdsRadioMenuActivity]
01-26 06:21:43.458   892  2293 I am_focused_activity: [0,com.mediatek.connectivity/.CdsRadioMenuActivity]
01-26 06:21:43.649  1623  1623 I am_on_resume_called: [0,com.mediatek.connectivity.CdsRadioMenuActivity]
01-26 06:21:43.733   341   341 I sf_frame_dur: [com.facebook.katana/com.facebook.composer.activity.ComposerActivity,0,0,0,1,1,0,0]
01-26 06:21:43.836   892   932 I am_activity_launch_time: [0,429592497,com.mediatek.connectivity/.CdsRadioMenuActivity,410,410]
01-26 06:21:44.821   892  9715 I am_home_stack_moved: [0,0,1,1,sourceStackToFront]
01-26 06:21:44.821   892  9715 I wm_task_moved: [1820,1,10]
01-26 06:21:44.824   892  9715 I am_create_activity: [0,162449545,1820,com.mediatek.connectivity/.CdsRadioInfoActivity,NULL,NULL,NULL,0]
01-26 06:21:44.825   892  9715 I am_pause_activity: [0,429592497,com.mediatek.connectivity/.CdsRadioMenuActivity]
01-26 06:21:44.828   892  9715 I am_home_stack_moved: [0,0,1,1,startedActivity setFocusedActivity]
01-26 06:21:44.831   892  9715 I am_focused_activity: [0,com.mediatek.connectivity/.CdsRadioInfoActivity]
01-26 06:21:44.835  1623  1623 I am_on_paused_called: [0,com.mediatek.connectivity.CdsRadioMenuActivity]
01-26 06:21:44.840   892  1738 I am_restart_activity: [0,162449545,1820,com.mediatek.connectivity/.CdsRadioInfoActivity]
01-26 06:21:44.866   892  1738 I am_focused_activity: [0,com.mediatek.connectivity/.CdsRadioInfoActivity]
01-26 06:21:44.867  1623  1623 I binder_sample: [android.app.IActivityManager,19,31,com.android.phone,6]
01-26 06:21:45.174  1623  1623 I am_on_resume_called: [0,com.mediatek.connectivity.CdsRadioInfoActivity]
01-26 06:21:45.309   892   932 I am_activity_launch_time: [0,162449545,com.mediatek.connectivity/.CdsRadioInfoActivity,471,471]
01-26 06:21:45.317   341   341 I sf_frame_dur: [com.mediatek.connectivity/com.mediatek.connectivity.CdsRadioMenuActivity,1,0,0,0,0,0,0]
01-26 06:21:49.252   892   892 I free_storage_changed: 6387589120
01-26 06:21:56.575   892   892 I notification_cancel: [10092,21902,com.facebook.katana,714499313,com.facebook.rti.mqtt.common.analytics.MqttDiagnosticNotification,0,0,64,8,NULL]
01-26 06:21:56.877   892   892 I notification_cancel: [10092,21902,com.facebook.katana,714499313,com.facebook.rti.mqtt.common.analytics.MqttDiagnosticNotification,0,0,64,8,NULL]
01-26 06:22:02.706   341   341 I sf_frame_dur: [com.mediatek.connectivity/com.mediatek.connectivity.CdsRadioInfoActivity,11,1,0,0,1,1,0]
01-26 06:22:06.393   892   892 I notification_cancel: [10015,1153,com.android.systemui,100,low_battery,-1,0,64,8,NULL]
01-26 06:22:06.393   892   892 I notification_cancel: [10015,1153,com.android.systemui,2130838302,power_saver,-1,0,64,8,NULL]
01-26 06:22:16.411   892   892 I notification_cancel: [10015,1153,com.android.systemui,100,low_battery,-1,0,64,8,NULL]
01-26 06:22:16.413   892   892 I notification_cancel: [10015,1153,com.android.systemui,2130838302,power_saver,-1,0,64,8,NULL]
01-26 06:22:19.256   892   892 I free_storage_changed: 6235250688
01-26 06:22:23.957   892   926 I am_proc_start: [0,3255,10008,com.htc.bgp,broadcast,com.htc.flexnet/.AndroidIntentReceiver]
01-26 06:22:24.008   892  1622 I am_proc_start: [0,3277,10041,com.htc.mobiledata,content provider,com.htc.mobiledata/.MobileDataProvider]
01-26 06:22:24.044   892   913 I am_proc_bound: [0,3255,com.htc.bgp]
01-26 06:22:24.085  3255  3255 I binder_sample: [,1,28,<pre-initialized>,5]
01-26 06:22:24.102   892  1267 I am_proc_bound: [0,3277,com.htc.mobiledata]
01-26 06:22:24.123  1623  1623 I binder_sample: [com.android.internal.telephony.ITelephonyRegistry,17,17,com.android.phone,3]
01-26 06:22:24.183   892  1045 I netstats_mobile_sample: [232481274,259797,24295386,208008,232487994,259841,24345767,208341,232487994,259841,24339047,208297,-1]
01-26 06:22:24.183   892  1045 I netstats_wifi_sample: [69898299,102361,7717523,78132,68400194,101228,6687736,73362,67779335,98941,6682680,73314,-1]
01-26 06:22:24.251   892  1045 I netstats_mobile_sample: [232481274,259797,24295386,208008,232487994,259841,24345767,208341,232487994,259841,24339047,208297,-1]
01-26 06:22:24.251   892  1045 I netstats_wifi_sample: [69898299,102361,7717523,78132,68400194,101228,6687736,73362,67779335,98941,6682680,73314,-1]
01-26 06:22:24.373   892  1595 I am_proc_start: [0,3322,10013,android.process.media,content provider,com.android.providers.media/.MediaProvider]
01-26 06:22:24.440   892   913 I am_proc_start: [0,3350,10041,com.htc.mobiledata:remote,service,com.htc.mobiledata/.MobileDataService]
01-26 06:22:24.441  3255  3255 I binder_sample: [android.app.IActivityManager,29,127,com.htc.bgp,25]
01-26 06:22:24.443   892  2364 I am_proc_bound: [0,3322,android.process.media]
01-26 06:22:24.449   892   892 I notification_cancel: [1000,892,android,393,CaptivePortal.Notification,0,0,0,8,NULL]
01-26 06:22:24.469   892  1738 I am_proc_bound: [0,3350,com.htc.mobiledata:remote]
01-26 06:22:24.471   892   892 I notification_cancel: [10092,21902,com.facebook.katana,10011,NULL,0,0,64,8,NULL]
01-26 06:22:24.549   892   924 I binder_sample: [android.content.IContentProvider,1,108,system_server,21]
01-26 06:22:24.550   892   924 I content_query_sample: [content://telephony/carriers/preferapn,apn,,name ASC,108,,22]
01-26 06:22:24.558  3255  3255 I content_query_sample: [content://customization_settings/SettingTable/application_Calendar,,,,247,com.htc.flexnet,50]
01-26 06:22:24.614   892  2293 I am_proc_died: [0,805,com.google.android.gms:car]
01-26 06:22:24.739   892  1295 I notification_cancel_all: [10013,3322,com.android.providers.downloads,0,0,64,9,NULL]
01-26 06:22:24.817  7819  3315 I content_update_sample: [content://media/external/file,delete,_data like ?,144,com.mediatek.mtklogger,29]
01-26 06:22:24.959   892  2364 I am_proc_start: [0,3401,10053,com.htc.android.mail:sync,broadcast,com.htc.android.mail/.eassvc.EASEventReceiver]
01-26 06:22:25.003   892  1570 I am_proc_bound: [0,3401,com.htc.android.mail:sync]
01-26 06:22:25.092   892  1594 I am_proc_died: [0,556,com.android.vending]
01-26 06:22:25.261   892  1595 I am_proc_start: [0,3438,10064,com.google.android.setupwizard,broadcast,com.google.android.setupwizard/.carrier.MobileConnectivityChangeReceiver]
01-26 06:22:25.269   892   892 I notification_cancel: [1000,892,com.mediatek.mtklogger,2130837539,NULL,0,0,0,8,NULL]
01-26 06:22:25.270   892   892 I notification_canceled: [0|com.mediatek.mtklogger|2130837539|null|10116,8]
01-26 06:22:25.270   892   892 I notification_light_decision: fully charge
01-26 06:22:25.271   892   892 I notification_light: [1,0xc800]
01-26 06:22:25.272   892   892 I notification_enqueue: [10116,7819,com.mediatek.mtklogger,2130837539,NULL,0,Notification(pri=0 contentView=com.mediatek.mtklogger/0x1090077 vibrate=null sound=null defaults=0x0 flags=0x60 color=0x00000000 vis=PRIVATE),0]
01-26 06:22:25.275   892   892 I notification_skip_beep_vibrate: [0,0,0,0,0,0,0,1,0,0]
01-26 06:22:25.275   892   892 I notification_skip_light: [1,0,1,0,0]
01-26 06:22:25.300   892  1595 I am_proc_bound: [0,3438,com.google.android.setupwizard]
01-26 06:22:25.362   892  9715 I am_proc_died: [0,32082,com.google.process.gapps]
01-26 06:22:25.493   892  1738 I am_proc_start: [0,3466,10068,com.htc.updater,broadcast,com.htc.updater/.download.DownloadReceiver]
01-26 06:22:25.508   892  1759 I am_proc_bound: [0,3466,com.htc.updater]
01-26 06:22:25.562   892  1571 I am_proc_died: [0,31616,com.htc.sense.hsp]
01-26 06:22:25.623   892  2293 I am_proc_start: [0,3491,10122,com.google.android.apps.magazines,broadcast,com.google.android.apps.magazines/com.google.apps.dots.android.newsstand.appwidget.NewsWidgetProvider]
01-26 06:22:25.653   892  1594 I am_proc_bound: [0,3491,com.google.android.apps.magazines]
01-26 06:22:25.702   892  2293 I am_proc_died: [0,2984,com.htc.sense.mms]
01-26 06:22:26.023   892  1595 I am_proc_start: [0,3521,10020,com.google.process.gapps,content provider,com.google.android.gsf/.gservices.GservicesProvider]
01-26 06:22:26.051   892  1622 I am_proc_bound: [0,3521,com.google.process.gapps]
01-26 06:22:26.112   892  9715 I am_proc_died: [0,3277,com.htc.mobiledata]
01-26 06:22:26.181  3491  3491 I binder_sample: [android.app.IActivityManager,29,188,com.google.android.apps.magazines,37]
01-26 06:22:26.409   892   892 I notification_cancel: [10015,1153,com.android.systemui,100,low_battery,-1,0,64,8,NULL]
01-26 06:22:26.409   892   892 I notification_cancel: [10015,1153,com.android.systemui,2130838302,power_saver,-1,0,64,8,NULL]
01-26 06:22:26.412   892  1759 I am_proc_died: [0,3011,com.htc.sense.mms:mms]
01-26 06:22:26.541   892  9714 I am_proc_start: [0,3598,10081,com.android.chrome,broadcast,com.android.chrome/org.chromium.content.browser.BackgroundSyncLauncherService$Receiver]
01-26 06:22:26.551  1992  3597 I gtalk_conn_close: [-255,173]
01-26 06:22:26.566   892  1594 I am_proc_bound: [0,3598,com.android.chrome]
01-26 06:22:26.668   892   923 I am_proc_start: [0,3623,10129,com.google.android.apps.photos,broadcast,com.google.android.apps.photos/.actionqueue.SystemReceiver]
01-26 06:22:26.672   892  1595 I am_proc_died: [0,3350,com.htc.mobiledata:remote]
01-26 06:22:26.688   892  1594 I am_proc_bound: [0,3623,com.google.android.apps.photos]
01-26 06:22:27.078   892   892 I notification_cancel: [10129,3623,com.google.android.apps.photos,10436,NULL,0,0,64,8,NULL]
01-26 06:22:27.117   892  9714 I am_proc_start: [0,3651,10131,com.google.android.apps.plus,broadcast,com.google.android.apps.plus/com.google.android.libraries.social.autobackup.AutoBackupEnvironment$ConnectivityReceiver]
01-26 06:22:27.132   892  1759 I am_proc_bound: [0,3651,com.google.android.apps.plus]
01-26 06:22:27.152   892  1759 I am_proc_died: [0,3401,com.htc.android.mail:sync]
01-26 06:22:27.975   892  2293 I am_proc_start: [0,3682,10044,com.htc.sense.hsp,broadcast,com.htc.sense.hsp/.weather.location.AutoSettingReceiver]
01-26 06:22:28.012   892  1295 I am_proc_bound: [0,3682,com.htc.sense.hsp]
01-26 06:22:28.362   892  1571 I am_proc_died: [0,3255,com.htc.bgp]
01-26 06:22:28.362   892  1571 I am_broadcast_discard_app: [0,737417841,android.net.conn.CONNECTIVITY_CHANGE,1,ResolveInfo{26450b7e com.htc.flexnet/.SystemIntentReceiver m=0x108000}]
01-26 06:22:28.397   892   926 I am_proc_start: [0,3754,10008,com.htc.bgp,broadcast,com.htc.flexnet/.SystemIntentReceiver]
01-26 06:22:28.411   892  1738 I am_proc_bound: [0,3754,com.htc.bgp]
01-26 06:22:28.519   892  1571 I am_proc_start: [0,3781,10053,com.htc.android.mail:sync,broadcast,com.htc.android.mail/.eassvc.EASEventReceiver]
01-26 06:22:28.532   892  1759 I am_proc_bound: [0,3781,com.htc.android.mail:sync]
01-26 06:22:28.745   892   913 I am_proc_start: [0,3806,10007,com.htc.calendar,broadcast,com.htc.calendar/.ProviderChangeReceiver]
01-26 06:22:28.762   892  1571 I am_proc_bound: [0,3806,com.htc.calendar]
01-26 06:22:28.868   892   892 I notification_cancel: [10007,3806,com.htc.calendar,1,NULL,0,0,64,8,NULL]
01-26 06:22:29.554   892   892 I notification_cancel: [10007,3806,com.htc.calendar,1,NULL,0,0,64,8,NULL]
01-26 06:22:29.719   892   892 I notification_cancel: [1000,892,com.mediatek.mtklogger,2130837539,NULL,0,0,0,8,NULL]
01-26 06:22:29.720   892   892 I notification_canceled: [0|com.mediatek.mtklogger|2130837539|null|10116,8]
01-26 06:22:29.720   892   892 I notification_light_decision: fully charge
01-26 06:22:29.720   892   892 I notification_light: [1,0xc800]
01-26 06:22:29.725   892   892 I notification_enqueue: [10116,7819,com.mediatek.mtklogger,2130837539,NULL,0,Notification(pri=0 contentView=com.mediatek.mtklogger/0x1090077 vibrate=null sound=null defaults=0x0 flags=0x60 color=0x00000000 vis=PRIVATE),0]
01-26 06:22:29.727   892   892 I notification_skip_beep_vibrate: [0,0,0,0,0,0,0,1,0,0]
01-26 06:22:29.727   892   892 I notification_skip_light: [1,0,1,0,0]
01-26 06:22:30.465   892   912 I am_proc_died: [0,3322,android.process.media]
01-26 06:22:31.934   892  1570 I am_proc_start: [0,3841,10041,com.htc.mobiledata,content provider,com.htc.mobiledata/.MobileDataProvider]
01-26 06:22:31.957   892  2293 I am_proc_bound: [0,3841,com.htc.mobiledata]
01-26 06:22:32.098   892  2364 I am_proc_start: [0,3864,10041,com.htc.mobiledata:remote,service,com.htc.mobiledata/.MobileDataService]
01-26 06:22:32.107   892   892 I notification_cancel: [1001,1623,com.android.phone,8903,NULL,0,0,64,8,NULL]
01-26 06:22:32.118   892  1594 I am_proc_bound: [0,3864,com.htc.mobiledata:remote]
01-26 06:22:32.122   892   892 I notification_cancel: [1001,1623,com.android.phone,17,NULL,0,0,64,8,NULL]
01-26 06:22:32.123   892   892 I notification_cancel: [1001,1623,com.android.phone,19,NULL,0,0,64,8,NULL]
01-26 06:22:32.124   892   892 I notification_cancel: [10008,3754,com.htc.CustomizationSetup,2131558478,SIM2StateChangeService,0,0,64,8,NULL]
01-26 06:22:32.185   892  1594 I am_proc_start: [0,3889,10055,com.htc.sense.mms,broadcast,com.htc.sense.mms/.transaction.SmsReceiver]
01-26 06:22:32.223   892  1594 I am_proc_died: [0,3521,com.google.process.gapps]
01-26 06:22:32.231  1653  3863 I content_update_sample: [content://com.android.contacts/account_contact_remove?account_name=SIM&account_type=com.htc.contacts.sim_slot2&caller_is_syncadapter=true,delete,,148,com.android.providers.contacts,30]
01-26 06:22:32.251   892   912 I am_proc_bound: [0,3889,com.htc.sense.mms]
01-26 06:22:32.396  1623  3920 I content_update_sample: Binder:1623, Delete uri:content://sms/icc-db/1, selection:null, selectionArgs:null
01-26 06:22:32.675   892  1622 I am_proc_start: [0,3924,10058,com.htc.cs.pns,broadcast,com.htc.cs.pns/com.htc.lib1.cs.push.receiver.SimStateChangeReceiver]
01-26 06:22:32.699   892  1295 I am_proc_bound: [0,3924,com.htc.cs.pns]
01-26 06:22:32.707   892   892 I notification_cancel: [1001,1623,com.android.phone,19,NULL,0,0,64,8,NULL]
01-26 06:22:32.735   892   892 I notification_cancel: [1001,1623,com.android.phone,16,NULL,0,0,64,8,NULL]
01-26 06:22:32.796   892   892 I notification_cancel: [1001,1623,com.android.phone,19,NULL,0,0,64,8,NULL]
01-26 06:22:33.011   892  1738 I am_proc_died: [0,3466,com.htc.updater]
01-26 06:22:34.217   892  1759 I am_proc_died: [0,3491,com.google.android.apps.magazines]
01-26 06:22:34.338   892   892 I notification_cancel: [1001,1623,com.android.phone,16,NULL,0,0,64,8,NULL]
01-26 06:22:34.341   892   892 I notification_cancel: [1001,1623,com.android.phone,21,NULL,0,0,64,8,NULL]
01-26 06:22:34.960   892  1570 I binder_sample: [com.android.server.am.ActivityManagerService,16,535,execTransact,100]
01-26 06:22:34.960   892  9715 I binder_sample: [android.content.ContentProvider$Transport,21,526,execTransact,100]
01-26 06:22:34.960   892   923 I binder_sample: [com.android.server.accessibility.AccessibilityManagerService,2,523,execTransact,100]
01-26 06:22:34.960   892  1267 I binder_sample: [com.android.server.am.ActivityManagerService,53,519,execTransact,100]
01-26 06:22:34.960  1153  1153 I binder_sample: [android.view.accessibility.IAccessibilityManager,2,523,com.android.systemui,100]
01-26 06:22:34.962   892  2293 I binder_sample: [com.android.server.am.ActivityManagerService,34,533,execTransact,100]
01-26 06:22:34.978   892  1759 I binder_sample: [com.android.server.TelephonyRegistry,17,552,execTransact,100]
01-26 06:22:34.979  1623  1623 I binder_sample: [com.android.internal.telephony.ITelephonyRegistry,17,554,com.android.phone,100]
01-26 06:22:34.980  1623  3968 I content_update_sample: [content://gsmapn/siminfo,update,_id=1,570,com.android.phone,100]
01-26 06:22:34.980  1623  3968 I content_update_sample: [content://telephony/siminfo,update,_id=1,573,com.android.phone,100]
01-26 06:22:35.052   892  1267 I am_proc_start: [0,3976,10013,android.process.media,content provider,com.android.providers.media/.MediaProvider]
01-26 06:22:35.060  1623  1623 I binder_sample: [com.android.internal.telephony.ITelephonyRegistry,17,60,com.android.phone,12]
01-26 06:22:35.111  1623  2220 I content_query_sample: Binder:3889, Query uri:content://mms-sms-v2/rawQuery, selection:select _id,msg_id from addr where (type = 129 or type = 130 or type = 151), selectionArgs:null
01-26 06:22:35.179  1623  2217 I content_query_sample: Binder:3889, Query uri:content://mms/part, selection:null, selectionArgs:null
01-26 06:22:35.224   892  1571 I am_proc_bound: [0,3976,android.process.media]
01-26 06:22:35.251  1623  2086 I content_query_sample: Binder:3889, Query uri:content://mms/thread-allreport, selection:thread_id>0 AND m_id!= "" AND (m_type = 128 or m_type = 134 or m_type = 136), selectionArgs:null
01-26 06:22:35.283  3976  3976 I binder_sample: [android.hardware.display.IDisplayManager,3,17,<pre-initialized>,3]
