01-26 03:30:53.914  1623 13398 I content_query_sample: Binder:22147, Query uri:content://mms-sms/draft?category=0, selection:null, selectionArgs:null
01-26 03:30:53.916  1623  2086 I content_query_sample: Binder:22174, Query uri:content://mms-sms-v2/rawQuery, selection:SELECT count(1) FROM pdu WHERE date2 = 0, selectionArgs:null
01-26 03:30:53.921  1623 31880 I content_query_sample: Binder:22174, Query uri:content://mms/thread-allreport, selection:thread_id>0 AND m_id!= "" AND (m_type = 128 or m_type = 134 or m_type = 136), selectionArgs:null
01-26 03:30:53.927  1623 10406 I content_update_sample: Binder:22174, Update uri:content://mms, selection:st=129 AND m_type!=134, selectionArgs:null
01-26 03:30:53.929  1623  2217 I content_query_sample: Binder:22147, Query uri:content://mms-sms-v2/conversations?simple=true&formal=true&category=0, selection:null, selectionArgs:null
01-26 03:30:53.937  1623  1644 I content_query_sample: Binder:22174, Query uri:content://sms, selection:body Like 'BEGIN:VCARD%' AND thread_id > 0 , selectionArgs:null
01-26 03:30:53.942  1623  2216 I content_query_sample: Binder:22174, Query uri:content://mms-sms-v2/conversations?simple=true&formal=true&category=0, selection:null, selectionArgs:null
01-26 03:30:53.949  1623  2086 I content_query_sample: Binder:22174, Query uri:content://mms-sms/draft?category=0, selection:null, selectionArgs:null
01-26 03:30:53.981   892  1570 I am_proc_died: [0,20352,android.process.media]
01-26 03:30:54.719  1623  1623 I gsm_rat_switched_new: [20393251,3,15]
01-26 03:30:54.813   892  1045 I netstats_mobile_sample: [198803238,218797,19957120,174972,198809958,218841,19994047,175214,198809958,218841,19987327,175170,-1]
01-26 03:30:54.813   892  1045 I netstats_wifi_sample: [69898299,102361,7717523,78132,68400194,101228,6687736,73362,67779335,98941,6682680,73314,-1]
01-26 03:30:54.981   892   892 I notification_cancel: [10092,6455,com.facebook.katana,714499313,com.facebook.rti.mqtt.common.analytics.MqttDiagnosticNotification,0,0,64,8,NULL]
01-26 03:30:56.220   892   892 I notification_cancel: [10015,1153,com.android.systemui,100,low_battery,-1,0,64,8,NULL]
01-26 03:30:56.221   892   892 I notification_cancel: [10015,1153,com.android.systemui,2130838302,power_saver,-1,0,64,8,NULL]
01-26 03:30:56.391   892  9715 I am_proc_died: [0,20321,com.google.android.apps.plus]
01-26 03:30:56.994   892  2364 I am_home_stack_moved: [0,0,1,1,startingNewTask]
01-26 03:30:56.994   892  2364 I wm_task_moved: [803,1,12]
01-26 03:30:56.998   892  2364 I am_create_task: [0,1636]
01-26 03:30:56.998   892  2364 I am_create_activity: [0,572665625,1636,com.mediatek.connectivity/.CdsRadioMenuActivity,android.intent.action.MAIN,NULL,NULL,268435456]
01-26 03:30:56.998   892  2364 I wm_task_created: [1636,1]
01-26 03:30:56.998   892  2364 I wm_task_moved: [1636,1,13]
01-26 03:30:57.018   892  2364 I am_pause_activity: [0,966838349,com.android.phone/.InCallScreen]
01-26 03:30:57.022   892  2364 I am_home_stack_moved: [0,0,1,1,startedActivity setFocusedActivity]
01-26 03:30:57.024  1623  1623 I [70302] : []
01-26 03:30:57.028   892  2364 I am_focused_activity: [0,com.mediatek.connectivity/.CdsRadioMenuActivity]
01-26 03:30:57.042  1623  1623 I am_on_paused_called: [0,com.android.phone.InCallScreen]
01-26 03:30:57.061   892  2293 I am_restart_activity: [0,572665625,1636,com.mediatek.connectivity/.CdsRadioMenuActivity]
01-26 03:30:57.064   892  2293 I am_focused_activity: [0,com.mediatek.connectivity/.CdsRadioMenuActivity]
01-26 03:30:57.100  1623  1623 I am_on_resume_called: [0,com.mediatek.connectivity.CdsRadioMenuActivity]
01-26 03:30:57.246   892   932 I am_activity_launch_time: [0,572665625,com.mediatek.connectivity/.CdsRadioMenuActivity,187,28911]
01-26 03:30:57.283   892  2293 I am_proc_died: [0,20172,com.android.settings]
01-26 03:30:57.354   341   341 I sf_frame_dur: [com.android.phone/com.android.phone.InCallScreen,0,0,1,0,0,1,1]
01-26 03:30:57.827   892  9714 I am_finish_activity: [0,572665625,1636,com.mediatek.connectivity/.CdsRadioMenuActivity,app-request]
01-26 03:30:57.828   892  9714 I am_home_stack_moved: [0,0,1,1,finishActivity adjustTopFocus setFocusedActivity]
01-26 03:30:57.830   892  9714 I am_focused_activity: [0,com.android.phone/.InCallScreen]
01-26 03:30:57.850   892  9714 I am_pause_activity: [0,572665625,com.mediatek.connectivity/.CdsRadioMenuActivity]
01-26 03:30:57.851  1623  1623 I am_on_paused_called: [0,com.mediatek.connectivity.CdsRadioMenuActivity]
01-26 03:30:57.854   892  1571 I am_resume_activity: [0,966838349,803,com.android.phone/.InCallScreen]
01-26 03:30:57.856   892  1571 I am_focused_activity: [0,com.android.phone/.InCallScreen]
01-26 03:30:57.912   892  2293 I am_proc_died: [0,22147,com.htc.sense.mms]
01-26 03:30:57.916  1623  1623 I [70301] : []
01-26 03:30:57.919  1623  1623 I am_on_resume_called: [0,com.android.phone.InCallScreen]
01-26 03:30:58.250   892   926 I am_destroy_activity: [0,572665625,1636,com.mediatek.connectivity/.CdsRadioMenuActivity,finish-imm]
01-26 03:30:58.259   892  1738 I wm_task_removed: [1636,removeAppToken: last token]
01-26 03:30:58.259   892  1738 I wm_task_removed: [1636,removeTask]
01-26 03:30:58.807   892  1594 I wm_task_moved: [803,0,0]
01-26 03:30:58.827   892  1594 I am_pause_activity: [0,966838349,com.android.phone/.InCallScreen]
01-26 03:30:58.834  1623  1623 I [70302] : []
01-26 03:30:58.837  1623  1623 I am_on_paused_called: [0,com.android.phone.InCallScreen]
01-26 03:30:58.841   892  1738 I am_resume_activity: [0,764069291,1634,com.htc.video/.ViewVideo]
01-26 03:30:58.847   892  1738 I am_home_stack_moved: [0,0,1,1,completeResume setFocusedActivity]
01-26 03:30:58.848   892  1738 I am_focused_activity: [0,com.htc.video/.ViewVideo]
01-26 03:30:58.873 21111 21111 I am_on_resume_called: [0,com.htc.video.ViewVideo]
01-26 03:30:58.961   892  1622 I am_proc_start: [0,22303,10013,android.process.media,content provider,com.android.providers.media/.MediaProvider]
01-26 03:30:59.025   892   923 I am_proc_died: [0,21710,com.android.server.telecom:ui]
01-26 03:30:59.032   892  1595 I am_proc_bound: [0,22303,android.process.media]
01-26 03:30:59.099 21111 21111 I binder_sample: [android.app.IActivityManager,29,170,com.htc.video,34]
01-26 03:30:59.109   892  1594 I notification_cancel_all: [10013,22303,com.android.providers.downloads,0,0,64,9,NULL]
01-26 03:30:59.664   892  1759 I am_finish_activity: [0,764069291,1634,com.htc.video/.ViewVideo,app-request]
01-26 03:30:59.667   892  1759 I am_home_stack_moved: [0,0,1,1,finishActivity adjustTopFocus setFocusedActivity]
01-26 03:30:59.671   892  1759 I am_focused_activity: [0,com.android.phone/.dualsim.DualSettingsSlotPreference]
01-26 03:30:59.706   892  1759 I am_pause_activity: [0,764069291,com.htc.video/.ViewVideo]
01-26 03:30:59.736 21111 21111 I am_on_paused_called: [0,com.htc.video.ViewVideo]
01-26 03:30:59.742   892  1594 I am_resume_activity: [0,166299476,1633,com.android.phone/.dualsim.DualSettingsSlotPreference]
01-26 03:30:59.752   892  1594 I am_focused_activity: [0,com.android.phone/.dualsim.DualSettingsSlotPreference]
01-26 03:30:59.764  1623  1623 I am_on_resume_called: [0,com.android.phone.dualsim.DualSettingsSlotPreference]
01-26 03:30:59.830   892   926 I am_destroy_activity: [0,764069291,1634,com.htc.video/.ViewVideo,finish-imm]
01-26 03:30:59.837   892   913 I am_proc_died: [0,22174,com.htc.sense.mms:mms]
01-26 03:30:59.867   341   341 I sf_frame_dur: [com.htc.video/com.htc.video.ViewVideo,0,0,0,1,1,0,0]
01-26 03:30:59.891   892  2293 I wm_task_removed: [1634,removeAppToken: last token]
01-26 03:30:59.891   892  2293 I wm_task_removed: [1634,removeTask]
01-26 03:31:00.424   892  1759 I am_finish_activity: [0,166299476,1633,com.android.phone/.dualsim.DualSettingsSlotPreference,app-request]
01-26 03:31:00.428   892  1759 I am_home_stack_moved: [0,0,1,1,finishActivity adjustTopFocus setFocusedActivity]
01-26 03:31:00.433   892  1759 I am_focused_activity: [0,com.android.phone/.dualsim.DualSetting]
01-26 03:31:00.481   892  1759 I am_pause_activity: [0,166299476,com.android.phone/.dualsim.DualSettingsSlotPreference]
01-26 03:31:00.496  1623  1623 I am_on_paused_called: [0,com.android.phone.dualsim.DualSettingsSlotPreference]
01-26 03:31:00.502   892  1738 I am_resume_activity: [0,437507020,1632,com.android.phone/.dualsim.DualSetting]
01-26 03:31:00.509   892  1738 I am_focused_activity: [0,com.android.phone/.dualsim.DualSetting]
01-26 03:31:00.541  1623  1623 I am_on_resume_called: [0,com.android.phone.dualsim.DualSetting]
01-26 03:31:00.913   892   926 I am_destroy_activity: [0,166299476,1633,com.android.phone/.dualsim.DualSettingsSlotPreference,finish-imm]
01-26 03:31:00.926   341   341 I sf_frame_dur: [com.android.phone/com.android.phone.dualsim.DualSettingsSlotPreference,0,0,0,0,1,0,0]
01-26 03:31:00.954   892  1759 I wm_task_removed: [1633,removeAppToken: last token]
01-26 03:31:00.954   892  1759 I wm_task_removed: [1633,removeTask]
01-26 03:31:01.172   892   912 I am_finish_activity: [0,437507020,1632,com.android.phone/.dualsim.DualSetting,app-request]
01-26 03:31:01.175   892   912 I am_home_stack_moved: [0,0,1,1,finishActivity adjustTopFocus setFocusedActivity]
01-26 03:31:01.180   892   912 I am_focused_activity: [0,com.facebook.katana/com.facebook.composer.activity.ComposerActivity]
01-26 03:31:01.226   892   912 I am_pause_activity: [0,437507020,com.android.phone/.dualsim.DualSetting]
01-26 03:31:01.239  1623  1623 I am_on_paused_called: [0,com.android.phone.dualsim.DualSetting]
01-26 03:31:01.283   892  9714 I am_resume_activity: [0,128451104,775,com.facebook.katana/com.facebook.composer.activity.ComposerActivity]
01-26 03:31:01.298   892  9714 I am_focused_activity: [0,com.facebook.katana/com.facebook.composer.activity.ComposerActivity]
01-26 03:31:01.332  6455  6455 I binder_sample: [android.view.IWindowSession,6,38,com.facebook.katana,7]
01-26 03:31:01.358  6455  6455 I am_on_resume_called: [0,com.facebook.composer.activity.ComposerActivity]
01-26 03:31:01.563   892  1295 I am_proc_start: [0,22336,10020,com.google.process.gapps,content provider,com.google.android.gsf/.settings.GoogleSettingsProvider]
01-26 03:31:01.597   892   913 I am_proc_bound: [0,22336,com.google.process.gapps]
01-26 03:31:01.669   892   926 I am_destroy_activity: [0,437507020,1632,com.android.phone/.dualsim.DualSetting,finish-imm]
01-26 03:31:01.684   341   341 I sf_frame_dur: [com.android.phone/com.android.phone.dualsim.DualSetting,0,0,0,0,2,0,0]
01-26 03:31:01.700   892  2293 I wm_task_removed: [1632,removeAppToken: last token]
01-26 03:31:01.700   892  2293 I wm_task_removed: [1632,removeTask]
01-26 03:31:01.740   892   912 I am_home_stack_moved: [0,0,1,1,startingNewTask]
01-26 03:31:01.740   892   912 I wm_task_moved: [775,1,9]
01-26 03:31:01.744   892   912 I am_create_task: [0,1637]
01-26 03:31:01.744   892   912 I am_create_activity: [0,481773523,1637,com.mediatek.connectivity/.CdsRadioMenuActivity,android.intent.action.MAIN,NULL,NULL,268435456]
01-26 03:31:01.745   892   912 I wm_task_created: [1637,1]
01-26 03:31:01.745   892   912 I wm_task_moved: [1637,1,10]
01-26 03:31:01.791   892   912 I am_pause_activity: [0,128451104,com.facebook.katana/com.facebook.composer.activity.ComposerActivity]
01-26 03:31:01.833   892   912 I am_home_stack_moved: [0,0,1,1,startedActivity setFocusedActivity]
01-26 03:31:01.842   892   912 I am_focused_activity: [0,com.mediatek.connectivity/.CdsRadioMenuActivity]
01-26 03:31:01.844 22336 22336 I binder_sample: [android.app.IActivityManager,12,43,com.google.process.gapps,8]
01-26 03:31:01.845  6455  6455 I am_on_paused_called: [0,com.facebook.composer.activity.ComposerActivity]
01-26 03:31:01.880   892  9715 I am_restart_activity: [0,481773523,1637,com.mediatek.connectivity/.CdsRadioMenuActivity]
01-26 03:31:01.892   892  9715 I am_focused_activity: [0,com.mediatek.connectivity/.CdsRadioMenuActivity]
01-26 03:31:01.898  6455  6455 I binder_sample: [android.app.IActivityManager,19,52,com.facebook.katana,10]
01-26 03:31:01.939  1623  1623 I am_on_resume_called: [0,com.mediatek.connectivity.CdsRadioMenuActivity]
01-26 03:31:01.992   892  1622 I am_proc_died: [0,21740,com.htc.htcpowermanager:remote]
01-26 03:31:02.122   892   932 I am_activity_launch_time: [0,481773523,com.mediatek.connectivity/.CdsRadioMenuActivity,274,274]
01-26 03:31:02.239   341   341 I sf_frame_dur: [com.facebook.katana/com.facebook.composer.activity.ComposerActivity,0,0,0,0,1,0,0]
01-26 03:31:02.870   892  1738 I am_home_stack_moved: [0,0,1,1,sourceStackToFront]
01-26 03:31:02.870   892  1738 I wm_task_moved: [1637,1,10]
01-26 03:31:02.874   892  1738 I am_create_activity: [0,650923830,1637,com.mediatek.connectivity/.CdsRadioInfoActivity,NULL,NULL,NULL,0]
01-26 03:31:02.875   892  1738 I am_pause_activity: [0,481773523,com.mediatek.connectivity/.CdsRadioMenuActivity]
01-26 03:31:02.877   892  1738 I am_home_stack_moved: [0,0,1,1,startedActivity setFocusedActivity]
01-26 03:31:02.879   892  1738 I am_focused_activity: [0,com.mediatek.connectivity/.CdsRadioInfoActivity]
01-26 03:31:02.883  1623  1623 I am_on_paused_called: [0,com.mediatek.connectivity.CdsRadioMenuActivity]
01-26 03:31:02.886   892  1267 I am_restart_activity: [0,650923830,1637,com.mediatek.connectivity/.CdsRadioInfoActivity]
01-26 03:31:02.893   892  1267 I am_focused_activity: [0,com.mediatek.connectivity/.CdsRadioInfoActivity]
01-26 03:31:02.978  1623  1623 I am_on_resume_called: [0,com.mediatek.connectivity.CdsRadioInfoActivity]
01-26 03:31:03.092   892   932 I am_activity_launch_time: [0,650923830,com.mediatek.connectivity/.CdsRadioInfoActivity,208,208]
01-26 03:31:03.132   341   341 I sf_frame_dur: [Starting com.mediatek.connectivity,1,0,0,0,0,0,0]
01-26 03:31:03.217   341   341 I sf_frame_dur: [com.mediatek.connectivity/com.mediatek.connectivity.CdsRadioMenuActivity,0,1,0,0,0,0,0]
01-26 03:31:04.135  1623  1623 I gsm_rat_switched_new: [20393251,15,3]
01-26 03:31:04.173  1623  1623 I binder_sample: [com.android.internal.telephony.ITelephonyRegistry,8,30,com.android.phone,6]
01-26 03:31:04.206   892  1045 I netstats_mobile_sample: [198803321,218798,19957172,174973,198810041,218842,19994099,175215,198810041,218842,19987379,175171,-1]
01-26 03:31:04.206   892  1045 I netstats_wifi_sample: [69898299,102361,7717523,78132,68400194,101228,6687736,73362,67779335,98941,6682680,73314,-1]
01-26 03:31:04.217  1623  1623 I binder_sample: [com.android.internal.telephony.ITelephonyRegistry,17,22,com.android.phone,4]
01-26 03:31:04.492   892  1595 I am_proc_died: [0,22303,android.process.media]
01-26 03:31:05.956  1623  1623 I gsm_rat_switched_new: [20393251,3,15]
01-26 03:31:06.002  1623  1623 I binder_sample: [com.android.internal.telephony.ITelephonyRegistry,8,25,com.android.phone,5]
01-26 03:31:06.031   892  1045 I netstats_mobile_sample: [198804168,218808,19960025,174992,198810888,218852,19996952,175234,198810625,218850,19990077,175188,-1]
01-26 03:31:06.032   892  1045 I netstats_wifi_sample: [69898299,102361,7717523,78132,68400194,101228,6687736,73362,67779335,98941,6682680,73314,-1]
01-26 03:31:06.212   892   892 I notification_cancel: [10015,1153,com.android.systemui,100,low_battery,-1,0,64,8,NULL]
01-26 03:31:06.212   892   892 I notification_cancel: [10015,1153,com.android.systemui,2130838302,power_saver,-1,0,64,8,NULL]
01-26 03:31:12.331   341   341 I sf_frame_dur: [PopupWindow:2040e0f8,0,1,0,0,0,0,0]
01-26 03:31:15.829  1623  1623 I binder_sample: [android.view.IWindowSession,6,28,com.android.phone,5]
01-26 03:31:15.994  1623  1623 I gsm_rat_switched_new: [20393251,15,3]
01-26 03:31:16.093   892  1045 I netstats_mobile_sample: [198806999,218822,19965699,175010,198813719,218866,20002626,175252,198813719,218866,19995906,175208,-1]
01-26 03:31:16.094   892  1045 I netstats_wifi_sample: [69898299,102361,7717523,78132,68400194,101228,6687736,73362,67779335,98941,6682680,73314,-1]
01-26 03:31:16.181   892   924 I binder_sample: [com.android.internal.telephony.ISub,17,124,system_server,24]
01-26 03:31:16.190  1992 20197 I gtalk_conn_close: [20,139]
01-26 03:31:16.208   892  1622 I am_proc_died: [0,21111,com.htc.video]
01-26 03:31:16.213   892   892 I notification_cancel: [10092,6455,com.facebook.katana,714499313,com.facebook.rti.mqtt.common.analytics.MqttDiagnosticNotification,0,0,64,8,NULL]
01-26 03:31:16.262   892   892 I notification_cancel: [10092,6455,com.facebook.katana,714499313,com.facebook.rti.mqtt.common.analytics.MqttDiagnosticNotification,0,0,64,8,NULL]
01-26 03:31:16.267  1623  1623 I call_drop: [65535,20393251,3]
01-26 03:31:16.277   892   892 I notification_cancel: [10015,1153,com.android.systemui,100,low_battery,-1,0,64,8,NULL]
01-26 03:31:16.278   892   892 I notification_cancel: [10015,1153,com.android.systemui,2130838302,power_saver,-1,0,64,8,NULL]
01-26 03:31:16.282   892   892 I notification_cancel: [10092,6455,com.facebook.katana,714499313,com.facebook.rti.mqtt.common.analytics.MqttDiagnosticNotification,0,0,64,8,NULL]
01-26 03:31:16.302   892   892 I notification_cancel: [10092,6455,com.facebook.katana,714499313,com.facebook.rti.mqtt.common.analytics.MqttDiagnosticNotification,0,0,64,8,NULL]
01-26 03:31:16.305   892   892 I notification_light_decision: fully charge
01-26 03:31:16.306   892   892 I notification_light: [1,0xc800]
01-26 03:31:16.318   892   892 I notification_cancel: [10092,6455,com.facebook.katana,714499313,com.facebook.rti.mqtt.common.analytics.MqttDiagnosticNotification,0,0,64,8,NULL]
01-26 03:31:16.338   892   892 I notification_cancel: [10092,6455,com.facebook.katana,714499313,com.facebook.rti.mqtt.common.analytics.MqttDiagnosticNotification,0,0,64,8,NULL]
01-26 03:31:16.362   892   892 I notification_cancel: [10092,6455,com.facebook.katana,714499313,com.facebook.rti.mqtt.common.analytics.MqttDiagnosticNotification,0,0,64,8,NULL]
01-26 03:31:16.385   892   926 I am_proc_start: [0,22416,1000,com.htc.htcpowermanager:remote,broadcast,com.htc.htcpowermanager/.PowerCommonReceiver]
01-26 03:31:16.407   892  1045 I netstats_mobile_sample: [198806999,218822,19965699,175010,198813719,218866,20002626,175252,198813719,218866,19995906,175208,-1]
01-26 03:31:16.408   892  1045 I netstats_wifi_sample: [69898299,102361,7717523,78132,68400194,101228,6687736,73362,67779335,98941,6682680,73314,-1]
01-26 03:31:16.433   892  1267 I am_proc_bound: [0,22416,com.htc.htcpowermanager:remote]
01-26 03:31:16.450   892  1045 I netstats_mobile_sample: [198806999,218822,19965699,175010,198813719,218866,20002626,175252,198813719,218866,19995906,175208,-1]
01-26 03:31:16.450   892  1045 I netstats_wifi_sample: [69898299,102361,7717523,78132,68400194,101228,6687736,73362,67779335,98941,6682680,73314,-1]
01-26 03:31:16.566 22416 22416 I binder_sample: [android.app.IActivityManager,30,62,com.htc.htcpowermanager:remote,12]
01-26 03:31:16.633   892  2989 I binder_sample: [android.content.IContentProvider,3,209,system_server,41]
01-26 03:31:16.633   892  2989 I content_update_sample: [content://0@call_log/calls,insert,,210,,43]
01-26 03:31:16.840   892   892 I binder_sample: [com.android.internal.telephony.IHtcTelephony,1,416,system_server,83]
01-26 03:31:16.939   892  1267 I status_bar_disable: disable=0x0 pkg=com.android.phone token=android.os.BinderProxy@1bd6559e
01-26 03:31:16.940  1153  1153 I sysui_statusbar_disable: disable: < expand icons alerts* system_info back home recent clock search >
01-26 03:31:17.059   892   892 I notification_cancel: [1000,892,android,339,CaptivePortal.Notification,0,0,0,8,NULL]
01-26 03:31:17.079   892   892 I notification_cancel: [10092,6455,com.facebook.katana,10011,NULL,0,0,64,8,NULL]
01-26 03:31:17.132   892  1622 I am_proc_start: [0,22464,1000,com.htc.usage,broadcast,com.htc.usage/.receiver.CallActionReceiver]
01-26 03:31:17.205   892   912 I am_proc_bound: [0,22464,com.htc.usage]
01-26 03:31:17.232   892   892 I notification_cancel: [1001,1623,com.android.phone,2,NULL,0,0,64,8,NULL]
01-26 03:31:17.233   892   892 I notification_canceled: [0|com.android.phone|2|null|1001,8]
01-26 03:31:17.233   892   892 I notification_light_decision: fully charge
01-26 03:31:17.234   892   892 I notification_light: [1,0xc800]
01-26 03:31:17.234   892   892 I notification_cancel: [1001,1623,com.android.phone,2,NULL,0,0,64,8,NULL]
01-26 03:31:17.236   892   892 I free_storage_changed: 6460248064
01-26 03:31:17.238   892   892 I notification_light_decision: fully charge
01-26 03:31:17.238   892   892 I notification_light: [1,0xc800]
01-26 03:31:17.250   892   892 I notification_cancel: [1001,1623,com.android.phone,16,NULL,0,0,64,8,NULL]
01-26 03:31:17.251   892   892 I notification_cancel: [1000,892,com.htc.smartdim,0,NULL,0,0,0,8,NULL]
01-26 03:31:17.256   892  1570 I notification_expansion: [0|com.htc.soundrecorder|2|null|10046,0,1]
01-26 03:31:17.274   892   892 I notification_cancel: [1001,1623,com.android.phone,16,NULL,0,0,64,8,NULL]
01-26 03:31:17.386   892  2293 I am_proc_start: [0,22511,10013,android.process.media,broadcast,com.android.providers.downloads/.DownloadReceiver]
01-26 03:31:17.405   892  1738 I am_proc_bound: [0,22511,android.process.media]
01-26 03:31:17.475   892   912 I notification_cancel_all: [10013,22511,com.android.providers.downloads,0,0,64,9,NULL]
01-26 03:31:17.520   892  1594 I am_proc_start: [0,22540,10053,com.htc.android.mail:sync,broadcast,com.htc.android.mail/.eassvc.EASEventReceiver]
01-26 03:31:17.534   892  1759 I am_proc_bound: [0,22540,com.htc.android.mail:sync]
01-26 03:31:17.696   892  1570 I am_proc_start: [0,22564,10064,com.google.android.setupwizard,broadcast,com.google.android.setupwizard/.carrier.MobileConnectivityChangeReceiver]
01-26 03:31:17.731   892  1595 I am_proc_bound: [0,22564,com.google.android.setupwizard]
01-26 03:31:17.792   892  1267 I am_proc_died: [0,22336,com.google.process.gapps]
01-26 03:31:17.849   892  1622 I am_proc_start: [0,22588,10068,com.htc.updater,broadcast,com.htc.updater/.download.DownloadReceiver]
01-26 03:31:17.909   892  2364 I am_proc_bound: [0,22588,com.htc.updater]
01-26 03:31:17.932   892  2293 I am_proc_died: [0,19436,com.htc.mobiledata]
01-26 03:31:18.312   341   341 I sf_frame_dur: [com.mediatek.connectivity/com.mediatek.connectivity.CdsRadioInfoActivity,10,1,0,1,0,1,0]
01-26 03:31:19.005   892  1570 I am_proc_start: [0,22619,10122,com.google.android.apps.magazines,broadcast,com.google.android.apps.magazines/com.google.apps.dots.android.newsstand.appwidget.NewsWidgetProvider]
01-26 03:31:19.008   892  1571 I wm_task_moved: [803,0,0]
01-26 03:31:19.022   892  9715 I am_proc_bound: [0,22619,com.google.android.apps.magazines]
01-26 03:31:19.268  1623  1623 I gsm_rat_switched_new: [79700749,3,14]
01-26 03:31:19.332   892  1570 I am_proc_start: [0,22641,10041,com.htc.mobiledata,content provider,com.htc.mobiledata/.MobileDataProvider]
01-26 03:31:19.346   892   912 I am_proc_bound: [0,22641,com.htc.mobiledata]
01-26 03:31:19.492 22588 22617 I content_query_sample: [content://com.htc.updater.download/downloads,,,,508,com.htc.updater,100]
01-26 03:31:19.752   892  1595 I am_proc_died: [0,22416,com.htc.htcpowermanager:remote]
01-26 03:31:19.770   892  1045 I netstats_mobile_sample: [198806999,218822,19965699,175010,198813719,218866,20002626,175252,198813719,218866,19995906,175208,-1]
01-26 03:31:19.770   892  1045 I netstats_wifi_sample: [69898299,102361,7717523,78132,68400194,101228,6687736,73362,67779335,98941,6682680,73314,-1]
01-26 03:31:19.772   892   892 I notification_cancel: [1000,892,android,65537,CaptivePortal.Notification,0,0,0,8,NULL]
01-26 03:31:19.783   892  1045 I netstats_mobile_sample: [198806999,218822,19965699,175010,198813719,218866,20002626,175252,198813719,218866,19995906,175208,-1]
01-26 03:31:19.784   892  1045 I netstats_wifi_sample: [69898299,102361,7717523,78132,68400194,101228,6687736,73362,67779335,98941,6682680,73314,-1]
01-26 03:31:19.837  1623  1623 I binder_sample: [com.android.internal.telephony.ITelephonyRegistry,10,35,com.android.phone,7]
01-26 03:31:19.912   892   926 I am_proc_start: [0,22683,10020,com.google.android.gms,broadcast,com.google.android.gms/.checkin.CheckinService$TriggerReceiver]
01-26 03:31:19.916   892   892 I notification_cancel: [10092,6455,com.facebook.katana,714499313,com.facebook.rti.mqtt.common.analytics.MqttDiagnosticNotification,0,0,64,8,NULL]
01-26 03:31:19.956   892  1595 I am_proc_bound: [0,22683,com.google.android.gms]
01-26 03:31:20.043   892   892 I notification_cancel: [10092,6455,com.facebook.katana,714499313,com.facebook.rti.mqtt.common.analytics.MqttDiagnosticNotification,0,0,64,8,NULL]
01-26 03:31:20.159  6455  6455 I binder_sample: [android.net.IConnectivityManager,17,275,com.facebook.katana,55]
01-26 03:31:20.500   892   892 I notification_cancel: [10092,6455,com.facebook.katana,714499313,com.facebook.rti.mqtt.common.analytics.MqttDiagnosticNotification,0,0,64,8,NULL]
01-26 03:31:20.506   892  1570 I am_proc_start: [0,22754,10020,com.google.process.gapps,content provider,com.google.android.gsf/.gservices.GservicesProvider]
01-26 03:31:20.507   892  9715 I am_proc_died: [0,22511,android.process.media]
01-26 03:31:20.507 22683 22683 I binder_sample: [android.app.IActivityManager,12,28,com.google.android.gms,5]
01-26 03:31:20.510   892   892 I notification_cancel: [10092,6455,com.facebook.katana,10011,NULL,0,0,64,8,NULL]
01-26 03:31:20.511   892   892 I notification_cancel: [10092,6455,com.facebook.katana,714499313,com.facebook.rti.mqtt.common.analytics.MqttDiagnosticNotification,0,0,64,8,NULL]
01-26 03:31:20.576   892  1571 I am_proc_bound: [0,22754,com.google.process.gapps]
01-26 03:31:20.673 22619 22619 I binder_sample: [android.app.IActivityManager,29,201,com.google.android.apps.magazines,40]
01-26 03:31:20.705   892   892 I notification_cancel: [10092,6455,com.facebook.katana,714499313,com.facebook.rti.mqtt.common.analytics.MqttDiagnosticNotification,0,0,64,8,NULL]
01-26 03:31:20.752   892  1570 I am_proc_died: [0,22464,com.htc.usage]
01-26 03:31:20.782   892   892 I notification_cancel: [10020,22683,com.google.android.gms,10436,NOT_LMP,0,0,64,8,NULL]
01-26 03:31:20.783   892   892 I notification_cancel: [10020,22683,com.google.android.gms,39789,NOT_LMP,0,0,64,8,NULL]
01-26 03:31:21.202   892  9715 I am_proc_died: [0,20095,com.htc.bgp]
01-26 03:31:21.413   892   913 I am_proc_start: [0,22879,10081,com.android.chrome,broadcast,com.android.chrome/org.chromium.content.browser.BackgroundSyncLauncherService$Receiver]
01-26 03:31:21.429   892  1759 I am_proc_bound: [0,22879,com.android.chrome]
01-26 03:31:21.486   892   892 I notification_cancel: [10020,22683,com.google.android.gms,10436,NULL,0,0,64,8,NULL]
01-26 03:31:21.562   892  2293 I am_proc_start: [0,22910,10129,com.google.android.apps.photos,broadcast,com.google.android.apps.photos/.actionqueue.SystemReceiver]
01-26 03:31:21.564   892  1594 I am_proc_died: [0,22540,com.htc.android.mail:sync]
01-26 03:31:21.588   892  1738 I am_proc_bound: [0,22910,com.google.android.apps.photos]
01-26 03:31:21.601 22683 22869 I aggregation: 1453750281601
01-26 03:31:21.713   892  1759 I am_proc_died: [0,22564,com.google.android.setupwizard]
01-26 03:31:22.091   892   892 I notification_cancel: [10129,22910,com.google.android.apps.photos,10436,NULL,0,0,64,8,NULL]
01-26 03:31:22.111   892  2293 I am_proc_start: [0,22969,10131,com.google.android.apps.plus,broadcast,com.google.android.apps.plus/com.google.android.libraries.social.autobackup.AutoBackupEnvironment$ConnectivityReceiver]
01-26 03:31:22.155   892  1570 I am_proc_start: [0,22994,10020,com.google.android.gms.unstable,service,com.google.android.gms/.droidguard.DroidGuardService]
01-26 03:31:22.156   892  1295 I am_proc_bound: [0,22969,com.google.android.apps.plus]
01-26 03:31:22.180   892  1295 I am_proc_bound: [0,22994,com.google.android.gms.unstable]
01-26 03:31:22.238   892  1571 I am_proc_start: [0,23022,10013,android.process.media,content provider,com.android.providers.media/.MediaProvider]
01-26 03:31:22.262   892  1295 I am_proc_bound: [0,23022,android.process.media]
01-26 03:31:22.296   892  2293 I am_proc_died: [0,22619,com.google.android.apps.magazines]
01-26 03:31:22.331   892   892 I notification_cancel: [10020,22994,com.google.android.gms,10436,NOT_LMP,0,0,64,8,NULL]
01-26 03:31:22.334   892   892 I notification_cancel: [10020,22994,com.google.android.gms,39789,NOT_LMP,0,0,64,8,NULL]
01-26 03:31:22.375   892  2293 I notification_cancel_all: [10013,23022,com.android.providers.downloads,0,0,64,9,NULL]
01-26 03:31:22.705   892  1622 I am_proc_start: [0,23071,10008,com.htc.bgp,broadcast,com.htc.flexnet/.AndroidIntentReceiver]
01-26 03:31:22.730   892  1594 I am_proc_bound: [0,23071,com.htc.bgp]
01-26 03:31:22.802   892   923 I am_proc_died: [0,22588,com.htc.updater]
01-26 03:31:22.977   892   923 I notification_cancel_all: [10013,23022,com.android.providers.downloads,0,0,64,9,NULL]
01-26 03:31:23.052   892  1267 I am_proc_start: [0,23129,10053,com.htc.android.mail:sync,broadcast,com.htc.android.mail/.eassvc.EASEventReceiver]
01-26 03:31:23.070   892  2293 I am_proc_bound: [0,23129,com.htc.android.mail:sync]
01-26 03:31:23.226   892  1595 I am_proc_start: [0,23178,10064,com.google.android.setupwizard,broadcast,com.google.android.setupwizard/.carrier.MobileConnectivityChangeReceiver]
01-26 03:31:23.248   892  1571 I am_proc_bound: [0,23178,com.google.android.setupwizard]
01-26 03:31:23.368   892  1267 I am_proc_start: [0,23211,10068,com.htc.updater,broadcast,com.htc.updater/.download.DownloadReceiver]
01-26 03:31:23.392   892  1571 I am_proc_bound: [0,23211,com.htc.updater]
01-26 03:31:23.412   892   912 I am_proc_died: [0,22641,com.htc.mobiledata]
01-26 03:31:23.493   892  1622 I am_proc_start: [0,23247,10122,com.google.android.apps.magazines,broadcast,com.google.android.apps.magazines/com.google.apps.dots.android.newsstand.appwidget.NewsWidgetProvider]
01-26 03:31:23.513   892  1594 I am_proc_bound: [0,23247,com.google.android.apps.magazines]
01-26 03:31:23.706   892  2039 I force_gc: Binder
01-26 03:31:23.941   892  1622 I am_proc_died: [0,20471,com.htc.mobiledata:remote]
01-26 03:31:24.087 23247 23247 I binder_sample: [android.content.pm.IPackageManager,2,123,com.google.android.apps.magazines,24]
01-26 03:31:24.092 23071 23071 I binder_sample: [android.app.IActivityManager,14,68,com.htc.bgp,13]
01-26 03:31:24.294   892  9714 I am_proc_start: [0,23370,1000,com.htc.htcpowermanager:remote,broadcast,com.htc.htcpowermanager/.PowerCommonReceiver]
01-26 03:31:24.312   892  1267 I am_proc_bound: [0,23370,com.htc.htcpowermanager:remote]
01-26 03:31:24.346   892   892 I notification_cancel: [1000,892,com.htc.smartdim,0,NULL,0,0,0,8,NULL]
01-26 03:31:24.444   892  1738 I notification_cancel_all: [10013,23022,com.android.providers.downloads,0,0,64,9,NULL]
01-26 03:31:24.529 22683 22869 I content_query_sample: [content://com.google.settings/partner,value,name=?,,7,com.google.android.gms,2]
01-26 03:31:25.367   892  1594 I binder_sample: [com.android.server.pm.PackageManagerService,71,538,execTransact,100]
01-26 03:31:25.947   892   892 I notification_enqueue: [10020,1992,com.google.android.gms,0,com.google.android.gms.auth.TokenNotificationManager:gftrss081@gmail.com:com.google,0,Notification(pri=0 contentView=null vibrate=null sound=null defaults=0x0 flags=0xa color=0x00000000 vis=PRIVATE),1]
01-26 03:31:25.948   892   892 I notification_skip_beep_vibrate: [0,0,0,0,0,1,0,1,0,0]
01-26 03:31:25.948   892   892 I notification_skip_light: [1,0,1,0,0]
01-26 03:31:26.130   892   892 I notification_enqueue: [10020,1992,com.google.android.gms,0,com.google.android.gms.auth.TokenNotificationManager:gftrss081@gmail.com:com.google,0,Notification(pri=0 contentView=null vibrate=null sound=null defaults=0x0 flags=0xa color=0x00000000 vis=PRIVATE),1]
01-26 03:31:26.132   892   892 I notification_skip_beep_vibrate: [0,0,0,0,0,1,0,1,0,0]
01-26 03:31:26.132   892   892 I notification_skip_light: [1,0,1,0,0]
01-26 03:31:26.147   892  1038 I netstats_mobile_sample: [198813919,218849,19978005,175046,198820639,218893,20014932,175288,198820639,218893,20008212,175244,-1]
01-26 03:31:26.147   892  1038 I netstats_wifi_sample: [69898299,102361,7717523,78132,68400194,101228,6687736,73362,67779335,98941,6682680,73314,-1]
01-26 03:31:26.189   892  1594 I am_proc_start: [0,23494,10007,com.htc.calendar,broadcast,com.htc.calendar/.ProviderChangeReceiver]
01-26 03:31:26.205   892   892 I notification_cancel: [10015,1153,com.android.systemui,100,low_battery,-1,0,64,8,NULL]
01-26 03:31:26.205   892   892 I notification_cancel: [10015,1153,com.android.systemui,2130838302,power_saver,-1,0,64,8,NULL]
01-26 03:31:26.217   892  1622 I am_proc_bound: [0,23494,com.htc.calendar]
01-26 03:31:26.291   892  1594 I am_proc_died: [0,23370,com.htc.htcpowermanager:remote]
01-26 03:31:26.415   892   892 I notification_cancel: [10007,23494,com.htc.calendar,1,NULL,0,0,64,8,NULL]
01-26 03:31:26.421  8852 23492 I content_query_sample: [content://icc/phonebook/subId/1,name/number/hidden/recordNumber/number1/number2/emails,,,230,com.android.providers.contacts,47]
01-26 03:31:26.472 22683 23481 I content_update_sample: [content://com.google.android.gms.icing.proxy/contacts,update,delta,442,com.google.android.gms,89]
01-26 03:31:26.493  1623  1885 I content_query_sample: Binder:1623, Query uri:content://mms-sms/conversations?FromThreadTable=true, selection:null, selectionArgs:null
01-26 03:31:26.530 23129 23191 I content_query_sample: [content://mail/mailboxs,_shortname/_decodename/_serverid/_parentid/_type/_synckey/_enablesync/_default_sync,_account='1',,3,com.htc.android.mail,1]
01-26 03:31:26.538   892  1622 I am_proc_start: [0,23550,1000,com.android.settings,broadcast,com.android.settings/.framework.app.HtcSystemReceiver]
01-26 03:31:26.560   892  1622 I am_proc_bound: [0,23550,com.android.settings]
01-26 03:31:26.568  1992 23529 I c2dm    : [-2,NULL,1,1]
01-26 03:31:26.605   892  2395 I force_gc: Binder
01-26 03:31:26.637   892   892 I notification_cancel: [1000,23550,com.android.settings,17301624,NULL,0,0,0,8,NULL]
01-26 03:31:26.644   892  9714 I am_proc_died: [0,23022,android.process.media]
01-26 03:31:26.658  1623  2086 I content_query_sample: Binder:22683, Query uri:content://sms, selection:null, selectionArgs:null
01-26 03:31:26.670  1623 23011 I content_query_sample: Binder:22683, Query uri:content://mms, selection:null, selectionArgs:null
01-26 03:31:26.680  1992 23575 I c2dm    : [3,NULL,1,1]
01-26 03:31:26.683  1992 23575 I gtalk_heartbeat_reset: [1680,64.233.188.188:5228]
01-26 03:31:26.685  1992 23575 I gtalk_connection: 0
01-26 03:31:26.714  1623  2217 I content_query_sample: Binder:22683, Query uri:content://sms/28, selection:null, selectionArgs:null
01-26 03:31:26.720  1992 23575 I c2dm    : [7,,1,1]
01-26 03:31:26.724  1623  1644 I content_query_sample: Binder:22683, Query uri:content://sms/40, selection:null, selectionArgs:null
01-26 03:31:26.740  1623 10406 I content_query_sample: Binder:22683, Query uri:content://sms, selection:_id > ?, selectionArgs:[Ljava.lang.String;@3684b5fb
01-26 03:31:26.751  1623  2220 I content_query_sample: Binder:22683, Query uri:content://sms, selection:_id > ?, selectionArgs:[Ljava.lang.String;@2499b871
01-26 03:31:26.762  1623  2216 I content_query_sample: Binder:22683, Query uri:content://mms, selection:_id > ?, selectionArgs:[Ljava.lang.String;@295eb6d7
01-26 03:31:27.242   892   923 I am_proc_died: [0,23071,com.htc.bgp]
01-26 03:31:27.431   892   926 I am_proc_start: [0,23644,10063,com.htc.mms.backupagent,broadcast,com.htc.mms.backupagent/.SMSBroadcastReceiver]
01-26 03:31:27.469   892   912 I am_proc_bound: [0,23644,com.htc.mms.backupagent]
01-26 03:31:28.676   892   912 I am_proc_died: [0,23211,com.htc.updater]
01-26 03:31:31.432   892   926 I am_proc_start: [0,23775,10069,com.google.android.googlequicksearchbox:search,broadcast,com.google.android.googlequicksearchbox/com.google.android.apps.gsa.search.core.GmsPackageWatcher]
01-26 03:31:31.470   892  1594 I am_proc_bound: [0,23775,com.google.android.googlequicksearchbox:search]
01-26 03:31:31.714   892   913 I am_proc_died: [0,23247,com.google.android.apps.magazines]
01-26 03:31:32.072   892   912 I am_proc_died: [0,22879,com.android.chrome]
01-26 03:31:32.072   892   892 I backup_transport_lifecycle: [com.google.android.gms/.backup.BackupTransportService,1]
01-26 03:31:32.079   892   892 I notification_cancel: [10020,1992,com.google.android.gms,1,com.google.android.backup.notification.tag,0,0,64,8,NULL]
01-26 03:31:32.253   892  1570 I am_proc_start: [0,23855,10059,com.android.vending,broadcast,com.android.vending/com.google.android.finsky.receivers.PackageMonitorReceiver$RegisteredReceiver]
01-26 03:31:32.259   892   892 I notification_cancel: [10103,17854,com.google.android.talk,8,com.google.android.talk:gmscore,0,0,64,8,NULL]
01-26 03:31:32.273   892  1622 I am_proc_bound: [0,23855,com.android.vending]
01-26 03:31:32.352   892   913 I am_proc_died: [0,22969,com.google.android.apps.plus]
01-26 03:31:32.600   892   892 I notification_cancel: [10059,23855,com.android.vending,-1050172287,NULL,0,0,64,8,NULL]
01-26 03:31:32.689   892  2293 I am_proc_start: [0,23901,10013,android.process.media,content provider,com.android.providers.downloads/.DownloadProvider]
01-26 03:31:32.700   892  9714 I am_proc_died: [0,22910,com.google.android.apps.photos]
01-26 03:31:32.741   892  1595 I am_proc_bound: [0,23901,android.process.media]
01-26 03:31:32.775   892  1738 I am_proc_start: [0,23926,10131,com.google.android.apps.plus,broadcast,com.google.android.apps.plus/.service.PackagesMediaMonitor]
01-26 03:31:32.795   892  1571 I am_proc_bound: [0,23926,com.google.android.apps.plus]
01-26 03:31:32.891   892  2364 I notification_cancel_all: [10013,23901,com.android.providers.downloads,0,0,64,9,NULL]
01-26 03:31:32.922   892  1595 I am_proc_died: [0,23494,com.htc.calendar]
01-26 03:31:33.036  1992  4539 I force_gc: Binder
01-26 03:31:33.217   892  1595 I am_proc_start: [0,23979,10023,com.google.android.partnersetup,content provider,com.google.android.partnersetup/.RlzAppProvider]
01-26 03:31:33.256   892  1295 I am_proc_bound: [0,23979,com.google.android.partnersetup]
01-26 03:31:33.273 23775 23923 I content_update_sample: [content://com.google.android.googlequicksearchbox.icing/applications,update,com.google.android.gms,517,com.google.android.googlequicksearchbox,100]
01-26 03:31:33.632   892   913 I am_proc_died: [0,23178,com.google.android.setupwizard]
01-26 03:31:34.413   892  1571 I am_proc_died: [0,23550,com.android.settings]
01-26 03:31:36.190   892   892 I notification_cancel: [10015,1153,com.android.systemui,100,low_battery,-1,0,64,8,NULL]
01-26 03:31:36.192   892   892 I notification_cancel: [10015,1153,com.android.systemui,2130838302,power_saver,-1,0,64,8,NULL]
01-26 03:31:36.508   892  9714 I am_proc_start: [0,24057,10041,com.htc.mobiledata,content provider,com.htc.mobiledata/.MobileDataProvider]
01-26 03:31:36.681   892  1595 I am_proc_start: [0,24081,10008,com.htc.bgp,broadcast,com.htc.flexnet/.AndroidIntentReceiver]
01-26 03:31:36.682   892  1594 I am_proc_bound: [0,24057,com.htc.mobiledata]
01-26 03:31:36.686   892  2568 I force_gc: Binder
01-26 03:31:36.898   892  1570 I am_proc_bound: [0,24081,com.htc.bgp]
01-26 03:31:36.898 24057 24057 I binder_sample: [android.app.IActivityManager,29,210,<pre-initialized>,42]
01-26 03:31:37.006   892  9714 I binder_sample: [com.android.server.am.ActivityManagerService,29,537,execTransact,100]
01-26 03:31:37.160   892   913 I am_proc_start: [0,24118,10041,com.htc.mobiledata:remote,service,com.htc.mobiledata/.MobileDataService]
01-26 03:31:37.161 24081 24081 I binder_sample: [android.app.IActivityManager,29,32,com.htc.bgp,6]
01-26 03:31:37.177   892  1622 I am_proc_bound: [0,24118,com.htc.mobiledata:remote]
01-26 03:31:37.359 24081 24081 I content_query_sample: [content://single_customization_settings/SettingTable/application_Calendar,,,,196,com.htc.flexnet,40]
01-26 03:31:37.359 24081 24081 I content_query_sample: [content://customization_settings/SettingTable/application_Calendar,,,,231,com.htc.flexnet,47]
01-26 03:31:37.783   892  1295 I am_proc_start: [0,24154,10020,com.google.android.gms:car,service,com.google.android.gms/.car.CarService]
01-26 03:31:37.830   892  9714 I am_proc_bound: [0,24154,com.google.android.gms:car]
01-26 03:31:37.947   892   892 I notification_cancel: [10020,24154,com.google.android.gms,10436,NOT_LMP,0,0,64,8,NULL]
01-26 03:31:37.947   892   892 I notification_cancel: [10020,24154,com.google.android.gms,39789,NOT_LMP,0,0,64,8,NULL]
01-26 03:31:37.972   892  1571 I am_proc_died: [0,22994,com.google.android.gms.unstable]
01-26 03:31:38.032   892   892 I notification_enqueue: [10020,1992,com.google.android.gms,0,com.google.android.gms.auth.TokenNotificationManager:gftrss081@gmail.com:com.google,0,Notification(pri=0 contentView=null vibrate=null sound=null defaults=0x0 flags=0xa color=0x00000000 vis=PRIVATE),1]
01-26 03:31:38.034   892   892 I notification_skip_beep_vibrate: [0,0,0,0,0,1,0,1,0,0]
01-26 03:31:38.034   892   892 I notification_skip_light: [1,0,1,0,0]
01-26 03:31:38.208   892  1267 I am_proc_died: [0,23644,com.htc.mms.backupagent]
01-26 03:31:38.422   892   892 I notification_cancel: [10020,24154,com.google.android.gms,10436,NULL,0,0,64,8,NULL]
01-26 03:31:38.463   892   892 I notification_cancel: [10059,23855,com.android.vending,10436,NULL,0,0,64,8,NULL]
01-26 03:31:38.522   892  1622 I am_proc_died: [0,23775,com.google.android.googlequicksearchbox:search]
01-26 03:31:38.554   892   926 I am_proc_start: [0,24224,10007,com.htc.calendar,broadcast,com.htc.calendar/.ProviderChangeReceiver]
01-26 03:31:38.576   892  1759 I am_proc_bound: [0,24224,com.htc.calendar]
01-26 03:31:38.620   892   892 I notification_cancel: [10007,24224,com.htc.calendar,1,NULL,0,0,64,8,NULL]
01-26 03:31:40.375  1623  1623 I binder_sample: [com.android.internal.telephony.ITelephonyRegistry,10,43,com.android.phone,8]
01-26 03:31:46.134   892   892 I notification_cancel: [10044,21810,com.htc.sense.hsp,2131361907,NULL,0,0,64,8,NULL]
01-26 03:31:46.189   892   892 I notification_cancel: [10015,1153,com.android.systemui,100,low_battery,-1,0,64,8,NULL]
01-26 03:31:46.189   892   892 I notification_cancel: [10015,1153,com.android.systemui,2130838302,power_saver,-1,0,64,8,NULL]
01-26 03:31:46.241   892   926 I am_proc_start: [0,24327,1000,com.android.settings,broadcast,com.android.settings/.framework.app.HtcSystemReceiver]
01-26 03:31:46.252   892  2364 I am_proc_bound: [0,24327,com.android.settings]
01-26 03:31:46.331   892   913 I am_proc_died: [0,23901,android.process.media]
01-26 03:31:46.344   892   892 I notification_cancel: [1000,24327,com.android.settings,17301624,NULL,0,0,0,8,NULL]
01-26 03:31:47.236   892   892 I free_storage_changed: 6428983296
01-26 03:31:47.556   892  1295 I am_home_stack_moved: [0,0,1,1,startingNewTask]
01-26 03:31:47.556   892  1295 I wm_task_moved: [1637,1,10]
01-26 03:31:47.569   892  1295 I am_create_task: [0,1638]
01-26 03:31:47.569   892  1295 I am_create_activity: [0,406130964,1638,com.android.phone/.dualsim.DualNetworkSettingsPreference,android.intent.action.MAIN,NULL,NULL,268435456]
01-26 03:31:47.570   892  1295 I wm_task_created: [1638,1]
01-26 03:31:47.570   892  1295 I wm_task_moved: [1638,1,11]
01-26 03:31:47.594   892  1295 I am_pause_activity: [0,650923830,com.mediatek.connectivity/.CdsRadioInfoActivity]
01-26 03:31:47.596  1623  1623 I am_on_paused_called: [0,com.mediatek.connectivity.CdsRadioInfoActivity]
01-26 03:31:47.597   892  1295 I am_home_stack_moved: [0,0,1,1,startedActivity setFocusedActivity]
01-26 03:31:47.600   892  1295 I am_focused_activity: [0,com.android.phone/.dualsim.DualNetworkSettingsPreference]
01-26 03:31:47.607   892  1571 I am_restart_activity: [0,406130964,1638,com.android.phone/.dualsim.DualNetworkSettingsPreference]
01-26 03:31:47.610   892  1571 I am_focused_activity: [0,com.android.phone/.dualsim.DualNetworkSettingsPreference]
01-26 03:31:47.693   892  1622 I am_proc_died: [0,23926,com.google.android.apps.plus]
01-26 03:31:47.927  1623  1623 I am_on_resume_called: [0,com.android.phone.dualsim.DualNetworkSettingsPreference]
01-26 03:31:48.681   892  2580 I force_gc: Binder
01-26 03:31:48.856   341   341 I sf_frame_dur: [com.mediatek.connectivity/com.mediatek.connectivity.CdsRadioInfoActivity,90,16,9,10,53,13,2]
01-26 03:31:48.937   892   932 I am_activity_launch_time: [0,406130964,com.android.phone/.dualsim.DualNetworkSettingsPreference,1333,1333]
01-26 03:31:49.109   341   341 I sf_frame_dur: [Starting com.android.phone,0,0,0,0,1,0,0]
01-26 03:31:50.654   892   912 I am_finish_activity: [0,406130964,1638,com.android.phone/.dualsim.DualNetworkSettingsPreference,app-request]
01-26 03:31:50.655   892   912 I am_home_stack_moved: [0,0,1,1,finishActivity adjustTopFocus setFocusedActivity]
01-26 03:31:50.657   892   912 I am_focused_activity: [0,com.mediatek.connectivity/.CdsRadioInfoActivity]
01-26 03:31:50.685   892   912 I am_pause_activity: [0,406130964,com.android.phone/.dualsim.DualNetworkSettingsPreference]
01-26 03:31:50.688  1623  1623 I am_on_paused_called: [0,com.android.phone.dualsim.DualNetworkSettingsPreference]
01-26 03:31:50.693   892  1759 I am_resume_activity: [0,650923830,1637,com.mediatek.connectivity/.CdsRadioInfoActivity]
01-26 03:31:50.697   892  1759 I am_focused_activity: [0,com.mediatek.connectivity/.CdsRadioInfoActivity]
01-26 03:31:50.711  1623  1623 I am_on_resume_called: [0,com.mediatek.connectivity.CdsRadioInfoActivity]
01-26 03:31:51.047   892   926 I am_destroy_activity: [0,406130964,1638,com.android.phone/.dualsim.DualNetworkSettingsPreference,finish-imm]
01-26 03:31:51.063   341   341 I sf_frame_dur: [com.android.phone/com.android.phone.dualsim.DualNetworkSettingsPreference,11,2,1,2,0,0,0]
01-26 03:31:51.068   892  1570 I wm_task_removed: [1638,removeAppToken: last token]
01-26 03:31:51.069   892  1570 I wm_task_removed: [1638,removeTask]
01-26 03:31:51.349   892  1570 I am_finish_activity: [0,650923830,1637,com.mediatek.connectivity/.CdsRadioInfoActivity,app-request]
01-26 03:31:51.351   892  1570 I am_home_stack_moved: [0,0,1,1,finishActivity adjustTopFocus setFocusedActivity]
01-26 03:31:51.352   892  1570 I am_focused_activity: [0,com.mediatek.connectivity/.CdsRadioMenuActivity]
01-26 03:31:51.353   892  1570 I am_pause_activity: [0,650923830,com.mediatek.connectivity/.CdsRadioInfoActivity]
01-26 03:31:51.356  1623  1623 I am_on_paused_called: [0,com.mediatek.connectivity.CdsRadioInfoActivity]
01-26 03:31:51.359   892  1267 I am_resume_activity: [0,481773523,1637,com.mediatek.connectivity/.CdsRadioMenuActivity]
01-26 03:31:51.362   892  1267 I am_focused_activity: [0,com.mediatek.connectivity/.CdsRadioMenuActivity]
01-26 03:31:51.382  1623  1623 I am_on_resume_called: [0,com.mediatek.connectivity.CdsRadioMenuActivity]
01-26 03:31:51.432   892  1570 I am_proc_died: [0,23979,com.google.android.partnersetup]
01-26 03:31:51.715   892   926 I am_destroy_activity: [0,650923830,1637,com.mediatek.connectivity/.CdsRadioInfoActivity,finish-imm]
01-26 03:31:51.737   341   341 I sf_frame_dur: [com.mediatek.connectivity/com.mediatek.connectivity.CdsRadioInfoActivity,0,0,1,0,0,0,0]
01-26 03:31:52.025   892  9715 I am_finish_activity: [0,481773523,1637,com.mediatek.connectivity/.CdsRadioMenuActivity,app-request]
01-26 03:31:52.029   892  9715 I am_home_stack_moved: [0,0,1,1,finishActivity adjustTopFocus setFocusedActivity]
01-26 03:31:52.034   892  9715 I am_focused_activity: [0,com.facebook.katana/com.facebook.composer.activity.ComposerActivity]
01-26 03:31:52.086   892  9715 I am_pause_activity: [0,481773523,com.mediatek.connectivity/.CdsRadioMenuActivity]
01-26 03:31:52.092  1623  1623 I am_on_paused_called: [0,com.mediatek.connectivity.CdsRadioMenuActivity]
01-26 03:31:52.144   892   912 I am_resume_activity: [0,128451104,775,com.facebook.katana/com.facebook.composer.activity.ComposerActivity]
01-26 03:31:52.159   892   912 I am_focused_activity: [0,com.facebook.katana/com.facebook.composer.activity.ComposerActivity]
01-26 03:31:52.162  1623  1623 I binder_sample: [android.app.IActivityManager,19,70,com.android.phone,14]
01-26 03:31:52.206  6455  6455 I am_on_resume_called: [0,com.facebook.composer.activity.ComposerActivity]
01-26 03:31:52.264   892   892 I notification_cancel: [10092,6455,com.facebook.katana,714499313,com.facebook.rti.mqtt.common.analytics.MqttDiagnosticNotification,0,0,64,8,NULL]
01-26 03:31:52.472   892   892 I notification_cancel: [10092,6455,com.facebook.katana,714499313,com.facebook.rti.mqtt.common.analytics.MqttDiagnosticNotification,0,0,64,8,NULL]
01-26 03:31:52.582   892   926 I am_destroy_activity: [0,481773523,1637,com.mediatek.connectivity/.CdsRadioMenuActivity,finish-imm]
01-26 03:31:52.619   892   912 I wm_task_removed: [1637,removeAppToken: last token]
01-26 03:31:52.619   892   912 I wm_task_removed: [1637,removeTask]
01-26 03:31:53.284   892  1622 I am_home_stack_moved: [0,0,1,1,startingNewTask]
01-26 03:31:53.284   892  1622 I wm_task_moved: [775,1,9]
01-26 03:31:53.288   892  1622 I am_create_task: [0,1639]
01-26 03:31:53.288   892  1622 I am_create_activity: [0,222187377,1639,com.android.phone/.dualsim.DualSetting,android.intent.action.MAIN,NULL,NULL,268435456]
01-26 03:31:53.289   892  1622 I wm_task_created: [1639,1]
01-26 03:31:53.289   892  1622 I wm_task_moved: [1639,1,10]
01-26 03:31:53.309   892  1622 I am_pause_activity: [0,128451104,com.facebook.katana/com.facebook.composer.activity.ComposerActivity]
01-26 03:31:53.330   892  1622 I am_home_stack_moved: [0,0,1,1,startedActivity setFocusedActivity]
01-26 03:31:53.333   892  1622 I am_focused_activity: [0,com.android.phone/.dualsim.DualSetting]
01-26 03:31:53.336  6455  6455 I am_on_paused_called: [0,com.facebook.composer.activity.ComposerActivity]
01-26 03:31:53.367   892  9714 I am_restart_activity: [0,222187377,1639,com.android.phone/.dualsim.DualSetting]
01-26 03:31:53.406   892  9714 I am_focused_activity: [0,com.android.phone/.dualsim.DualSetting]
