01-26 06:32:54.765   341   341 I sf_frame_dur: [com.mediatek.connectivity/com.mediatek.connectivity.CdsRadioInfoActivity,16,2,2,0,1,0,0]
01-26 06:32:54.985 17161 17266 I google_http_request: [2309,204,com.google.android.youtube/10.49.59,1]
01-26 06:32:55.071   892  1295 I am_finish_activity: [0,438586102,1832,com.mediatek.connectivity/.CdsRadioMenuActivity,app-request]
01-26 06:32:55.075   892  1295 I am_home_stack_moved: [0,0,1,1,finishActivity adjustTopFocus setFocusedActivity]
01-26 06:32:55.080   892  1295 I am_focused_activity: [0,com.google.android.youtube/com.google.android.apps.youtube.app.WatchWhileActivity]
01-26 06:32:55.134   892  1295 I am_pause_activity: [0,438586102,com.mediatek.connectivity/.CdsRadioMenuActivity]
01-26 06:32:55.138  1623  1623 I am_on_paused_called: [0,com.mediatek.connectivity.CdsRadioMenuActivity]
01-26 06:32:55.152   892   913 I am_resume_activity: [0,513480882,1833,com.google.android.youtube/com.google.android.apps.youtube.app.WatchWhileActivity]
01-26 06:32:55.157   892   913 I am_focused_activity: [0,com.google.android.youtube/com.google.android.apps.youtube.app.WatchWhileActivity]
01-26 06:32:55.205   892   892 I notification_cancel: [10138,17161,com.google.android.youtube,1005,NULL,0,0,64,8,NULL]
01-26 06:32:55.209   892   892 I notification_cancel: [10138,17161,com.google.android.youtube,4,NULL,0,0,64,8,NULL]
01-26 06:32:55.213 17161 17161 I am_on_resume_called: [0,com.google.android.apps.youtube.app.WatchWhileActivity]
01-26 06:32:55.541   892   926 I am_destroy_activity: [0,438586102,1832,com.mediatek.connectivity/.CdsRadioMenuActivity,finish-imm]
01-26 06:32:55.553   892   913 I wm_task_removed: [1832,removeAppToken: last token]
01-26 06:32:55.553   892   913 I wm_task_removed: [1832,removeTask]
01-26 06:32:55.555   341   341 I sf_frame_dur: [com.mediatek.connectivity/com.mediatek.connectivity.CdsRadioMenuActivity,0,0,0,0,1,0,0]
01-26 06:32:55.809   892  9715 I am_finish_activity: [0,513480882,1833,com.google.android.youtube/com.google.android.apps.youtube.app.WatchWhileActivity,app-request]
01-26 06:32:55.811   892  9715 I am_home_stack_moved: [0,0,1,1,finishActivity adjustTopFocus setFocusedActivity]
01-26 06:32:55.813   892  9715 I am_focused_activity: [0,com.htc.camera/.CameraEntry]
01-26 06:32:55.831   892  9715 I am_pause_activity: [0,513480882,com.google.android.youtube/com.google.android.apps.youtube.app.WatchWhileActivity]
01-26 06:32:55.853 17161 17161 I am_on_paused_called: [0,com.google.android.apps.youtube.app.WatchWhileActivity]
01-26 06:32:55.892   892  1738 I configuration_changed: 1152
01-26 06:32:55.929   892  1738 I am_resume_activity: [0,771717583,1830,com.htc.camera/.CameraEntry]
01-26 06:32:55.935   892  1738 I am_focused_activity: [0,com.htc.camera/.CameraEntry]
01-26 06:32:55.991 11813 11813 I am_on_resume_called: [0,com.htc.camera.CameraEntry]
01-26 06:32:56.101   892  1594 I am_proc_start: [0,18715,10024,com.htc.mediamanager,content provider,com.htc.album/com.htc.mediamanager.providers.media.MediaManagerProvider]
01-26 06:32:56.214   892  1571 I am_proc_bound: [0,18715,com.htc.mediamanager]
01-26 06:32:56.297   341   427 I sf_frame_dur: [com.google.android.youtube/com.google.android.apps.youtube.app.WatchWhileActivity,14,0,2,0,1,0,0]
01-26 06:32:56.319   892  1295 I am_destroy_activity: [0,513480882,1833,com.google.android.youtube/com.google.android.apps.youtube.app.WatchWhileActivity,finish-imm]
01-26 06:32:56.344   892  1738 I am_home_stack_moved: [0,0,1,1,startingNewTask]
01-26 06:32:56.347   892  1738 I wm_task_moved: [1833,1,11]
01-26 06:32:56.351   892  1738 I am_create_task: [0,1834]
01-26 06:32:56.351   892  1738 I am_create_activity: [0,215724059,1834,com.mediatek.connectivity/.CdsRadioMenuActivity,android.intent.action.MAIN,NULL,NULL,268435456]
01-26 06:32:56.354   892  1738 I wm_task_created: [1834,1]
01-26 06:32:56.354   892  1738 I wm_task_moved: [1834,1,12]
01-26 06:32:56.389   892  1738 I am_pause_activity: [0,771717583,com.htc.camera/.CameraEntry]
01-26 06:32:56.394   892  1738 I am_home_stack_moved: [0,0,1,1,startedActivity setFocusedActivity]
01-26 06:32:56.398   892  1738 I am_focused_activity: [0,com.mediatek.connectivity/.CdsRadioMenuActivity]
01-26 06:32:56.407   892  1622 I am_proc_died: [0,15531,com.htc.android.mail:sync]
01-26 06:32:56.431   892   892 I notification_cancel: [10015,1153,com.android.systemui,100,low_battery,-1,0,64,8,NULL]
01-26 06:32:56.431   892   892 I notification_cancel: [10015,1153,com.android.systemui,2130838302,power_saver,-1,0,64,8,NULL]
01-26 06:32:56.461   892  1622 I wm_task_removed: [1833,removeAppToken: last token]
01-26 06:32:56.461   892  1622 I wm_task_removed: [1833,removeTask]
01-26 06:32:56.689   892  1594 I binder_sample: [com.android.server.am.ActivityManagerService,29,657,execTransact,100]
01-26 06:32:56.762   892  1570 I am_proc_died: [0,16476,com.google.android.music:main]
01-26 06:32:56.876   892  9715 I am_proc_start: [0,18772,10013,android.process.media,content provider,com.android.providers.media/.MediaProvider]
01-26 06:32:56.921   892   926 I configuration_changed: 1152
01-26 06:32:56.980   892   926 I am_restart_activity: [0,215724059,1834,com.mediatek.connectivity/.CdsRadioMenuActivity]
01-26 06:32:56.983   892   926 I am_focused_activity: [0,com.mediatek.connectivity/.CdsRadioMenuActivity]
01-26 06:32:56.984   892  1622 I am_proc_bound: [0,18772,android.process.media]
01-26 06:32:57.022   892  2364 I am_proc_died: [0,15823,com.google.android.gm]
01-26 06:32:57.087  1623  1623 I am_on_resume_called: [0,com.mediatek.connectivity.CdsRadioMenuActivity]
01-26 06:32:57.137   892  1759 I notification_cancel_all: [10013,18772,com.android.providers.downloads,0,0,64,9,NULL]
01-26 06:32:57.153   892  1622 I am_proc_died: [0,16691,com.google.android.setupwizard]
01-26 06:32:57.254   892   932 I am_activity_launch_time: [0,215724059,com.mediatek.connectivity/.CdsRadioMenuActivity,361,361]
01-26 06:32:57.503 11813 11813 I am_on_paused_called: [0,com.htc.camera.CameraEntry]
01-26 06:32:57.504   892  1595 I am_failed_to_pause: [0,771717583,com.htc.camera/.CameraEntry,(none)]
01-26 06:32:57.974   892  1595 I am_home_stack_moved: [0,0,1,1,sourceStackToFront]
01-26 06:32:57.974   892  1595 I wm_task_moved: [1834,1,11]
01-26 06:32:57.978   892  1595 I am_create_activity: [0,1038656811,1834,com.mediatek.connectivity/.CdsRadioInfoActivity,NULL,NULL,NULL,0]
01-26 06:32:57.978   892  1595 I am_pause_activity: [0,215724059,com.mediatek.connectivity/.CdsRadioMenuActivity]
01-26 06:32:57.981   892  1595 I am_home_stack_moved: [0,0,1,1,startedActivity setFocusedActivity]
01-26 06:32:57.983   892  1595 I am_focused_activity: [0,com.mediatek.connectivity/.CdsRadioInfoActivity]
01-26 06:32:57.987  1623  1623 I am_on_paused_called: [0,com.mediatek.connectivity.CdsRadioMenuActivity]
01-26 06:32:57.990   892  9715 I am_restart_activity: [0,1038656811,1834,com.mediatek.connectivity/.CdsRadioInfoActivity]
01-26 06:32:57.995   892  9715 I am_focused_activity: [0,com.mediatek.connectivity/.CdsRadioInfoActivity]
01-26 06:32:58.075  1623  1623 I am_on_resume_called: [0,com.mediatek.connectivity.CdsRadioInfoActivity]
01-26 06:32:58.247   892  1595 I am_proc_died: [0,15573,com.google.android.googlequicksearchbox:search]
01-26 06:32:58.249   892   932 I am_activity_launch_time: [0,1038656811,com.mediatek.connectivity/.CdsRadioInfoActivity,260,260]
01-26 06:32:58.285   341   341 I sf_frame_dur: [Starting com.mediatek.connectivity,1,0,0,0,0,0,0]
01-26 06:32:58.319   341   341 I sf_frame_dur: [com.mediatek.connectivity/com.mediatek.connectivity.CdsRadioMenuActivity,0,0,1,0,0,1,0]
01-26 06:33:01.665   892   923 I am_proc_died: [0,16556,com.htc.bgp]
01-26 06:33:01.741   892  2293 I binder_sample: [com.android.server.am.ActivityManagerService,2,300174,execTransact,100]
01-26 06:33:06.400   892   892 I notification_cancel: [10015,1153,com.android.systemui,100,low_battery,-1,0,64,8,NULL]
01-26 06:33:06.400   892   892 I notification_cancel: [10015,1153,com.android.systemui,2130838302,power_saver,-1,0,64,8,NULL]
01-26 06:33:09.843   341   341 I sf_frame_dur: [PopupWindow:1409968f,1,1,0,0,0,0,0]
01-26 06:33:15.688   341   341 I sf_frame_dur: [com.mediatek.connectivity/com.mediatek.connectivity.CdsRadioInfoActivity,11,0,0,0,1,1,0]
01-26 06:33:16.412   892   892 I notification_cancel: [10015,1153,com.android.systemui,100,low_battery,-1,0,64,8,NULL]
01-26 06:33:16.412   892   892 I notification_cancel: [10015,1153,com.android.systemui,2130838302,power_saver,-1,0,64,8,NULL]
01-26 06:33:19.290   892   892 I free_storage_changed: 6396985344
01-26 06:33:25.501   892  1570 I am_proc_died: [0,16805,com.htc.calendar]
01-26 06:33:36.131   892  1738 I am_home_stack_moved: [0,0,1,1,startingNewTask]
01-26 06:33:36.131   892  1738 I wm_task_moved: [1834,1,11]
01-26 06:33:36.135   892  1738 I am_create_task: [0,1835]
01-26 06:33:36.135   892  1738 I am_create_activity: [0,851826010,1835,com.htc.soundrecorder/.SoundRecorderBG,android.intent.action.MAIN,NULL,NULL,268435456]
01-26 06:33:36.136   892  1738 I wm_task_created: [1835,1]
01-26 06:33:36.136   892  1738 I wm_task_moved: [1835,1,12]
01-26 06:33:36.158   892  1738 I am_pause_activity: [0,1038656811,com.mediatek.connectivity/.CdsRadioInfoActivity]
01-26 06:33:36.159  1623  1623 I am_on_paused_called: [0,com.mediatek.connectivity.CdsRadioInfoActivity]
01-26 06:33:36.183   892  1738 I am_home_stack_moved: [0,0,1,1,startedActivity setFocusedActivity]
01-26 06:33:36.186   892  1738 I am_focused_activity: [0,com.htc.soundrecorder/.SoundRecorderBG]
01-26 06:33:36.218   892  1622 I am_proc_start: [0,19399,10046,com.htc.soundrecorder,activity,com.htc.soundrecorder/.SoundRecorderBG]
01-26 06:33:36.234   892  9714 I am_proc_bound: [0,19399,com.htc.soundrecorder]
01-26 06:33:36.241   892  9714 I am_restart_activity: [0,851826010,1835,com.htc.soundrecorder/.SoundRecorderBG]
01-26 06:33:36.254   892  9714 I am_focused_activity: [0,com.htc.soundrecorder/.SoundRecorderBG]
01-26 06:33:36.294   892   923 I am_proc_died: [0,15377,com.android.vending]
01-26 06:33:36.421   892   892 I notification_cancel: [10015,1153,com.android.systemui,100,low_battery,-1,0,64,8,NULL]
01-26 06:33:36.421   892   892 I notification_cancel: [10015,1153,com.android.systemui,2130838302,power_saver,-1,0,64,8,NULL]
01-26 06:33:36.512   341   341 I sf_frame_dur: [com.mediatek.connectivity/com.mediatek.connectivity.CdsRadioInfoActivity,83,16,2,6,46,12,0]
01-26 06:33:36.582   892  1759 I am_proc_died: [0,16423,com.android.settings]
01-26 06:33:36.598 19399 19399 I am_on_resume_called: [0,com.htc.soundrecorder.SoundRecorderBG]
01-26 06:33:36.752   892  1594 I am_proc_died: [0,16125,com.google.android.apps.plus]
01-26 06:33:36.757   892   932 I am_activity_launch_time: [0,851826010,com.htc.soundrecorder/.SoundRecorderBG,570,570]
01-26 06:33:36.798   341   341 I sf_frame_dur: [Starting com.htc.soundrecorder,0,0,1,0,0,0,0]
01-26 06:33:36.876   892   892 I notification_cancel: [10046,19399,com.htc.soundrecorder,1,NULL,0,0,64,8,NULL]
01-26 06:33:36.890   892   892 I notification_cancel: [10046,19399,com.htc.soundrecorder,2,NULL,0,0,64,8,NULL]
01-26 06:33:37.042   892  2364 I am_proc_died: [0,12155,com.htc.sense.hsp]
01-26 06:33:37.382   892  1738 I am_proc_died: [0,18391,com.htc.widget.hmsproc2]
01-26 06:33:39.472   892   892 I notification_cancel: [10046,19399,com.htc.soundrecorder,2,NULL,0,0,64,8,NULL]
01-26 06:33:39.639   892   892 I notification_cancel: [10046,19399,com.htc.soundrecorder,1,NULL,0,0,64,8,NULL]
01-26 06:33:39.687   892   892 I notification_enqueue: [10046,19399,com.htc.soundrecorder,1,NULL,0,Notification(pri=6 contentView=com.htc.soundrecorder/0x1090077 vibrate=null sound=null defaults=0x0 flags=0x42 color=0xff159a79 vis=PUBLIC features=0x1),0]
01-26 06:33:39.692   892   892 I notification_skip_beep_vibrate: [0,0,0,0,0,0,0,1,0,0]
01-26 06:33:39.692   892   892 I notification_skip_light: [1,0,1,0,0]
01-26 06:33:39.795   892   923 I notification_expansion: [0|com.htc.soundrecorder|1|null|10046,0,1]
01-26 06:33:39.795   892  1738 I notification_expansion: [0|com.facebook.katana|0|1453759330168071|10092,0,0]
01-26 06:33:44.083  1623  1623 I binder_sample: [com.android.internal.telephony.ITelephonyRegistry,10,78,com.android.phone,15]
01-26 06:33:46.428   892   892 I notification_cancel: [10015,1153,com.android.systemui,100,low_battery,-1,0,64,8,NULL]
01-26 06:33:46.428   892   892 I notification_cancel: [10015,1153,com.android.systemui,2130838302,power_saver,-1,0,64,8,NULL]
01-26 06:33:49.291   892   892 I free_storage_changed: 6381932544
01-26 06:33:54.612   892   913 I am_finish_activity: [0,851826010,1835,com.htc.soundrecorder/.SoundRecorderBG,app-request]
01-26 06:33:54.619   892   913 I am_home_stack_moved: [0,0,1,1,finishActivity adjustTopFocus setFocusedActivity]
01-26 06:33:54.624   892   913 I am_focused_activity: [0,com.mediatek.connectivity/.CdsRadioInfoActivity]
01-26 06:33:54.665   892   913 I am_pause_activity: [0,851826010,com.htc.soundrecorder/.SoundRecorderBG]
01-26 06:33:54.681 19399 19399 I am_on_paused_called: [0,com.htc.soundrecorder.SoundRecorderBG]
01-26 06:33:54.689   892  1738 I am_resume_activity: [0,1038656811,1834,com.mediatek.connectivity/.CdsRadioInfoActivity]
01-26 06:33:54.703   892  1738 I am_focused_activity: [0,com.mediatek.connectivity/.CdsRadioInfoActivity]
01-26 06:33:54.732  1623  1623 I am_on_resume_called: [0,com.mediatek.connectivity.CdsRadioInfoActivity]
01-26 06:33:55.082   892   926 I am_destroy_activity: [0,851826010,1835,com.htc.soundrecorder/.SoundRecorderBG,finish-imm]
01-26 06:33:55.094   341   341 I sf_frame_dur: [com.htc.soundrecorder/com.htc.soundrecorder.SoundRecorderBG,16,34,103,38,1,0,1]
01-26 06:33:55.105   892   923 I wm_task_removed: [1835,removeAppToken: last token]
01-26 06:33:55.105   892   923 I wm_task_removed: [1835,removeTask]
01-26 06:33:55.365   892  1622 I am_finish_activity: [0,1038656811,1834,com.mediatek.connectivity/.CdsRadioInfoActivity,app-request]
01-26 06:33:55.369   892  1622 I am_home_stack_moved: [0,0,1,1,finishActivity adjustTopFocus setFocusedActivity]
01-26 06:33:55.374   892  1622 I am_focused_activity: [0,com.mediatek.connectivity/.CdsRadioMenuActivity]
01-26 06:33:55.377   892  1622 I am_pause_activity: [0,1038656811,com.mediatek.connectivity/.CdsRadioInfoActivity]
01-26 06:33:55.383  1623  1623 I am_on_paused_called: [0,com.mediatek.connectivity.CdsRadioInfoActivity]
01-26 06:33:55.399   892  1571 I am_resume_activity: [0,215724059,1834,com.mediatek.connectivity/.CdsRadioMenuActivity]
01-26 06:33:55.403   892  1571 I am_focused_activity: [0,com.mediatek.connectivity/.CdsRadioMenuActivity]
01-26 06:33:55.406  1623  1623 I am_on_resume_called: [0,com.mediatek.connectivity.CdsRadioMenuActivity]
01-26 06:33:55.579   892   912 I am_proc_died: [0,15059,com.htc.sense.mms]
01-26 06:33:55.856   892   926 I am_destroy_activity: [0,1038656811,1834,com.mediatek.connectivity/.CdsRadioInfoActivity,finish-imm]
01-26 06:33:55.869   341   341 I sf_frame_dur: [com.mediatek.connectivity/com.mediatek.connectivity.CdsRadioInfoActivity,0,1,0,0,0,0,0]
01-26 06:33:56.055   892  1267 I am_finish_activity: [0,215724059,1834,com.mediatek.connectivity/.CdsRadioMenuActivity,app-request]
01-26 06:33:56.057   892  1267 I am_home_stack_moved: [0,0,1,1,finishActivity adjustTopFocus setFocusedActivity]
01-26 06:33:56.071   892  1267 I am_focused_activity: [0,com.htc.camera/.CameraEntry]
01-26 06:33:56.095   892  1267 I am_pause_activity: [0,215724059,com.mediatek.connectivity/.CdsRadioMenuActivity]
01-26 06:33:56.097  1623  1623 I am_on_paused_called: [0,com.mediatek.connectivity.CdsRadioMenuActivity]
01-26 06:33:56.139   892   912 I configuration_changed: 1152
01-26 06:33:56.196   892   912 I am_resume_activity: [0,771717583,1830,com.htc.camera/.CameraEntry]
01-26 06:33:56.202   892   912 I am_focused_activity: [0,com.htc.camera/.CameraEntry]
01-26 06:33:56.204  1623  1623 I binder_sample: [android.app.IActivityManager,19,107,com.android.phone,21]
01-26 06:33:56.313 11813 11813 I am_on_resume_called: [0,com.htc.camera.CameraEntry]
01-26 06:33:56.446   892   892 I notification_cancel: [10015,1153,com.android.systemui,100,low_battery,-1,0,64,8,NULL]
01-26 06:33:56.446   892   892 I notification_cancel: [10015,1153,com.android.systemui,2130838302,power_saver,-1,0,64,8,NULL]
01-26 06:33:56.464   892  9715 I am_proc_died: [0,18596,com.htc.sense.mms:mms]
01-26 06:33:56.481   892   892 I notification_cancel: [10046,19399,com.htc.soundrecorder,1,NULL,0,0,64,8,NULL]
01-26 06:33:56.484   892   892 I notification_cancel: [1000,892,com.htc.soundrecorder,1,NULL,0,0,0,8,NULL]
01-26 06:33:56.491   892   892 I notification_canceled: [0|com.htc.soundrecorder|1|null|10046,8]
01-26 06:33:56.491   892   892 I notification_light_decision: fully charge
01-26 06:33:56.492   892   892 I notification_light: [1,0xc800]
01-26 06:33:56.494   892   892 I notification_enqueue: [10046,19399,com.htc.soundrecorder,2,NULL,0,Notification(pri=6 contentView=null vibrate=null sound=null defaults=0x0 flags=0x10 color=0xff159a79 vis=PUBLIC features=0x1),0]
01-26 06:33:56.495   892   923 I notification_expansion: [0|com.facebook.katana|0|1453759330168071|10092,0,1]
01-26 06:33:56.496   892   892 I notification_skip_beep_vibrate: [0,0,0,0,0,0,0,1,0,0]
01-26 06:33:56.496   892   892 I notification_skip_light: [1,0,1,0,0]
01-26 06:33:56.568   892   913 I notification_expansion: [0|com.htc.soundrecorder|2|null|10046,0,1]
01-26 06:33:56.569   892  1267 I notification_expansion: [0|com.facebook.katana|0|1453759330168071|10092,0,0]
01-26 06:33:56.594   341   341 I sf_frame_dur: [com.mediatek.connectivity/com.mediatek.connectivity.CdsRadioMenuActivity,0,0,0,0,0,1,0]
01-26 06:33:56.655   892  1267 I am_destroy_activity: [0,215724059,1834,com.mediatek.connectivity/.CdsRadioMenuActivity,finish-imm]
01-26 06:33:56.666   892  1570 I wm_task_removed: [1834,removeAppToken: last token]
01-26 06:33:56.666   892  1570 I wm_task_removed: [1834,removeTask]
01-26 06:33:56.796   892  1570 I am_proc_died: [0,17161,com.google.android.youtube]
01-26 06:33:57.779 11813 11813 I binder_sample: [android.media.session.ISessionManager,4,16,com.htc.camera,3]
01-26 06:33:57.974   892  9714 I am_proc_died: [0,13443,com.google.android.gms]
01-26 06:33:58.027  1886  1935 I content_query_sample: [content://com.android.contacts/contacts/simple/list?limit=100,_id/display_name/starred/photo_id/has_phone_number/lookup/ext_account_Type/status_update_id/send_to_voicemail/vip/contact_presence/contact_chat_capability/sort_key/sort_key_alt/contact_is_read_only/single_is_restricted,in_visible_group=1,sort_key ASC,41,com.htc.contacts,9]
01-26 06:33:59.810   892   924 I am_proc_start: [0,19853,10044,com.htc.sense.hsp,service,com.htc.sense.hsp/.weather.location.AutoSettingService]
01-26 06:33:59.814  1992  1992 I binder_sample: [android.location.ILocationManager,32,60,com.google.android.gms.persistent,12]
01-26 06:33:59.831   892   923 I am_proc_bound: [0,19853,com.htc.sense.hsp]
01-26 06:34:00.123   892  1738 I am_proc_died: [0,15289,com.google.process.gapps]
01-26 06:34:00.505   892   892 I notification_cancel: [10044,19853,com.htc.sense.hsp,2131361907,NULL,0,0,64,8,NULL]
01-26 06:34:06.459   892   892 I notification_cancel: [10015,1153,com.android.systemui,100,low_battery,-1,0,64,8,NULL]
01-26 06:34:06.459   892   892 I notification_cancel: [10015,1153,com.android.systemui,2130838302,power_saver,-1,0,64,8,NULL]
01-26 06:34:16.402   892   892 I notification_cancel: [10015,1153,com.android.systemui,100,low_battery,-1,0,64,8,NULL]
01-26 06:34:16.408   892   892 I notification_cancel: [10015,1153,com.android.systemui,2130838302,power_saver,-1,0,64,8,NULL]
01-26 06:34:16.435   892   926 I am_proc_start: [0,20120,1000,com.android.settings,broadcast,com.android.settings/.framework.app.HtcSystemReceiver]
01-26 06:34:16.475   892  9715 I am_proc_bound: [0,20120,com.android.settings]
01-26 06:34:16.587   892   892 I notification_cancel: [1000,20120,com.android.settings,17301624,NULL,0,0,0,8,NULL]
01-26 06:34:19.293   892   892 I free_storage_changed: 6363566080
01-26 06:34:26.432   892   892 I notification_cancel: [10015,1153,com.android.systemui,100,low_battery,-1,0,64,8,NULL]
01-26 06:34:26.437   892   892 I notification_cancel: [10015,1153,com.android.systemui,2130838302,power_saver,-1,0,64,8,NULL]
01-26 06:34:26.524   892   892 I notification_cancel: [1000,20120,com.android.settings,17301624,NULL,0,0,0,8,NULL]
01-26 06:34:35.114   892  1295 I am_proc_died: [0,18715,com.htc.mediamanager]
01-26 06:34:36.420   892   892 I notification_cancel: [10015,1153,com.android.systemui,100,low_battery,-1,0,64,8,NULL]
01-26 06:34:36.424  1153  1153 I binder_sample: [android.app.INotificationManager,5,26,com.android.systemui,5]
01-26 06:34:36.424   892   892 I notification_cancel: [10015,1153,com.android.systemui,2130838302,power_saver,-1,0,64,8,NULL]
01-26 06:34:36.435   892   892 I notification_cancel: [1000,20120,com.android.settings,17301624,NULL,0,0,0,8,NULL]
01-26 06:34:46.102   892   913 I am_proc_died: [0,12109,com.htc.CruiserPwrExpert]
01-26 06:34:46.103   892   913 I am_schedule_service_restart: [0,com.htc.CruiserPwrExpert/.CruiserPwrExpertService,1000]
01-26 06:34:46.403   892   892 I notification_cancel: [10015,1153,com.android.systemui,100,low_battery,-1,0,64,8,NULL]
01-26 06:34:46.403   892   892 I notification_cancel: [10015,1153,com.android.systemui,2130838302,power_saver,-1,0,64,8,NULL]
01-26 06:34:46.415   892   892 I notification_cancel: [1000,20120,com.android.settings,17301624,NULL,0,0,0,8,NULL]
01-26 06:34:47.135   892   926 I am_proc_start: [0,20587,10084,com.htc.CruiserPwrExpert,service,com.htc.CruiserPwrExpert/.CruiserPwrExpertService]
01-26 06:34:47.148   892   913 I am_proc_bound: [0,20587,com.htc.CruiserPwrExpert]
01-26 06:34:48.223   892   923 I am_proc_died: [0,12183,org.simalliance.openmobileapi.service:remote]
01-26 06:34:48.224   892   923 I am_schedule_service_restart: [0,org.simalliance.openmobileapi.service/.SmartcardService,1000]
01-26 06:34:48.782   892  1021 I am_proc_start: [0,20628,10055,com.htc.sense.mms,service,com.htc.sense.mms/.transaction.TransactionService]
01-26 06:34:48.838   892  1594 I am_proc_bound: [0,20628,com.htc.sense.mms]
01-26 06:34:49.199   892  1622 I am_proc_start: [0,20654,10055,com.htc.sense.mms:mms,service,com.htc.sense.mms/com.htc.messaging.service.MmsService]
01-26 06:34:49.277   892   926 I am_proc_start: [0,20682,1000,org.simalliance.openmobileapi.service:remote,service,org.simalliance.openmobileapi.service/.SmartcardService]
01-26 06:34:49.277   892  1738 I am_proc_died: [0,12232,com.htc.QueryHTCServiceStates]
01-26 06:34:49.277   892  1738 I am_schedule_service_restart: [0,com.htc.QueryHTCServiceStates/.QueryHTCServiceStates,1000]
01-26 06:34:49.279   892   923 I am_proc_bound: [0,20654,com.htc.sense.mms:mms]
01-26 06:34:49.287  1623  2086 I content_query_sample: Binder:20628, Query uri:content://mms-sms/pending?protocol=mms, selection:err_type < ? AND due_time <= ?, selectionArgs:[Ljava.lang.String;@b2872df
01-26 06:34:49.297   892   892 I free_storage_changed: 6369857536
01-26 06:34:49.358   892   912 I am_proc_bound: [0,20682,org.simalliance.openmobileapi.service:remote]
01-26 06:34:49.482   892  1570 I am_proc_died: [0,18772,android.process.media]
01-26 06:34:50.332   892   926 I am_proc_start: [0,20718,1000,com.htc.QueryHTCServiceStates,service,com.htc.QueryHTCServiceStates/.QueryHTCServiceStates]
01-26 06:34:50.351   892  1595 I am_proc_bound: [0,20718,com.htc.QueryHTCServiceStates]
01-26 06:34:51.173  1623 31880 I content_query_sample: Binder:20628, Query uri:content://mms-sms-v2/rawQuery, selection:SELECT count(1) FROM sms WHERE date2 = 0, selectionArgs:null
01-26 06:34:51.179  1623  1644 I content_query_sample: Binder:20628, Query uri:content://mms-sms-v2/rawQuery, selection:select _id,msg_id from addr where (type = 129 or type = 130 or type = 151), selectionArgs:null
01-26 06:34:51.184  1623 21546 I content_query_sample: Binder:20628, Query uri:content://mms-sms-v2/rawQuery, selection:select count(1) from contact_threads where htc_category =1 or htc_category = 2, selectionArgs:null
01-26 06:34:51.205  1623 21544 I content_query_sample: Binder:20628, Query uri:content://mms/part, selection:null, selectionArgs:null
01-26 06:34:51.213  1623  2086 I content_query_sample: Binder:20628, Query uri:content://mms-sms-v2/rawQuery, selection:SELECT count(1) FROM pdu WHERE date2 = 0, selectionArgs:null
01-26 06:34:51.220  1623  1643 I content_query_sample: Binder:20628, Query uri:content://mms/thread-allreport, selection:thread_id>0 AND m_id!= "" AND (m_type = 128 or m_type = 134 or m_type = 136), selectionArgs:null
01-26 06:34:51.230  1623  2217 I content_query_sample: Binder:20628, Query uri:content://mms-sms-v2/rawQuery, selection:select count(1) from blocklist, selectionArgs:null
01-26 06:34:51.238  1623  2216 I content_query_sample: Binder:20628, Query uri:content://sms, selection:body Like 'BEGIN:VCARD%' AND thread_id > 0 , selectionArgs:null
01-26 06:34:51.266  1623  2220 I content_query_sample: Binder:20628, Query uri:content://mms-sms-v2/conversations?simple=true&formal=true&category=0, selection:null, selectionArgs:null
01-26 06:34:51.338  1623 21546 I content_query_sample: Binder:20628, Query uri:content://mms-sms/draft?category=0, selection:null, selectionArgs:null
01-26 06:34:51.345  1623 21544 I content_update_sample: Binder:20628, Update uri:content://mms, selection:st=129 AND m_type!=134, selectionArgs:null
01-26 06:34:51.501  1623 10406 I content_query_sample: Binder:20654, Query uri:content://mms-sms-v2/rawQuery, selection:SELECT count(1) FROM sms WHERE date2 = 0, selectionArgs:null
01-26 06:34:51.513  1623  2217 I content_query_sample: Binder:20654, Query uri:content://mms-sms-v2/rawQuery, selection:select count(1) from contact_threads where htc_category =1 or htc_category = 2, selectionArgs:null
01-26 06:34:51.525  1623 13398 I content_query_sample: Binder:20654, Query uri:content://mms-sms-v2/rawQuery, selection:select _id,msg_id from addr where (type = 129 or type = 130 or type = 151), selectionArgs:null
01-26 06:34:51.534  1623  2086 I content_query_sample: Binder:20654, Query uri:content://mms-sms-v2/rawQuery, selection:SELECT count(1) FROM pdu WHERE date2 = 0, selectionArgs:null
01-26 06:34:51.541  1623  2220 I content_query_sample: Binder:20654, Query uri:content://mms-sms-v2/rawQuery, selection:select count(1) from blocklist, selectionArgs:null
01-26 06:34:51.549  1623  1644 I content_query_sample: Binder:20654, Query uri:content://mms/thread-allreport, selection:thread_id>0 AND m_id!= "" AND (m_type = 128 or m_type = 134 or m_type = 136), selectionArgs:null
01-26 06:34:51.563  1623  2217 I content_query_sample: Binder:20654, Query uri:content://mms-sms-v2/conversations?simple=true&formal=true&category=0, selection:null, selectionArgs:null
01-26 06:34:51.585  1623 31880 I content_query_sample: Binder:20654, Query uri:content://mms-sms/draft?category=0, selection:null, selectionArgs:null
01-26 06:34:51.623  1623  2216 I content_update_sample: Binder:20654, Update uri:content://mms, selection:st=129 AND m_type!=134, selectionArgs:null
01-26 06:34:51.629  1623  2086 I content_query_sample: Binder:20654, Query uri:content://mms-sms/draft?category=0, selection:null, selectionArgs:null
01-26 06:34:51.643  1623  2220 I content_query_sample: Binder:20654, Query uri:content://mms/part, selection:null, selectionArgs:null
01-26 06:34:51.659  1623 10406 I content_query_sample: Binder:20654, Query uri:content://sms, selection:body Like 'BEGIN:VCARD%' AND thread_id > 0 , selectionArgs:null
01-26 06:34:56.443   892   892 I notification_cancel: [10015,1153,com.android.systemui,100,low_battery,-1,0,64,8,NULL]
01-26 06:34:56.443   892   892 I notification_cancel: [10015,1153,com.android.systemui,2130838302,power_saver,-1,0,64,8,NULL]
01-26 06:34:56.466   892   892 I notification_cancel: [1000,20120,com.android.settings,17301624,NULL,0,0,0,8,NULL]
01-26 06:35:00.650   892   913 I am_proc_died: [0,19399,com.htc.soundrecorder]
01-26 06:35:06.393   892   892 I notification_cancel: [10015,1153,com.android.systemui,100,low_battery,-1,0,64,8,NULL]
01-26 06:35:06.393   892   892 I notification_cancel: [10015,1153,com.android.systemui,2130838302,power_saver,-1,0,64,8,NULL]
01-26 06:35:06.451   892   892 I notification_cancel: [1000,20120,com.android.settings,17301624,NULL,0,0,0,8,NULL]
01-26 06:35:16.415   892   892 I notification_cancel: [10015,1153,com.android.systemui,100,low_battery,-1,0,64,8,NULL]
01-26 06:35:16.420   892   892 I notification_cancel: [10015,1153,com.android.systemui,2130838302,power_saver,-1,0,64,8,NULL]
01-26 06:35:19.298   892   892 I free_storage_changed: 6353125376
01-26 06:35:21.368   892  1571 I am_home_stack_moved: [0,0,1,1,startingNewTask]
01-26 06:35:21.368   892  1571 I wm_task_moved: [1830,1,10]
01-26 06:35:21.371   892  1571 I am_create_task: [0,1836]
01-26 06:35:21.371   892  1571 I am_create_activity: [0,225951871,1836,com.mediatek.connectivity/.CdsRadioMenuActivity,android.intent.action.MAIN,NULL,NULL,268435456]
01-26 06:35:21.372   892  1571 I wm_task_created: [1836,1]
01-26 06:35:21.372   892  1571 I wm_task_moved: [1836,1,11]
01-26 06:35:21.400   892  1571 I am_pause_activity: [0,771717583,com.htc.camera/.CameraEntry]
01-26 06:35:21.432   892  1571 I am_home_stack_moved: [0,0,1,1,startedActivity setFocusedActivity]
01-26 06:35:21.436   892  1571 I am_focused_activity: [0,com.mediatek.connectivity/.CdsRadioMenuActivity]
01-26 06:35:21.861 11813 11813 I am_on_paused_called: [0,com.htc.camera.CameraEntry]
01-26 06:35:21.909   892  9714 I configuration_changed: 1152
01-26 06:35:21.956   892  9714 I am_restart_activity: [0,225951871,1836,com.mediatek.connectivity/.CdsRadioMenuActivity]
01-26 06:35:21.957   892  9714 I am_focused_activity: [0,com.mediatek.connectivity/.CdsRadioMenuActivity]
01-26 06:35:21.977   341   341 I sf_frame_dur: [com.htc.camera/com.htc.camera.CameraEntry,113,11,9,4,2,1,9]
01-26 06:35:22.010   341   341 I sf_frame_dur: [SurfaceView,1,32,734,63,1,0,0]
01-26 06:35:22.025  1623  1623 I am_on_resume_called: [0,com.mediatek.connectivity.CdsRadioMenuActivity]
01-26 06:35:22.164  1153  1153 I binder_sample: [android.view.IWindowSession,6,64,com.android.systemui,12]
01-26 06:35:22.183   892   932 I am_activity_launch_time: [0,225951871,com.mediatek.connectivity/.CdsRadioMenuActivity,321,321]
01-26 06:35:22.309   892   913 I am_finish_activity: [0,225951871,1836,com.mediatek.connectivity/.CdsRadioMenuActivity,app-request]
01-26 06:35:22.311   892   913 I am_home_stack_moved: [0,0,1,1,finishActivity adjustTopFocus setFocusedActivity]
01-26 06:35:22.314   892   913 I am_focused_activity: [0,com.htc.camera/.CameraEntry]
01-26 06:35:22.333   892   913 I am_pause_activity: [0,225951871,com.mediatek.connectivity/.CdsRadioMenuActivity]
01-26 06:35:22.334  1623  1623 I am_on_paused_called: [0,com.mediatek.connectivity.CdsRadioMenuActivity]
01-26 06:35:22.363   892   923 I configuration_changed: 1152
01-26 06:35:22.393   892   923 I am_resume_activity: [0,771717583,1830,com.htc.camera/.CameraEntry]
01-26 06:35:22.396   892   923 I am_focused_activity: [0,com.htc.camera/.CameraEntry]
01-26 06:35:22.448 11813 11813 I am_on_resume_called: [0,com.htc.camera.CameraEntry]
01-26 06:35:22.494   892   913 I am_proc_start: [0,21163,10024,com.htc.mediamanager,content provider,com.htc.album/com.htc.mediamanager.providers.media.MediaManagerProvider]
01-26 06:35:22.523   892  9715 I am_proc_bound: [0,21163,com.htc.mediamanager]
01-26 06:35:22.667   341   341 I sf_frame_dur: [com.mediatek.connectivity/com.mediatek.connectivity.CdsRadioMenuActivity,0,0,1,0,1,0,0]
01-26 06:35:22.796   892  1295 I am_destroy_activity: [0,225951871,1836,com.mediatek.connectivity/.CdsRadioMenuActivity,finish-imm]
01-26 06:35:22.810   892  1738 I wm_task_removed: [1836,removeAppToken: last token]
01-26 06:35:22.810   892  1738 I wm_task_removed: [1836,removeTask]
01-26 06:35:22.871   892   923 I am_proc_start: [0,21214,10013,android.process.media,content provider,com.android.providers.media/.MediaProvider]
01-26 06:35:22.908   892  1295 I am_proc_bound: [0,21214,android.process.media]
01-26 06:35:23.010   892  1738 I notification_cancel_all: [10013,21214,com.android.providers.downloads,0,0,64,9,NULL]
01-26 06:35:23.523   892  9714 I am_proc_died: [0,20628,com.htc.sense.mms]
01-26 06:35:24.239   892  1738 I am_finish_activity: [0,771717583,1830,com.htc.camera/.CameraEntry,app-request]
01-26 06:35:24.241   892  1738 I am_home_stack_moved: [0,0,1,1,finishActivity adjustTopFocus setFocusedActivity]
01-26 06:35:24.243   892  1738 I am_focused_activity: [0,com.facebook.katana/com.facebook.composer.activity.ComposerActivity]
01-26 06:35:24.266   892  1738 I am_pause_activity: [0,771717583,com.htc.camera/.CameraEntry]
01-26 06:35:24.726 11813 11813 I am_on_paused_called: [0,com.htc.camera.CameraEntry]
01-26 06:35:24.874   892  1594 I configuration_changed: 1152
01-26 06:35:24.896  1273  1273 I binder_sample: [android.hardware.display.IDisplayManager,1,6,com.google.android.googlequicksearchbox,1]
01-26 06:35:24.911  1374  1374 I binder_sample: [android.hardware.display.IDisplayManager,1,12,com.htc.sense.ime,2]
01-26 06:35:24.933   892  1594 I am_restart_activity: [0,128451104,775,com.facebook.katana/com.facebook.composer.activity.ComposerActivity]
01-26 06:35:24.936   892  1594 I am_focused_activity: [0,com.facebook.katana/com.facebook.composer.activity.ComposerActivity]
01-26 06:35:24.959   341   341 I sf_frame_dur: [com.htc.camera/com.htc.camera.CameraEntry,42,2,1,0,1,0,0]
01-26 06:35:25.008   341   341 I sf_frame_dur: [SurfaceView,0,0,8,0,0,0,0]
01-26 06:35:25.050 21214 21214 I binder_sample: [android.hardware.display.IDisplayManager,1,130,android.process.media,26]
01-26 06:35:25.372   892  1295 I am_proc_died: [0,20654,com.htc.sense.mms:mms]
01-26 06:35:26.152 12773 12773 I am_on_resume_called: [0,com.facebook.composer.activity.ComposerActivity]
01-26 06:35:26.192   892   892 I notification_cancel: [10092,12773,com.facebook.katana,714499313,com.facebook.rti.mqtt.common.analytics.MqttDiagnosticNotification,0,0,64,8,NULL]
01-26 06:35:26.213   892   892 I notification_cancel: [10092,12773,com.facebook.katana,714499313,com.facebook.rti.mqtt.common.analytics.MqttDiagnosticNotification,0,0,64,8,NULL]
01-26 06:35:26.227 11813 11813 I binder_sample: [android.view.IWindowSession,6,5,com.htc.camera,1]
01-26 06:35:26.398   892   892 I notification_cancel: [10015,1153,com.android.systemui,100,low_battery,-1,0,64,8,NULL]
01-26 06:35:26.398   892   892 I notification_cancel: [10015,1153,com.android.systemui,2130838302,power_saver,-1,0,64,8,NULL]
01-26 06:35:26.401   892   892 I notification_cancel: [10092,12773,com.facebook.katana,714499313,com.facebook.rti.mqtt.common.analytics.MqttDiagnosticNotification,0,0,64,8,NULL]
01-26 06:35:26.402   892   892 I notification_cancel: [10092,12773,com.facebook.katana,714499313,com.facebook.rti.mqtt.common.analytics.MqttDiagnosticNotification,0,0,64,8,NULL]
01-26 06:35:26.481   892   932 I am_activity_launch_time: [0,128451104,com.facebook.katana/com.facebook.composer.activity.ComposerActivity,1686,1686]
01-26 06:35:26.622   892  1622 I binder_sample: [com.android.server.input.InputManagerService,5,1844,execTransact,100]
01-26 06:35:27.306   892  1295 I am_destroy_activity: [0,771717583,1830,com.htc.camera/.CameraEntry,finish-imm]
01-26 06:35:27.497   892  1571 I wm_task_removed: [1830,removeAppToken: last token]
01-26 06:35:27.497   892  1571 I wm_task_removed: [1830,removeTask]
01-26 06:35:28.503   892  1570 I am_home_stack_moved: [0,0,1,1,startingNewTask]
01-26 06:35:28.503   892  1570 I wm_task_moved: [775,1,9]
01-26 06:35:28.508   892  1570 I am_create_task: [0,1837]
01-26 06:35:28.508   892  1570 I am_create_activity: [0,179111009,1837,com.mediatek.connectivity/.CdsRadioMenuActivity,android.intent.action.MAIN,NULL,NULL,268435456]
01-26 06:35:28.509   892  1570 I wm_task_created: [1837,1]
01-26 06:35:28.509   892  1570 I wm_task_moved: [1837,1,10]
01-26 06:35:28.530   892  1570 I am_pause_activity: [0,128451104,com.facebook.katana/com.facebook.composer.activity.ComposerActivity]
01-26 06:35:28.535   892  1570 I am_home_stack_moved: [0,0,1,1,startedActivity setFocusedActivity]
01-26 06:35:28.538   892  1570 I am_focused_activity: [0,com.mediatek.connectivity/.CdsRadioMenuActivity]
01-26 06:35:28.544 12773 12773 I am_on_paused_called: [0,com.facebook.composer.activity.ComposerActivity]
01-26 06:35:28.574   892  1622 I am_restart_activity: [0,179111009,1837,com.mediatek.connectivity/.CdsRadioMenuActivity]
01-26 06:35:28.577   892  1622 I am_focused_activity: [0,com.mediatek.connectivity/.CdsRadioMenuActivity]
01-26 06:35:28.605  1623  1623 I am_on_resume_called: [0,com.mediatek.connectivity.CdsRadioMenuActivity]
01-26 06:35:28.794   892   932 I am_activity_launch_time: [0,179111009,com.mediatek.connectivity/.CdsRadioMenuActivity,249,249]
01-26 06:35:29.018   341   341 I sf_frame_dur: [com.facebook.katana/com.facebook.composer.activity.ComposerActivity,29,1,3,1,1,1,0]
01-26 06:35:29.802   892  1622 I am_home_stack_moved: [0,0,1,1,sourceStackToFront]
01-26 06:35:29.802   892  1622 I wm_task_moved: [1837,1,10]
01-26 06:35:29.806   892  1622 I am_create_activity: [0,514607154,1837,com.mediatek.connectivity/.CdsRadioInfoActivity,NULL,NULL,NULL,0]
01-26 06:35:29.807   892  1622 I am_pause_activity: [0,179111009,com.mediatek.connectivity/.CdsRadioMenuActivity]
01-26 06:35:29.809   892  1622 I am_home_stack_moved: [0,0,1,1,startedActivity setFocusedActivity]
01-26 06:35:29.813   892  1622 I am_focused_activity: [0,com.mediatek.connectivity/.CdsRadioInfoActivity]
01-26 06:35:29.817  1623  1623 I am_on_paused_called: [0,com.mediatek.connectivity.CdsRadioMenuActivity]
01-26 06:35:29.822   892   912 I am_restart_activity: [0,514607154,1837,com.mediatek.connectivity/.CdsRadioInfoActivity]
01-26 06:35:29.828   892   912 I am_focused_activity: [0,com.mediatek.connectivity/.CdsRadioInfoActivity]
01-26 06:35:29.928  1623  1623 I am_on_resume_called: [0,com.mediatek.connectivity.CdsRadioInfoActivity]
01-26 06:35:30.055   892   932 I am_activity_launch_time: [0,514607154,com.mediatek.connectivity/.CdsRadioInfoActivity,236,236]
01-26 06:35:30.096   341   341 I sf_frame_dur: [Starting com.mediatek.connectivity,1,0,0,0,0,0,0]
01-26 06:35:30.147   341   341 I sf_frame_dur: [com.mediatek.connectivity/com.mediatek.connectivity.CdsRadioMenuActivity,0,1,0,0,1,0,0]
01-26 06:35:34.077  1623  1623 I binder_sample: [com.android.internal.telephony.ITelephonyRegistry,10,65,com.android.phone,13]
01-26 06:35:36.466   892   892 I notification_cancel: [10015,1153,com.android.systemui,100,low_battery,-1,0,64,8,NULL]
01-26 06:35:36.466   892   892 I notification_cancel: [10015,1153,com.android.systemui,2130838302,power_saver,-1,0,64,8,NULL]
01-26 06:35:46.407   892   892 I notification_cancel: [10015,1153,com.android.systemui,100,low_battery,-1,0,64,8,NULL]
01-26 06:35:46.407   892   892 I notification_cancel: [10015,1153,com.android.systemui,2130838302,power_saver,-1,0,64,8,NULL]
01-26 06:35:46.775   341   341 I sf_frame_dur: [PopupWindow:32244d5,0,1,0,0,0,0,0]
01-26 06:35:49.302   892   892 I free_storage_changed: 6337585152
01-26 06:35:52.443   341   341 I sf_frame_dur: [com.mediatek.connectivity/com.mediatek.connectivity.CdsRadioInfoActivity,10,1,0,0,1,1,0]
01-26 06:35:56.398   892   892 I notification_cancel: [10015,1153,com.android.systemui,100,low_battery,-1,0,64,8,NULL]
01-26 06:35:56.398   892   892 I notification_cancel: [10015,1153,com.android.systemui,2130838302,power_saver,-1,0,64,8,NULL]
01-26 06:35:58.662   892  1622 I am_proc_died: [0,19853,com.htc.sense.hsp]
01-26 06:36:06.398   892   892 I notification_cancel: [10015,1153,com.android.systemui,100,low_battery,-1,0,64,8,NULL]
01-26 06:36:06.398   892   892 I notification_cancel: [10015,1153,com.android.systemui,2130838302,power_saver,-1,0,64,8,NULL]
01-26 06:36:13.132  1623  1623 I binder_sample: [android.app.IActivityManager,14,14,com.android.phone,2]
01-26 06:36:13.236   892   926 I am_proc_start: [0,21360,10008,com.htc.bgp,broadcast,com.htc.flexnet/.AndroidIntentReceiver]
01-26 06:36:13.285   892   923 I am_proc_start: [0,21382,10041,com.htc.mobiledata,content provider,com.htc.mobiledata/.MobileDataProvider]
01-26 06:36:13.287   892  9714 I am_proc_bound: [0,21360,com.htc.bgp]
01-26 06:36:13.328   892  1295 I am_proc_bound: [0,21382,com.htc.mobiledata]
01-26 06:36:13.397 21382 21382 I binder_sample: [android.content.pm.IPackageManager,26,28,com.htc.mobiledata,5]
01-26 06:36:13.493   892  1045 I netstats_mobile_sample: [232656500,260335,24422965,208633,232663220,260379,24473346,208966,232663220,260379,24466626,208922,-1]
01-26 06:36:13.493   892  1045 I netstats_wifi_sample: [69898299,102361,7717523,78132,68400194,101228,6687736,73362,67779335,98941,6682680,73314,-1]
01-26 06:36:13.547   892  1045 I netstats_mobile_sample: [232656500,260335,24422965,208633,232663220,260379,24473346,208966,232663220,260379,24466626,208922,-1]
01-26 06:36:13.548   892  1045 I netstats_wifi_sample: [69898299,102361,7717523,78132,68400194,101228,6687736,73362,67779335,98941,6682680,73314,-1]
01-26 06:36:13.668   892  9714 I am_proc_start: [0,21429,10041,com.htc.mobiledata:remote,service,com.htc.mobiledata/.MobileDataService]
01-26 06:36:13.715   892  1571 I am_proc_bound: [0,21429,com.htc.mobiledata:remote]
01-26 06:36:13.763   892   892 I notification_cancel: [1000,892,android,396,CaptivePortal.Notification,0,0,0,8,NULL]
01-26 06:36:13.792   892   892 I notification_cancel: [10092,12773,com.facebook.katana,10011,NULL,0,0,64,8,NULL]
01-26 06:36:13.966 21360 21360 I content_query_sample: [content://single_customization_settings/SettingTable/application_Calendar,,,,343,com.htc.flexnet,69]
01-26 06:36:13.966 21360 21360 I content_query_sample: [content://customization_settings/SettingTable/application_Calendar,,,,360,com.htc.flexnet,73]
01-26 06:36:14.065 21360 21458 I content_query_sample: [content://com.android.calendar/calendar_alerts,alarmTime,state=0 AND alarmTime<? AND alarmTime>? AND end>=?,alarmTime ASC,31,com.htc.flexnet,7]
01-26 06:36:14.547   892   892 I notification_cancel: [1000,892,com.mediatek.mtklogger,2130837539,NULL,0,0,0,8,NULL]
01-26 06:36:14.547   892   892 I notification_canceled: [0|com.mediatek.mtklogger|2130837539|null|10116,8]
01-26 06:36:14.547   892   892 I notification_light_decision: fully charge
01-26 06:36:14.548   892   892 I notification_light: [1,0xc800]
01-26 06:36:14.549   892   892 I notification_enqueue: [10116,7819,com.mediatek.mtklogger,2130837539,NULL,0,Notification(pri=0 contentView=com.mediatek.mtklogger/0x1090077 vibrate=null sound=null defaults=0x0 flags=0x60 color=0x00000000 vis=PRIVATE),0]
01-26 06:36:14.551   892   892 I notification_skip_beep_vibrate: [0,0,0,0,0,0,0,1,0,0]
01-26 06:36:14.551   892   892 I notification_skip_light: [1,0,1,0,0]
01-26 06:36:15.136  7819 21418 I content_update_sample: [content://media/external/file,delete,_data like ?,1459,com.mediatek.mtklogger,100]
01-26 06:36:15.407   892  1594 I am_proc_start: [0,21484,10053,com.htc.android.mail:sync,broadcast,com.htc.android.mail/.eassvc.EASEventReceiver]
01-26 06:36:15.445   892  9715 I am_proc_bound: [0,21484,com.htc.android.mail:sync]
01-26 06:36:15.829   892   913 I am_proc_start: [0,21507,10064,com.google.android.setupwizard,broadcast,com.google.android.setupwizard/.carrier.MobileConnectivityChangeReceiver]
01-26 06:36:15.846   892  1622 I am_proc_bound: [0,21507,com.google.android.setupwizard]
01-26 06:36:15.992   892  1571 I am_proc_start: [0,21532,10068,com.htc.updater,broadcast,com.htc.updater/.download.DownloadReceiver]
01-26 06:36:16.033   892  2293 I am_proc_bound: [0,21532,com.htc.updater]
01-26 06:36:16.219   892  9715 I am_proc_start: [0,21559,10122,com.google.android.apps.magazines,broadcast,com.google.android.apps.magazines/com.google.apps.dots.android.newsstand.appwidget.NewsWidgetProvider]
01-26 06:36:16.239   892  1570 I am_proc_bound: [0,21559,com.google.android.apps.magazines]
01-26 06:36:16.396   892   892 I notification_cancel: [10015,1153,com.android.systemui,100,low_battery,-1,0,64,8,NULL]
01-26 06:36:16.396   892   892 I notification_cancel: [10015,1153,com.android.systemui,2130838302,power_saver,-1,0,64,8,NULL]
01-26 06:36:16.540   892   924 I am_proc_start: [0,21583,10044,com.htc.sense.hsp,service,com.htc.sense.hsp/.weather.location.AutoSettingService]
01-26 06:36:16.568   892  1570 I am_proc_bound: [0,21583,com.htc.sense.hsp]
01-26 06:36:16.858   892  1571 I am_proc_start: [0,21614,10020,com.google.process.gapps,content provider,com.google.android.gsf/.gservices.GservicesProvider]
01-26 06:36:16.869   892  9714 I am_proc_bound: [0,21614,com.google.process.gapps]
01-26 06:36:17.119   892  1738 I am_proc_start: [0,21656,10020,com.google.android.gms,service,com.google.android.gms/.ads.identifier.service.AdvertisingIdService]
01-26 06:36:17.139   892  9714 I am_proc_bound: [0,21656,com.google.android.gms]
01-26 06:36:18.118   892   892 I notification_cancel: [10020,21656,com.google.android.gms,10436,NOT_LMP,0,0,64,8,NULL]
01-26 06:36:18.118   892   892 I notification_cancel: [10020,21656,com.google.android.gms,39789,NOT_LMP,0,0,64,8,NULL]
01-26 06:36:18.427  1992 21730 I gtalk_conn_close: [-255,315]
01-26 06:36:18.443   892  9714 I am_proc_start: [0,21731,10081,com.android.chrome,broadcast,com.android.chrome/org.chromium.content.browser.BackgroundSyncLauncherService$Receiver]
01-26 06:36:18.451  1992  1992 I binder_sample: [android.app.IAlarmManager,4,5,com.google.android.gms.persistent,1]
01-26 06:36:18.458   892  1595 I am_proc_bound: [0,21731,com.android.chrome]
01-26 06:36:18.717   892   892 I notification_cancel: [10020,21656,com.google.android.gms,10436,NULL,0,0,64,8,NULL]
01-26 06:36:18.805   892  1738 I am_proc_start: [0,21761,10129,com.google.android.apps.photos,broadcast,com.google.android.apps.photos/.actionqueue.SystemReceiver]
01-26 06:36:18.821   892  1594 I am_proc_bound: [0,21761,com.google.android.apps.photos]
01-26 06:36:18.862   892  1595 I am_proc_died: [0,13376,com.google.android.talk]
01-26 06:36:18.862   892  1595 I am_schedule_service_restart: [0,com.google.android.talk/com.google.android.libraries.hangouts.video.CallService,1000]
01-26 06:36:19.052   892   912 I am_proc_died: [0,21429,com.htc.mobiledata:remote]
01-26 06:36:19.302   892   892 I free_storage_changed: 6182944768
01-26 06:36:19.475   892  1622 I am_proc_start: [0,21833,10131,com.google.android.apps.plus,broadcast,com.google.android.apps.plus/com.google.android.libraries.social.autobackup.AutoBackupEnvironment$ConnectivityReceiver]
01-26 06:36:19.487   892   892 I notification_cancel: [10129,21761,com.google.android.apps.photos,10436,NULL,0,0,64,8,NULL]
01-26 06:36:19.494   892  9714 I am_proc_bound: [0,21833,com.google.android.apps.plus]
01-26 06:36:19.531   892  1570 I am_proc_died: [0,21360,com.htc.bgp]
01-26 06:36:19.913   892   923 I am_proc_start: [0,21868,10402,tunein.player,broadcast,tunein.player/tunein.library.common.NetworkChangeReceiver]
01-26 06:36:19.934   892  1595 I am_proc_bound: [0,21868,tunein.player]
01-26 06:36:19.951   892   923 I am_proc_died: [0,20120,com.android.settings]
01-26 06:36:20.285   892  1738 I am_proc_start: [0,21903,10008,com.htc.bgp,broadcast,com.htc.flexnet/.SystemIntentReceiver]
01-26 06:36:20.317   892   923 I am_proc_bound: [0,21903,com.htc.bgp]
01-26 06:36:20.318   892  2580 I force_gc: Binder
01-26 06:36:20.362   892  1570 I am_proc_died: [0,21382,com.htc.mobiledata]
01-26 06:36:20.506   892  1595 I am_proc_start: [0,21932,10007,com.htc.calendar,broadcast,com.htc.calendar/.ProviderChangeReceiver]
01-26 06:36:20.533   892  2293 I am_proc_bound: [0,21932,com.htc.calendar]
01-26 06:36:20.654   892   892 I notification_cancel: [10007,21932,com.htc.calendar,1,NULL,0,0,64,8,NULL]
01-26 06:36:20.776   892  1595 I am_proc_start: [0,21960,10103,com.google.android.talk,broadcast,com.google.android.talk/com.google.android.apps.hangouts.service.GcmStateReceiver]
01-26 06:36:20.806   892  1595 I am_proc_bound: [0,21960,com.google.android.talk]
01-26 06:36:20.816   892   892 I notification_enqueue: [10020,1992,com.google.android.gms,0,com.google.android.gms.auth.TokenNotificationManager:gftrss081@gmail.com:com.google,0,Notification(pri=0 contentView=null vibrate=null sound=null defaults=0x0 flags=0xa color=0x00000000 vis=PRIVATE),1]
01-26 06:36:20.817   892   892 I notification_skip_beep_vibrate: [0,0,0,0,0,1,0,1,0,0]
01-26 06:36:20.817   892   892 I notification_skip_light: [1,0,1,0,0]
01-26 06:36:20.992   892  1295 I am_proc_died: [0,21214,android.process.media]
01-26 06:36:21.222   892  1571 I am_proc_died: [0,21163,com.htc.mediamanager]
01-26 06:36:21.325   892  9715 I am_proc_start: [0,21997,10055,com.htc.sense.mms,content provider,com.htc.sense.mms/.util.MmsCustomizationProvider]
01-26 06:36:21.352   892  1571 I am_proc_bound: [0,21997,com.htc.sense.mms]
01-26 06:36:21.533   892   923 I am_proc_died: [0,21484,com.htc.android.mail:sync]
01-26 06:36:21.634   892   892 I notification_cancel: [1000,892,com.mediatek.mtklogger,2130837539,NULL,0,0,0,8,NULL]
01-26 06:36:21.634   892   892 I notification_canceled: [0|com.mediatek.mtklogger|2130837539|null|10116,8]
01-26 06:36:21.634   892   892 I notification_light_decision: fully charge
01-26 06:36:21.635   892   892 I notification_light: [1,0xc800]
01-26 06:36:21.640   892   892 I notification_enqueue: [10116,7819,com.mediatek.mtklogger,2130837539,NULL,0,Notification(pri=0 contentView=com.mediatek.mtklogger/0x1090077 vibrate=null sound=null defaults=0x0 flags=0x60 color=0x00000000 vis=PRIVATE),0]
01-26 06:36:21.641   892   892 I notification_skip_beep_vibrate: [0,0,0,0,0,0,0,1,0,0]
01-26 06:36:21.641   892   892 I notification_skip_light: [1,0,1,0,0]
01-26 06:36:21.781   892  1267 I am_proc_start: [0,22027,10041,com.htc.mobiledata,content provider,com.htc.mobiledata/.MobileDataProvider]
