01-26 03:38:21.309  1623  1643 I content_query_sample: Binder:842, Query uri:content://mms-sms/pending?protocol=mms, selection:err_type < ? AND due_time <= ?, selectionArgs:[Ljava.lang.String;@311570b4
01-26 03:38:23.311  1623 23011 I content_query_sample: Binder:842, Query uri:content://mms-sms-v2/rawQuery, selection:select count(1) from contact_threads where htc_category =1 or htc_category = 2, selectionArgs:null
01-26 03:38:23.330  1623  1643 I content_query_sample: Binder:842, Query uri:content://mms-sms-v2/rawQuery, selection:select _id,msg_id from addr where (type = 129 or type = 130 or type = 151), selectionArgs:null
01-26 03:38:23.336  1623  2086 I content_query_sample: Binder:842, Query uri:content://mms/part, selection:null, selectionArgs:null
01-26 03:38:23.342  1623  2216 I content_query_sample: Binder:842, Query uri:content://mms/thread-allreport, selection:thread_id>0 AND m_id!= "" AND (m_type = 128 or m_type = 134 or m_type = 136), selectionArgs:null
01-26 03:38:23.348  1623  2220 I content_query_sample: Binder:842, Query uri:content://sms, selection:body Like 'BEGIN:VCARD%' AND thread_id > 0 , selectionArgs:null
01-26 03:38:23.374  1623  1644 I content_query_sample: Binder:842, Query uri:content://mms-sms-v2/rawQuery, selection:SELECT count(1) FROM sms WHERE date2 = 0, selectionArgs:null
01-26 03:38:23.383  1623  4071 I content_query_sample: Binder:842, Query uri:content://mms-sms-v2/rawQuery, selection:SELECT count(1) FROM pdu WHERE date2 = 0, selectionArgs:null
01-26 03:38:23.388  1623 10406 I content_query_sample: Binder:842, Query uri:content://mms-sms-v2/rawQuery, selection:select count(1) from blocklist, selectionArgs:null
01-26 03:38:23.404  1623  2216 I content_query_sample: Binder:876, Query uri:content://mms-sms-v2/rawQuery, selection:SELECT count(1) FROM sms WHERE date2 = 0, selectionArgs:null
01-26 03:38:23.411  1623  2220 I content_query_sample: Binder:876, Query uri:content://mms-sms-v2/rawQuery, selection:select count(1) from contact_threads where htc_category =1 or htc_category = 2, selectionArgs:null
01-26 03:38:23.416  1623 13398 I content_query_sample: Binder:842, Query uri:content://mms-sms/draft?category=0, selection:null, selectionArgs:null
01-26 03:38:23.420  1623  1643 I content_query_sample: Binder:876, Query uri:content://mms-sms-v2/rawQuery, selection:select _id,msg_id from addr where (type = 129 or type = 130 or type = 151), selectionArgs:null
01-26 03:38:23.423  1623  4071 I content_query_sample: Binder:842, Query uri:content://mms-sms-v2/conversations?simple=true&formal=true&category=0, selection:null, selectionArgs:null
01-26 03:38:23.424  1623  2217 I content_update_sample: Binder:842, Update uri:content://mms, selection:st=129 AND m_type!=134, selectionArgs:null
01-26 03:38:23.428  1623  2220 I content_query_sample: Binder:876, Query uri:content://mms-sms-v2/rawQuery, selection:SELECT count(1) FROM pdu WHERE date2 = 0, selectionArgs:null
01-26 03:38:23.430   842   992 I content_update_sample: [content://mms,update,st=129 AND m_type!=134,14,com.htc.sense.mms,3]
01-26 03:38:23.441  1623 31880 I content_query_sample: Binder:876, Query uri:content://mms/part, selection:null, selectionArgs:null
01-26 03:38:23.446  1623  2086 I content_query_sample: Binder:876, Query uri:content://mms-sms-v2/rawQuery, selection:select count(1) from blocklist, selectionArgs:null
01-26 03:38:23.451  1623  2216 I content_query_sample: Binder:876, Query uri:content://mms/thread-allreport, selection:thread_id>0 AND m_id!= "" AND (m_type = 128 or m_type = 134 or m_type = 136), selectionArgs:null
01-26 03:38:23.460  1623  4071 I content_query_sample: Binder:876, Query uri:content://sms, selection:body Like 'BEGIN:VCARD%' AND thread_id > 0 , selectionArgs:null
01-26 03:38:23.465  1623 23011 I content_query_sample: Binder:876, Query uri:content://mms-sms-v2/conversations?simple=true&formal=true&category=0, selection:null, selectionArgs:null
01-26 03:38:23.479  1623  2217 I content_update_sample: Binder:876, Update uri:content://mms, selection:st=129 AND m_type!=134, selectionArgs:null
01-26 03:38:23.483   892  1738 I am_proc_died: [0,31518,com.android.vending]
01-26 03:38:23.484   876  1015 I content_update_sample: [content://mms,update,st=129 AND m_type!=134,6,com.htc.sense.mms,2]
01-26 03:38:23.522  1623  2217 I content_query_sample: Binder:876, Query uri:content://mms-sms/draft?category=0, selection:null, selectionArgs:null
01-26 03:38:25.138  1153  1153 I binder_sample: [com.android.internal.telephony.ITelephony,50,23,com.android.systemui,4]
01-26 03:38:35.695   892   892 I notification_cancel: [10092,6455,com.facebook.katana,714499313,com.facebook.rti.mqtt.common.analytics.MqttDiagnosticNotification,0,0,64,8,NULL]
01-26 03:38:35.701   892   892 I notification_cancel: [10092,6455,com.facebook.katana,714499313,com.facebook.rti.mqtt.common.analytics.MqttDiagnosticNotification,0,0,64,8,NULL]
01-26 03:38:36.064   892   892 I notification_cancel: [10092,6455,com.facebook.katana,714499313,com.facebook.rti.mqtt.common.analytics.MqttDiagnosticNotification,0,0,64,8,NULL]
01-26 03:38:36.279   892   892 I notification_cancel: [10092,6455,com.facebook.katana,714499313,com.facebook.rti.mqtt.common.analytics.MqttDiagnosticNotification,0,0,64,8,NULL]
01-26 03:38:36.294   892   892 I notification_cancel: [10015,1153,com.android.systemui,100,low_battery,-1,0,64,8,NULL]
01-26 03:38:36.295   892   892 I notification_cancel: [10015,1153,com.android.systemui,2130838302,power_saver,-1,0,64,8,NULL]
01-26 03:38:46.220   892   892 I notification_cancel: [10015,1153,com.android.systemui,100,low_battery,-1,0,64,8,NULL]
01-26 03:38:46.221   892   892 I notification_cancel: [10015,1153,com.android.systemui,2130838302,power_saver,-1,0,64,8,NULL]
01-26 03:38:47.262   892   892 I free_storage_changed: 6445301760
01-26 03:38:49.347  1623  1623 I binder_sample: [com.android.internal.telephony.ITelephonyRegistry,10,49,com.android.phone,9]
01-26 03:38:55.956   892  1570 I am_home_stack_moved: [0,0,1,1,intentActivityFound]
01-26 03:38:55.956   892  1570 I wm_task_moved: [1653,1,11]
01-26 03:38:55.960   892  1570 I am_home_stack_moved: [0,0,1,1,bringingFoundTaskToFront]
01-26 03:38:55.960   892  1570 I wm_task_moved: [1652,1,11]
01-26 03:38:55.980   892  1570 I am_pause_activity: [0,236542983,com.google.android.youtube/com.google.android.apps.youtube.app.WatchWhileActivity]
01-26 03:38:55.982   892  1570 I am_task_to_front: [0,1652]
01-26 03:38:55.985 32043 32043 I am_on_paused_called: [0,com.google.android.apps.youtube.app.WatchWhileActivity]
01-26 03:38:55.987   892  2364 I am_resume_activity: [0,194321543,1652,com.mediatek.connectivity/.CdsRadioInfoActivity]
01-26 03:38:55.991   892  2364 I am_home_stack_moved: [0,0,1,1,completeResume setFocusedActivity]
01-26 03:38:55.995   892  2364 I am_focused_activity: [0,com.mediatek.connectivity/.CdsRadioInfoActivity]
01-26 03:38:56.034  1623  1623 I am_on_resume_called: [0,com.mediatek.connectivity.CdsRadioInfoActivity]
01-26 03:38:56.154   892  1622 I am_proc_died: [0,29971,com.htc.sense.hsp]
01-26 03:38:56.214   892   892 I notification_cancel: [10015,1153,com.android.systemui,100,low_battery,-1,0,64,8,NULL]
01-26 03:38:56.214   892   892 I notification_cancel: [10015,1153,com.android.systemui,2130838302,power_saver,-1,0,64,8,NULL]
01-26 03:38:56.375   341   341 I sf_frame_dur: [com.google.android.youtube/com.google.android.apps.youtube.app.WatchWhileActivity,0,1,0,0,1,0,0]
01-26 03:38:57.055 32043 32147 I google_http_request: [1024,204,com.google.android.youtube/10.49.59,1]
01-26 03:38:57.851   892  9715 I am_finish_activity: [0,194321543,1652,com.mediatek.connectivity/.CdsRadioInfoActivity,app-request]
01-26 03:38:57.853   892  9715 I am_home_stack_moved: [0,0,1,1,finishActivity adjustTopFocus setFocusedActivity]
01-26 03:38:57.854   892  9715 I am_focused_activity: [0,com.mediatek.connectivity/.CdsRadioMenuActivity]
01-26 03:38:57.855   892  9715 I am_pause_activity: [0,194321543,com.mediatek.connectivity/.CdsRadioInfoActivity]
01-26 03:38:57.858  1623  1623 I am_on_paused_called: [0,com.mediatek.connectivity.CdsRadioInfoActivity]
01-26 03:38:57.862   892  2364 I am_resume_activity: [0,426358403,1652,com.mediatek.connectivity/.CdsRadioMenuActivity]
01-26 03:38:57.864   892  2364 I am_focused_activity: [0,com.mediatek.connectivity/.CdsRadioMenuActivity]
01-26 03:38:57.866  1623  1623 I am_on_resume_called: [0,com.mediatek.connectivity.CdsRadioMenuActivity]
01-26 03:38:58.182   892   926 I am_destroy_activity: [0,194321543,1652,com.mediatek.connectivity/.CdsRadioInfoActivity,finish-imm]
01-26 03:38:58.195   341   341 I sf_frame_dur: [com.mediatek.connectivity/com.mediatek.connectivity.CdsRadioInfoActivity,17,0,3,1,1,0,0]
01-26 03:38:58.508   892  1595 I am_finish_activity: [0,426358403,1652,com.mediatek.connectivity/.CdsRadioMenuActivity,app-request]
01-26 03:38:58.512   892  1595 I am_home_stack_moved: [0,0,1,1,finishActivity adjustTopFocus setFocusedActivity]
01-26 03:38:58.517   892  1595 I am_focused_activity: [0,com.google.android.youtube/com.google.android.apps.youtube.app.WatchWhileActivity]
01-26 03:38:58.564   892  1595 I am_pause_activity: [0,426358403,com.mediatek.connectivity/.CdsRadioMenuActivity]
01-26 03:38:58.568  1623  1623 I am_on_paused_called: [0,com.mediatek.connectivity.CdsRadioMenuActivity]
01-26 03:38:58.581   892   923 I am_resume_activity: [0,236542983,1653,com.google.android.youtube/com.google.android.apps.youtube.app.WatchWhileActivity]
01-26 03:38:58.587   892   923 I am_focused_activity: [0,com.google.android.youtube/com.google.android.apps.youtube.app.WatchWhileActivity]
01-26 03:38:58.625   892   892 I notification_cancel: [10138,32043,com.google.android.youtube,1005,NULL,0,0,64,8,NULL]
01-26 03:38:58.628   892   892 I notification_cancel: [10138,32043,com.google.android.youtube,4,NULL,0,0,64,8,NULL]
01-26 03:38:58.632 32043 32043 I am_on_resume_called: [0,com.google.android.apps.youtube.app.WatchWhileActivity]
01-26 03:38:58.970   892   926 I am_destroy_activity: [0,426358403,1652,com.mediatek.connectivity/.CdsRadioMenuActivity,finish-imm]
01-26 03:38:58.980   892  1595 I wm_task_removed: [1652,removeAppToken: last token]
01-26 03:38:58.980   892  1595 I wm_task_removed: [1652,removeTask]
01-26 03:38:59.417   892  1571 I am_finish_activity: [0,236542983,1653,com.google.android.youtube/com.google.android.apps.youtube.app.WatchWhileActivity,app-request]
01-26 03:38:59.419   892  1571 I am_home_stack_moved: [0,0,1,1,finishActivity adjustTopFocus setFocusedActivity]
01-26 03:38:59.421   892  1571 I am_focused_activity: [0,com.facebook.katana/com.facebook.composer.activity.ComposerActivity]
01-26 03:38:59.503   892  1571 I am_pause_activity: [0,236542983,com.google.android.youtube/com.google.android.apps.youtube.app.WatchWhileActivity]
01-26 03:38:59.504 32043 32043 I binder_sample: [android.app.IActivityManager,11,87,com.google.android.youtube,17]
01-26 03:38:59.511 32043 32043 I am_on_paused_called: [0,com.google.android.apps.youtube.app.WatchWhileActivity]
01-26 03:38:59.515   892  1595 I am_resume_activity: [0,128451104,775,com.facebook.katana/com.facebook.composer.activity.ComposerActivity]
01-26 03:38:59.590   892  1595 I am_focused_activity: [0,com.facebook.katana/com.facebook.composer.activity.ComposerActivity]
01-26 03:38:59.782   892   892 I notification_cancel: [10092,6455,com.facebook.katana,714499313,com.facebook.rti.mqtt.common.analytics.MqttDiagnosticNotification,0,0,64,8,NULL]
01-26 03:38:59.791   892   892 I notification_cancel: [10092,6455,com.facebook.katana,714499313,com.facebook.rti.mqtt.common.analytics.MqttDiagnosticNotification,0,0,64,8,NULL]
01-26 03:38:59.938  6455  6455 I am_on_resume_called: [0,com.facebook.composer.activity.ComposerActivity]
01-26 03:39:00.011   892  1622 I am_home_stack_moved: [0,0,1,1,startingNewTask]
01-26 03:39:00.011   892  1622 I wm_task_moved: [1653,1,10]
01-26 03:39:00.015   892  1622 I am_create_task: [0,1654]
01-26 03:39:00.015   892  1622 I am_create_activity: [0,913259958,1654,com.mediatek.connectivity/.CdsRadioMenuActivity,android.intent.action.MAIN,NULL,NULL,268435456]
01-26 03:39:00.016   892  1622 I wm_task_created: [1654,1]
01-26 03:39:00.016   892  1622 I wm_task_moved: [1654,1,11]
01-26 03:39:00.063   892   892 I notification_cancel: [10092,6455,com.facebook.katana,714499313,com.facebook.rti.mqtt.common.analytics.MqttDiagnosticNotification,0,0,64,8,NULL]
01-26 03:39:00.068   892   892 I notification_cancel: [10092,6455,com.facebook.katana,714499313,com.facebook.rti.mqtt.common.analytics.MqttDiagnosticNotification,0,0,64,8,NULL]
01-26 03:39:00.320   892  1622 I am_pause_activity: [0,128451104,com.facebook.katana/com.facebook.composer.activity.ComposerActivity]
01-26 03:39:00.321   892  1622 I am_home_stack_moved: [0,0,1,1,startedActivity setFocusedActivity]
01-26 03:39:00.324   892  1622 I am_focused_activity: [0,com.mediatek.connectivity/.CdsRadioMenuActivity]
01-26 03:39:00.325   892  2364 I am_proc_died: [0,30209,com.htc.android.mail:sync]
01-26 03:39:00.329  1153  1153 I binder_sample: [android.app.IActivityManager,145,268,com.android.systemui,53]
01-26 03:39:00.467  6455  6455 I am_on_paused_called: [0,com.facebook.composer.activity.ComposerActivity]
01-26 03:39:00.470   892  1571 I am_restart_activity: [0,913259958,1654,com.mediatek.connectivity/.CdsRadioMenuActivity]
01-26 03:39:00.482   892  1571 I am_focused_activity: [0,com.mediatek.connectivity/.CdsRadioMenuActivity]
01-26 03:39:00.509  1623  1623 I am_on_resume_called: [0,com.mediatek.connectivity.CdsRadioMenuActivity]
01-26 03:39:00.587   892   932 I am_activity_launch_time: [0,913259958,com.mediatek.connectivity/.CdsRadioMenuActivity,119,119]
01-26 03:39:00.618  1623  1623 I binder_sample: [android.view.IWindowSession,12,10,com.android.phone,2]
01-26 03:39:00.621   341   341 I sf_frame_dur: [Starting com.mediatek.connectivity,1,0,0,0,0,0,0]
01-26 03:39:00.739   341   341 I sf_frame_dur: [com.google.android.youtube/com.google.android.apps.youtube.app.WatchWhileActivity,12,0,0,1,1,0,0]
01-26 03:39:00.857   892   926 I am_destroy_activity: [0,236542983,1653,com.google.android.youtube/com.google.android.apps.youtube.app.WatchWhileActivity,finish-imm]
01-26 03:39:00.908   892  2364 I wm_task_removed: [1653,removeAppToken: last token]
01-26 03:39:00.908   892  2364 I wm_task_removed: [1653,removeTask]
01-26 03:39:00.992   892   923 I am_proc_died: [0,842,com.htc.sense.mms]
01-26 03:39:01.334   892  1571 I am_home_stack_moved: [0,0,1,1,sourceStackToFront]
01-26 03:39:01.334   892  1571 I wm_task_moved: [1654,1,10]
01-26 03:39:01.337   892  1571 I am_create_activity: [0,964106604,1654,com.mediatek.connectivity/.CdsRadioInfoActivity,NULL,NULL,NULL,0]
01-26 03:39:01.338   892  1571 I am_pause_activity: [0,913259958,com.mediatek.connectivity/.CdsRadioMenuActivity]
01-26 03:39:01.340   892  1571 I am_home_stack_moved: [0,0,1,1,startedActivity setFocusedActivity]
01-26 03:39:01.343   892  1571 I am_focused_activity: [0,com.mediatek.connectivity/.CdsRadioInfoActivity]
01-26 03:39:01.354  1623  1623 I am_on_paused_called: [0,com.mediatek.connectivity.CdsRadioMenuActivity]
01-26 03:39:01.356   892  1570 I am_restart_activity: [0,964106604,1654,com.mediatek.connectivity/.CdsRadioInfoActivity]
01-26 03:39:01.360   892  1570 I am_focused_activity: [0,com.mediatek.connectivity/.CdsRadioInfoActivity]
01-26 03:39:01.464  1623  1623 I am_on_resume_called: [0,com.mediatek.connectivity.CdsRadioInfoActivity]
01-26 03:39:01.596   892   932 I am_activity_launch_time: [0,964106604,com.mediatek.connectivity/.CdsRadioInfoActivity,241,241]
01-26 03:39:01.663   892  1595 I am_proc_died: [0,876,com.htc.sense.mms:mms]
01-26 03:39:01.699   341   341 I sf_frame_dur: [com.mediatek.connectivity/com.mediatek.connectivity.CdsRadioMenuActivity,0,0,0,0,0,1,0]
01-26 03:39:02.933   892   924 I am_proc_start: [0,1695,10044,com.htc.sense.hsp,service,com.htc.sense.hsp/.weather.location.AutoSettingService]
01-26 03:39:02.966   892  1595 I am_proc_bound: [0,1695,com.htc.sense.hsp]
01-26 03:39:03.056  1623  1623 I binder_sample: [android.view.IWindowSession,6,26,com.android.phone,5]
01-26 03:39:03.478   892   892 I notification_cancel: [10044,1695,com.htc.sense.hsp,2131361907,NULL,0,0,64,8,NULL]
01-26 03:39:06.198   892   892 I notification_cancel: [10015,1153,com.android.systemui,100,low_battery,-1,0,64,8,NULL]
01-26 03:39:06.198   892   892 I notification_cancel: [10015,1153,com.android.systemui,2130838302,power_saver,-1,0,64,8,NULL]
01-26 03:39:17.264   892   892 I free_storage_changed: 6430134272
01-26 03:39:19.018   341   341 I sf_frame_dur: [com.mediatek.connectivity/com.mediatek.connectivity.CdsRadioInfoActivity,10,1,0,0,1,1,0]
01-26 03:39:26.199   892   892 I notification_cancel: [10015,1153,com.android.systemui,100,low_battery,-1,0,64,8,NULL]
01-26 03:39:26.199   892   892 I notification_cancel: [10015,1153,com.android.systemui,2130838302,power_saver,-1,0,64,8,NULL]
01-26 03:39:36.198   892   892 I notification_cancel: [10015,1153,com.android.systemui,100,low_battery,-1,0,64,8,NULL]
01-26 03:39:36.198   892   892 I notification_cancel: [10015,1153,com.android.systemui,2130838302,power_saver,-1,0,64,8,NULL]
01-26 03:39:40.691   892   926 I am_proc_start: [0,1766,10008,com.htc.bgp,broadcast,com.htc.flexnet/.AndroidIntentReceiver]
01-26 03:39:40.696  1623  1623 I binder_sample: [com.android.internal.telephony.ITelephonyRegistry,17,46,com.android.phone,9]
01-26 03:39:40.797   892  1295 I am_proc_start: [0,1790,10041,com.htc.mobiledata,content provider,com.htc.mobiledata/.MobileDataProvider]
01-26 03:39:40.799   892  1570 I am_proc_bound: [0,1766,com.htc.bgp]
01-26 03:39:40.883   892  1595 I am_proc_bound: [0,1790,com.htc.mobiledata]
01-26 03:39:41.051   892  2293 I am_proc_start: [0,1835,10013,android.process.media,content provider,com.android.providers.media/.MediaProvider]
01-26 03:39:41.072   892  1045 I netstats_mobile_sample: [198926661,219291,20119198,175590,198933381,219335,20156684,175842,198933381,219335,20149964,175798,-1]
01-26 03:39:41.072   892  1045 I netstats_wifi_sample: [69898299,102361,7717523,78132,68400194,101228,6687736,73362,67779335,98941,6682680,73314,-1]
01-26 03:39:41.110   892   913 I am_proc_start: [0,1857,10041,com.htc.mobiledata:remote,service,com.htc.mobiledata/.MobileDataService]
01-26 03:39:41.111   892  9714 I am_proc_bound: [0,1835,android.process.media]
01-26 03:39:41.140   892  1595 I am_proc_bound: [0,1857,com.htc.mobiledata:remote]
01-26 03:39:41.149   892  1045 I netstats_mobile_sample: [198926661,219291,20119198,175590,198933381,219335,20156684,175842,198933381,219335,20149964,175798,-1]
01-26 03:39:41.149   892  1045 I netstats_wifi_sample: [69898299,102361,7717523,78132,68400194,101228,6687736,73362,67779335,98941,6682680,73314,-1]
01-26 03:39:41.194   892  1622 I am_proc_died: [0,31361,com.google.process.gapps]
01-26 03:39:41.206   892   892 I notification_cancel: [1000,892,android,343,CaptivePortal.Notification,0,0,0,8,NULL]
01-26 03:39:41.243   892  1039 I binder_sample: [,1,5,system_server,1]
01-26 03:39:41.266  1835  1835 I binder_sample: [android.app.IActivityManager,34,22,android.process.media,4]
01-26 03:39:41.392   892   892 I notification_cancel: [10092,6455,com.facebook.katana,10011,NULL,0,0,64,8,NULL]
01-26 03:39:41.419   892  1571 I notification_cancel_all: [10013,1835,com.android.providers.downloads,0,0,64,9,NULL]
01-26 03:39:41.541   892  1571 I am_proc_died: [0,32043,com.google.android.youtube]
01-26 03:39:41.725  1886  1935 I content_query_sample: [content://com.android.contacts/contacts/simple/list?limit=100,_id/display_name/starred/photo_id/has_phone_number/lookup/ext_account_Type/status_update_id/send_to_voicemail/vip/contact_presence/contact_chat_capability/sort_key/sort_key_alt/contact_is_read_only/single_is_restricted,in_visible_group=1,sort_key ASC,96,com.htc.contacts,20]
01-26 03:39:41.807  7819  1829 I content_update_sample: [content://media/external/file,delete,_data like ?,401,com.mediatek.mtklogger,81]
01-26 03:39:41.908   892   892 I notification_cancel: [1000,892,com.mediatek.mtklogger,2130837539,NULL,0,0,0,8,NULL]
01-26 03:39:41.908   892   892 I notification_canceled: [0|com.mediatek.mtklogger|2130837539|null|10116,8]
01-26 03:39:41.908   892   892 I notification_light_decision: fully charge
01-26 03:39:41.909   892   892 I notification_light: [1,0xc800]
01-26 03:39:41.911   892   892 I notification_enqueue: [10116,7819,com.mediatek.mtklogger,2130837539,NULL,0,Notification(pri=0 contentView=com.mediatek.mtklogger/0x1090077 vibrate=null sound=null defaults=0x0 flags=0x60 color=0x00000000 vis=PRIVATE),0]
01-26 03:39:41.914   892   892 I notification_skip_beep_vibrate: [0,0,0,0,0,0,0,1,0,0]
01-26 03:39:41.914   892   892 I notification_skip_light: [1,0,1,0,0]
01-26 03:39:41.994   892   913 I am_proc_start: [0,1958,10053,com.htc.android.mail:sync,broadcast,com.htc.android.mail/.eassvc.EASEventReceiver]
01-26 03:39:42.088   892  2364 I am_proc_bound: [0,1958,com.htc.android.mail:sync]
01-26 03:39:42.488   892   913 I am_proc_start: [0,1982,10064,com.google.android.setupwizard,broadcast,com.google.android.setupwizard/.carrier.MobileConnectivityChangeReceiver]
01-26 03:39:42.517   892   923 I am_proc_bound: [0,1982,com.google.android.setupwizard]
01-26 03:39:42.611   892  1295 I am_proc_start: [0,2048,10068,com.htc.updater,broadcast,com.htc.updater/.download.DownloadReceiver]
01-26 03:39:42.631   892  1570 I am_proc_bound: [0,2048,com.htc.updater]
01-26 03:39:42.712   892  1295 I am_proc_start: [0,2080,10122,com.google.android.apps.magazines,broadcast,com.google.android.apps.magazines/com.google.apps.dots.android.newsstand.appwidget.NewsWidgetProvider]
01-26 03:39:42.744   892  9715 I am_proc_bound: [0,2080,com.google.android.apps.magazines]
01-26 03:39:43.353   892  1622 I am_proc_start: [0,2125,10020,com.google.process.gapps,content provider,com.google.android.gsf/.gservices.GservicesProvider]
01-26 03:39:43.381   892  2364 I am_proc_bound: [0,2125,com.google.process.gapps]
01-26 03:39:43.759  2080  2080 I binder_sample: [android.app.IActivityManager,29,436,com.google.android.apps.magazines,87]
01-26 03:39:44.063  2080  2203 I content_query_sample: [content://com.google.settings/partner,value,name=?,,10,com.google.android.apps.magazines,3]
01-26 03:39:44.089  1992  4898 I force_gc: Binder
01-26 03:39:44.100  1992  2205 I gtalk_conn_close: [-255,163]
01-26 03:39:44.126   892   912 I am_proc_start: [0,2208,10081,com.android.chrome,broadcast,com.android.chrome/org.chromium.content.browser.BackgroundSyncLauncherService$Receiver]
01-26 03:39:44.146   892  1595 I am_proc_bound: [0,2208,com.android.chrome]
01-26 03:39:44.185   892  1595 I am_proc_died: [0,1695,com.htc.sense.hsp]
01-26 03:39:44.275   892  1570 I am_proc_start: [0,2256,10129,com.google.android.apps.photos,broadcast,com.google.android.apps.photos/.actionqueue.SystemReceiver]
01-26 03:39:44.297   892  1595 I am_proc_bound: [0,2256,com.google.android.apps.photos]
01-26 03:39:44.664   892  2989 I force_gc: Binder
01-26 03:39:44.792   892   892 I notification_cancel: [10129,2256,com.google.android.apps.photos,10436,NULL,0,0,64,8,NULL]
01-26 03:39:44.815   892  2364 I am_proc_start: [0,2286,10131,com.google.android.apps.plus,broadcast,com.google.android.apps.plus/com.google.android.libraries.social.autobackup.AutoBackupEnvironment$ConnectivityReceiver]
01-26 03:39:44.835   892   913 I am_proc_bound: [0,2286,com.google.android.apps.plus]
01-26 03:39:44.864   892  1759 I am_proc_died: [0,1857,com.htc.mobiledata:remote]
01-26 03:39:45.290   892  1295 I am_proc_start: [0,2368,10044,com.htc.sense.hsp,broadcast,com.htc.sense.hsp/.weather.location.AutoSettingReceiver]
01-26 03:39:45.304   892  9714 I am_proc_bound: [0,2368,com.htc.sense.hsp]
01-26 03:39:45.686   892  1267 I am_proc_start: [0,2403,10007,com.htc.calendar,broadcast,com.htc.calendar/.ProviderChangeReceiver]
01-26 03:39:45.730   892  1622 I am_proc_bound: [0,2403,com.htc.calendar]
01-26 03:39:45.784   892   892 I notification_cancel: [10007,2403,com.htc.calendar,1,NULL,0,0,64,8,NULL]
01-26 03:39:46.216   892   892 I notification_cancel: [10015,1153,com.android.systemui,100,low_battery,-1,0,64,8,NULL]
01-26 03:39:46.216   892   892 I notification_cancel: [10015,1153,com.android.systemui,2130838302,power_saver,-1,0,64,8,NULL]
01-26 03:39:46.670   892   892 I notification_cancel: [1000,892,com.mediatek.mtklogger,2130837539,NULL,0,0,0,8,NULL]
01-26 03:39:46.671   892   892 I notification_canceled: [0|com.mediatek.mtklogger|2130837539|null|10116,8]
01-26 03:39:46.671   892   892 I notification_light_decision: fully charge
01-26 03:39:46.673   892   892 I notification_light: [1,0xc800]
01-26 03:39:46.682   892   892 I notification_enqueue: [10116,7819,com.mediatek.mtklogger,2130837539,NULL,0,Notification(pri=0 contentView=com.mediatek.mtklogger/0x1090077 vibrate=null sound=null defaults=0x0 flags=0x60 color=0x00000000 vis=PRIVATE),0]
01-26 03:39:46.684   892   892 I notification_skip_beep_vibrate: [0,0,0,0,0,0,0,1,0,0]
01-26 03:39:46.684   892   892 I notification_skip_light: [1,0,1,0,0]
01-26 03:39:47.265   892   892 I free_storage_changed: 6273449984
01-26 03:39:48.152   892  2364 I am_proc_died: [0,1790,com.htc.mobiledata]
01-26 03:39:48.687   892  1571 I am_proc_start: [0,2445,10041,com.htc.mobiledata,content provider,com.htc.mobiledata/.MobileDataProvider]
01-26 03:39:48.707   892  1267 I am_proc_bound: [0,2445,com.htc.mobiledata]
01-26 03:39:48.837   892   923 I am_proc_start: [0,2470,10041,com.htc.mobiledata:remote,service,com.htc.mobiledata/.MobileDataService]
01-26 03:39:48.867   892   892 I notification_cancel: [10008,1766,com.htc.CustomizationSetup,2131558478,SIM2StateChangeService,0,0,64,8,NULL]
01-26 03:39:48.904   892  1622 I am_proc_start: [0,2512,10055,com.htc.sense.mms,broadcast,com.htc.sense.mms/.transaction.SmsReceiver]
01-26 03:39:48.907   892  1759 I am_proc_bound: [0,2470,com.htc.mobiledata:remote]
01-26 03:39:48.935   892  1295 I am_proc_bound: [0,2512,com.htc.sense.mms]
01-26 03:39:48.972   892   892 I notification_cancel: [1001,1623,com.android.phone,8903,NULL,0,0,64,8,NULL]
01-26 03:39:48.982   892   913 I am_proc_died: [0,1835,android.process.media]
01-26 03:39:48.996   892   892 I notification_cancel: [1001,1623,com.android.phone,17,NULL,0,0,64,8,NULL]
01-26 03:39:48.997   892   892 I notification_cancel: [1001,1623,com.android.phone,19,NULL,0,0,64,8,NULL]
01-26 03:39:49.069  1623  1623 I content_update_sample: [content://gsmapn/carriers//subId/1,delete,name = '__M-BIP__',6,com.android.phone,2]
01-26 03:39:49.098  1623  2550 I content_update_sample: Binder:1623, Delete uri:content://sms/icc-db/1, selection:null, selectionArgs:null
01-26 03:39:49.240   892  2364 I am_proc_start: [0,2554,10058,com.htc.cs.pns,broadcast,com.htc.cs.pns/com.htc.lib1.cs.push.receiver.SimStateChangeReceiver]
01-26 03:39:49.259   892  1267 I am_proc_bound: [0,2554,com.htc.cs.pns]
01-26 03:39:49.302   892  1570 I am_proc_died: [0,2125,com.google.process.gapps]
01-26 03:39:49.392   892   892 I notification_cancel: [1001,1623,com.android.phone,19,NULL,0,0,64,8,NULL]
01-26 03:39:49.413   892   892 I notification_cancel: [1001,1623,com.android.phone,16,NULL,0,0,64,8,NULL]
01-26 03:39:49.490   892   892 I notification_cancel: [1001,1623,com.android.phone,19,NULL,0,0,64,8,NULL]
01-26 03:39:49.583   892  1622 I am_proc_died: [0,1958,com.htc.android.mail:sync]
01-26 03:39:49.743  1992  2597 I gtalk_connection: 16974847
01-26 03:39:51.145  1623  2216 I content_query_sample: Binder:2512, Query uri:content://mms-sms-v2/rawQuery, selection:SELECT count(1) FROM sms WHERE date2 = 0, selectionArgs:null
01-26 03:39:51.152  1623 23011 I content_query_sample: Binder:2512, Query uri:content://mms-sms-v2/rawQuery, selection:SELECT count(1) FROM pdu WHERE date2 = 0, selectionArgs:null
01-26 03:39:51.157  1623  1643 I content_query_sample: Binder:2512, Query uri:content://mms-sms-v2/rawQuery, selection:select _id,msg_id from addr where (type = 129 or type = 130 or type = 151), selectionArgs:null
01-26 03:39:51.162  1623  2086 I content_query_sample: Binder:2512, Query uri:content://mms/part, selection:null, selectionArgs:null
01-26 03:39:51.246  1623  1644 I content_update_sample: Binder:2512, Update uri:content://mms, selection:st=129 AND m_type!=134, selectionArgs:null
01-26 03:39:51.251  1623  2216 I content_query_sample: Binder:2512, Query uri:content://mms-sms-v2/conversations?simple=true&formal=true&category=0, selection:null, selectionArgs:null
01-26 03:39:51.256  1623  4071 I content_query_sample: Binder:2512, Query uri:content://mms/thread-allreport, selection:thread_id>0 AND m_id!= "" AND (m_type = 128 or m_type = 134 or m_type = 136), selectionArgs:null
01-26 03:39:51.261  1623  2217 I content_query_sample: Binder:2512, Query uri:content://mms-sms-v2/rawQuery, selection:select count(1) from contact_threads where htc_category =1 or htc_category = 2, selectionArgs:null
01-26 03:39:51.268  1623 31880 I content_query_sample: Binder:2512, Query uri:content://sms, selection:body Like 'BEGIN:VCARD%' AND thread_id > 0 , selectionArgs:null
01-26 03:39:51.273  1623 13398 I content_query_sample: Binder:2512, Query uri:content://mms-sms-v2/rawQuery, selection:select count(1) from blocklist, selectionArgs:null
01-26 03:39:51.279  1623  2216 I content_query_sample: Binder:2512, Query uri:content://mms-sms/draft?category=0, selection:null, selectionArgs:null
01-26 03:39:51.327  2512  2628 I content_update_sample: [content://mms,update,st=129 AND m_type!=134,82,com.htc.sense.mms,17]
01-26 03:39:51.787  1992  2652 I gtalk_connection: 16974847
01-26 03:39:51.868   892   913 I am_proc_start: [0,2655,10013,android.process.media,content provider,com.android.providers.media/.MediaProvider]
01-26 03:39:51.897   892  1595 I am_proc_bound: [0,2655,android.process.media]
01-26 03:39:51.903   892  2039 I force_gc: Binder
01-26 03:39:51.976   892  2364 I notification_cancel_all: [10013,2655,com.android.providers.downloads,0,0,64,9,NULL]
01-26 03:39:52.091   892  1267 I am_proc_died: [0,2048,com.htc.updater]
01-26 03:39:53.426  1623  1623 I content_update_sample: [content://gsmapn/carriers/current,insert,,2626,com.android.phone,100]
01-26 03:39:53.467  1623  1623 I content_query_sample: [content://slot1gsmapn/carriers,,numeric = '46692' AND operator is null,,15,com.android.phone,4]
01-26 03:39:53.611   892   892 I notification_cancel: [1001,1623,com.android.phone,16,NULL,0,0,64,8,NULL]
01-26 03:39:53.652   892   892 I notification_cancel: [1001,1623,com.android.phone,21,NULL,0,0,64,8,NULL]
01-26 03:39:53.859   892   892 I notification_cancel: [10092,6455,com.facebook.katana,714499313,com.facebook.rti.mqtt.common.analytics.MqttDiagnosticNotification,0,0,64,8,NULL]
01-26 03:39:53.953   892   892 I notification_cancel: [1000,892,android,65537,CaptivePortal.Notification,0,0,0,8,NULL]
01-26 03:39:53.965   892  1738 I am_proc_died: [0,1982,com.google.android.setupwizard]
01-26 03:39:53.980   892  1045 I netstats_mobile_sample: [198926661,219291,20119198,175590,198933381,219335,20156684,175842,198933381,219335,20149964,175798,-1]
01-26 03:39:53.981   892  1045 I netstats_wifi_sample: [69898299,102361,7717523,78132,68400194,101228,6687736,73362,67779335,98941,6682680,73314,-1]
01-26 03:39:53.999   892  1045 I netstats_mobile_sample: [198926661,219291,20119198,175590,198933381,219335,20156684,175842,198933381,219335,20149964,175798,-1]
01-26 03:39:54.000   892  1045 I netstats_wifi_sample: [69898299,102361,7717523,78132,68400194,101228,6687736,73362,67779335,98941,6682680,73314,-1]
01-26 03:39:54.059  1623  2726 I content_update_sample: [content://telephony/siminfo,update,_id=1,47,com.android.phone,10]
01-26 03:39:54.118   892  1594 I notification_cancel_all: [10013,2655,com.android.providers.downloads,0,0,64,9,NULL]
01-26 03:39:54.125   892   892 I notification_cancel: [10092,6455,com.facebook.katana,714499313,com.facebook.rti.mqtt.common.analytics.MqttDiagnosticNotification,0,0,64,8,NULL]
01-26 03:39:54.228   892  2364 I am_proc_start: [0,2744,10053,com.htc.android.mail:sync,broadcast,com.htc.android.mail/.eassvc.EASEventReceiver]
01-26 03:39:54.248   892   924 I content_query_sample: [content://telephony/carriers/preferapn,apn,,name ASC,153,,31]
01-26 03:39:54.266   892  1570 I am_proc_bound: [0,2744,com.htc.android.mail:sync]
01-26 03:39:54.268   892   924 I binder_sample: [android.content.IBulkCursor,7,7,system_server,1]
01-26 03:39:54.277   892   892 I notification_cancel: [10092,6455,com.facebook.katana,714499313,com.facebook.rti.mqtt.common.analytics.MqttDiagnosticNotification,0,0,64,8,NULL]
01-26 03:39:54.362  8852  2696 I content_query_sample: [content://icc/phonebook/subId/1,name/number/hidden/recordNumber/number1/number2/emails,,,547,com.android.providers.contacts,100]
01-26 03:39:54.374  6455  6455 I binder_sample: [android.net.IConnectivityManager,17,280,com.facebook.katana,56]
01-26 03:39:54.409  1623  2808 I content_update_sample: Binder:1623, Delete uri:content://sms/icc-db/0, selection:null, selectionArgs:null
01-26 03:39:54.445   892  1759 I am_proc_died: [0,2080,com.google.android.apps.magazines]
01-26 03:39:54.606   892  1267 I am_proc_start: [0,2836,10064,com.google.android.setupwizard,broadcast,com.google.android.setupwizard/.carrier.MobileConnectivityChangeReceiver]
01-26 03:39:54.642  2744  2829 I content_query_sample: [content://mail/accounts,_id/_name/_inserver/_providerGroup/_emailaddress/_username/_password/_outusername/_outpassword/_protocol/_easDomain/_inport/_outserver/_outport/_useSSLin/_useSSLout/_useSignature/_signature/_sizelimit/_fetchMailType/_fetchMailNum/_fetchMailDays/_enableSDsave/_deleteFromServer/_poll_frequency_number/_askBeforeDelete/_refreshMailWhenOpenFolder/_provider/_downloadMessageWhenScroll/_threadedMail/_defaultfolderId/_draftfolderId/_trashfolderId/_sentfolderId/_outfolderId/_providerid/_emailnotifications/_lastupdatetime/_desc/_sound/_ringtone/_vibrate/_smtpauth/_sortby/_defaultaccount/_fontSize/_alwaysBccMyself/_replyWithText/_forward_with_attach/_previewLinesNumber/_del/_peakdays/_peaktimestart/_peaktimeend/_peakonfrequency/_peakofffrequency/_easSvrProtocol/_contactGroup/_colorIdx/_syncWithServer/_nextfetchtime/_accountType/_searchfolderId/_autoDownloadAttach/_autoDownloadOnWifi/_showSubjectInPrimaryView/_filterby,_del <> 1,_id,59,com.htc.android.mail,12]
01-26 03:39:54.644   892  1738 I am_proc_bound: [0,2836,com.google.android.setupwizard]
01-26 03:39:54.713   892   892 I notification_cancel: [1001,1623,com.android.phone,19,NULL,0,0,64,8,NULL]
01-26 03:39:54.713   892   892 I notification_cancel: [10092,6455,com.facebook.katana,714499313,com.facebook.rti.mqtt.common.analytics.MqttDiagnosticNotification,0,0,64,8,NULL]
01-26 03:39:54.713  6455  6455 I binder_sample: [android.net.IConnectivityManager,17,289,com.facebook.katana,57]
01-26 03:39:54.741   892   892 I notification_cancel: [10092,6455,com.facebook.katana,10011,NULL,0,0,64,8,NULL]
01-26 03:39:54.747   892   892 I notification_cancel: [10092,6455,com.facebook.katana,714499313,com.facebook.rti.mqtt.common.analytics.MqttDiagnosticNotification,0,0,64,8,NULL]
01-26 03:39:54.778   892  1622 I am_proc_start: [0,2879,10068,com.htc.updater,broadcast,com.htc.updater/.download.DownloadReceiver]
01-26 03:39:54.833   892   923 I am_proc_bound: [0,2879,com.htc.updater]
01-26 03:39:54.917 30328  2898 I aggregation: 1453750794917
01-26 03:39:54.952   892   892 I notification_cancel: [10092,6455,com.facebook.katana,714499313,com.facebook.rti.mqtt.common.analytics.MqttDiagnosticNotification,0,0,64,8,NULL]
01-26 03:39:55.027   892  1570 I am_proc_start: [0,2918,10122,com.google.android.apps.magazines,broadcast,com.google.android.apps.magazines/com.google.apps.dots.android.newsstand.appwidget.NewsWidgetProvider]
01-26 03:39:55.081   892  1295 I am_proc_start: [0,2949,10020,com.google.process.gapps,content provider,com.google.android.gsf/.settings.GoogleSettingsProvider]
01-26 03:39:55.082   892  9714 I am_proc_bound: [0,2918,com.google.android.apps.magazines]
01-26 03:39:55.087   892  2364 I am_proc_died: [0,2286,com.google.android.apps.plus]
01-26 03:39:55.130   892  1595 I am_proc_bound: [0,2949,com.google.process.gapps]
01-26 03:39:55.440   892  2214 I force_gc: Binder
01-26 03:39:55.477   892  2293 I am_proc_start: [0,3013,10020,com.google.android.gms.unstable,service,com.google.android.gms/.droidguard.DroidGuardService]
01-26 03:39:55.478  2918  2918 I binder_sample: [android.app.IActivityManager,12,39,com.google.android.apps.magazines,7]
01-26 03:39:55.513   892  2364 I am_proc_bound: [0,3013,com.google.android.gms.unstable]
01-26 03:39:55.675   892   892 I notification_cancel: [10020,3013,com.google.android.gms,10436,NOT_LMP,0,0,64,8,NULL]
01-26 03:39:55.676   892   892 I notification_cancel: [10020,3013,com.google.android.gms,39789,NOT_LMP,0,0,64,8,NULL]
01-26 03:39:55.939   892   923 I am_proc_start: [0,3085,10131,com.google.android.apps.plus,broadcast,com.google.android.apps.plus/com.google.android.libraries.social.autobackup.AutoBackupEnvironment$ConnectivityReceiver]
01-26 03:39:56.002   892  1622 I am_proc_died: [0,2403,com.htc.calendar]
01-26 03:39:56.198   892   892 I notification_cancel: [10015,1153,com.android.systemui,100,low_battery,-1,0,64,8,NULL]
01-26 03:39:56.198   892   892 I notification_cancel: [10015,1153,com.android.systemui,2130838302,power_saver,-1,0,64,8,NULL]
01-26 03:39:56.218   892   913 I am_proc_bound: [0,3085,com.google.android.apps.plus]
01-26 03:39:56.222 30328 30328 I binder_sample: [com.google.android.gms.common.internal.IGmsServiceBroker,46,279,com.google.android.gms,55]
01-26 03:39:56.342   892  9715 I am_proc_died: [0,1766,com.htc.bgp]
01-26 03:39:56.591   892  1594 I am_proc_start: [0,3149,10008,com.htc.bgp,broadcast,com.htc.CustomizationSetup/.SIMStateChangeReceiver]
01-26 03:39:56.614   892  1738 I am_proc_bound: [0,3149,com.htc.bgp]
01-26 03:39:56.894   892  1622 I am_proc_died: [0,2470,com.htc.mobiledata:remote]
01-26 03:39:56.935   892   892 I notification_enqueue: [10020,1992,com.google.android.gms,0,com.google.android.gms.auth.TokenNotificationManager:gftrss081@gmail.com:com.google,0,Notification(pri=0 contentView=null vibrate=null sound=null defaults=0x0 flags=0xa color=0x00000000 vis=PRIVATE),1]
01-26 03:39:56.937   892   892 I notification_skip_beep_vibrate: [0,0,0,0,0,1,0,1,0,0]
01-26 03:39:56.937   892   892 I notification_skip_light: [1,0,1,0,0]
01-26 03:39:57.055  1992  3219 I c2dm    : [-2,NULL,1,1]
01-26 03:39:57.167  1992  3230 I c2dm    : [3,NULL,1,1]
01-26 03:39:57.171  1992  3230 I gtalk_heartbeat_reset: [1680,64.233.188.188:5228]
01-26 03:39:57.173  1992  3230 I gtalk_connection: 0
01-26 03:39:57.185  1992  3230 I c2dm    : [7,,1,1]
01-26 03:39:57.202   892  1594 I am_proc_died: [0,2879,com.htc.updater]
01-26 03:39:57.402   892  9714 I am_proc_died: [0,2445,com.htc.mobiledata]
01-26 03:39:57.811   892   926 I am_proc_start: [0,3284,10007,com.htc.calendar,broadcast,com.htc.calendar/.ProviderChangeReceiver]
01-26 03:39:57.813  3149  3149 I binder_sample: [android.app.IActivityManager,35,41,com.htc.bgp,8]
01-26 03:39:57.871   892  2293 I am_proc_bound: [0,3284,com.htc.calendar]
01-26 03:39:57.893   892  2293 I am_proc_died: [0,2836,com.google.android.setupwizard]
01-26 03:39:57.922   892   892 I notification_cancel: [10007,3284,com.htc.calendar,1,NULL,0,0,64,8,NULL]
01-26 03:39:58.130   892  1622 I am_proc_start: [0,3323,10064,com.google.android.setupwizard,broadcast,com.google.android.setupwizard/.util.GservicesChangedReceiver]
01-26 03:39:58.152   892  1622 I am_proc_bound: [0,3323,com.google.android.setupwizard]
01-26 03:39:58.554   892   923 I am_proc_died: [0,2918,com.google.android.apps.magazines]
01-26 03:40:01.031   892   912 I am_proc_start: [0,3520,10041,com.htc.mobiledata,content provider,com.htc.mobiledata/.MobileDataProvider]
01-26 03:40:01.060   892  1622 I am_proc_bound: [0,3520,com.htc.mobiledata]
01-26 03:40:01.113   892  2395 I force_gc: Binder
01-26 03:40:01.172   892  1594 I am_proc_start: [0,3555,10041,com.htc.mobiledata:remote,service,com.htc.mobiledata/.MobileDataService]
01-26 03:40:01.201   892   912 I am_proc_bound: [0,3555,com.htc.mobiledata:remote]
01-26 03:40:01.334   892  1570 I am_proc_died: [0,3085,com.google.android.apps.plus]
01-26 03:40:05.064   892   926 I am_proc_start: [0,3673,10069,com.google.android.googlequicksearchbox:search,broadcast,com.google.android.googlequicksearchbox/com.google.android.apps.gsa.search.core.GmsPackageWatcher]
01-26 03:40:05.140   892   912 I am_proc_bound: [0,3673,com.google.android.googlequicksearchbox:search]
01-26 03:40:05.511   892   892 I backup_transport_lifecycle: [com.google.android.gms/.backup.BackupTransportService,1]
01-26 03:40:05.530   892   892 I notification_cancel: [10020,1992,com.google.android.gms,1,com.google.android.backup.notification.tag,0,0,64,8,NULL]
01-26 03:40:05.754   892  1295 I am_proc_start: [0,3719,10059,com.android.vending,broadcast,com.android.vending/com.google.android.finsky.receivers.PackageMonitorReceiver$RegisteredReceiver]
01-26 03:40:05.764   892   892 I notification_cancel: [10103,17854,com.google.android.talk,8,com.google.android.talk:gmscore,0,0,64,8,NULL]
01-26 03:40:05.773   892  9714 I am_proc_bound: [0,3719,com.android.vending]
01-26 03:40:06.186   892   892 I notification_cancel: [10059,3719,com.android.vending,-1050172287,NULL,0,0,64,8,NULL]
01-26 03:40:06.199   892   892 I notification_cancel: [10015,1153,com.android.systemui,100,low_battery,-1,0,64,8,NULL]
01-26 03:40:06.199   892   892 I notification_cancel: [10015,1153,com.android.systemui,2130838302,power_saver,-1,0,64,8,NULL]
01-26 03:40:06.365   892   913 I am_proc_start: [0,3789,10131,com.google.android.apps.plus,broadcast,com.google.android.apps.plus/.service.PackagesMediaMonitor]
01-26 03:40:06.366   892  1759 I am_proc_died: [0,2256,com.google.android.apps.photos]
01-26 03:40:06.386   892  1594 I am_proc_bound: [0,3789,com.google.android.apps.plus]
01-26 03:40:06.692   892  1738 I am_proc_start: [0,3819,10023,com.google.android.partnersetup,content provider,com.google.android.partnersetup/.RlzAppProvider]
01-26 03:40:06.722  3673  3781 I content_update_sample: [content://com.google.android.googlequicksearchbox.icing/applications,update,com.google.android.gms,348,com.google.android.googlequicksearchbox,70]
01-26 03:40:06.728   892  1622 I am_proc_bound: [0,3819,com.google.android.partnersetup]
01-26 03:40:06.752   892  1594 I am_proc_died: [0,2208,com.android.chrome]
01-26 03:40:07.403   892   923 I am_proc_died: [0,2554,com.htc.cs.pns]
01-26 03:40:08.344   892  1267 I am_proc_died: [0,3284,com.htc.calendar]
01-26 03:40:11.595   892  1267 I am_proc_start: [0,3924,10020,com.google.android.gms:car,service,com.google.android.gms/.car.CarService]
01-26 03:40:11.636   892  9715 I am_proc_bound: [0,3924,com.google.android.gms:car]
01-26 03:40:11.691   892  2568 I force_gc: Binder
01-26 03:40:11.796   892  1622 I am_proc_died: [0,3323,com.google.android.setupwizard]
01-26 03:40:11.816   892   892 I notification_cancel: [10020,3924,com.google.android.gms,10436,NOT_LMP,0,0,64,8,NULL]
01-26 03:40:11.821   892   892 I notification_cancel: [10020,3924,com.google.android.gms,39789,NOT_LMP,0,0,64,8,NULL]
01-26 03:40:11.909   892   892 I notification_enqueue: [10020,1992,com.google.android.gms,0,com.google.android.gms.auth.TokenNotificationManager:gftrss081@gmail.com:com.google,0,Notification(pri=0 contentView=null vibrate=null sound=null defaults=0x0 flags=0xa color=0x00000000 vis=PRIVATE),1]
01-26 03:40:11.911   892   892 I notification_skip_beep_vibrate: [0,0,0,0,0,1,0,1,0,0]
01-26 03:40:11.911   892   892 I notification_skip_light: [1,0,1,0,0]
01-26 03:40:12.226   892   892 I notification_cancel: [10020,3924,com.google.android.gms,10436,NULL,0,0,64,8,NULL]
01-26 03:40:12.306   892   892 I notification_cancel: [10059,3719,com.android.vending,10436,NULL,0,0,64,8,NULL]
01-26 03:40:12.456   892  1267 I am_proc_died: [0,3013,com.google.android.gms.unstable]
01-26 03:40:16.108   892   912 I am_home_stack_moved: [0,0,1,1,startingNewTask]
01-26 03:40:16.108   892   912 I wm_task_moved: [1654,1,10]
01-26 03:40:16.115   892   912 I am_create_task: [0,1655]
01-26 03:40:16.115   892   912 I am_create_activity: [0,460147613,1655,com.htc.soundrecorder/.SoundRecorderBG,android.intent.action.MAIN,NULL,NULL,268435456]
01-26 03:40:16.115   892   912 I wm_task_created: [1655,1]
01-26 03:40:16.115   892   912 I wm_task_moved: [1655,1,11]
01-26 03:40:16.134   892   912 I am_pause_activity: [0,964106604,com.mediatek.connectivity/.CdsRadioInfoActivity]
01-26 03:40:16.136   892   912 I am_home_stack_moved: [0,0,1,1,startedActivity setFocusedActivity]
01-26 03:40:16.137  1623  1623 I am_on_paused_called: [0,com.mediatek.connectivity.CdsRadioInfoActivity]
01-26 03:40:16.139   892   912 I am_focused_activity: [0,com.htc.soundrecorder/.SoundRecorderBG]
01-26 03:40:16.178   892  2364 I am_proc_start: [0,4054,10046,com.htc.soundrecorder,activity,com.htc.soundrecorder/.SoundRecorderBG]
01-26 03:40:16.195   892  1295 I am_proc_bound: [0,4054,com.htc.soundrecorder]
01-26 03:40:16.204   892  1295 I am_restart_activity: [0,460147613,1655,com.htc.soundrecorder/.SoundRecorderBG]
01-26 03:40:16.208   892  1295 I am_focused_activity: [0,com.htc.soundrecorder/.SoundRecorderBG]
01-26 03:40:16.218   892   892 I notification_cancel: [10015,1153,com.android.systemui,100,low_battery,-1,0,64,8,NULL]
01-26 03:40:16.218   892   892 I notification_cancel: [10015,1153,com.android.systemui,2130838302,power_saver,-1,0,64,8,NULL]
01-26 03:40:16.254   892   926 I am_proc_start: [0,4078,1000,com.android.settings,broadcast,com.android.settings/.framework.app.HtcSystemReceiver]
01-26 03:40:16.255   892  1738 I am_proc_died: [0,3673,com.google.android.googlequicksearchbox:search]
01-26 03:40:16.256  4054  4054 I binder_sample: [android.app.IActivityManager,29,35,<pre-initialized>,7]
01-26 03:40:16.276   892  2364 I am_proc_bound: [0,4078,com.android.settings]
01-26 03:40:16.536   341   341 I sf_frame_dur: [com.mediatek.connectivity/com.mediatek.connectivity.CdsRadioInfoActivity,77,13,11,7,85,24,4]
01-26 03:40:16.548   892   892 I notification_cancel: [1000,4078,com.android.settings,17301624,NULL,0,0,0,8,NULL]
01-26 03:40:16.733  4054  4054 I am_on_resume_called: [0,com.htc.soundrecorder.SoundRecorderBG]
01-26 03:40:16.931   892   932 I am_activity_launch_time: [0,460147613,com.htc.soundrecorder/.SoundRecorderBG,791,791]
01-26 03:40:16.965   892  9714 I am_proc_died: [0,3555,com.htc.mobiledata:remote]
01-26 03:40:17.075   892   892 I notification_cancel: [10046,4054,com.htc.soundrecorder,1,NULL,0,0,64,8,NULL]
01-26 03:40:17.087   892   892 I notification_cancel: [10046,4054,com.htc.soundrecorder,2,NULL,0,0,64,8,NULL]
01-26 03:40:17.087   892   892 I notification_canceled: [0|com.htc.soundrecorder|2|null|10046,8]
01-26 03:40:17.087   892   892 I notification_light_decision: fully charge
01-26 03:40:17.088   892   892 I notification_light: [1,0xc800]
01-26 03:40:17.099   892  1594 I notification_expansion: [0|com.google.android.talk|0|com.google.android.talk1:UgwuN4wEScEkmvu_UHd4AaABAQ|10103,0,1]
01-26 03:40:17.231   892   912 I am_proc_died: [0,3520,com.htc.mobiledata]
01-26 03:40:17.266   892   892 I free_storage_changed: 6544826368
01-26 03:40:19.436   892   892 I notification_cancel: [10046,4054,com.htc.soundrecorder,2,NULL,0,0,64,8,NULL]
01-26 03:40:19.491   892  1738 I am_proc_died: [0,3149,com.htc.bgp]
01-26 03:40:19.628   892   892 I notification_cancel: [10046,4054,com.htc.soundrecorder,1,NULL,0,0,64,8,NULL]
01-26 03:40:19.665   892   892 I notification_enqueue: [10046,4054,com.htc.soundrecorder,1,NULL,0,Notification(pri=6 contentView=com.htc.soundrecorder/0x1090077 vibrate=null sound=null defaults=0x0 flags=0x42 color=0xff159a79 vis=PUBLIC features=0x1),0]
01-26 03:40:19.667   892   892 I notification_skip_beep_vibrate: [0,0,0,0,0,0,0,1,0,0]
01-26 03:40:19.667   892   892 I notification_skip_light: [1,0,1,0,0]
01-26 03:40:19.682   892   913 I am_proc_died: [0,3789,com.google.android.apps.plus]
01-26 03:40:19.726   892  1295 I notification_expansion: [0|com.htc.soundrecorder|1|null|10046,0,1]
01-26 03:40:19.726   892  1759 I notification_expansion: [0|com.google.android.talk|0|com.google.android.talk1:UgwuN4wEScEkmvu_UHd4AaABAQ|10103,0,0]
01-26 03:40:26.193   892   892 I notification_cancel: [10015,1153,com.android.systemui,100,low_battery,-1,0,64,8,NULL]
01-26 03:40:26.194   892   892 I notification_cancel: [10015,1153,com.android.systemui,2130838302,power_saver,-1,0,64,8,NULL]
01-26 03:40:26.201   892   892 I notification_cancel: [1000,4078,com.android.settings,17301624,NULL,0,0,0,8,NULL]
01-26 03:40:34.609   892  9715 I am_finish_activity: [0,460147613,1655,com.htc.soundrecorder/.SoundRecorderBG,app-request]
01-26 03:40:34.612   892  9715 I am_home_stack_moved: [0,0,1,1,finishActivity adjustTopFocus setFocusedActivity]
01-26 03:40:34.614   892  9715 I am_focused_activity: [0,com.mediatek.connectivity/.CdsRadioInfoActivity]
01-26 03:40:34.644   892  9715 I am_pause_activity: [0,460147613,com.htc.soundrecorder/.SoundRecorderBG]
01-26 03:40:34.655  4054  4054 I am_on_paused_called: [0,com.htc.soundrecorder.SoundRecorderBG]
01-26 03:40:34.659   892  1267 I am_resume_activity: [0,964106604,1654,com.mediatek.connectivity/.CdsRadioInfoActivity]
01-26 03:40:34.669   892  1267 I am_focused_activity: [0,com.mediatek.connectivity/.CdsRadioInfoActivity]
01-26 03:40:34.690  1623  1623 I am_on_resume_called: [0,com.mediatek.connectivity.CdsRadioInfoActivity]
01-26 03:40:34.782   892   912 I am_proc_died: [0,2368,com.htc.sense.hsp]
01-26 03:40:35.053   892   926 I am_destroy_activity: [0,460147613,1655,com.htc.soundrecorder/.SoundRecorderBG,finish-imm]
01-26 03:40:35.068   341   341 I sf_frame_dur: [com.htc.soundrecorder/com.htc.soundrecorder.SoundRecorderBG,23,27,94,45,0,0,1]
01-26 03:40:35.097   892  9714 I wm_task_removed: [1655,removeAppToken: last token]
