01-26 13:20:33.447 24899 24921 I content_query_sample: [content://mail/accounts,_id/_name/_inserver/_providerGroup/_emailaddress/_username/_password/_outusername/_outpassword/_protocol/_easDomain/_inport/_outserver/_outport/_useSSLin/_useSSLout/_useSignature/_signature/_sizelimit/_fetchMailType/_fetchMailNum/_fetchMailDays/_enableSDsave/_deleteFromServer/_poll_frequency_number/_askBeforeDelete/_refreshMailWhenOpenFolder/_provider/_downloadMessageWhenScroll/_threadedMail/_defaultfolderId/_draftfolderId/_trashfolderId/_sentfolderId/_outfolderId/_providerid/_emailnotifications/_lastupdatetime/_desc/_sound/_ringtone/_vibrate/_smtpauth/_sortby/_defaultaccount/_fontSize/_alwaysBccMyself/_replyWithText/_forward_with_attach/_previewLinesNumber/_del/_peakdays/_peaktimestart/_peaktimeend/_peakonfrequency/_peakofffrequency/_easSvrProtocol/_contactGroup/_colorIdx/_syncWithServer/_nextfetchtime/_accountType/_searchfolderId/_autoDownloadAttach/_autoDownloadOnWifi/_showSubjectInPrimaryView/_filterby,_del <> 1,_id,105,com.htc.android.mail,22]
01-26 13:20:33.474 21486 22796 I am_proc_start: [0,24947,10068,com.htc.updater,broadcast,com.htc.updater/.download.DownloadReceiver]
01-26 13:20:33.493 21486  7839 I am_proc_bound: [0,24947,com.htc.updater]
01-26 13:20:33.633 21486 21516 I am_proc_start: [0,24972,10122,com.google.android.apps.magazines,broadcast,com.google.android.apps.magazines/com.google.apps.dots.android.newsstand.appwidget.NewsWidgetProvider]
01-26 13:20:33.649 21486 22796 I am_proc_bound: [0,24972,com.google.android.apps.magazines]
01-26 13:20:34.050 21486 22074 I am_proc_start: [0,25008,10020,com.google.process.gapps,content provider,com.google.android.gsf/.gservices.GservicesProvider]
01-26 13:20:34.064 21486 22203 I am_proc_bound: [0,25008,com.google.process.gapps]
01-26 13:20:34.308 24972 24972 I binder_sample: [android.app.IActivityManager,29,288,com.google.android.apps.magazines,57]
01-26 13:20:34.789 21486 21507 I am_proc_died: [0,17989,com.htc.sense.hsp]
01-26 13:20:34.977 22078 25093 I gtalk_conn_close: [-255,242]
01-26 13:20:34.993 21486 22154 I am_proc_start: [0,25094,10081,com.android.chrome,broadcast,com.android.chrome/org.chromium.content.browser.BackgroundSyncLauncherService$Receiver]
01-26 13:20:35.006 21486 22177 I am_proc_bound: [0,25094,com.android.chrome]
01-26 13:20:35.160 21486 22202 I am_proc_start: [0,25120,10129,com.google.android.apps.photos,broadcast,com.google.android.apps.photos/.actionqueue.SystemReceiver]
01-26 13:20:35.181 21486 22074 I am_proc_bound: [0,25120,com.google.android.apps.photos]
01-26 13:20:35.240 21486 21516 I am_proc_died: [0,24094,com.htc.sense.mms:mms]
01-26 13:20:35.624 21486 21486 I notification_cancel: [10129,25120,com.google.android.apps.photos,10436,NULL,0,0,64,8,NULL]
01-26 13:20:35.651 21486 23315 I am_proc_start: [0,25148,10131,com.google.android.apps.plus,broadcast,com.google.android.apps.plus/com.google.android.libraries.social.autobackup.AutoBackupEnvironment$ConnectivityReceiver]
01-26 13:20:35.677 21486 22178 I am_proc_bound: [0,25148,com.google.android.apps.plus]
01-26 13:20:35.782 21486 21507 I am_proc_died: [0,22232,com.google.android.apps.maps]
01-26 13:20:36.385 21486 22251 I am_proc_start: [0,25241,10044,com.htc.sense.hsp,broadcast,com.htc.sense.hsp/.weather.location.AutoSettingReceiver]
01-26 13:20:36.405 21486 21506 I am_proc_bound: [0,25241,com.htc.sense.hsp]
01-26 13:20:36.818 21486 22154 I am_proc_start: [0,25275,10007,com.htc.calendar,broadcast,com.htc.calendar/.ProviderChangeReceiver]
01-26 13:20:36.833 21486 22177 I am_proc_bound: [0,25275,com.htc.calendar]
01-26 13:20:36.837 21486 22750 I force_gc: Binder
01-26 13:20:36.974 21486 21486 I notification_cancel: [10007,25275,com.htc.calendar,1,NULL,0,0,64,8,NULL]
01-26 13:20:37.038 21486 21486 I notification_cancel: [10015,21690,com.android.systemui,100,low_battery,-1,0,64,8,NULL]
01-26 13:20:37.046 21486 21486 I notification_cancel: [10015,21690,com.android.systemui,2130838302,power_saver,-1,0,64,8,NULL]
01-26 13:20:39.604 21486 21486 I notification_cancel: [1001,22179,com.android.phone,8903,NULL,0,0,64,8,NULL]
01-26 13:20:39.613 21486 21486 I notification_cancel: [1001,22179,com.android.phone,17,NULL,0,0,64,8,NULL]
01-26 13:20:39.615 21486 21486 I notification_cancel: [1001,22179,com.android.phone,19,NULL,0,0,64,8,NULL]
01-26 13:20:39.652 21486 21486 I notification_cancel: [10008,24735,com.htc.CustomizationSetup,2131558478,SIM2StateChangeService,0,0,64,8,NULL]
01-26 13:20:39.713 21486 22178 I am_proc_start: [0,25322,10055,com.htc.sense.mms,broadcast,com.htc.sense.mms/.transaction.SmsReceiver]
01-26 13:20:39.762 21486 22796 I am_proc_bound: [0,25322,com.htc.sense.mms]
01-26 13:20:39.851 21486 22203 I am_proc_died: [0,24843,android.process.media]
01-26 13:20:39.863 22179 25349 I content_update_sample: Binder:22179, Delete uri:content://sms/icc-db/1, selection:null, selectionArgs:null
01-26 13:20:40.070 21486 21507 I am_proc_start: [0,25352,10058,com.htc.cs.pns,broadcast,com.htc.cs.pns/com.htc.lib1.cs.push.receiver.SimStateChangeReceiver]
01-26 13:20:40.102 21486 22202 I am_proc_bound: [0,25352,com.htc.cs.pns]
01-26 13:20:40.150 21486 21486 I notification_cancel: [1001,22179,com.android.phone,19,NULL,0,0,64,8,NULL]
01-26 13:20:40.216 21486 22796 I am_proc_died: [0,25008,com.google.process.gapps]
01-26 13:20:40.229 21486 21486 I notification_cancel: [1001,22179,com.android.phone,16,NULL,0,0,64,8,NULL]
01-26 13:20:40.296 22179 22179 I binder_sample: [android.content.IContentProvider,21,23,com.android.phone,4]
01-26 13:20:40.322 21486 21486 I notification_cancel: [1001,22179,com.android.phone,19,NULL,0,0,64,8,NULL]
01-26 13:20:40.610 21486 22075 I am_proc_died: [0,24899,com.htc.android.mail:sync]
01-26 13:20:40.831 22078 25391 I gtalk_connection: 16974847
01-26 13:20:41.796 21486 21486 I notification_cancel: [1001,22179,com.android.phone,16,NULL,0,0,64,8,NULL]
01-26 13:20:41.798 21486 21486 I notification_cancel: [1001,22179,com.android.phone,21,NULL,0,0,64,8,NULL]
01-26 13:20:41.948 22179 22179 I binder_sample: [com.android.internal.telephony.ITelephonyRegistry,17,11,com.android.phone,2]
01-26 13:20:42.014 21486 21486 I notification_cancel: [10092,30600,com.facebook.katana,714499313,com.facebook.rti.mqtt.common.analytics.MqttDiagnosticNotification,0,0,64,8,NULL]
01-26 13:20:42.106 22179 22662 I content_query_sample: Binder:25322, Query uri:content://mms-sms-v2/rawQuery, selection:SELECT count(1) FROM sms WHERE date2 = 0, selectionArgs:null
01-26 13:20:42.106 22179 22179 I binder_sample: [com.android.internal.telephony.ITelephonyRegistry,17,47,com.android.phone,9]
01-26 13:20:42.115 21690 21690 I binder_sample: [com.android.internal.telephony.ITelephony,63,21,com.android.systemui,4]
01-26 13:20:42.116 21486 21517 I binder_sample: [,1,14,system_server,2]
01-26 13:20:42.145 22179 32543 I content_update_sample: Binder:25322, Update uri:content://mms, selection:st=129 AND m_type!=134, selectionArgs:null
01-26 13:20:42.171 22179 22200 I content_query_sample: Binder:25322, Query uri:content://mms-sms-v2/rawQuery, selection:select count(1) from contact_threads where htc_category =1 or htc_category = 2, selectionArgs:null
01-26 13:20:42.196 22179 15920 I content_query_sample: Binder:25322, Query uri:content://mms-sms-v2/rawQuery, selection:select _id,msg_id from addr where (type = 129 or type = 130 or type = 151), selectionArgs:null
01-26 13:20:42.206 22179 32544 I content_query_sample: Binder:25322, Query uri:content://mms/part, selection:null, selectionArgs:null
01-26 13:20:42.215 22179 22200 I content_query_sample: Binder:25322, Query uri:content://mms-sms-v2/conversations?simple=true&formal=true&category=0, selection:null, selectionArgs:null
01-26 13:20:42.231 22179 22662 I content_query_sample: Binder:25322, Query uri:content://mms-sms-v2/rawQuery, selection:SELECT count(1) FROM pdu WHERE date2 = 0, selectionArgs:null
01-26 13:20:42.241 22179 22201 I content_query_sample: Binder:25322, Query uri:content://mms-sms-v2/rawQuery, selection:select count(1) from blocklist, selectionArgs:null
01-26 13:20:42.257 22179 22779 I content_query_sample: Binder:25322, Query uri:content://mms/thread-allreport, selection:thread_id>0 AND m_id!= "" AND (m_type = 128 or m_type = 134 or m_type = 136), selectionArgs:null
01-26 13:20:42.261 21486 22796 I am_proc_died: [0,24922,com.google.android.setupwizard]
01-26 13:20:42.294 22179 32544 I content_query_sample: Binder:25322, Query uri:content://sms, selection:body Like 'BEGIN:VCARD%' AND thread_id > 0 , selectionArgs:null
01-26 13:20:42.316 22179 32542 I content_query_sample: Binder:25322, Query uri:content://mms-sms/draft?category=0, selection:null, selectionArgs:null
01-26 13:20:42.354 21486 21580 I netstats_mobile_sample: [38153777,46398,3688103,36398,38153777,46398,3703974,36547,38153777,46398,3703974,36547,-1]
01-26 13:20:42.355 21486 21580 I netstats_wifi_sample: [64644379,95163,8148128,76389,63233045,93633,7137710,72808,62997203,90952,7131925,72743,-1]
01-26 13:20:42.374 21486 21580 I netstats_mobile_sample: [38153777,46398,3688103,36398,38153777,46398,3703974,36547,38153777,46398,3703974,36547,-1]
01-26 13:20:42.374 21486 21580 I netstats_wifi_sample: [64644379,95163,8148128,76389,63233045,93633,7137710,72808,62997203,90952,7131925,72743,-1]
01-26 13:20:42.388 21486 21486 I notification_cancel: [1000,21486,android,65537,CaptivePortal.Notification,0,0,0,8,NULL]
01-26 13:20:42.388 21486 21486 I notification_cancel: [1001,22179,com.android.phone,19,NULL,0,0,64,8,NULL]
01-26 13:20:42.428 21486 23315 I am_proc_start: [0,25470,10020,com.google.process.gapps,content provider,com.google.android.gsf/.gservices.GservicesProvider]
01-26 13:20:42.493 22179 25495 I content_update_sample: Binder:22179, Delete uri:content://sms/icc-db/0, selection:null, selectionArgs:null
01-26 13:20:42.494 21486 21507 I am_proc_bound: [0,25470,com.google.process.gapps]
01-26 13:20:42.585 21486 21486 I notification_cancel: [10092,30600,com.facebook.katana,714499313,com.facebook.rti.mqtt.common.analytics.MqttDiagnosticNotification,0,0,64,8,NULL]
01-26 13:20:42.610 21486 22177 I am_proc_died: [0,24947,com.htc.updater]
01-26 13:20:42.651 30600 30600 I binder_sample: [android.net.IConnectivityManager,17,170,com.facebook.katana,34]
01-26 13:20:42.659 21486 21517 I content_query_sample: [content://telephony/carriers/preferapn,apn,,name ASC,129,,26]
01-26 13:20:42.727 21486  7839 I am_proc_start: [0,25509,10013,android.process.media,broadcast,com.android.providers.downloads/.DownloadReceiver]
01-26 13:20:42.745 21486 21486 I notification_cancel: [10092,30600,com.facebook.katana,714499313,com.facebook.rti.mqtt.common.analytics.MqttDiagnosticNotification,0,0,64,8,NULL]
01-26 13:20:42.760 21486 22177 I am_proc_bound: [0,25509,android.process.media]
01-26 13:20:42.791 22078 25505 I c2dm    : [-2,NULL,1,1]
01-26 13:20:42.892 21486 22202 I am_proc_died: [0,25470,com.google.process.gapps]
01-26 13:20:42.927 22078 25540 I c2dm    : [3,NULL,1,1]
01-26 13:20:42.937 22078 25540 I gtalk_heartbeat_reset: [1680,173.194.72.188:5228]
01-26 13:20:42.941 22078 25540 I gtalk_connection: 0
01-26 13:20:42.947 21486 22202 I am_proc_start: [0,25565,10020,com.google.process.gapps,restart,com.google.process.gapps]
01-26 13:20:42.967 22078 25540 I c2dm    : [7,,1,1]
01-26 13:20:42.984 21486 22154 I am_proc_bound: [0,25565,com.google.process.gapps]
01-26 13:20:42.986 21486 21486 I notification_cancel: [10092,30600,com.facebook.katana,714499313,com.facebook.rti.mqtt.common.analytics.MqttDiagnosticNotification,0,0,64,8,NULL]
01-26 13:20:43.111 21486 21486 I notification_cancel: [10092,30600,com.facebook.katana,714499313,com.facebook.rti.mqtt.common.analytics.MqttDiagnosticNotification,0,0,64,8,NULL]
01-26 13:20:43.112 21486 21486 I notification_cancel: [10092,30600,com.facebook.katana,10011,NULL,0,0,64,8,NULL]
01-26 13:20:43.117 21486 21486 I notification_cancel: [10092,30600,com.facebook.katana,10011,NULL,0,0,64,8,NULL]
01-26 13:20:43.232 21486 22228 I notification_cancel_all: [10013,25509,com.android.providers.downloads,0,0,64,9,NULL]
01-26 13:20:43.274 21486 22251 I am_proc_start: [0,25617,10053,com.htc.android.mail:sync,broadcast,com.htc.android.mail/.eassvc.EASEventReceiver]
01-26 13:20:43.303 21486 21486 I notification_cancel: [10092,30600,com.facebook.katana,714499313,com.facebook.rti.mqtt.common.analytics.MqttDiagnosticNotification,0,0,64,8,NULL]
01-26 13:20:43.311 21486  7839 I am_proc_bound: [0,25617,com.htc.android.mail:sync]
01-26 13:20:43.441 21486 23315 I binder_sample: [com.android.server.am.ActivityManagerService,29,1063,execTransact,100]
01-26 13:20:43.495 21486 21516 I am_proc_died: [0,24972,com.google.android.apps.magazines]
01-26 13:20:43.539 21486 23315 I am_home_stack_moved: [0,0,1,1,startingNewTask]
01-26 13:20:43.539 21486 23315 I wm_task_moved: [2370,1,6]
01-26 13:20:43.567 21486 23315 I am_create_task: [0,2371]
01-26 13:20:43.567 21486 23315 I am_create_activity: [0,585524770,2371,com.htc.android.mail/.MultipleActivitiesMain,android.intent.action.MAIN,NULL,NULL,268435456]
01-26 13:20:43.581 21486 23315 I wm_task_created: [2371,1]
01-26 13:20:43.581 21486 23315 I wm_task_moved: [2371,1,7]
01-26 13:20:43.620 21486 23315 I am_pause_activity: [0,516696551,com.mediatek.connectivity/.CdsRadioInfoActivity]
01-26 13:20:43.623 22179 22179 I am_on_paused_called: [0,com.mediatek.connectivity.CdsRadioInfoActivity]
01-26 13:20:43.625 21486 23315 I am_home_stack_moved: [0,0,1,1,startedActivity setFocusedActivity]
01-26 13:20:43.630 21486 23315 I am_focused_activity: [0,com.htc.android.mail/.MultipleActivitiesMain]
01-26 13:20:43.702 21486  7839 I am_proc_start: [0,25648,10053,com.htc.android.mail,activity,com.htc.android.mail/.MultipleActivitiesMain]
01-26 13:20:43.730 21486 22202 I am_proc_bound: [0,25648,com.htc.android.mail]
01-26 13:20:43.738 21486 22202 I am_restart_activity: [0,585524770,2371,com.htc.android.mail/.MultipleActivitiesMain]
01-26 13:20:43.771 21486 22202 I am_focused_activity: [0,com.htc.android.mail/.MultipleActivitiesMain]
01-26 13:20:43.833 21486 23315 I am_proc_start: [0,25675,10064,com.google.android.setupwizard,broadcast,com.google.android.setupwizard/.carrier.MobileConnectivityChangeReceiver]
01-26 13:20:43.838 21486 21516 I am_proc_died: [0,25148,com.google.android.apps.plus]
01-26 13:20:43.918 21486 22228 I am_proc_bound: [0,25675,com.google.android.setupwizard]
01-26 13:20:44.040   341   341 I sf_frame_dur: [com.mediatek.connectivity/com.mediatek.connectivity.CdsRadioInfoActivity,77,20,7,11,116,20,2]
01-26 13:20:44.197 21486 22228 I am_proc_start: [0,25714,10068,com.htc.updater,broadcast,com.htc.updater/.download.DownloadReceiver]
01-26 13:20:44.227 21486 22203 I am_proc_bound: [0,25714,com.htc.updater]
01-26 13:20:44.279 21486 23315 I am_proc_died: [0,25094,com.android.chrome]
01-26 13:20:44.487 25182 25741 I aggregation: 1453785644487
01-26 13:20:44.529 21486 22796 I am_proc_start: [0,25749,10122,com.google.android.apps.magazines,broadcast,com.google.android.apps.magazines/com.google.apps.dots.android.newsstand.appwidget.NewsWidgetProvider]
01-26 13:20:44.567 21486 22177 I am_proc_bound: [0,25749,com.google.android.apps.magazines]
01-26 13:20:44.631 21486 22796 I am_proc_died: [0,25120,com.google.android.apps.photos]
01-26 13:20:44.772 25648 25648 I am_on_resume_called: [0,com.htc.android.mail.MultipleActivitiesMain]
01-26 13:20:44.875 21486 22251 I am_proc_start: [0,25786,10020,com.google.android.gms.unstable,service,com.google.android.gms/.droidguard.DroidGuardService]
01-26 13:20:44.899 21486 22178 I am_proc_bound: [0,25786,com.google.android.gms.unstable]
01-26 13:20:44.980 21486 21516 I am_proc_died: [0,25275,com.htc.calendar]
01-26 13:20:45.183 21486 22178 I am_proc_died: [0,24794,com.htc.mobiledata:remote]
01-26 13:20:45.227 22078 25877 I gtalk_conn_close: [1,2]
01-26 13:20:45.242 21486 22074 I am_proc_start: [0,25878,10081,com.android.chrome,broadcast,com.android.chrome/org.chromium.content.browser.BackgroundSyncLauncherService$Receiver]
01-26 13:20:45.289 21486 22154 I am_proc_bound: [0,25878,com.android.chrome]
01-26 13:20:45.382 21486 21486 I notification_cancel: [10020,25786,com.google.android.gms,10436,NOT_LMP,0,0,64,8,NULL]
01-26 13:20:45.383 21486 21486 I notification_cancel: [10020,25786,com.google.android.gms,39789,NOT_LMP,0,0,64,8,NULL]
01-26 13:20:45.434 21486  7839 I am_proc_start: [0,25923,10129,com.google.android.apps.photos,broadcast,com.google.android.apps.photos/.actionqueue.SystemReceiver]
01-26 13:20:45.462 21486 23315 I am_proc_bound: [0,25923,com.google.android.apps.photos]
01-26 13:20:45.471 21486 21528 I am_activity_launch_time: [0,585524770,com.htc.android.mail/.MultipleActivitiesMain,1814,1814]
01-26 13:20:45.473 21486 22959 I force_gc: Binder
01-26 13:20:45.544 21486 22251 I am_proc_died: [0,25352,com.htc.cs.pns]
01-26 13:20:46.122 21486 21486 I notification_cancel: [10129,25923,com.google.android.apps.photos,10436,NULL,0,0,64,8,NULL]
01-26 13:20:46.143 21486 22228 I am_proc_start: [0,25975,10131,com.google.android.apps.plus,broadcast,com.google.android.apps.plus/com.google.android.libraries.social.autobackup.AutoBackupEnvironment$ConnectivityReceiver]
01-26 13:20:46.166 21486 22251 I am_proc_bound: [0,25975,com.google.android.apps.plus]
01-26 13:20:46.689 21486 21486 I notification_enqueue: [10020,22078,com.google.android.gms,0,com.google.android.gms.auth.TokenNotificationManager:gftrss081@gmail.com:com.google,0,Notification(pri=0 contentView=null vibrate=null sound=null defaults=0x0 flags=0xa color=0x00000000 vis=PRIVATE),1]
01-26 13:20:46.692 21486 21486 I notification_skip_beep_vibrate: [0,0,0,0,0,1,0,1,0,0]
01-26 13:20:46.692 21486 21486 I notification_skip_light: [1,0,1,0,0]
01-26 13:20:46.832 22078 26053 I c2dm    : [-2,NULL,1,1]
01-26 13:20:46.968 22078 26058 I c2dm    : [3,NULL,1,1]
01-26 13:20:46.971 22078 26058 I gtalk_heartbeat_reset: [1680,173.194.72.188:5228]
01-26 13:20:46.974 22078 26058 I gtalk_connection: 0
01-26 13:20:46.982 22078 26058 I c2dm    : [7,,1,1]
01-26 13:20:47.051 21486 21486 I notification_cancel: [10015,21690,com.android.systemui,100,low_battery,-1,0,64,8,NULL]
01-26 13:20:47.051 21486 21486 I notification_cancel: [10015,21690,com.android.systemui,2130838302,power_saver,-1,0,64,8,NULL]
01-26 13:20:47.844 25182 25741 I content_query_sample: [content://com.google.settings/partner,value,name=?,,4,com.google.android.gms,1]
01-26 13:20:48.334 25617 26091 I content_query_sample: [content://mail/easTracking,_uid/_collectionId/_meetingResp,_message=0 AND _modify=0 AND _delete=0 AND _move=0 AND _meetingResp != 0 AND _accountId=1,,3,com.htc.android.mail,1]
01-26 13:20:49.435 21486 23057 I force_gc: Binder
01-26 13:20:50.045 25617 26137 I content_query_sample: [content://mail/notification,_id/_messageid,_accountid=1 AND _type=1,,18,com.htc.android.mail,4]
01-26 13:20:50.053 21486 21486 I notification_cancel: [10053,25617,com.htc.android.mail,-1024,NULL,0,0,64,8,NULL]
01-26 13:20:50.054 21486 21486 I notification_cancel: [10053,25617,com.htc.android.mail,-1020,NULL,0,0,64,8,NULL]
01-26 13:20:50.054 21486 21486 I notification_cancel: [10053,25617,com.htc.android.mail,989846010,NULL,0,0,64,8,NULL]
01-26 13:20:51.822 21486 22075 I am_proc_start: [0,26179,10041,com.htc.mobiledata:remote,service,com.htc.mobiledata/.MobileDataService]
01-26 13:20:51.824 22179 22179 I binder_sample: [com.android.internal.telephony.ITelephonyRegistry,17,34,com.android.phone,6]
01-26 13:20:51.867 21486  7839 I am_proc_bound: [0,26179,com.htc.mobiledata:remote]
01-26 13:20:54.691 21486 22154 I am_proc_start: [0,26256,10059,com.android.vending,broadcast,com.android.vending/com.google.android.finsky.receivers.PackageMonitorReceiver$RegisteredReceiver]
01-26 13:20:54.709 21486 22178 I am_proc_bound: [0,26256,com.android.vending]
01-26 13:20:55.417 21486 21486 I notification_cancel: [10103,14986,com.google.android.talk,8,com.google.android.talk:gmscore,0,0,64,8,NULL]
01-26 13:20:55.429 21486 21486 I backup_transport_lifecycle: [com.google.android.gms/.backup.BackupTransportService,1]
01-26 13:20:55.440 21486 21486 I notification_cancel: [10020,22078,com.google.android.gms,1,com.google.android.backup.notification.tag,0,0,64,8,NULL]
01-26 13:20:55.494 21486 21486 I notification_cancel: [10059,26256,com.android.vending,-1050172287,NULL,0,0,64,8,NULL]
01-26 13:20:55.631 22078 25364 I force_gc: Binder
01-26 13:20:57.027 21486 21486 I notification_cancel: [10015,21690,com.android.systemui,100,low_battery,-1,0,64,8,NULL]
01-26 13:20:57.027 21486 21486 I notification_cancel: [10015,21690,com.android.systemui,2130838302,power_saver,-1,0,64,8,NULL]
01-26 13:21:00.799 21486 22251 I am_proc_start: [0,26403,10020,com.google.android.gms:car,service,com.google.android.gms/.car.CarService]
01-26 13:21:00.819 21486 22129 I am_proc_bound: [0,26403,com.google.android.gms:car]
01-26 13:21:00.827 21486 23165 I force_gc: Binder
01-26 13:21:01.046 21486 21486 I notification_cancel: [10020,26403,com.google.android.gms,10436,NOT_LMP,0,0,64,8,NULL]
01-26 13:21:01.047 21486 21486 I notification_cancel: [10020,26403,com.google.android.gms,39789,NOT_LMP,0,0,64,8,NULL]
01-26 13:21:01.144 21486 21486 I notification_enqueue: [10020,22078,com.google.android.gms,0,com.google.android.gms.auth.TokenNotificationManager:gftrss081@gmail.com:com.google,0,Notification(pri=0 contentView=null vibrate=null sound=null defaults=0x0 flags=0xa color=0x00000000 vis=PRIVATE),1]
01-26 13:21:01.148 21486 21486 I notification_skip_beep_vibrate: [0,0,0,0,0,1,0,1,0,0]
01-26 13:21:01.148 21486 21486 I notification_skip_light: [1,0,1,0,0]
01-26 13:21:01.294 21486 21486 I free_storage_changed: 5836439552
01-26 13:21:01.397 21486 21486 I notification_cancel: [10020,26403,com.google.android.gms,10436,NULL,0,0,64,8,NULL]
01-26 13:21:01.470 21486 21486 I notification_cancel: [10059,26256,com.android.vending,10436,NULL,0,0,64,8,NULL]
01-26 13:21:07.054 21486 21486 I notification_cancel: [10015,21690,com.android.systemui,100,low_battery,-1,0,64,8,NULL]
01-26 13:21:07.055 21486 21486 I notification_cancel: [10015,21690,com.android.systemui,2130838302,power_saver,-1,0,64,8,NULL]
01-26 13:21:16.532 21486 21573 I netstats_mobile_sample: [38191389,46523,3720418,36554,38191389,46523,3736289,36703,38191389,46523,3736289,36703,-1]
01-26 13:21:16.533 21486 21573 I netstats_wifi_sample: [64644379,95163,8148128,76389,63233045,93633,7137710,72808,62997203,90952,7131925,72743,-1]
01-26 13:21:16.549 21486 21574 I binder_sample: [com.android.internal.telephony.ITelephony,120,6,system_server,1]
01-26 13:21:17.043 21486 21486 I notification_cancel: [10015,21690,com.android.systemui,100,low_battery,-1,0,64,8,NULL]
01-26 13:21:17.044 21486 21486 I notification_cancel: [10015,21690,com.android.systemui,2130838302,power_saver,-1,0,64,8,NULL]
01-26 13:21:17.301 22179 22179 I binder_sample: [com.android.internal.telephony.ITelephonyRegistry,10,35,com.android.phone,7]
01-26 13:21:27.040 21486 21486 I notification_cancel: [10015,21690,com.android.systemui,100,low_battery,-1,0,64,8,NULL]
01-26 13:21:27.045 21486 21486 I notification_cancel: [10015,21690,com.android.systemui,2130838302,power_saver,-1,0,64,8,NULL]
01-26 13:21:31.298 21486 21486 I free_storage_changed: 5821526016
01-26 13:21:37.076 21486 21486 I notification_cancel: [10015,21690,com.android.systemui,100,low_battery,-1,0,64,8,NULL]
01-26 13:21:37.092 21486 21486 I notification_cancel: [10015,21690,com.android.systemui,2130838302,power_saver,-1,0,64,8,NULL]
01-26 13:21:47.100 21486 21486 I notification_cancel: [10015,21690,com.android.systemui,100,low_battery,-1,0,64,8,NULL]
01-26 13:21:47.102 21486 21486 I notification_cancel: [10015,21690,com.android.systemui,2130838302,power_saver,-1,0,64,8,NULL]
01-26 13:21:49.217 22179 22179 I binder_sample: [com.android.internal.telephony.ITelephonyRegistry,10,92,com.android.phone,18]
01-26 13:21:57.072 21486 21486 I notification_cancel: [10015,21690,com.android.systemui,100,low_battery,-1,0,64,8,NULL]
01-26 13:21:57.072 21486 21486 I notification_cancel: [10015,21690,com.android.systemui,2130838302,power_saver,-1,0,64,8,NULL]
01-26 13:22:01.300 21486 21486 I free_storage_changed: 5836062720
01-26 13:22:04.552 22179 22179 I binder_sample: [com.android.internal.telephony.ITelephonyRegistry,10,67,com.android.phone,13]
01-26 13:22:07.080 21486 21486 I notification_cancel: [10015,21690,com.android.systemui,100,low_battery,-1,0,64,8,NULL]
01-26 13:22:07.085 21486 21486 I notification_cancel: [10015,21690,com.android.systemui,2130838302,power_saver,-1,0,64,8,NULL]
01-26 13:22:17.050 21486 21486 I notification_cancel: [10015,21690,com.android.systemui,100,low_battery,-1,0,64,8,NULL]
01-26 13:22:17.063 21486 21486 I notification_cancel: [10015,21690,com.android.systemui,2130838302,power_saver,-1,0,64,8,NULL]
01-26 13:22:23.790 21486 22178 I am_home_stack_moved: [0,0,1,1,intentActivityFound]
01-26 13:22:23.790 21486 22178 I wm_task_moved: [2371,1,7]
01-26 13:22:23.795 21486 22178 I am_home_stack_moved: [0,0,1,1,bringingFoundTaskToFront]
01-26 13:22:23.795 21486 22178 I wm_task_moved: [2370,1,7]
01-26 13:22:23.824 21486 22178 I am_pause_activity: [0,585524770,com.htc.android.mail/.MultipleActivitiesMain]
01-26 13:22:23.826 21486 22178 I am_task_to_front: [0,2370]
01-26 13:22:23.829 25648 25648 I am_on_paused_called: [0,com.htc.android.mail.MultipleActivitiesMain]
01-26 13:22:23.833 21486 22203 I am_resume_activity: [0,516696551,2370,com.mediatek.connectivity/.CdsRadioInfoActivity]
01-26 13:22:23.838 21486 22203 I am_home_stack_moved: [0,0,1,1,completeResume setFocusedActivity]
01-26 13:22:23.842 21486 22203 I am_focused_activity: [0,com.mediatek.connectivity/.CdsRadioInfoActivity]
01-26 13:22:23.872 22179 22179 I am_on_resume_called: [0,com.mediatek.connectivity.CdsRadioInfoActivity]
01-26 13:22:24.246   341   341 I sf_frame_dur: [com.htc.android.mail/com.htc.android.mail.MultipleActivitiesMain,242,2,1,1,1,0,0]
01-26 13:22:24.984 22179 22179 I binder_sample: [com.android.internal.telephony.ITelephonyRegistry,10,20,com.android.phone,4]
01-26 13:22:27.038 21486 21486 I notification_cancel: [10015,21690,com.android.systemui,100,low_battery,-1,0,64,8,NULL]
01-26 13:22:27.038 21486 21486 I notification_cancel: [10015,21690,com.android.systemui,2130838302,power_saver,-1,0,64,8,NULL]
01-26 13:22:28.034 21486 22075 I am_finish_activity: [0,516696551,2370,com.mediatek.connectivity/.CdsRadioInfoActivity,app-request]
01-26 13:22:28.039 21486 22075 I am_home_stack_moved: [0,0,1,1,finishActivity adjustTopFocus setFocusedActivity]
01-26 13:22:28.043 21486 22075 I am_focused_activity: [0,com.mediatek.connectivity/.CdsRadioMenuActivity]
01-26 13:22:28.046 21486 22075 I am_pause_activity: [0,516696551,com.mediatek.connectivity/.CdsRadioInfoActivity]
01-26 13:22:28.057 22179 22179 I am_on_paused_called: [0,com.mediatek.connectivity.CdsRadioInfoActivity]
01-26 13:22:28.059 21486 22129 I am_resume_activity: [0,644382598,2370,com.mediatek.connectivity/.CdsRadioMenuActivity]
01-26 13:22:28.065 21486 22129 I am_focused_activity: [0,com.mediatek.connectivity/.CdsRadioMenuActivity]
01-26 13:22:28.069 22179 22179 I am_on_resume_called: [0,com.mediatek.connectivity.CdsRadioMenuActivity]
01-26 13:22:28.411 21486 21518 I am_destroy_activity: [0,516696551,2370,com.mediatek.connectivity/.CdsRadioInfoActivity,finish-imm]
01-26 13:22:28.423   341   341 I sf_frame_dur: [com.mediatek.connectivity/com.mediatek.connectivity.CdsRadioInfoActivity,16,1,2,4,3,1,0]
01-26 13:22:28.720 21486 22796 I am_finish_activity: [0,644382598,2370,com.mediatek.connectivity/.CdsRadioMenuActivity,app-request]
01-26 13:22:28.722 21486 22796 I am_home_stack_moved: [0,0,1,1,finishActivity adjustTopFocus setFocusedActivity]
01-26 13:22:28.724 21486 22796 I am_focused_activity: [0,com.htc.android.mail/.MultipleActivitiesMain]
01-26 13:22:28.751 21486 22796 I am_pause_activity: [0,644382598,com.mediatek.connectivity/.CdsRadioMenuActivity]
01-26 13:22:28.753 22179 22179 I am_on_paused_called: [0,com.mediatek.connectivity.CdsRadioMenuActivity]
01-26 13:22:28.759 21486 22075 I am_resume_activity: [0,585524770,2371,com.htc.android.mail/.MultipleActivitiesMain]
01-26 13:22:28.763 21486 22075 I am_focused_activity: [0,com.htc.android.mail/.MultipleActivitiesMain]
01-26 13:22:28.804 25648 25648 I am_on_resume_called: [0,com.htc.android.mail.MultipleActivitiesMain]
01-26 13:22:29.133 21486 21518 I am_destroy_activity: [0,644382598,2370,com.mediatek.connectivity/.CdsRadioMenuActivity,finish-imm]
01-26 13:22:29.168 21486 22178 I wm_task_removed: [2370,removeAppToken: last token]
01-26 13:22:29.169 21486 22178 I wm_task_removed: [2370,removeTask]
01-26 13:22:29.366 21486 21516 I am_finish_activity: [0,585524770,2371,com.htc.android.mail/.MultipleActivitiesMain,app-request]
01-26 13:22:29.367 21486 21516 I am_home_stack_moved: [0,0,1,1,finishActivity adjustTopFocus setFocusedActivity]
01-26 13:22:29.370 21486 21516 I am_focused_activity: [0,tunein.player/tunein.ui.actvities.TuneInSearchActivity]
01-26 13:22:29.391 21486 21516 I am_pause_activity: [0,585524770,com.htc.android.mail/.MultipleActivitiesMain]
01-26 13:22:29.394 25648 25648 I am_on_paused_called: [0,com.htc.android.mail.MultipleActivitiesMain]
01-26 13:22:29.401 21486 22074 I am_resume_activity: [0,838385445,2005,tunein.player/tunein.ui.actvities.TuneInSearchActivity]
01-26 13:22:29.408 21486 22074 I am_focused_activity: [0,tunein.player/tunein.ui.actvities.TuneInSearchActivity]
01-26 13:22:29.446 30877 30877 I am_on_resume_called: [0,tunein.ui.actvities.TuneInSearchActivity]
01-26 13:22:29.463 30877 30877 I content_query_sample: [content://tunein.player.settingsprovider/prefs_default/get_string/oauthToken,,,,0,tunein.player,1]
01-26 13:22:29.477 30877 30877 I content_query_sample: [content://tunein.player.tasks.data/tasks,,task_type=?,task_start_utc ASC,1,tunein.player,1]
01-26 13:22:29.875 21486 21518 I am_destroy_activity: [0,585524770,2371,com.htc.android.mail/.MultipleActivitiesMain,finish-imm]
01-26 13:22:29.879 21486 21518 I am_kill : [0,25714,com.htc.updater,15,empty #17]
01-26 13:22:30.004 21486 22154 I am_proc_died: [0,25714,com.htc.updater]
01-26 13:22:30.079 21486 22203 I wm_task_removed: [2371,removeAppToken: last token]
01-26 13:22:30.079 21486 22203 I wm_task_removed: [2371,removeTask]
01-26 13:22:30.122 22179 22179 I binder_sample: [com.android.internal.telephony.ITelephonyRegistry,10,35,com.android.phone,7]
01-26 13:22:30.685 21486 21516 I am_home_stack_moved: [0,0,1,1,startingNewTask]
01-26 13:22:30.685 21486 21516 I wm_task_moved: [2005,1,5]
01-26 13:22:30.691 21486 21516 I am_create_task: [0,2372]
01-26 13:22:30.691 21486 21516 I am_create_activity: [0,770778897,2372,com.mediatek.connectivity/.CdsRadioMenuActivity,android.intent.action.MAIN,NULL,NULL,268435456]
01-26 13:22:30.692 21486 21516 I wm_task_created: [2372,1]
01-26 13:22:30.692 21486 21516 I wm_task_moved: [2372,1,6]
01-26 13:22:30.729 21486 21516 I am_pause_activity: [0,838385445,tunein.player/tunein.ui.actvities.TuneInSearchActivity]
01-26 13:22:30.759 21486 21516 I am_home_stack_moved: [0,0,1,1,startedActivity setFocusedActivity]
01-26 13:22:30.761 21486 21516 I am_focused_activity: [0,com.mediatek.connectivity/.CdsRadioMenuActivity]
01-26 13:22:30.771 30877 30877 I am_on_paused_called: [0,tunein.ui.actvities.TuneInSearchActivity]
01-26 13:22:30.775 21486 23315 I am_restart_activity: [0,770778897,2372,com.mediatek.connectivity/.CdsRadioMenuActivity]
01-26 13:22:30.784 21486 23315 I am_focused_activity: [0,com.mediatek.connectivity/.CdsRadioMenuActivity]
01-26 13:22:30.882 22179 22179 I am_on_resume_called: [0,com.mediatek.connectivity.CdsRadioMenuActivity]
01-26 13:22:31.032 21486 21528 I am_activity_launch_time: [0,770778897,com.mediatek.connectivity/.CdsRadioMenuActivity,259,259]
01-26 13:22:31.069   341   341 I sf_frame_dur: [tunein.player/tunein.ui.actvities.TuneInSearchActivity,3,0,0,0,1,1,0]
01-26 13:22:31.301 21486 21486 I free_storage_changed: 5845262336
01-26 13:22:31.728 21486 21506 I am_home_stack_moved: [0,0,1,1,sourceStackToFront]
01-26 13:22:31.728 21486 21506 I wm_task_moved: [2372,1,6]
01-26 13:22:31.732 21486 21506 I am_create_activity: [0,148884789,2372,com.mediatek.connectivity/.CdsRadioInfoActivity,NULL,NULL,NULL,0]
01-26 13:22:31.735 21486 21506 I am_pause_activity: [0,770778897,com.mediatek.connectivity/.CdsRadioMenuActivity]
01-26 13:22:31.738 21486 21506 I am_home_stack_moved: [0,0,1,1,startedActivity setFocusedActivity]
01-26 13:22:31.742 21486 21506 I am_focused_activity: [0,com.mediatek.connectivity/.CdsRadioInfoActivity]
01-26 13:22:31.747 22179 22179 I am_on_paused_called: [0,com.mediatek.connectivity.CdsRadioMenuActivity]
01-26 13:22:31.783 21486 22177 I am_restart_activity: [0,148884789,2372,com.mediatek.connectivity/.CdsRadioInfoActivity]
01-26 13:22:31.787 21486 22177 I am_focused_activity: [0,com.mediatek.connectivity/.CdsRadioInfoActivity]
01-26 13:22:31.894 22179 22179 I am_on_resume_called: [0,com.mediatek.connectivity.CdsRadioInfoActivity]
01-26 13:22:32.057 21486 21528 I am_activity_launch_time: [0,148884789,com.mediatek.connectivity/.CdsRadioInfoActivity,303,303]
01-26 13:22:32.080   341   341 I sf_frame_dur: [com.mediatek.connectivity/com.mediatek.connectivity.CdsRadioMenuActivity,0,2,0,0,0,0,0]
01-26 13:22:33.778 21486 21518 I am_proc_start: [0,27611,10038,com.htc.widget.hmsproc2,broadcast,com.htc.widget.weatherclock/.util.WidgetReceiver]
01-26 13:22:33.811 21486 22074 I am_proc_bound: [0,27611,com.htc.widget.hmsproc2]
01-26 13:22:37.053 21486 21486 I notification_cancel: [10015,21690,com.android.systemui,100,low_battery,-1,0,64,8,NULL]
01-26 13:22:37.054 21486 21486 I notification_cancel: [10015,21690,com.android.systemui,2130838302,power_saver,-1,0,64,8,NULL]
01-26 13:22:40.888 21486 22796 I am_kill : [0,25322,com.htc.sense.mms,15,empty #17]
01-26 13:22:41.098 21486 23315 I am_proc_died: [0,25322,com.htc.sense.mms]
01-26 13:22:41.099 22179 22179 I binder_sample: [android.app.IActivityManager,69,213,com.android.phone,42]
01-26 13:22:42.225 21486 21557 I am_proc_start: [0,27656,10055,com.htc.sense.mms,service,com.htc.sense.mms/.transaction.TransactionService]
01-26 13:22:42.274 21486 22075 I am_proc_bound: [0,27656,com.htc.sense.mms]
01-26 13:22:42.392 21486 21506 I am_proc_start: [0,27682,10055,com.htc.sense.mms:mms,service,com.htc.sense.mms/com.htc.messaging.service.MmsService]
01-26 13:22:42.417 21486 22203 I am_proc_bound: [0,27682,com.htc.sense.mms:mms]
01-26 13:22:42.433 22179 32543 I content_query_sample: Binder:27656, Query uri:content://mms-sms/pending?protocol=mms, selection:err_type < ? AND due_time <= ?, selectionArgs:[Ljava.lang.String;@2a9b9dd4
01-26 13:22:42.448 21486 23315 I am_kill : [0,25749,com.google.android.apps.magazines,15,empty #17]
01-26 13:22:42.559 21486 22177 I am_proc_died: [0,25749,com.google.android.apps.magazines]
01-26 13:22:42.630 21486  7839 I am_kill : [0,25878,com.android.chrome,15,empty #17]
01-26 13:22:42.658 21486 22796 I am_proc_died: [0,25878,com.android.chrome]
01-26 13:22:44.287 22179 22179 I binder_sample: [com.android.internal.telephony.ITelephonyRegistry,15,38,com.android.phone,7]
01-26 13:22:44.398 22179 15920 I content_query_sample: Binder:27656, Query uri:content://mms-sms-v2/rawQuery, selection:select _id,msg_id from addr where (type = 129 or type = 130 or type = 151), selectionArgs:null
01-26 13:22:44.404 22179 22779 I content_query_sample: Binder:27656, Query uri:content://mms-sms-v2/rawQuery, selection:select count(1) from contact_threads where htc_category =1 or htc_category = 2, selectionArgs:null
01-26 13:22:44.413 22179 22201 I content_query_sample: Binder:27656, Query uri:content://mms/thread-allreport, selection:thread_id>0 AND m_id!= "" AND (m_type = 128 or m_type = 134 or m_type = 136), selectionArgs:null
01-26 13:22:44.418 22179 22200 I content_query_sample: Binder:27656, Query uri:content://mms-sms-v2/rawQuery, selection:SELECT count(1) FROM sms WHERE date2 = 0, selectionArgs:null
01-26 13:22:44.684 21486 22178 I am_kill : [0,25923,com.google.android.apps.photos,15,empty #17]
01-26 13:22:44.734 22179 32542 I content_query_sample: Binder:27656, Query uri:content://mms/part, selection:null, selectionArgs:null
01-26 13:22:44.739 22179 15920 I content_query_sample: Binder:27656, Query uri:content://mms-sms-v2/rawQuery, selection:select count(1) from blocklist, selectionArgs:null
01-26 13:22:44.743 22179 22692 I content_query_sample: Binder:27656, Query uri:content://mms-sms-v2/conversations?simple=true&formal=true&category=0, selection:null, selectionArgs:null
01-26 13:22:44.750 22179 22662 I content_query_sample: Binder:27656, Query uri:content://mms-sms-v2/rawQuery, selection:SELECT count(1) FROM pdu WHERE date2 = 0, selectionArgs:null
01-26 13:22:44.893 21486 22074 I am_proc_died: [0,25923,com.google.android.apps.photos]
01-26 13:22:44.894 27656 27656 I binder_sample: [android.app.IActivityManager,83,152,com.htc.sense.mms,30]
01-26 13:22:44.896 22179 22913 I content_query_sample: Binder:27656, Query uri:content://sms, selection:body Like 'BEGIN:VCARD%' AND thread_id > 0 , selectionArgs:null
01-26 13:22:44.896 22179 22200 I content_query_sample: Binder:27682, Query uri:content://mms-sms-v2/rawQuery, selection:select count(1) from contact_threads where htc_category =1 or htc_category = 2, selectionArgs:null
01-26 13:22:44.903 21486 23455 I force_gc: Binder
01-26 13:22:44.908 22179 22693 I content_query_sample: Binder:27656, Query uri:content://mms-sms/draft?category=0, selection:null, selectionArgs:null
01-26 13:22:44.911 22179 22692 I content_query_sample: Binder:27682, Query uri:content://mms-sms-v2/rawQuery, selection:select _id,msg_id from addr where (type = 129 or type = 130 or type = 151), selectionArgs:null
01-26 13:22:44.911 22179 22912 I content_update_sample: Binder:27656, Update uri:content://mms, selection:st=129 AND m_type!=134, selectionArgs:null
01-26 13:22:44.917 22179 22201 I content_update_sample: Binder:27682, Update uri:content://mms, selection:st=129 AND m_type!=134, selectionArgs:null
01-26 13:22:44.923 22179 22742 I content_query_sample: Binder:27682, Query uri:content://mms/part, selection:null, selectionArgs:null
01-26 13:22:44.932 22179 32543 I content_query_sample: Binder:27682, Query uri:content://mms-sms-v2/rawQuery, selection:SELECT count(1) FROM sms WHERE date2 = 0, selectionArgs:null
01-26 13:22:44.938 22179 32542 I content_query_sample: Binder:27682, Query uri:content://mms-sms-v2/conversations?simple=true&formal=true&category=0, selection:null, selectionArgs:null
01-26 13:22:44.944 22179 22662 I content_query_sample: Binder:27682, Query uri:content://mms-sms-v2/rawQuery, selection:select count(1) from blocklist, selectionArgs:null
01-26 13:22:44.950 22179 22742 I content_query_sample: Binder:27682, Query uri:content://mms/thread-allreport, selection:thread_id>0 AND m_id!= "" AND (m_type = 128 or m_type = 134 or m_type = 136), selectionArgs:null
01-26 13:22:44.956 22179 32543 I content_query_sample: Binder:27682, Query uri:content://sms, selection:body Like 'BEGIN:VCARD%' AND thread_id > 0 , selectionArgs:null
01-26 13:22:44.962 22179 32542 I content_query_sample: Binder:27682, Query uri:content://mms-sms-v2/rawQuery, selection:SELECT count(1) FROM pdu WHERE date2 = 0, selectionArgs:null
01-26 13:22:45.237 22179 22201 I content_query_sample: Binder:27682, Query uri:content://mms-sms/draft?category=0, selection:null, selectionArgs:null
01-26 13:22:45.414 22179 22179 I binder_sample: [com.android.internal.telephony.ITelephonyRegistry,10,40,com.android.phone,8]
01-26 13:22:46.181   341   341 I sf_frame_dur: [PopupWindow:78a8aa3,1,0,0,0,0,0,0]
01-26 13:22:47.042 21486 21486 I notification_cancel: [10015,21690,com.android.systemui,100,low_battery,-1,0,64,8,NULL]
01-26 13:22:47.042 21486 21486 I notification_cancel: [10015,21690,com.android.systemui,2130838302,power_saver,-1,0,64,8,NULL]
01-26 13:22:50.311 22078 26058 I gtalk_conn_close: [20,123]
01-26 13:22:50.377 21486 21486 I notification_cancel: [10092,30600,com.facebook.katana,714499313,com.facebook.rti.mqtt.common.analytics.MqttDiagnosticNotification,0,0,64,8,NULL]
01-26 13:22:50.446 21486 21486 I notification_cancel: [10092,30600,com.facebook.katana,714499313,com.facebook.rti.mqtt.common.analytics.MqttDiagnosticNotification,0,0,64,8,NULL]
01-26 13:22:50.458 21486 21580 I netstats_mobile_sample: [38208465,46546,3726259,36586,38208465,46546,3742130,36735,38208465,46546,3742130,36735,-1]
01-26 13:22:50.458 21486 21580 I netstats_wifi_sample: [64644379,95163,8148128,76389,63233045,93633,7137710,72808,62997203,90952,7131925,72743,-1]
01-26 13:22:50.509 21486 21580 I netstats_mobile_sample: [38208465,46546,3726259,36586,38208465,46546,3742130,36735,38208465,46546,3742130,36735,-1]
01-26 13:22:50.509 21486 21580 I netstats_wifi_sample: [64644379,95163,8148128,76389,63233045,93633,7137710,72808,62997203,90952,7131925,72743,-1]
01-26 13:22:50.515 21486 21486 I notification_cancel: [10092,30600,com.facebook.katana,714499313,com.facebook.rti.mqtt.common.analytics.MqttDiagnosticNotification,0,0,64,8,NULL]
01-26 13:22:50.613 22204 22204 I binder_sample: [android.net.IConnectivityManager,3,13,com.htc.launcher,2]
01-26 13:22:50.655 21486 21486 I notification_cancel: [1000,21486,android,190,CaptivePortal.Notification,0,0,0,8,NULL]
01-26 13:22:50.741 21486 21517 I binder_sample: [android.content.IContentProvider,1,73,system_server,14]
01-26 13:22:50.741 21486 21517 I content_query_sample: [content://telephony/carriers/preferapn,apn,,name ASC,74,,15]
01-26 13:22:50.750 21486 22178 I am_proc_start: [0,27791,10068,com.htc.updater,broadcast,com.htc.updater/.download.DownloadReceiver]
01-26 13:22:50.797 21486 22178 I am_proc_bound: [0,27791,com.htc.updater]
01-26 13:22:50.956 21486 21486 I notification_cancel: [1001,22179,com.android.phone,16,NULL,0,0,64,8,NULL]
01-26 13:22:51.021 21486 21486 I notification_cancel: [1001,22179,com.android.phone,16,NULL,0,0,64,8,NULL]
01-26 13:22:51.081 21486 22178 I am_proc_start: [0,27828,10122,com.google.android.apps.magazines,broadcast,com.google.android.apps.magazines/com.google.apps.dots.android.newsstand.appwidget.NewsWidgetProvider]
01-26 13:22:51.110 21486 22202 I am_proc_bound: [0,27828,com.google.android.apps.magazines]
01-26 13:22:51.175 21486 22154 I am_kill : [0,25786,com.google.android.gms.unstable,15,empty #17]
01-26 13:22:51.386 21486 22129 I am_proc_died: [0,25786,com.google.android.gms.unstable]
01-26 13:22:52.018 21486 21486 I notification_cancel: [1000,21486,android,65537,CaptivePortal.Notification,0,0,0,8,NULL]
01-26 13:22:52.070 21486 21580 I netstats_mobile_sample: [38208465,46546,3726259,36586,38208465,46546,3742130,36735,38208465,46546,3742130,36735,-1]
01-26 13:22:52.071 21486 21580 I netstats_wifi_sample: [64644379,95163,8148128,76389,63233045,93633,7137710,72808,62997203,90952,7131925,72743,-1]
01-26 13:22:52.101 22179 22179 I binder_sample: [com.android.internal.telephony.ITelephonyRegistry,15,23,com.android.phone,4]
01-26 13:22:52.116 21486 21580 I netstats_mobile_sample: [38208465,46546,3726259,36586,38208465,46546,3742130,36735,38208465,46546,3742130,36735,-1]
01-26 13:22:52.117 21486 21580 I netstats_wifi_sample: [64644379,95163,8148128,76389,63233045,93633,7137710,72808,62997203,90952,7131925,72743,-1]
01-26 13:22:52.179   341   341 I sf_frame_dur: [com.mediatek.connectivity/com.mediatek.connectivity.CdsRadioInfoActivity,13,0,0,1,0,1,0]
01-26 13:22:52.350 21486 21486 I notification_cancel: [10092,30600,com.facebook.katana,714499313,com.facebook.rti.mqtt.common.analytics.MqttDiagnosticNotification,0,0,64,8,NULL]
01-26 13:22:52.630 30600 30600 I binder_sample: [android.net.IConnectivityManager,17,349,com.facebook.katana,69]
01-26 13:22:52.717 21486 21507 I am_proc_start: [0,27957,10081,com.android.chrome,broadcast,com.android.chrome/org.chromium.content.browser.BackgroundSyncLauncherService$Receiver]
01-26 13:22:52.788 21486 22129 I am_proc_bound: [0,27957,com.android.chrome]
01-26 13:22:52.857 21486 22228 I am_kill : [0,19746,com.google.android.googlequicksearchbox:search,15,empty #17]
01-26 13:22:52.965 21486 22796 I am_proc_died: [0,19746,com.google.android.googlequicksearchbox:search]
01-26 13:22:53.041 21486  7839 I am_proc_start: [0,27995,10129,com.google.android.apps.photos,broadcast,com.google.android.apps.photos/.actionqueue.SystemReceiver]
01-26 13:22:53.046 21486 22251 I am_kill : [0,25975,com.google.android.apps.plus,15,empty #17]
01-26 13:22:53.076 21486 21486 I notification_cancel: [10092,30600,com.facebook.katana,714499313,com.facebook.rti.mqtt.common.analytics.MqttDiagnosticNotification,0,0,64,8,NULL]
01-26 13:22:53.256 21486 21506 I am_proc_bound: [0,27995,com.google.android.apps.photos]
01-26 13:22:53.260 21486 22228 I am_proc_died: [0,25975,com.google.android.apps.plus]
01-26 13:22:53.316 21486 21486 I notification_cancel: [10092,30600,com.facebook.katana,714499313,com.facebook.rti.mqtt.common.analytics.MqttDiagnosticNotification,0,0,64,8,NULL]
01-26 13:22:53.319 21486 21486 I notification_cancel: [10092,30600,com.facebook.katana,10011,NULL,0,0,64,8,NULL]
01-26 13:22:53.321 21486 21486 I notification_cancel: [10092,30600,com.facebook.katana,714499313,com.facebook.rti.mqtt.common.analytics.MqttDiagnosticNotification,0,0,64,8,NULL]
01-26 13:22:53.552 21486 21486 I notification_cancel: [10092,30600,com.facebook.katana,714499313,com.facebook.rti.mqtt.common.analytics.MqttDiagnosticNotification,0,0,64,8,NULL]
01-26 13:22:53.717 21486 21486 I notification_cancel: [10129,27995,com.google.android.apps.photos,10436,NULL,0,0,64,8,NULL]
01-26 13:22:53.760 21486 22228 I am_proc_start: [0,28056,10131,com.google.android.apps.plus,broadcast,com.google.android.apps.plus/com.google.android.libraries.social.autobackup.AutoBackupEnvironment$ConnectivityReceiver]
01-26 13:22:53.761 21486 22228 I am_kill : [0,26403,com.google.android.gms:car,15,empty #17]
01-26 13:22:53.988 21486 22796 I am_proc_bound: [0,28056,com.google.android.apps.plus]
01-26 13:22:53.992 21486 21506 I am_proc_died: [0,26403,com.google.android.gms:car]
01-26 13:22:54.335 21486 21516 I am_kill : [0,26256,com.android.vending,15,empty #17]
01-26 13:22:54.444 21486  7839 I am_proc_died: [0,26256,com.android.vending]
01-26 13:22:54.458 21486 22203 I notification_cancel_all: [10013,25509,com.android.providers.downloads,0,0,64,9,NULL]
01-26 13:22:54.659 21486 22251 I notification_cancel_all: [10013,25509,com.android.providers.downloads,0,0,64,9,NULL]
01-26 13:22:54.944 22078 28147 I c2dm    : [-2,NULL,1,1]
01-26 13:22:55.052 22078 28154 I c2dm    : [3,NULL,1,1]
01-26 13:22:55.056 22078 28154 I gtalk_heartbeat_reset: [1680,64.233.189.188:5228]
01-26 13:22:55.059 22078 28154 I gtalk_connection: 0
01-26 13:22:55.069 22078 28154 I c2dm    : [7,,1,1]
01-26 13:22:56.859 22431 28190 I content_query_sample: [content://icc/phonebook/subId/1,name/number/hidden/recordNumber/number1/number2/emails,,,551,com.android.providers.contacts,100]
01-26 13:22:57.033 21486 21486 I notification_cancel: [10015,21690,com.android.systemui,100,low_battery,-1,0,64,8,NULL]
01-26 13:22:57.033 21486 21486 I notification_cancel: [10015,21690,com.android.systemui,2130838302,power_saver,-1,0,64,8,NULL]
01-26 13:23:01.304 21486 21486 I free_storage_changed: 5797548032
01-26 13:23:07.072 21486 21486 I notification_cancel: [10015,21690,com.android.systemui,100,low_battery,-1,0,64,8,NULL]
01-26 13:23:07.082 21486 21486 I notification_cancel: [10015,21690,com.android.systemui,2130838302,power_saver,-1,0,64,8,NULL]
01-26 13:23:07.701 21486 21518 I am_proc_start: [0,28567,1000,com.htc.htcpowermanager:remote,broadcast,com.htc.htcpowermanager/.battery.PowerUsageReceiver]
01-26 13:23:07.719 21486 21507 I am_proc_bound: [0,28567,com.htc.htcpowermanager:remote]
01-26 13:23:15.009 21486 21507 I am_home_stack_moved: [0,0,1,1,startingNewTask]
01-26 13:23:15.009 21486 21507 I wm_task_moved: [2372,1,6]
01-26 13:23:15.015 21486 21507 I am_create_task: [0,2373]
01-26 13:23:15.015 21486 21507 I am_create_activity: [0,352161149,2373,com.htc.sense.mms/.ui.ComposeMessageActivity,android.intent.action.SENDTO,NULL,sms:xxxxxxxxxx,268435456]
01-26 13:23:15.016 21486 21507 I wm_task_created: [2373,1]
01-26 13:23:15.016 21486 21507 I wm_task_moved: [2373,1,7]
01-26 13:23:15.043 21486 21507 I am_pause_activity: [0,148884789,com.mediatek.connectivity/.CdsRadioInfoActivity]
01-26 13:23:15.045 22179 22179 I am_on_paused_called: [0,com.mediatek.connectivity.CdsRadioInfoActivity]
01-26 13:23:15.065 21486 21507 I am_home_stack_moved: [0,0,1,1,startedActivity setFocusedActivity]
01-26 13:23:15.070 21486 21507 I am_focused_activity: [0,com.htc.sense.mms/.ui.ComposeMessageActivity]
01-26 13:23:15.078 21486 22251 I am_restart_activity: [0,352161149,2373,com.htc.sense.mms/.ui.ComposeMessageActivity]
01-26 13:23:15.085 21486 22251 I am_focused_activity: [0,com.htc.sense.mms/.ui.ComposeMessageActivity]
01-26 13:23:15.361   341   341 I sf_frame_dur: [com.mediatek.connectivity/com.mediatek.connectivity.CdsRadioInfoActivity,87,16,8,11,54,13,1]
01-26 13:23:15.691 27656 27656 I am_on_resume_called: [0,com.htc.sense.mms.ui.ComposeMessageActivity]
01-26 13:23:16.395 22179 32544 I content_query_sample: Binder:27656, Query uri:content://mms/drafts, selection:thread_id=0, selectionArgs:null
01-26 13:23:16.594 21486 21528 I am_activity_launch_time: [0,352161149,com.htc.sense.mms/.ui.ComposeMessageActivity,1523,1523]
01-26 13:23:16.641   341   341 I sf_frame_dur: [Starting com.htc.sense.mms,0,0,1,0,0,0,0]
01-26 13:23:17.034 21486 21486 I notification_cancel: [10015,21690,com.android.systemui,100,low_battery,-1,0,64,8,NULL]
01-26 13:23:17.034 21486 21486 I notification_cancel: [10015,21690,com.android.systemui,2130838302,power_saver,-1,0,64,8,NULL]
01-26 13:23:20.814 22179 15920 I content_query_sample: Binder:27656, Query uri:content://mms-sms/suggestion/suggest_format?category=0&limit=20, selection:null, selectionArgs:[Ljava.lang.String;@187efff1
