01-26 03:36:01.678  1623  1623 I binder_sample: [com.android.internal.telephony.ITelephonyRegistry,10,61,com.android.phone,12]
01-26 03:36:06.202   892   892 I notification_cancel: [10015,1153,com.android.systemui,100,low_battery,-1,0,64,8,NULL]
01-26 03:36:06.212   892   892 I notification_cancel: [10015,1153,com.android.systemui,2130838302,power_saver,-1,0,64,8,NULL]
01-26 03:36:08.339   892  2364 I am_proc_died: [0,27385,com.google.process.gapps]
01-26 03:36:16.201   892   892 I notification_cancel: [10015,1153,com.android.systemui,100,low_battery,-1,0,64,8,NULL]
01-26 03:36:16.212   892   892 I notification_cancel: [10015,1153,com.android.systemui,2130838302,power_saver,-1,0,64,8,NULL]
01-26 03:36:17.254   892   892 I free_storage_changed: 6539096064
01-26 03:36:18.365   892  1021 I am_proc_start: [0,29731,10055,com.htc.sense.mms,service,com.htc.sense.mms/.transaction.TransactionService]
01-26 03:36:18.393   892  2364 I am_proc_bound: [0,29731,com.htc.sense.mms]
01-26 03:36:18.710   892  9715 I am_proc_start: [0,29772,10055,com.htc.sense.mms:mms,service,com.htc.sense.mms/com.htc.messaging.service.MmsService]
01-26 03:36:18.721   892  1570 I am_proc_bound: [0,29772,com.htc.sense.mms:mms]
01-26 03:36:18.761  1623  2086 I content_query_sample: Binder:29731, Query uri:content://mms-sms/pending?protocol=mms, selection:err_type < ? AND due_time <= ?, selectionArgs:[Ljava.lang.String;@2d76bea0
01-26 03:36:18.791   892  2293 I am_proc_died: [0,26638,com.htc.mobiledata]
01-26 03:36:18.948   892   892 I notification_cancel: [10092,6455,com.facebook.katana,714499313,com.facebook.rti.mqtt.common.analytics.MqttDiagnosticNotification,0,0,64,8,NULL]
01-26 03:36:19.277   892   892 I notification_cancel: [10092,6455,com.facebook.katana,714499313,com.facebook.rti.mqtt.common.analytics.MqttDiagnosticNotification,0,0,64,8,NULL]
01-26 03:36:20.714  1623  1644 I content_query_sample: Binder:29731, Query uri:content://mms-sms-v2/rawQuery, selection:SELECT count(1) FROM sms WHERE date2 = 0, selectionArgs:null
01-26 03:36:20.733  1623  1643 I content_query_sample: Binder:29731, Query uri:content://mms-sms-v2/rawQuery, selection:select count(1) from contact_threads where htc_category =1 or htc_category = 2, selectionArgs:null
01-26 03:36:20.748  1623  2086 I content_query_sample: Binder:29731, Query uri:content://mms-sms-v2/rawQuery, selection:select _id,msg_id from addr where (type = 129 or type = 130 or type = 151), selectionArgs:null
01-26 03:36:20.757  1623  1644 I content_query_sample: Binder:29731, Query uri:content://mms/part, selection:null, selectionArgs:null
01-26 03:36:20.766  1623 13398 I content_query_sample: Binder:29731, Query uri:content://mms-sms-v2/rawQuery, selection:SELECT count(1) FROM pdu WHERE date2 = 0, selectionArgs:null
01-26 03:36:20.770  1623  2216 I content_query_sample: Binder:29731, Query uri:content://mms-sms-v2/rawQuery, selection:select count(1) from blocklist, selectionArgs:null
01-26 03:36:20.775  1623  1643 I content_query_sample: Binder:29731, Query uri:content://mms/thread-allreport, selection:thread_id>0 AND m_id!= "" AND (m_type = 128 or m_type = 134 or m_type = 136), selectionArgs:null
01-26 03:36:20.780  1623 23011 I content_query_sample: Binder:29731, Query uri:content://mms-sms-v2/conversations?simple=true&formal=true&category=0, selection:null, selectionArgs:null
01-26 03:36:20.788  1623 10406 I content_query_sample: Binder:29731, Query uri:content://sms, selection:body Like 'BEGIN:VCARD%' AND thread_id > 0 , selectionArgs:null
01-26 03:36:20.797  1623  1644 I content_update_sample: Binder:29731, Update uri:content://mms, selection:st=129 AND m_type!=134, selectionArgs:null
01-26 03:36:20.832   892  1295 I am_proc_died: [0,27892,com.google.android.gms:car]
01-26 03:36:20.839  1623  2220 I content_query_sample: Binder:29772, Query uri:content://mms-sms-v2/rawQuery, selection:select count(1) from contact_threads where htc_category =1 or htc_category = 2, selectionArgs:null
01-26 03:36:20.845  1623 13398 I content_query_sample: Binder:29772, Query uri:content://mms-sms-v2/rawQuery, selection:SELECT count(1) FROM sms WHERE date2 = 0, selectionArgs:null
01-26 03:36:20.851  1623 10406 I content_query_sample: Binder:29772, Query uri:content://mms-sms-v2/rawQuery, selection:select _id,msg_id from addr where (type = 129 or type = 130 or type = 151), selectionArgs:null
01-26 03:36:20.856  1623  2086 I content_query_sample: Binder:29731, Query uri:content://mms-sms/draft?category=0, selection:null, selectionArgs:null
01-26 03:36:20.864  1623  2217 I content_query_sample: Binder:29772, Query uri:content://mms/part, selection:null, selectionArgs:null
01-26 03:36:20.869  1623  2216 I content_query_sample: Binder:29772, Query uri:content://mms-sms-v2/rawQuery, selection:select count(1) from blocklist, selectionArgs:null
01-26 03:36:20.877  1623  4071 I content_query_sample: Binder:29772, Query uri:content://mms-sms-v2/rawQuery, selection:SELECT count(1) FROM pdu WHERE date2 = 0, selectionArgs:null
01-26 03:36:20.881  1623 23011 I content_query_sample: Binder:29772, Query uri:content://mms/thread-allreport, selection:thread_id>0 AND m_id!= "" AND (m_type = 128 or m_type = 134 or m_type = 136), selectionArgs:null
01-26 03:36:20.897  1623  1644 I content_query_sample: Binder:29772, Query uri:content://sms, selection:body Like 'BEGIN:VCARD%' AND thread_id > 0 , selectionArgs:null
01-26 03:36:20.902  1623  1643 I content_query_sample: Binder:29772, Query uri:content://mms-sms-v2/conversations?simple=true&formal=true&category=0, selection:null, selectionArgs:null
01-26 03:36:20.927  1623 10406 I content_update_sample: Binder:29772, Update uri:content://mms, selection:st=129 AND m_type!=134, selectionArgs:null
01-26 03:36:20.955  1623  2220 I content_query_sample: Binder:29772, Query uri:content://mms-sms/draft?category=0, selection:null, selectionArgs:null
01-26 03:36:26.205   892   892 I notification_cancel: [10015,1153,com.android.systemui,100,low_battery,-1,0,64,8,NULL]
01-26 03:36:26.214   892   892 I notification_cancel: [10015,1153,com.android.systemui,2130838302,power_saver,-1,0,64,8,NULL]
01-26 03:36:26.355   892  1594 I am_home_stack_moved: [0,0,1,1,startingNewTask]
01-26 03:36:26.355   892  1594 I wm_task_moved: [1650,1,12]
01-26 03:36:26.360   892  1594 I am_create_task: [0,1651]
01-26 03:36:26.360   892  1594 I am_create_activity: [0,672943523,1651,com.mediatek.connectivity/.CdsRadioMenuActivity,android.intent.action.MAIN,NULL,NULL,268435456]
01-26 03:36:26.361   892  1594 I wm_task_created: [1651,1]
01-26 03:36:26.361   892  1594 I wm_task_moved: [1651,1,13]
01-26 03:36:26.386   892  1594 I am_pause_activity: [0,292677236,com.htc.video/.ViewVideo]
01-26 03:36:26.390   892  1594 I am_home_stack_moved: [0,0,1,1,startedActivity setFocusedActivity]
01-26 03:36:26.395 29069 29069 I am_on_paused_called: [0,com.htc.video.ViewVideo]
01-26 03:36:26.411   892  1594 I am_focused_activity: [0,com.mediatek.connectivity/.CdsRadioMenuActivity]
01-26 03:36:26.414   892  2293 I am_restart_activity: [0,672943523,1651,com.mediatek.connectivity/.CdsRadioMenuActivity]
01-26 03:36:26.420   892  2293 I am_focused_activity: [0,com.mediatek.connectivity/.CdsRadioMenuActivity]
01-26 03:36:26.475  1623  1623 I am_on_resume_called: [0,com.mediatek.connectivity.CdsRadioMenuActivity]
01-26 03:36:26.492   892  1622 I am_proc_died: [0,26260,com.htc.sense.hsp]
01-26 03:36:26.563  1623  1623 I binder_sample: [android.view.IWindowSession,6,37,com.android.phone,7]
01-26 03:36:26.636   892   932 I am_activity_launch_time: [0,672943523,com.mediatek.connectivity/.CdsRadioMenuActivity,223,223]
01-26 03:36:26.720   341   341 I sf_frame_dur: [com.htc.video/com.htc.video.ViewVideo,150,1,3,1,1,0,1]
01-26 03:36:26.787   341   341 I sf_frame_dur: [com.htc.video/com.htc.video.ViewVideo,14,0,0,1,1,1,0]
01-26 03:36:27.217   892  2293 I am_finish_activity: [0,672943523,1651,com.mediatek.connectivity/.CdsRadioMenuActivity,app-request]
01-26 03:36:27.219   892  2293 I am_home_stack_moved: [0,0,1,1,finishActivity adjustTopFocus setFocusedActivity]
01-26 03:36:27.221   892  2293 I am_focused_activity: [0,com.htc.video/.ViewVideo]
01-26 03:36:27.242   892  2293 I am_pause_activity: [0,672943523,com.mediatek.connectivity/.CdsRadioMenuActivity]
01-26 03:36:27.244  1623  1623 I am_on_paused_called: [0,com.mediatek.connectivity.CdsRadioMenuActivity]
01-26 03:36:27.251   892   913 I am_resume_activity: [0,292677236,1650,com.htc.video/.ViewVideo]
01-26 03:36:27.253   892   913 I am_focused_activity: [0,com.htc.video/.ViewVideo]
01-26 03:36:27.298 29069 29069 I am_on_resume_called: [0,com.htc.video.ViewVideo]
01-26 03:36:27.713   892   926 I am_destroy_activity: [0,672943523,1651,com.mediatek.connectivity/.CdsRadioMenuActivity,finish-imm]
01-26 03:36:27.739   892  1295 I wm_task_removed: [1651,removeAppToken: last token]
01-26 03:36:27.748   892  1295 I wm_task_removed: [1651,removeTask]
01-26 03:36:27.911   892  1759 I am_finish_activity: [0,292677236,1650,com.htc.video/.ViewVideo,app-request]
01-26 03:36:27.913   892  1759 I am_home_stack_moved: [0,0,1,1,finishActivity adjustTopFocus setFocusedActivity]
01-26 03:36:27.914   892  1759 I am_focused_activity: [0,com.android.phone/.dualsim.DualSettingsSlotPreference]
01-26 03:36:27.928   892  1759 I am_pause_activity: [0,292677236,com.htc.video/.ViewVideo]
01-26 03:36:27.937 29069 29069 I am_on_paused_called: [0,com.htc.video.ViewVideo]
01-26 03:36:27.939   892  2364 I am_resume_activity: [0,1064327367,1649,com.android.phone/.dualsim.DualSettingsSlotPreference]
01-26 03:36:27.943   892  2364 I am_focused_activity: [0,com.android.phone/.dualsim.DualSettingsSlotPreference]
01-26 03:36:27.964  1623  1623 I am_on_resume_called: [0,com.android.phone.dualsim.DualSettingsSlotPreference]
01-26 03:36:28.006   892   926 I am_destroy_activity: [0,292677236,1650,com.htc.video/.ViewVideo,finish-imm]
01-26 03:36:28.034   341   341 I sf_frame_dur: [com.htc.video/com.htc.video.ViewVideo,0,0,0,1,1,0,0]
01-26 03:36:28.050   892   923 I wm_task_removed: [1650,removeAppToken: last token]
01-26 03:36:28.050   892   923 I wm_task_removed: [1650,removeTask]
01-26 03:36:28.499   892  1738 I am_finish_activity: [0,1064327367,1649,com.android.phone/.dualsim.DualSettingsSlotPreference,app-request]
01-26 03:36:28.504   892  1738 I am_home_stack_moved: [0,0,1,1,finishActivity adjustTopFocus setFocusedActivity]
01-26 03:36:28.509   892  1738 I am_focused_activity: [0,com.android.phone/.dualsim.DualSetting]
01-26 03:36:28.526   892  1738 I am_pause_activity: [0,1064327367,com.android.phone/.dualsim.DualSettingsSlotPreference]
01-26 03:36:28.529  1623  1623 I am_on_paused_called: [0,com.android.phone.dualsim.DualSettingsSlotPreference]
01-26 03:36:28.533   892  1571 I am_resume_activity: [0,538842204,1648,com.android.phone/.dualsim.DualSetting]
01-26 03:36:28.535   892  1571 I am_focused_activity: [0,com.android.phone/.dualsim.DualSetting]
01-26 03:36:28.553  1623  1623 I am_on_resume_called: [0,com.android.phone.dualsim.DualSetting]
01-26 03:36:28.621   892  9715 I am_proc_start: [0,29916,10041,com.htc.mobiledata,content provider,com.htc.mobiledata/.MobileDataProvider]
01-26 03:36:28.629   892  2293 I am_proc_died: [0,24991,com.google.android.gms]
01-26 03:36:28.649   892  1759 I am_proc_bound: [0,29916,com.htc.mobiledata]
01-26 03:36:28.912   892   926 I am_destroy_activity: [0,1064327367,1649,com.android.phone/.dualsim.DualSettingsSlotPreference,finish-imm]
01-26 03:36:28.927   341   341 I sf_frame_dur: [com.android.phone/com.android.phone.dualsim.DualSettingsSlotPreference,0,0,0,0,1,0,0]
01-26 03:36:28.936   892  1295 I wm_task_removed: [1649,removeAppToken: last token]
01-26 03:36:28.936   892  1295 I wm_task_removed: [1649,removeTask]
01-26 03:36:29.187   892   913 I am_finish_activity: [0,538842204,1648,com.android.phone/.dualsim.DualSetting,app-request]
01-26 03:36:29.191   892   913 I am_home_stack_moved: [0,0,1,1,finishActivity adjustTopFocus setFocusedActivity]
01-26 03:36:29.196   892   913 I am_focused_activity: [0,com.facebook.katana/com.facebook.composer.activity.ComposerActivity]
01-26 03:36:29.240   892   913 I am_pause_activity: [0,538842204,com.android.phone/.dualsim.DualSetting]
01-26 03:36:29.246  1623  1623 I am_on_paused_called: [0,com.android.phone.dualsim.DualSetting]
01-26 03:36:29.281   892  1595 I am_resume_activity: [0,128451104,775,com.facebook.katana/com.facebook.composer.activity.ComposerActivity]
01-26 03:36:29.291   892  1595 I am_focused_activity: [0,com.facebook.katana/com.facebook.composer.activity.ComposerActivity]
01-26 03:36:29.328  6455  6455 I am_on_resume_called: [0,com.facebook.composer.activity.ComposerActivity]
01-26 03:36:29.427   892  1594 I am_proc_died: [0,27861,com.google.android.partnersetup]
01-26 03:36:29.693   892   923 I am_proc_start: [0,29940,10020,com.google.process.gapps,content provider,com.google.android.gsf/.settings.GoogleSettingsProvider]
01-26 03:36:29.727   892  1759 I am_proc_bound: [0,29940,com.google.process.gapps]
01-26 03:36:29.737   892   926 I am_destroy_activity: [0,538842204,1648,com.android.phone/.dualsim.DualSetting,finish-imm]
01-26 03:36:29.752   341   341 I sf_frame_dur: [com.android.phone/com.android.phone.dualsim.DualSetting,0,0,0,0,1,0,0]
01-26 03:36:29.764  1623  1623 I binder_sample: [android.view.IWindowSession,5,21,com.android.phone,4]
01-26 03:36:29.765   892  1267 I wm_task_removed: [1648,removeAppToken: last token]
01-26 03:36:29.765   892  1267 I wm_task_removed: [1648,removeTask]
01-26 03:36:30.502   892  2364 I am_home_stack_moved: [0,0,1,1,startingNewTask]
01-26 03:36:30.502   892  2364 I wm_task_moved: [775,1,9]
01-26 03:36:30.507   892  2364 I am_create_task: [0,1652]
01-26 03:36:30.507   892  2364 I am_create_activity: [0,426358403,1652,com.mediatek.connectivity/.CdsRadioMenuActivity,android.intent.action.MAIN,NULL,NULL,268435456]
01-26 03:36:30.508   892  2364 I wm_task_created: [1652,1]
01-26 03:36:30.508   892  2364 I wm_task_moved: [1652,1,10]
01-26 03:36:30.524   892  2364 I am_pause_activity: [0,128451104,com.facebook.katana/com.facebook.composer.activity.ComposerActivity]
01-26 03:36:30.526   892  2364 I am_home_stack_moved: [0,0,1,1,startedActivity setFocusedActivity]
01-26 03:36:30.530   892  2364 I am_focused_activity: [0,com.mediatek.connectivity/.CdsRadioMenuActivity]
01-26 03:36:30.536  6455  6455 I am_on_paused_called: [0,com.facebook.composer.activity.ComposerActivity]
01-26 03:36:30.551   892  9715 I am_restart_activity: [0,426358403,1652,com.mediatek.connectivity/.CdsRadioMenuActivity]
01-26 03:36:30.553   892  9715 I am_focused_activity: [0,com.mediatek.connectivity/.CdsRadioMenuActivity]
01-26 03:36:30.613  1623  1623 I am_on_resume_called: [0,com.mediatek.connectivity.CdsRadioMenuActivity]
01-26 03:36:30.653   892  2293 I am_proc_died: [0,27796,com.android.vending]
01-26 03:36:30.689   892   932 I am_activity_launch_time: [0,426358403,com.mediatek.connectivity/.CdsRadioMenuActivity,140,140]
01-26 03:36:30.847   341   341 I sf_frame_dur: [com.facebook.katana/com.facebook.composer.activity.ComposerActivity,0,0,0,0,0,1,0]
01-26 03:36:31.445   892  2293 I am_home_stack_moved: [0,0,1,1,sourceStackToFront]
01-26 03:36:31.445   892  2293 I wm_task_moved: [1652,1,10]
01-26 03:36:31.448   892  2293 I am_create_activity: [0,194321543,1652,com.mediatek.connectivity/.CdsRadioInfoActivity,NULL,NULL,NULL,0]
01-26 03:36:31.449   892  2293 I am_pause_activity: [0,426358403,com.mediatek.connectivity/.CdsRadioMenuActivity]
01-26 03:36:31.452   892  2293 I am_home_stack_moved: [0,0,1,1,startedActivity setFocusedActivity]
01-26 03:36:31.455   892  2293 I am_focused_activity: [0,com.mediatek.connectivity/.CdsRadioInfoActivity]
01-26 03:36:31.459  1623  1623 I am_on_paused_called: [0,com.mediatek.connectivity.CdsRadioMenuActivity]
01-26 03:36:31.462   892  1594 I am_restart_activity: [0,194321543,1652,com.mediatek.connectivity/.CdsRadioInfoActivity]
01-26 03:36:31.468   892  1594 I am_focused_activity: [0,com.mediatek.connectivity/.CdsRadioInfoActivity]
01-26 03:36:31.569  1623  1623 I am_on_resume_called: [0,com.mediatek.connectivity.CdsRadioInfoActivity]
01-26 03:36:31.672   892   932 I am_activity_launch_time: [0,194321543,com.mediatek.connectivity/.CdsRadioInfoActivity,213,213]
01-26 03:36:31.707   341   341 I sf_frame_dur: [Starting com.mediatek.connectivity,1,0,0,0,0,0,0]
01-26 03:36:31.791   341   341 I sf_frame_dur: [com.mediatek.connectivity/com.mediatek.connectivity.CdsRadioMenuActivity,0,1,0,0,0,0,0]
01-26 03:36:32.029   892   924 I am_proc_start: [0,29971,10044,com.htc.sense.hsp,service,com.htc.sense.hsp/.weather.location.AutoSettingService]
01-26 03:36:32.050   892   923 I am_proc_bound: [0,29971,com.htc.sense.hsp]
01-26 03:36:36.195   892   892 I notification_cancel: [10015,1153,com.android.systemui,100,low_battery,-1,0,64,8,NULL]
01-26 03:36:36.195   892   892 I notification_cancel: [10015,1153,com.android.systemui,2130838302,power_saver,-1,0,64,8,NULL]
01-26 03:36:43.786   341   341 I sf_frame_dur: [PopupWindow:1740eacc,0,1,0,0,0,0,0]
01-26 03:36:46.201   892   892 I notification_cancel: [10015,1153,com.android.systemui,100,low_battery,-1,0,64,8,NULL]
01-26 03:36:46.202   892   892 I notification_cancel: [10015,1153,com.android.systemui,2130838302,power_saver,-1,0,64,8,NULL]
01-26 03:36:47.255   892   892 I free_storage_changed: 6524309504
01-26 03:36:47.936   892   892 I notification_cancel: [10092,6455,com.facebook.katana,714499313,com.facebook.rti.mqtt.common.analytics.MqttDiagnosticNotification,0,0,64,8,NULL]
01-26 03:36:47.947  1992 27676 I gtalk_conn_close: [20,144]
01-26 03:36:48.013   892   892 I notification_cancel: [10092,6455,com.facebook.katana,714499313,com.facebook.rti.mqtt.common.analytics.MqttDiagnosticNotification,0,0,64,8,NULL]
01-26 03:36:48.028   892   926 I am_proc_start: [0,30027,10008,com.htc.bgp,broadcast,com.htc.flexnet/.AndroidIntentReceiver]
01-26 03:36:48.638   892  1570 I binder_sample: [com.android.server.power.PowerManagerService$BinderService,5,595,execTransact,100]
01-26 03:36:48.639   892  1267 I binder_sample: [com.android.server.am.ActivityManagerService,145,638,execTransact,100]
01-26 03:36:48.639   892  9714 I binder_sample: [com.android.server.ConnectivityService,1,597,execTransact,100]
01-26 03:36:48.640   892  1295 I binder_sample: [com.android.server.am.ActivityManagerService,29,662,execTransact,100]
01-26 03:36:48.640   892  9715 I binder_sample: [com.android.server.am.ActivityManagerService,13,596,execTransact,100]
01-26 03:36:48.640   892  2364 I am_proc_bound: [0,30027,com.htc.bgp]
01-26 03:36:48.641  1153  1153 I binder_sample: [android.view.accessibility.IAccessibilityManager,2,485,com.android.systemui,97]
01-26 03:36:48.642  1623  1623 I binder_sample: [android.app.IActivityManager,63,309,com.android.phone,61]
01-26 03:36:48.883   892   892 I notification_cancel: [10092,6455,com.facebook.katana,714499313,com.facebook.rti.mqtt.common.analytics.MqttDiagnosticNotification,0,0,64,8,NULL]
01-26 03:36:48.890   892  2364 I binder_sample: [com.android.server.am.ActivityManagerService,17,802,execTransact,100]
01-26 03:36:48.901 30027 30027 I binder_sample: [android.app.IActivityManager,17,810,<pre-initialized>,100]
01-26 03:36:48.913   892  1045 I netstats_mobile_sample: [198880339,219145,20070674,175412,198887059,219189,20108160,175664,198887059,219189,20101440,175620,-1]
01-26 03:36:48.913   892  1045 I netstats_wifi_sample: [69898299,102361,7717523,78132,68400194,101228,6687736,73362,67779335,98941,6682680,73314,-1]
01-26 03:36:49.008   892   892 I notification_cancel: [10092,6455,com.facebook.katana,714499313,com.facebook.rti.mqtt.common.analytics.MqttDiagnosticNotification,0,0,64,8,NULL]
01-26 03:36:49.011   892  1045 I netstats_mobile_sample: [198880339,219145,20070674,175412,198887059,219189,20108160,175664,198887059,219189,20101440,175620,-1]
01-26 03:36:49.012   892  1045 I netstats_wifi_sample: [69898299,102361,7717523,78132,68400194,101228,6687736,73362,67779335,98941,6682680,73314,-1]
01-26 03:36:49.013   892   912 I am_proc_start: [0,30074,10041,com.htc.mobiledata:remote,service,com.htc.mobiledata/.MobileDataService]
01-26 03:36:49.099   892   923 I am_proc_bound: [0,30074,com.htc.mobiledata:remote]
01-26 03:36:49.162 30074 30074 I binder_sample: [android.app.IActivityManager,29,52,<pre-initialized>,10]
01-26 03:36:49.164 30027 30027 I binder_sample: [android.app.IActivityManager,95,20,com.htc.bgp,4]
01-26 03:36:49.167   892   892 I notification_cancel: [10092,6455,com.facebook.katana,714499313,com.facebook.rti.mqtt.common.analytics.MqttDiagnosticNotification,0,0,64,8,NULL]
01-26 03:36:49.168   892   892 I notification_cancel: [1000,892,android,342,CaptivePortal.Notification,0,0,0,8,NULL]
01-26 03:36:49.179   892  1295 I am_proc_died: [0,29731,com.htc.sense.mms]
01-26 03:36:49.309   892   924 I binder_sample: [android.content.IContentProvider,1,84,system_server,16]
01-26 03:36:49.356 30027 30027 I content_query_sample: [content://customization_settings/SettingTable/application_Calendar,,,,41,com.htc.flexnet,9]
01-26 03:36:49.359  6455  6455 I binder_sample: [android.net.IConnectivityManager,17,245,com.facebook.katana,49]
01-26 03:36:49.361   892   892 I notification_cancel: [1001,1623,com.android.phone,16,NULL,0,0,64,8,NULL]
01-26 03:36:49.364   892   892 I notification_cancel: [1001,1623,com.android.phone,16,NULL,0,0,64,8,NULL]
01-26 03:36:49.400   892   892 I notification_cancel: [10092,6455,com.facebook.katana,10011,NULL,0,0,64,8,NULL]
01-26 03:36:49.414   892   912 I am_proc_died: [0,29128,android.process.media]
01-26 03:36:49.545   892  1738 I am_proc_start: [0,30132,10013,android.process.media,broadcast,com.android.providers.downloads/.DownloadReceiver]
01-26 03:36:49.595   892  9715 I am_proc_bound: [0,30132,android.process.media]
01-26 03:36:49.732   341   341 I sf_frame_dur: [com.mediatek.connectivity/com.mediatek.connectivity.CdsRadioInfoActivity,0,0,2,0,0,0,1]
01-26 03:36:49.775   892  1295 I notification_cancel_all: [10013,30132,com.android.providers.downloads,0,0,64,9,NULL]
01-26 03:36:49.939   892  1045 I netstats_mobile_sample: [198880339,219145,20070674,175412,198887059,219189,20108160,175664,198887059,219189,20101440,175620,-1]
01-26 03:36:49.939   892  1045 I netstats_wifi_sample: [69898299,102361,7717523,78132,68400194,101228,6687736,73362,67779335,98941,6682680,73314,-1]
01-26 03:36:50.066   892  1267 I am_proc_died: [0,29772,com.htc.sense.mms:mms]
01-26 03:36:50.154   892  1045 I netstats_mobile_sample: [198880339,219145,20070674,175412,198887059,219189,20108160,175664,198887059,219189,20101440,175620,-1]
01-26 03:36:50.155   892  1045 I netstats_wifi_sample: [69898299,102361,7717523,78132,68400194,101228,6687736,73362,67779335,98941,6682680,73314,-1]
01-26 03:36:50.349   892   892 I notification_cancel: [10092,6455,com.facebook.katana,714499313,com.facebook.rti.mqtt.common.analytics.MqttDiagnosticNotification,0,0,64,8,NULL]
01-26 03:36:50.370   892   892 I notification_cancel: [10092,6455,com.facebook.katana,714499313,com.facebook.rti.mqtt.common.analytics.MqttDiagnosticNotification,0,0,64,8,NULL]
01-26 03:36:50.421   892   892 I notification_cancel: [1000,892,android,65537,CaptivePortal.Notification,0,0,0,8,NULL]
01-26 03:36:50.472   892  9714 I am_proc_start: [0,30209,10053,com.htc.android.mail:sync,broadcast,com.htc.android.mail/.eassvc.EASEventReceiver]
01-26 03:36:50.492   892  1595 I am_proc_bound: [0,30209,com.htc.android.mail:sync]
01-26 03:36:50.685   892   892 I notification_cancel: [10092,6455,com.facebook.katana,714499313,com.facebook.rti.mqtt.common.analytics.MqttDiagnosticNotification,0,0,64,8,NULL]
01-26 03:36:50.697   892   892 I notification_cancel: [10092,6455,com.facebook.katana,10011,NULL,0,0,64,8,NULL]
01-26 03:36:50.706   892   892 I notification_cancel: [10092,6455,com.facebook.katana,714499313,com.facebook.rti.mqtt.common.analytics.MqttDiagnosticNotification,0,0,64,8,NULL]
01-26 03:36:50.872   892  1759 I am_proc_start: [0,30244,10064,com.google.android.setupwizard,broadcast,com.google.android.setupwizard/.carrier.MobileConnectivityChangeReceiver]
01-26 03:36:50.892   892  2364 I am_proc_bound: [0,30244,com.google.android.setupwizard]
01-26 03:36:50.984   892   892 I notification_cancel: [10092,6455,com.facebook.katana,714499313,com.facebook.rti.mqtt.common.analytics.MqttDiagnosticNotification,0,0,64,8,NULL]
01-26 03:36:51.059   892  1595 I am_proc_died: [0,29069,com.htc.video]
01-26 03:36:51.141 30209 30239 I content_query_sample: [content://mail/accounts,_id/_name/_inserver/_providerGroup/_emailaddress/_username/_password/_outusername/_outpassword/_protocol/_easDomain/_inport/_outserver/_outport/_useSSLin/_useSSLout/_useSignature/_signature/_sizelimit/_fetchMailType/_fetchMailNum/_fetchMailDays/_enableSDsave/_deleteFromServer/_poll_frequency_number/_askBeforeDelete/_refreshMailWhenOpenFolder/_provider/_downloadMessageWhenScroll/_threadedMail/_defaultfolderId/_draftfolderId/_trashfolderId/_sentfolderId/_outfolderId/_providerid/_emailnotifications/_lastupdatetime/_desc/_sound/_ringtone/_vibrate/_smtpauth/_sortby/_defaultaccount/_fontSize/_alwaysBccMyself/_replyWithText/_forward_with_attach/_previewLinesNumber/_del/_peakdays/_peaktimestart/_peaktimeend/_peakonfrequency/_peakofffrequency/_easSvrProtocol/_contactGroup/_colorIdx/_syncWithServer/_nextfetchtime/_accountType/_searchfolderId/_autoDownloadAttach/_autoDownloadOnWifi/_showSubjectInPrimaryView/_filterby,_del <> 1,_id,276,com.htc.android.mail,56]
01-26 03:36:51.362   892  9715 I am_proc_start: [0,30303,10068,com.htc.updater,broadcast,com.htc.updater/.download.DownloadReceiver]
01-26 03:36:51.365 30244 30244 I binder_sample: [android.app.IActivityManager,14,31,com.google.android.setupwizard,6]
01-26 03:36:51.421   892   926 I am_proc_start: [0,30328,10020,com.google.android.gms,broadcast,com.google.android.gms/.checkin.CheckinService$TriggerReceiver]
01-26 03:36:51.422   892  9715 I am_proc_bound: [0,30303,com.htc.updater]
01-26 03:36:51.452   892  1622 I am_proc_bound: [0,30328,com.google.android.gms]
01-26 03:36:51.544   892  1594 I am_proc_start: [0,30355,10122,com.google.android.apps.magazines,broadcast,com.google.android.apps.magazines/com.google.apps.dots.android.newsstand.appwidget.NewsWidgetProvider]
01-26 03:36:51.575   892  1622 I am_proc_bound: [0,30355,com.google.android.apps.magazines]
01-26 03:36:51.682   892  1295 I am_proc_died: [0,29940,com.google.process.gapps]
01-26 03:36:51.845 30209 30241 I content_query_sample: [content://com.android.calendar/calendars?caller_is_syncadapter=true&account_name=WFT_RSS_430%40htc.misip.com&account_type=com.htc.android.mail.eas,cal_sync1/cal_sync2/cal_sync3/cal_sync4/cal_sync5/cal_sync6,account_name = 'WFT_RSS_430@htc.misip.com' AND account_type = 'com.htc.android.mail.eas',,24,com.htc.android.mail,5]
01-26 03:36:52.354   892  1571 I am_proc_start: [0,30408,10020,com.google.process.gapps,content provider,com.google.android.gsf/.gservices.GservicesProvider]
01-26 03:36:52.372   892  1267 I am_proc_bound: [0,30408,com.google.process.gapps]
01-26 03:36:52.374   892  1759 I am_proc_died: [0,30027,com.htc.bgp]
01-26 03:36:52.478 30328 30328 I binder_sample: [android.app.IActivityManager,29,159,com.google.android.gms,31]
01-26 03:36:52.478 30355 30355 I binder_sample: [android.app.IActivityManager,29,166,com.google.android.apps.magazines,33]
01-26 03:36:52.624   892  1759 I am_proc_died: [0,30074,com.htc.mobiledata:remote]
01-26 03:36:52.627   892   892 I notification_cancel: [10020,30328,com.google.android.gms,10436,NOT_LMP,0,0,64,8,NULL]
01-26 03:36:52.628   892   892 I notification_cancel: [10020,30328,com.google.android.gms,39789,NOT_LMP,0,0,64,8,NULL]
01-26 03:36:52.752   892  1295 I am_proc_died: [0,30132,android.process.media]
01-26 03:36:52.962   892  1571 I am_proc_died: [0,29916,com.htc.mobiledata]
01-26 03:36:53.421   892   923 I am_proc_died: [0,30244,com.google.android.setupwizard]
01-26 03:36:53.682   892  1594 I am_proc_start: [0,30544,10081,com.android.chrome,broadcast,com.android.chrome/org.chromium.content.browser.BackgroundSyncLauncherService$Receiver]
01-26 03:36:53.710   892  9714 I am_proc_bound: [0,30544,com.android.chrome]
01-26 03:36:53.793   892   892 I notification_cancel: [10020,30328,com.google.android.gms,10436,NULL,0,0,64,8,NULL]
01-26 03:36:53.883   892   912 I am_proc_start: [0,30578,10129,com.google.android.apps.photos,broadcast,com.google.android.apps.photos/.actionqueue.SystemReceiver]
01-26 03:36:53.900   892  9714 I am_proc_bound: [0,30578,com.google.android.apps.photos]
01-26 03:36:54.024 30328 30516 I aggregation: 1453750614024
01-26 03:36:54.114   892  1738 I am_proc_died: [0,30303,com.htc.updater]
01-26 03:36:55.287   892   892 I notification_cancel: [10129,30578,com.google.android.apps.photos,10436,NULL,0,0,64,8,NULL]
01-26 03:36:55.315   892  1571 I am_proc_start: [0,30655,10131,com.google.android.apps.plus,broadcast,com.google.android.apps.plus/com.google.android.libraries.social.autobackup.AutoBackupEnvironment$ConnectivityReceiver]
01-26 03:36:55.446   892  1570 I am_proc_bound: [0,30655,com.google.android.apps.plus]
01-26 03:36:55.564   892  1622 I am_proc_died: [0,30355,com.google.android.apps.magazines]
01-26 03:36:55.670   892  1595 I am_proc_start: [0,30708,10013,android.process.media,content provider,com.android.providers.media/.MediaProvider]
01-26 03:36:55.710   892  1571 I am_proc_bound: [0,30708,android.process.media]
01-26 03:36:55.790   892  1594 I notification_cancel_all: [10013,30708,com.android.providers.downloads,0,0,64,9,NULL]
01-26 03:36:55.978   892  1295 I am_proc_start: [0,30742,10020,com.google.android.gms.unstable,service,com.google.android.gms/.droidguard.DroidGuardService]
01-26 03:36:56.014   892  9715 I am_proc_bound: [0,30742,com.google.android.gms.unstable]
01-26 03:36:56.074   892  9715 I notification_cancel_all: [10013,30708,com.android.providers.downloads,0,0,64,9,NULL]
01-26 03:36:56.104   892   913 I am_proc_start: [0,30777,10008,com.htc.bgp,broadcast,com.htc.flexnet/.SystemIntentReceiver]
01-26 03:36:56.107 30742 30742 I binder_sample: [android.app.IActivityManager,29,16,com.google.android.gms.unstable,3]
01-26 03:36:56.123   892  1594 I am_proc_bound: [0,30777,com.htc.bgp]
01-26 03:36:56.170   892   892 I notification_cancel: [10020,30742,com.google.android.gms,10436,NOT_LMP,0,0,64,8,NULL]
01-26 03:36:56.170   892   892 I notification_cancel: [10020,30742,com.google.android.gms,39789,NOT_LMP,0,0,64,8,NULL]
01-26 03:36:56.202   892  1267 I am_proc_died: [0,30544,com.android.chrome]
01-26 03:36:56.206   892   892 I notification_cancel: [10015,1153,com.android.systemui,100,low_battery,-1,0,64,8,NULL]
01-26 03:36:56.206   892   892 I notification_cancel: [10015,1153,com.android.systemui,2130838302,power_saver,-1,0,64,8,NULL]
01-26 03:36:56.291   892  1738 I am_proc_start: [0,30810,10064,com.google.android.setupwizard,broadcast,com.google.android.setupwizard/.carrier.MobileConnectivityChangeReceiver]
01-26 03:36:56.311   892  1622 I am_proc_bound: [0,30810,com.google.android.setupwizard]
01-26 03:36:56.396   892  1595 I am_proc_start: [0,30838,10068,com.htc.updater,broadcast,com.htc.updater/.download.DownloadReceiver]
01-26 03:36:56.414   892  1759 I am_proc_bound: [0,30838,com.htc.updater]
01-26 03:36:56.551   892  2293 I am_proc_start: [0,30869,10122,com.google.android.apps.magazines,broadcast,com.google.android.apps.magazines/com.google.apps.dots.android.newsstand.appwidget.NewsWidgetProvider]
01-26 03:36:56.571   892  1759 I am_proc_bound: [0,30869,com.google.android.apps.magazines]
01-26 03:36:56.576   892  1738 I am_proc_died: [0,30578,com.google.android.apps.photos]
01-26 03:36:56.582   892  2580 I force_gc: Binder
01-26 03:36:56.802   892   913 I am_proc_died: [0,30655,com.google.android.apps.plus]
01-26 03:36:57.210   892  1595 I am_proc_start: [0,31017,10081,com.android.chrome,broadcast,com.android.chrome/org.chromium.content.browser.BackgroundSyncLauncherService$Receiver]
01-26 03:36:57.228   892   912 I am_proc_bound: [0,31017,com.android.chrome]
01-26 03:36:57.292   892  1267 I am_proc_died: [0,30708,android.process.media]
01-26 03:36:57.329   892  9714 I am_proc_start: [0,31050,10129,com.google.android.apps.photos,broadcast,com.google.android.apps.photos/.actionqueue.SystemReceiver]
01-26 03:36:57.350   892  1622 I am_proc_bound: [0,31050,com.google.android.apps.photos]
01-26 03:36:57.602   892  1571 I am_proc_died: [0,30777,com.htc.bgp]
01-26 03:36:57.803   892   892 I notification_cancel: [10129,31050,com.google.android.apps.photos,10436,NULL,0,0,64,8,NULL]
01-26 03:36:57.823   892   923 I am_proc_start: [0,31112,10131,com.google.android.apps.plus,broadcast,com.google.android.apps.plus/com.google.android.libraries.social.autobackup.AutoBackupEnvironment$ConnectivityReceiver]
01-26 03:36:57.839   892  1295 I am_proc_bound: [0,31112,com.google.android.apps.plus]
01-26 03:36:57.921   892  1267 I am_proc_start: [0,31147,10013,android.process.media,content provider,com.android.providers.media/.MediaProvider]
01-26 03:36:57.944   892   923 I am_proc_bound: [0,31147,android.process.media]
01-26 03:36:58.035   892   913 I notification_cancel_all: [10013,31147,com.android.providers.downloads,0,0,64,9,NULL]
01-26 03:36:58.242   892  1571 I am_proc_start: [0,31187,10008,com.htc.bgp,broadcast,com.htc.flexnet/.AndroidIntentReceiver]
01-26 03:36:58.259   892   912 I am_proc_bound: [0,31187,com.htc.bgp]
01-26 03:36:58.301   892  2293 I am_proc_died: [0,30838,com.htc.updater]
01-26 03:36:58.394   892  2293 I notification_cancel_all: [10013,31147,com.android.providers.downloads,0,0,64,9,NULL]
01-26 03:36:58.440   892  1759 I am_proc_start: [0,31223,10068,com.htc.updater,broadcast,com.htc.updater/.download.DownloadReceiver]
01-26 03:36:58.461   892  9715 I am_proc_bound: [0,31223,com.htc.updater]
01-26 03:36:58.486 30328 30516 I content_query_sample: [content://com.google.settings/partner,value,name=?,,7,com.google.android.gms,2]
01-26 03:36:58.601 31223 31248 I content_query_sample: [content://com.htc.updater.download/downloads,,,,9,com.htc.updater,2]
01-26 03:36:58.662   892  1571 I am_proc_died: [0,31112,com.google.android.apps.plus]
01-26 03:36:58.663   892  1571 I am_broadcast_discard_app: [0,1013032811,android.net.conn.CONNECTIVITY_CHANGE,15,ResolveInfo{273e13ac com.google.android.apps.plus/com.google.android.libraries.social.autobackup.AutoBackupEnvironment$ConnectivityReceiver m=0x108000}]
01-26 03:36:59.082   892  9714 I am_proc_start: [0,31314,10007,com.htc.calendar,broadcast,com.htc.calendar/.ProviderChangeReceiver]
01-26 03:36:59.095   892  1594 I am_proc_bound: [0,31314,com.htc.calendar]
01-26 03:36:59.431   892  2293 I am_proc_died: [0,30408,com.google.process.gapps]
01-26 03:36:59.585   892   892 I notification_cancel: [10007,31314,com.htc.calendar,1,NULL,0,0,64,8,NULL]
01-26 03:36:59.729   892  1295 I am_proc_start: [0,31361,10020,com.google.process.gapps,content provider,com.google.android.gsf/.gservices.GservicesProvider]
01-26 03:36:59.759   892  9715 I am_proc_bound: [0,31361,com.google.process.gapps]
01-26 03:36:59.792   892  1622 I am_proc_died: [0,31147,android.process.media]
01-26 03:36:59.846   892  2640 I force_gc: Binder
01-26 03:36:59.912   892   892 I notification_enqueue: [10020,1992,com.google.android.gms,0,com.google.android.gms.auth.TokenNotificationManager:gftrss081@gmail.com:com.google,0,Notification(pri=0 contentView=null vibrate=null sound=null defaults=0x0 flags=0xa color=0x00000000 vis=PRIVATE),1]
01-26 03:36:59.913   892   892 I notification_skip_beep_vibrate: [0,0,0,0,0,1,0,1,0,0]
01-26 03:36:59.913   892   892 I notification_skip_light: [1,0,1,0,0]
01-26 03:37:00.006  1992  4901 I force_gc: Binder
01-26 03:37:00.039   892   892 I notification_cancel: [10007,31314,com.htc.calendar,1,NULL,0,0,64,8,NULL]
01-26 03:37:00.086  1992 31392 I c2dm    : [-2,NULL,1,1]
01-26 03:37:00.090   892   892 I notification_enqueue: [10020,1992,com.google.android.gms,0,com.google.android.gms.auth.TokenNotificationManager:gftrss081@gmail.com:com.google,0,Notification(pri=0 contentView=null vibrate=null sound=null defaults=0x0 flags=0xa color=0x00000000 vis=PRIVATE),1]
01-26 03:37:00.092   892   892 I notification_skip_beep_vibrate: [0,0,0,0,0,1,0,1,0,0]
01-26 03:37:00.092   892   892 I notification_skip_light: [1,0,1,0,0]
01-26 03:37:00.192   892  1570 I am_proc_died: [0,30810,com.google.android.setupwizard]
01-26 03:37:00.192   892  1570 I am_broadcast_discard_app: [0,360878851,com.google.android.checkin.CHECKIN_COMPLETE,1,ResolveInfo{1a3b70d2 com.google.android.setupwizard/.util.GservicesChangedReceiver m=0x108000}]
01-26 03:37:00.295  1992 31412 I c2dm    : [3,NULL,1,1]
01-26 03:37:00.385  8852 31395 I content_query_sample: [content://icc/phonebook/subId/1,name/number/hidden/recordNumber/number1/number2/emails,,,441,com.android.providers.contacts,89]
01-26 03:37:00.386  1992 31412 I gtalk_heartbeat_reset: [1680,64.233.187.188:5228]
01-26 03:37:00.389  1992 31412 I gtalk_connection: 0
01-26 03:37:00.410   892   892 I notification_cancel: [10007,31314,com.htc.calendar,1,NULL,0,0,64,8,NULL]
01-26 03:37:00.625  1992 31412 I c2dm    : [7,,1,1]
01-26 03:37:00.713 30328 31398 I content_update_sample: [content://com.google.android.gms.icing.proxy/contacts,update,delta,744,com.google.android.gms,100]
01-26 03:37:03.523   892   926 I am_proc_start: [0,31477,10069,com.google.android.googlequicksearchbox:search,broadcast,com.google.android.googlequicksearchbox/com.google.android.apps.gsa.search.core.GmsPackageWatcher]
01-26 03:37:03.546   892  1571 I am_proc_bound: [0,31477,com.google.android.googlequicksearchbox:search]
01-26 03:37:03.704   892   913 I am_proc_died: [0,30869,com.google.android.apps.magazines]
01-26 03:37:03.904   892   892 I backup_transport_lifecycle: [com.google.android.gms/.backup.BackupTransportService,1]
01-26 03:37:03.910   892   892 I notification_cancel: [10020,1992,com.google.android.gms,1,com.google.android.backup.notification.tag,0,0,64,8,NULL]
01-26 03:37:04.131   892  9714 I am_proc_start: [0,31518,10059,com.android.vending,broadcast,com.android.vending/com.google.android.finsky.receivers.PackageMonitorReceiver$RegisteredReceiver]
01-26 03:37:04.146   892   892 I notification_cancel: [10103,17854,com.google.android.talk,8,com.google.android.talk:gmscore,0,0,64,8,NULL]
01-26 03:37:04.158   892  2364 I am_proc_bound: [0,31518,com.android.vending]
01-26 03:37:04.212   892  9714 I am_proc_died: [0,31223,com.htc.updater]
01-26 03:37:04.523   892   892 I notification_cancel: [10059,31518,com.android.vending,-1050172287,NULL,0,0,64,8,NULL]
01-26 03:37:04.598   892  1759 I am_proc_start: [0,31564,10013,android.process.media,content provider,com.android.providers.downloads/.DownloadProvider]
01-26 03:37:04.618   892  1571 I am_proc_bound: [0,31564,android.process.media]
01-26 03:37:04.675   892  1595 I am_proc_start: [0,31604,10131,com.google.android.apps.plus,broadcast,com.google.android.apps.plus/.service.PackagesMediaMonitor]
01-26 03:37:04.680 31564 31564 I binder_sample: [android.app.IActivityManager,34,19,android.process.media,3]
01-26 03:37:04.711   892  1571 I am_proc_bound: [0,31604,com.google.android.apps.plus]
01-26 03:37:04.722   892  1595 I am_proc_died: [0,31017,com.android.chrome]
01-26 03:37:04.823   892  1738 I notification_cancel_all: [10013,31564,com.android.providers.downloads,0,0,64,9,NULL]
01-26 03:37:04.972   892  1267 I am_proc_died: [0,31187,com.htc.bgp]
01-26 03:37:05.079   892  1595 I am_proc_start: [0,31653,10023,com.google.android.partnersetup,content provider,com.google.android.partnersetup/.RlzAppProvider]
01-26 03:37:05.112 31477 31596 I content_update_sample: [content://com.google.android.googlequicksearchbox.icing/applications,update,com.google.android.gms,469,com.google.android.googlequicksearchbox,94]
01-26 03:37:05.113   892  9714 I am_proc_bound: [0,31653,com.google.android.partnersetup]
01-26 03:37:05.212   892  1594 I am_proc_died: [0,31050,com.google.android.apps.photos]
01-26 03:37:05.816   892   923 I am_proc_died: [0,30742,com.google.android.gms.unstable]
01-26 03:37:06.214   892   892 I notification_cancel: [10015,1153,com.android.systemui,100,low_battery,-1,0,64,8,NULL]
01-26 03:37:06.214   892   892 I notification_cancel: [10015,1153,com.android.systemui,2130838302,power_saver,-1,0,64,8,NULL]
01-26 03:37:08.693   892  1295 I am_proc_start: [0,31744,10041,com.htc.mobiledata,content provider,com.htc.mobiledata/.MobileDataProvider]
01-26 03:37:08.767   892  9715 I am_proc_bound: [0,31744,com.htc.mobiledata]
01-26 03:37:08.800   892  1267 I am_proc_start: [0,31766,10008,com.htc.bgp,broadcast,com.htc.flexnet/.AndroidIntentReceiver]
01-26 03:37:08.802   892  2819 I force_gc: Binder
01-26 03:37:08.845   892  2364 I am_proc_bound: [0,31766,com.htc.bgp]
01-26 03:37:08.881   892   912 I am_proc_start: [0,31788,10041,com.htc.mobiledata:remote,service,com.htc.mobiledata/.MobileDataService]
01-26 03:37:08.882 31766 31766 I binder_sample: [android.app.IActivityManager,29,30,<pre-initialized>,6]
01-26 03:37:08.892   892   912 I am_proc_died: [0,31477,com.google.android.googlequicksearchbox:search]
01-26 03:37:08.903   892  1594 I am_proc_bound: [0,31788,com.htc.mobiledata:remote]
01-26 03:37:09.202   892  9714 I am_proc_died: [0,31314,com.htc.calendar]
01-26 03:37:09.771   892  1622 I am_proc_start: [0,31842,10020,com.google.android.gms:car,service,com.google.android.gms/.car.CarService]
01-26 03:37:09.798   892  1759 I am_proc_bound: [0,31842,com.google.android.gms:car]
01-26 03:37:09.924   892   892 I notification_cancel: [10020,31842,com.google.android.gms,10436,NOT_LMP,0,0,64,8,NULL]
01-26 03:37:09.928   892   892 I notification_cancel: [10020,31842,com.google.android.gms,39789,NOT_LMP,0,0,64,8,NULL]
01-26 03:37:09.988   892   892 I notification_enqueue: [10020,1992,com.google.android.gms,0,com.google.android.gms.auth.TokenNotificationManager:gftrss081@gmail.com:com.google,0,Notification(pri=0 contentView=null vibrate=null sound=null defaults=0x0 flags=0xa color=0x00000000 vis=PRIVATE),1]
01-26 03:37:09.989   892   892 I notification_skip_beep_vibrate: [0,0,0,0,0,1,0,1,0,0]
01-26 03:37:09.989   892   892 I notification_skip_light: [1,0,1,0,0]
01-26 03:37:10.041   892   926 I am_proc_start: [0,31874,10007,com.htc.calendar,broadcast,com.htc.calendar/.ProviderChangeReceiver]
01-26 03:37:10.059   892   923 I am_proc_bound: [0,31874,com.htc.calendar]
01-26 03:37:10.108   892   892 I notification_cancel: [10007,31874,com.htc.calendar,1,NULL,0,0,64,8,NULL]
01-26 03:37:10.298   892   892 I notification_cancel: [10020,31842,com.google.android.gms,10436,NULL,0,0,64,8,NULL]
01-26 03:37:10.340   892   892 I notification_cancel: [10059,31518,com.android.vending,10436,NULL,0,0,64,8,NULL]
01-26 03:37:11.362   892  1295 I am_proc_died: [0,31653,com.google.android.partnersetup]
01-26 03:37:14.902   892  1571 I am_proc_died: [0,31564,android.process.media]
01-26 03:37:15.232   892  1738 I am_proc_died: [0,31788,com.htc.mobiledata:remote]
01-26 03:37:15.454   892  1594 I am_home_stack_moved: [0,0,1,1,startingNewTask]
01-26 03:37:15.454   892  1594 I wm_task_moved: [1652,1,10]
01-26 03:37:15.467   892  1594 I am_create_task: [0,1653]
01-26 03:37:15.467   892  1594 I am_create_activity: [0,351305087,1653,com.google.android.youtube/.UrlActivity,android.intent.action.VIEW,NULL,vnd.youtube:bJMcCaW-H24,268435456]
01-26 03:37:15.469   892  1594 I wm_task_created: [1653,1]
01-26 03:37:15.469   892  1594 I wm_task_moved: [1653,1,11]
01-26 03:37:15.487   892  1594 I am_pause_activity: [0,194321543,com.mediatek.connectivity/.CdsRadioInfoActivity]
01-26 03:37:15.489  1623  1623 I am_on_paused_called: [0,com.mediatek.connectivity.CdsRadioInfoActivity]
01-26 03:37:15.489   892  1594 I am_home_stack_moved: [0,0,1,1,startedActivity setFocusedActivity]
01-26 03:37:15.492   892  1594 I am_focused_activity: [0,com.google.android.youtube/.UrlActivity]
01-26 03:37:15.541   892  9714 I am_proc_start: [0,32043,10138,com.google.android.youtube,activity,com.google.android.youtube/.UrlActivity]
01-26 03:37:15.563   892   913 I am_proc_bound: [0,32043,com.google.android.youtube]
01-26 03:37:15.570   892   913 I am_restart_activity: [0,351305087,1653,com.google.android.youtube/.UrlActivity]
01-26 03:37:15.573   892   913 I am_focused_activity: [0,com.google.android.youtube/.UrlActivity]
01-26 03:37:15.576   892  1571 I am_proc_died: [0,31604,com.google.android.apps.plus]
01-26 03:37:15.811   892  1295 I am_proc_died: [0,31766,com.htc.bgp]
01-26 03:37:16.022   892  1571 I am_proc_died: [0,31744,com.htc.mobiledata]
01-26 03:37:16.198   892   892 I notification_cancel: [10015,1153,com.android.systemui,100,low_battery,-1,0,64,8,NULL]
01-26 03:37:16.198   892   892 I notification_cancel: [10015,1153,com.android.systemui,2130838302,power_saver,-1,0,64,8,NULL]
01-26 03:37:16.560   892   892 I notification_cancel: [10138,32043,com.google.android.youtube,2,NULL,0,0,64,8,NULL]
01-26 03:37:16.738   892  2364 I am_home_stack_moved: [0,0,1,1,intentActivityFound]
01-26 03:37:16.738   892  2364 I wm_task_moved: [1653,1,11]
01-26 03:37:16.741   892  2364 I am_home_stack_moved: [0,0,1,1,sourceStackToFront]
01-26 03:37:16.741   892  2364 I wm_task_moved: [1653,1,11]
01-26 03:37:16.745   892  2364 I am_create_activity: [0,236542983,1653,com.google.android.youtube/com.google.android.apps.youtube.app.WatchWhileActivity,android.intent.action.VIEW,NULL,vnd.youtube:bJMcCaW-H24,335544320]
01-26 03:37:16.746   892  2364 I am_pause_activity: [0,351305087,com.google.android.youtube/.UrlActivity]
01-26 03:37:16.747   892  2364 I am_home_stack_moved: [0,0,1,1,startedActivity setFocusedActivity]
01-26 03:37:16.749   892  2364 I am_focused_activity: [0,com.google.android.youtube/com.google.android.apps.youtube.app.WatchWhileActivity]
01-26 03:37:16.749   892  2293 I am_finish_activity: [0,351305087,1653,com.google.android.youtube/.UrlActivity,app-request]
01-26 03:37:16.827   892  1594 I am_restart_activity: [0,236542983,1653,com.google.android.youtube/com.google.android.apps.youtube.app.WatchWhileActivity]
01-26 03:37:16.830   892  1594 I am_focused_activity: [0,com.google.android.youtube/com.google.android.apps.youtube.app.WatchWhileActivity]
01-26 03:37:16.831   892   926 I am_destroy_activity: [0,351305087,1653,com.google.android.youtube/.UrlActivity,finish-idle]
01-26 03:37:16.892   892   913 I am_proc_died: [0,31874,com.htc.calendar]
01-26 03:37:17.256   892   892 I free_storage_changed: 6476169216
01-26 03:37:17.758   892  1928 I force_gc: Binder
01-26 03:37:17.802   892   892 I notification_cancel: [10138,32043,com.google.android.youtube,1005,NULL,0,0,64,8,NULL]
01-26 03:37:17.843 32043 32043 I am_on_resume_called: [0,com.google.android.apps.youtube.app.WatchWhileActivity]
01-26 03:37:19.103   892   892 I notification_cancel: [10138,32043,com.google.android.youtube,2,NULL,0,0,64,8,NULL]
01-26 03:37:19.177 30328 30328 I content_query_sample: [content://com.google.android.gsf.gservices,,,,1,com.google.android.gms,1]
01-26 03:37:19.448   892   932 I am_activity_launch_time: [0,236542983,com.google.android.youtube/com.google.android.apps.youtube.app.WatchWhileActivity,2624,3955]
01-26 03:37:19.567 30328 30328 I content_query_sample: [content://com.google.android.gsf.gservices,,,,2,com.google.android.gms,1]
01-26 03:37:19.890   341   341 I sf_frame_dur: [com.mediatek.connectivity/com.mediatek.connectivity.CdsRadioInfoActivity,98,16,5,6,57,12,2]
01-26 03:37:19.945 31361 32256 I force_gc: Binder
01-26 03:37:19.990   892   892 I notification_cancel: [10138,32043,com.google.android.youtube,10436,NULL,0,0,64,8,NULL]
01-26 03:37:22.995   892  9714 I am_proc_died: [0,31842,com.google.android.gms:car]
01-26 03:37:26.198   892   892 I notification_cancel: [10015,1153,com.android.systemui,100,low_battery,-1,0,64,8,NULL]
01-26 03:37:26.198   892   892 I notification_cancel: [10015,1153,com.android.systemui,2130838302,power_saver,-1,0,64,8,NULL]
01-26 03:37:47.258   892   892 I free_storage_changed: 6466551808
01-26 03:37:50.718   892   892 I notification_cancel: [10092,6455,com.facebook.katana,714499313,com.facebook.rti.mqtt.common.analytics.MqttDiagnosticNotification,0,0,64,8,NULL]
01-26 03:37:51.043   892   892 I notification_cancel: [10092,6455,com.facebook.katana,714499313,com.facebook.rti.mqtt.common.analytics.MqttDiagnosticNotification,0,0,64,8,NULL]
01-26 03:37:56.214   892   892 I notification_cancel: [10015,1153,com.android.systemui,100,low_battery,-1,0,64,8,NULL]
01-26 03:37:56.214   892   892 I notification_cancel: [10015,1153,com.android.systemui,2130838302,power_saver,-1,0,64,8,NULL]
01-26 03:37:58.829  1623  1623 I binder_sample: [com.android.internal.telephony.ITelephonyRegistry,10,59,com.android.phone,11]
01-26 03:38:06.201   892   892 I notification_cancel: [10015,1153,com.android.systemui,100,low_battery,-1,0,64,8,NULL]
01-26 03:38:06.203   892   892 I notification_cancel: [10015,1153,com.android.systemui,2130838302,power_saver,-1,0,64,8,NULL]
01-26 03:38:14.760  1623  1623 I binder_sample: [com.android.internal.telephony.ITelephonyRegistry,10,25,com.android.phone,5]
01-26 03:38:16.201   892   892 I notification_cancel: [10015,1153,com.android.systemui,100,low_battery,-1,0,64,8,NULL]
01-26 03:38:16.204   892   892 I notification_cancel: [10015,1153,com.android.systemui,2130838302,power_saver,-1,0,64,8,NULL]
01-26 03:38:17.260   892   892 I free_storage_changed: 6458761216
01-26 03:38:21.002   892  1021 I am_proc_start: [0,842,10055,com.htc.sense.mms,service,com.htc.sense.mms/.transaction.TransactionService]
01-26 03:38:21.029   892  1594 I am_proc_bound: [0,842,com.htc.sense.mms]
01-26 03:38:21.263   892  1594 I am_proc_start: [0,876,10055,com.htc.sense.mms:mms,service,com.htc.sense.mms/com.htc.messaging.service.MmsService]
01-26 03:38:21.279   892  1595 I am_proc_bound: [0,876,com.htc.sense.mms:mms]
