01-26 09:51:52.584 22179 22179 I am_on_paused_called: [0,com.mediatek.connectivity.CdsRadioMenuActivity]
01-26 09:51:52.593 21486 23315 I am_resume_activity: [0,388761529,2126,com.facebook.katana/com.facebook.composer.activity.ComposerActivity]
01-26 09:51:52.597 21486 23315 I am_focused_activity: [0,com.facebook.katana/com.facebook.composer.activity.ComposerActivity]
01-26 09:51:52.637  3445  3445 I am_on_resume_called: [0,com.facebook.composer.activity.ComposerActivity]
01-26 09:51:52.984 21486 21518 I am_destroy_activity: [0,237759117,2136,com.mediatek.connectivity/.CdsRadioMenuActivity,finish-imm]
01-26 09:51:53.021 21486 22228 I wm_task_removed: [2136,removeAppToken: last token]
01-26 09:51:53.021 21486 22228 I wm_task_removed: [2136,removeTask]
01-26 09:51:53.764 21486 22228 I am_home_stack_moved: [0,0,1,1,startingNewTask]
01-26 09:51:53.764 21486 22228 I wm_task_moved: [2126,1,7]
01-26 09:51:53.769 21486 22228 I am_create_task: [0,2138]
01-26 09:51:53.769 21486 22228 I am_create_activity: [0,115565272,2138,com.android.phone/.dualsim.DualSetting,android.intent.action.MAIN,NULL,NULL,268435456]
01-26 09:51:53.770 21486 22228 I wm_task_created: [2138,1]
01-26 09:51:53.770 21486 22228 I wm_task_moved: [2138,1,8]
01-26 09:51:53.793 21486 22228 I am_pause_activity: [0,388761529,com.facebook.katana/com.facebook.composer.activity.ComposerActivity]
01-26 09:51:53.819 21486 22228 I am_home_stack_moved: [0,0,1,1,startedActivity setFocusedActivity]
01-26 09:51:53.824 21486 22228 I am_focused_activity: [0,com.android.phone/.dualsim.DualSetting]
01-26 09:51:53.825  3445  3445 I am_on_paused_called: [0,com.facebook.composer.activity.ComposerActivity]
01-26 09:51:53.828 21486 22202 I am_restart_activity: [0,115565272,2138,com.android.phone/.dualsim.DualSetting]
01-26 09:51:53.833 21486 22202 I am_focused_activity: [0,com.android.phone/.dualsim.DualSetting]
01-26 09:51:53.836  3445  3445 I binder_sample: [android.app.IActivityManager,19,11,com.facebook.katana,2]
01-26 09:51:53.963 22179 22179 I am_on_resume_called: [0,com.android.phone.dualsim.DualSetting]
01-26 09:51:54.115   341   341 I sf_frame_dur: [com.facebook.katana/com.facebook.composer.activity.ComposerActivity,0,0,0,0,1,0,0]
01-26 09:51:54.188 21486 21528 I am_activity_launch_time: [0,115565272,com.android.phone/.dualsim.DualSetting,363,363]
01-26 09:51:56.677 21486 21486 I notification_cancel: [10015,21690,com.android.systemui,100,low_battery,-1,0,64,8,NULL]
01-26 09:51:56.678 21486 21486 I notification_cancel: [10015,21690,com.android.systemui,2130838302,power_saver,-1,0,64,8,NULL]
01-26 09:51:56.778 22179 15920 I content_update_sample: Binder:20876, Delete uri:content://mms/9223372036854775807/part, selection:null, selectionArgs:null
01-26 09:51:56.787 22179 32544 I content_query_sample: Binder:20876, Query uri:content://mms-sms/pending?protocol=mms, selection:err_type < ? AND due_time <= ?, selectionArgs:[Ljava.lang.String;@d3a5ff4
01-26 09:51:59.017  3445  3738 I content_query_sample: [content://com.facebook.katana.properties/properties/com.facebook.analytics.db.DbPropertiesForAnalytics/analytics_db_properties,value,key=?,,108,com.facebook.katana,22]
01-26 09:51:59.300 21486  7839 I am_home_stack_moved: [0,0,1,1,startingNewTask]
01-26 09:51:59.300 21486  7839 I wm_task_moved: [2138,1,8]
01-26 09:51:59.304 21486  7839 I am_create_task: [0,2139]
01-26 09:51:59.304 21486  7839 I am_create_activity: [0,1049225652,2139,com.android.phone/.dualsim.DualSettingsSlotPreference,android.intent.action.MAIN,NULL,NULL,276824064]
01-26 09:51:59.305 21486  7839 I wm_task_created: [2139,1]
01-26 09:51:59.305 21486  7839 I wm_task_moved: [2139,1,9]
01-26 09:51:59.331 21486  7839 I am_pause_activity: [0,115565272,com.android.phone/.dualsim.DualSetting]
01-26 09:51:59.335 21486  7839 I am_home_stack_moved: [0,0,1,1,startedActivity setFocusedActivity]
01-26 09:51:59.339 21486  7839 I am_focused_activity: [0,com.android.phone/.dualsim.DualSettingsSlotPreference]
01-26 09:51:59.350 22179 22179 I am_on_paused_called: [0,com.android.phone.dualsim.DualSetting]
01-26 09:51:59.363 21486 22074 I am_restart_activity: [0,1049225652,2139,com.android.phone/.dualsim.DualSettingsSlotPreference]
01-26 09:51:59.366 21486 22074 I am_focused_activity: [0,com.android.phone/.dualsim.DualSettingsSlotPreference]
01-26 09:51:59.457 22179 22179 I am_on_resume_called: [0,com.android.phone.dualsim.DualSettingsSlotPreference]
01-26 09:51:59.589 21486 21528 I am_activity_launch_time: [0,1049225652,com.android.phone/.dualsim.DualSettingsSlotPreference,228,228]
01-26 09:51:59.659   341   341 I sf_frame_dur: [com.android.phone/com.android.phone.dualsim.DualSetting,14,0,1,0,0,1,1]
01-26 09:52:00.718  3445  3738 I content_update_sample: [content://com.facebook.katana.properties/properties/com.facebook.analytics.db.DbPropertiesForAnalytics/analytics_db_properties,insert,,1700,com.facebook.katana,100]
01-26 09:52:04.680 21486 21516 I am_home_stack_moved: [0,0,1,1,sourceStackToFront]
01-26 09:52:04.680 21486 21516 I wm_task_moved: [2139,1,9]
01-26 09:52:04.686 21486 21516 I am_create_activity: [0,211830432,2139,com.android.phone/.dualsim.DualSettingsSlotNetworkModeSelect,com.android.phone.dualsim.SELECT_NETWORK_MODE,NULL,NULL,276824064]
01-26 09:52:04.687 21486 21516 I am_pause_activity: [0,1049225652,com.android.phone/.dualsim.DualSettingsSlotPreference]
01-26 09:52:04.690 21486 21516 I am_home_stack_moved: [0,0,1,1,startedActivity setFocusedActivity]
01-26 09:52:04.693 21486 21516 I am_focused_activity: [0,com.android.phone/.dualsim.DualSettingsSlotNetworkModeSelect]
01-26 09:52:04.698 22179 22179 I am_on_paused_called: [0,com.android.phone.dualsim.DualSettingsSlotPreference]
01-26 09:52:04.701 21486 22796 I am_restart_activity: [0,211830432,2139,com.android.phone/.dualsim.DualSettingsSlotNetworkModeSelect]
01-26 09:52:04.707 21486 22796 I am_focused_activity: [0,com.android.phone/.dualsim.DualSettingsSlotNetworkModeSelect]
01-26 09:52:04.759 22179 22179 I am_on_resume_called: [0,com.android.phone.dualsim.DualSettingsSlotNetworkModeSelect]
01-26 09:52:04.835 22179 22179 I binder_sample: [android.view.IWindowSession,6,21,com.android.phone,4]
01-26 09:52:04.900 21486 21528 I am_activity_launch_time: [0,211830432,com.android.phone/.dualsim.DualSettingsSlotNetworkModeSelect,200,200]
01-26 09:52:06.708 21486 21486 I notification_cancel: [10015,21690,com.android.systemui,100,low_battery,-1,0,64,8,NULL]
01-26 09:52:06.714 21486 21486 I notification_cancel: [10015,21690,com.android.systemui,2130838302,power_saver,-1,0,64,8,NULL]
01-26 09:52:16.738 21486 21486 I notification_cancel: [10015,21690,com.android.systemui,100,low_battery,-1,0,64,8,NULL]
01-26 09:52:16.739 21486 21486 I notification_cancel: [10015,21690,com.android.systemui,2130838302,power_saver,-1,0,64,8,NULL]
01-26 09:52:17.246 21486 21507 I am_finish_activity: [0,211830432,2139,com.android.phone/.dualsim.DualSettingsSlotNetworkModeSelect,app-request]
01-26 09:52:17.251 21486 21507 I am_home_stack_moved: [0,0,1,1,finishActivity adjustTopFocus setFocusedActivity]
01-26 09:52:17.257 21486 21507 I am_focused_activity: [0,com.android.phone/.dualsim.DualSettingsSlotPreference]
01-26 09:52:17.259 21486 21507 I am_pause_activity: [0,211830432,com.android.phone/.dualsim.DualSettingsSlotNetworkModeSelect]
01-26 09:52:17.276 22179 22179 I am_on_paused_called: [0,com.android.phone.dualsim.DualSettingsSlotNetworkModeSelect]
01-26 09:52:17.286 21486  7839 I am_resume_activity: [0,1049225652,2139,com.android.phone/.dualsim.DualSettingsSlotPreference]
01-26 09:52:17.322 21486  7839 I am_focused_activity: [0,com.android.phone/.dualsim.DualSettingsSlotPreference]
01-26 09:52:17.349 22179 22179 I am_on_resume_called: [0,com.android.phone.dualsim.DualSettingsSlotPreference]
01-26 09:52:17.414 21486 21516 I am_destroy_activity: [0,211830432,2139,com.android.phone/.dualsim.DualSettingsSlotNetworkModeSelect,finish-imm]
01-26 09:52:17.449   341   341 I sf_frame_dur: [SIM 1 network mode,20,1,1,0,0,1,0]
01-26 09:52:17.994 21486 21486 I free_storage_changed: 5853241344
01-26 09:52:24.801 21486 23077 I binder_sample: [android.content.IContentProvider,1,23,system_server,4]
01-26 09:52:26.674 21486 21486 I notification_cancel: [10015,21690,com.android.systemui,100,low_battery,-1,0,64,8,NULL]
01-26 09:52:26.674 21486 21486 I notification_cancel: [10015,21690,com.android.systemui,2130838302,power_saver,-1,0,64,8,NULL]
01-26 09:52:27.902 21486 21486 I notification_cancel: [10092,3445,com.facebook.katana,714499313,com.facebook.rti.mqtt.common.analytics.MqttDiagnosticNotification,0,0,64,8,NULL]
01-26 09:52:28.123 21486 21486 I notification_cancel: [10092,3445,com.facebook.katana,714499313,com.facebook.rti.mqtt.common.analytics.MqttDiagnosticNotification,0,0,64,8,NULL]
01-26 09:52:36.698 21486 21486 I notification_cancel: [10015,21690,com.android.systemui,100,low_battery,-1,0,64,8,NULL]
01-26 09:52:36.699 21486 21486 I notification_cancel: [10015,21690,com.android.systemui,2130838302,power_saver,-1,0,64,8,NULL]
01-26 09:52:39.956 21486 23315 I am_proc_start: [0,22914,1000,com.android.settings,service,com.android.settings/.wifi.WISPrService]
01-26 09:52:40.017 21486 22228 I am_proc_bound: [0,22914,com.android.settings]
01-26 09:52:40.143 21486 21486 I notification_cancel: [1000,22914,com.android.settings,2130837975,NULL,0,0,0,8,NULL]
01-26 09:52:40.144 21486 21486 I notification_cancel: [1000,22914,com.android.settings,2130837975,NULL,0,0,0,8,NULL]
01-26 09:52:40.917 21486 22129 I am_home_stack_moved: [0,0,1,1,startingNewTask]
01-26 09:52:40.917 21486 22129 I wm_task_moved: [2139,1,9]
01-26 09:52:40.922 21486 22129 I am_create_task: [0,2140]
01-26 09:52:40.922 21486 22129 I am_create_activity: [0,1026389060,2140,com.android.server.telecom/.CallActivity,android.intent.action.CALL,NULL,tel:xxxxxxxxxx,276824064]
01-26 09:52:40.923 21486 22129 I wm_task_created: [2140,1]
01-26 09:52:40.923 21486 22129 I wm_task_moved: [2140,1,10]
01-26 09:52:40.940 21486 22129 I am_pause_activity: [0,1049225652,com.android.phone/.dualsim.DualSettingsSlotPreference]
01-26 09:52:40.943 22179 22179 I am_on_paused_called: [0,com.android.phone.dualsim.DualSettingsSlotPreference]
01-26 09:52:40.943 21486 22129 I am_home_stack_moved: [0,0,1,1,startedActivity setFocusedActivity]
01-26 09:52:40.946 21486 22129 I am_focused_activity: [0,com.android.server.telecom/.CallActivity]
01-26 09:52:40.980 21486 22154 I am_proc_start: [0,22963,1000,com.android.server.telecom:ui,activity,com.android.server.telecom/.CallActivity]
01-26 09:52:40.996 21486 21507 I am_proc_bound: [0,22963,com.android.server.telecom:ui]
01-26 09:52:41.219 21486 21507 I am_restart_activity: [0,1026389060,2140,com.android.server.telecom/.CallActivity]
01-26 09:52:41.223 21486 21507 I am_focused_activity: [0,com.android.server.telecom/.CallActivity]
01-26 09:52:41.730 21486 22203 I am_finish_activity: [0,1026389060,2140,com.android.server.telecom/.CallActivity,app-request]
01-26 09:52:41.731 21486 22203 I am_home_stack_moved: [0,0,1,1,finishActivity adjustTopFocus setFocusedActivity]
01-26 09:52:41.734 21486 22203 I am_focused_activity: [0,com.android.phone/.dualsim.DualSettingsSlotPreference]
01-26 09:52:41.735 21486 22203 I am_pause_activity: [0,1026389060,com.android.server.telecom/.CallActivity]
01-26 09:52:41.741 21486  7839 I am_resume_activity: [0,1049225652,2139,com.android.phone/.dualsim.DualSettingsSlotPreference]
01-26 09:52:41.750 21486  7839 I am_focused_activity: [0,com.android.phone/.dualsim.DualSettingsSlotPreference]
01-26 09:52:41.754 22179 22179 I am_on_resume_called: [0,com.android.phone.dualsim.DualSettingsSlotPreference]
01-26 09:52:41.857 21486 22178 I am_destroy_activity: [0,1026389060,2140,com.android.server.telecom/.CallActivity,finish-idle]
01-26 09:52:41.859 21486 22251 I wm_task_removed: [2140,removeAppToken: last token]
01-26 09:52:41.859 21486 22251 I wm_task_removed: [2140,removeTask]
01-26 09:52:41.914 21486 22228 I am_home_stack_moved: [0,0,1,1,intentActivityFound]
01-26 09:52:41.914 21486 22228 I wm_task_moved: [2139,1,9]
01-26 09:52:41.918 21486 22228 I am_home_stack_moved: [0,0,1,1,bringingFoundTaskToFront]
01-26 09:52:41.918 21486 22228 I wm_task_moved: [1966,1,9]
01-26 09:52:41.947 21486 22228 I am_pause_activity: [0,1049225652,com.android.phone/.dualsim.DualSettingsSlotPreference]
01-26 09:52:41.950 21486 22228 I am_task_to_front: [0,1966]
01-26 09:52:41.950 21486 22228 I am_new_intent: [0,338987864,1966,com.android.phone/.InCallScreen,android.intent.action.MAIN,NULL,NULL,272891904]
01-26 09:52:42.023 21486 21486 I notification_cancel: [1001,22179,com.android.phone,2,NULL,0,0,64,8,NULL]
01-26 09:52:42.033 22179 22179 I am_on_paused_called: [0,com.android.phone.dualsim.DualSettingsSlotPreference]
01-26 09:52:42.036 21486 22796 I am_resume_activity: [0,225416559,1966,com.android.phone/.InCallScreen]
01-26 09:52:42.039 21486 22796 I am_home_stack_moved: [0,0,1,1,completeResume setFocusedActivity]
01-26 09:52:42.041 21486 22796 I am_focused_activity: [0,com.android.phone/.InCallScreen]
01-26 09:52:42.153 22179 22179 I [70301] : []
01-26 09:52:42.159 22179 22179 I am_on_resume_called: [0,com.android.phone.InCallScreen]
01-26 09:52:42.344 21486 21486 I notification_light_decision: fully charge
01-26 09:52:42.345 21486 21486 I notification_light: [1,0xc800]
01-26 09:52:42.412 21486 21518 I am_proc_start: [0,23009,10008,com.htc.bgp,broadcast,com.htc.flexnet/.AndroidIntentReceiver]
01-26 09:52:42.453 21486 22202 I am_proc_start: [0,23031,10041,com.htc.mobiledata:remote,service,com.htc.mobiledata/.MobileDataService]
01-26 09:52:42.454 21486 22074 I am_proc_bound: [0,23009,com.htc.bgp]
01-26 09:52:42.493 21486 22129 I am_proc_bound: [0,23031,com.htc.mobiledata:remote]
01-26 09:52:42.607 21486 22178 I status_bar_disable: disable=0x40000 pkg=com.android.phone token=android.os.BinderProxy@3f1c758a
01-26 09:52:42.609 21690 21690 I sysui_statusbar_disable: disable: < expand icons ALERTS* system_info back home recent clock search >
01-26 09:52:42.609 21690 21690 I sysui_heads_up_status: [,0]
01-26 09:52:42.794 21486 21518 I am_proc_start: [0,23074,1000,com.htc.htcpowermanager:remote,broadcast,com.htc.htcpowermanager/.PowerCommonReceiver]
01-26 09:52:42.818 21486 22154 I am_proc_bound: [0,23074,com.htc.htcpowermanager:remote]
01-26 09:52:43.801 21486 21486 I binder_sample: [com.android.internal.telephony.IHtcTelephony,1,616,system_server,100]
01-26 09:52:43.806 21486 21486 I notification_light_decision: fully charge
01-26 09:52:43.807 21486 21486 I notification_light: [1,0xc800]
01-26 09:52:43.813 21486 21486 I notification_enqueue: [1001,22179,com.android.phone,2,NULL,0,Notification(pri=12 contentView=null vibrate=null sound=null defaults=0x0 flags=0x2 color=0xff0073c3 actions=1 vis=PRIVATE features=0x1),0]
01-26 09:52:43.814 21486 21486 I notification_skip_beep_vibrate: [0,1,0,0,0,0,0,1,0,0]
01-26 09:52:43.814 21486 21486 I notification_skip_light: [1,0,1,0,0]
01-26 09:52:43.815 21486 21486 I notification_enqueue: [1001,22179,com.android.phone,2,NULL,0,Notification(pri=12 contentView=null vibrate=null sound=null defaults=0x0 flags=0x2 color=0xff0073c3 actions=1 vis=PRIVATE features=0x1),1]
01-26 09:52:43.816 21486 21486 I notification_skip_beep_vibrate: [0,1,0,0,0,0,0,1,0,0]
01-26 09:52:43.816 21486 21486 I notification_skip_light: [1,0,1,0,0]
01-26 09:52:43.831   341   341 I sf_frame_dur: [com.android.phone/com.android.phone.dualsim.DualSettingsSlotPreference,34,3,0,1,1,1,2]
01-26 09:52:43.921 21486 21486 I am_proc_start: [0,23127,10007,com.htc.calendar,broadcast,com.htc.calendar/.ProviderChangeReceiver]
01-26 09:52:43.946 21486 22178 I notification_expansion: [0|com.android.phone|2|null|1001,0,1]
01-26 09:52:43.947 21486 22203 I notification_expansion: [0|com.google.android.talk|0|com.google.android.talk1:UgwuN4wEScEkmvu_UHd4AaABAQ|10103,0,0]
01-26 09:52:44.010 21486 22177 I am_proc_bound: [0,23127,com.htc.calendar]
01-26 09:52:44.202 22179 22179 I gsm_rat_switched_new: [20403027,14,3]
01-26 09:52:44.326 21486 21486 I notification_cancel: [10007,23127,com.htc.calendar,1,NULL,0,0,64,8,NULL]
01-26 09:52:46.496 21486 21486 I binder_sample: [com.android.internal.telephony.IHtcTelephony,1,164,system_server,32]
01-26 09:52:46.540 21486 21486 I notification_enqueue: [1001,22179,com.android.phone,2,NULL,0,Notification(pri=12 contentView=null vibrate=null sound=null defaults=0x0 flags=0x2 color=0xff0073c3 actions=1 vis=PRIVATE features=0x1),1]
01-26 09:52:46.542 21486 21486 I notification_skip_beep_vibrate: [0,1,0,0,0,0,0,1,0,0]
01-26 09:52:46.542 21486 21486 I notification_skip_light: [1,0,1,0,0]
01-26 09:52:46.542 21486 21486 I notification_enqueue: [1001,22179,com.android.phone,2,NULL,0,Notification(pri=12 contentView=null vibrate=null sound=null defaults=0x0 flags=0x2 color=0xff0073c3 actions=1 vis=PRIVATE features=0x1),1]
01-26 09:52:46.543 21486 21486 I notification_skip_beep_vibrate: [0,1,0,0,0,0,0,1,0,0]
01-26 09:52:46.543 21486 21486 I notification_skip_light: [1,0,1,0,0]
01-26 09:52:46.686 21486 21486 I notification_cancel: [10015,21690,com.android.systemui,100,low_battery,-1,0,64,8,NULL]
01-26 09:52:46.686 21486 21486 I notification_cancel: [10015,21690,com.android.systemui,2130838302,power_saver,-1,0,64,8,NULL]
01-26 09:52:47.995 21486 21486 I free_storage_changed: 5806706688
01-26 09:52:48.721 22179 22179 I binder_sample: [com.android.internal.telephony.ITelephonyRegistry,10,55,com.android.phone,11]
01-26 09:52:56.671 21486 21486 I notification_cancel: [10015,21690,com.android.systemui,100,low_battery,-1,0,64,8,NULL]
01-26 09:52:56.671 21486 21486 I notification_cancel: [10015,21690,com.android.systemui,2130838302,power_saver,-1,0,64,8,NULL]
01-26 09:52:57.761 22078 22078 I binder_sample: [android.location.ILocationManager,32,26,com.google.android.gms.persistent,5]
01-26 09:53:03.793 22078 22078 I binder_sample: [android.location.ILocationManager,32,19,com.google.android.gms.persistent,3]
01-26 09:53:05.849 22078 22078 I binder_sample: [android.location.ILocationManager,32,61,com.google.android.gms.persistent,12]
01-26 09:53:06.685 21486 21486 I notification_cancel: [10015,21690,com.android.systemui,100,low_battery,-1,0,64,8,NULL]
01-26 09:53:06.685 21486 21486 I notification_cancel: [10015,21690,com.android.systemui,2130838302,power_saver,-1,0,64,8,NULL]
01-26 09:53:10.768 22078 22078 I binder_sample: [android.location.ILocationManager,32,30,com.google.android.gms.persistent,6]
01-26 09:53:16.685 21486 21486 I notification_cancel: [10015,21690,com.android.systemui,100,low_battery,-1,0,64,8,NULL]
01-26 09:53:16.692 21486 21486 I notification_cancel: [10015,21690,com.android.systemui,2130838302,power_saver,-1,0,64,8,NULL]
01-26 09:53:17.996 21486 21486 I free_storage_changed: 5783662592
01-26 09:53:26.691 21486 21486 I notification_cancel: [10015,21690,com.android.systemui,100,low_battery,-1,0,64,8,NULL]
01-26 09:53:26.692 21486 21486 I notification_cancel: [10015,21690,com.android.systemui,2130838302,power_saver,-1,0,64,8,NULL]
01-26 09:53:27.901 21486 21486 I notification_cancel: [10092,3445,com.facebook.katana,714499313,com.facebook.rti.mqtt.common.analytics.MqttDiagnosticNotification,0,0,64,8,NULL]
01-26 09:53:28.088 21486 21486 I notification_cancel: [10092,3445,com.facebook.katana,714499313,com.facebook.rti.mqtt.common.analytics.MqttDiagnosticNotification,0,0,64,8,NULL]
01-26 09:53:28.779 22179 22179 I binder_sample: [com.android.internal.telephony.ITelephonyRegistry,10,110,com.android.phone,22]
01-26 09:53:31.268 22179 22179 I binder_sample: [com.android.internal.telephony.ITelephonyRegistry,10,100,com.android.phone,20]
01-26 09:53:36.702 21486 21486 I notification_cancel: [10015,21690,com.android.systemui,100,low_battery,-1,0,64,8,NULL]
01-26 09:53:36.702 21486 21486 I notification_cancel: [10015,21690,com.android.systemui,2130838302,power_saver,-1,0,64,8,NULL]
01-26 09:53:40.828 22078 22078 I binder_sample: [android.location.ILocationManager,32,75,com.google.android.gms.persistent,15]
01-26 09:53:43.843 26197 26197 I binder_sample: [android.location.ILocationManager,32,42,com.htc.ate.engine,8]
01-26 09:53:44.873 26197 26197 I binder_sample: [android.location.ILocationManager,32,33,com.htc.ate.engine,6]
01-26 09:53:46.717 21486 21486 I notification_cancel: [10015,21690,com.android.systemui,100,low_battery,-1,0,64,8,NULL]
01-26 09:53:46.717 21486 21486 I notification_cancel: [10015,21690,com.android.systemui,2130838302,power_saver,-1,0,64,8,NULL]
01-26 09:53:46.795 21486 21486 I notification_cancel: [1000,22914,com.android.settings,17301624,NULL,0,0,0,8,NULL]
01-26 09:53:47.996 21486 21486 I free_storage_changed: 5792993280
01-26 09:53:48.486 21486 21507 I am_home_stack_moved: [0,0,1,1,startingNewTask]
01-26 09:53:48.486 21486 21507 I wm_task_moved: [1966,1,9]
01-26 09:53:48.490 21486 21507 I am_create_task: [0,2141]
01-26 09:53:48.490 21486 21507 I am_create_activity: [0,1018395692,2141,com.mediatek.connectivity/.CdsRadioMenuActivity,android.intent.action.MAIN,NULL,NULL,268435456]
01-26 09:53:48.492 21486 21507 I wm_task_created: [2141,1]
01-26 09:53:48.492 21486 21507 I wm_task_moved: [2141,1,10]
01-26 09:53:48.519 21486 21507 I am_pause_activity: [0,225416559,com.android.phone/.InCallScreen]
01-26 09:53:48.527 22179 22179 I [70302] : []
01-26 09:53:48.547 21486 21507 I am_home_stack_moved: [0,0,1,1,startedActivity setFocusedActivity]
01-26 09:53:48.551 21486 21507 I am_focused_activity: [0,com.mediatek.connectivity/.CdsRadioMenuActivity]
01-26 09:53:48.556 22179 22179 I am_on_paused_called: [0,com.android.phone.InCallScreen]
01-26 09:53:48.560 21486 22177 I am_restart_activity: [0,1018395692,2141,com.mediatek.connectivity/.CdsRadioMenuActivity]
01-26 09:53:48.564 21486 22177 I am_focused_activity: [0,com.mediatek.connectivity/.CdsRadioMenuActivity]
01-26 09:53:48.610 22179 22179 I am_on_resume_called: [0,com.mediatek.connectivity.CdsRadioMenuActivity]
01-26 09:53:48.809 21486 21528 I am_activity_launch_time: [0,1018395692,com.mediatek.connectivity/.CdsRadioMenuActivity,251,67862]
01-26 09:53:48.847   341   341 I sf_frame_dur: [com.android.phone/com.android.phone.InCallScreen,2,0,2,6,8,31,27]
01-26 09:53:49.363 21486 22178 I am_finish_activity: [0,1018395692,2141,com.mediatek.connectivity/.CdsRadioMenuActivity,app-request]
01-26 09:53:49.365 21486 22178 I am_home_stack_moved: [0,0,1,1,finishActivity adjustTopFocus setFocusedActivity]
01-26 09:53:49.367 21486 22178 I am_focused_activity: [0,com.android.phone/.InCallScreen]
01-26 09:53:49.387 21486 22178 I am_pause_activity: [0,1018395692,com.mediatek.connectivity/.CdsRadioMenuActivity]
01-26 09:53:49.389 22179 22179 I am_on_paused_called: [0,com.mediatek.connectivity.CdsRadioMenuActivity]
01-26 09:53:49.394 21486 22129 I am_resume_activity: [0,225416559,1966,com.android.phone/.InCallScreen]
01-26 09:53:49.398 21486 22129 I am_focused_activity: [0,com.android.phone/.InCallScreen]
01-26 09:53:49.505 22179 22179 I [70301] : []
01-26 09:53:49.512 22179 22179 I am_on_resume_called: [0,com.android.phone.InCallScreen]
01-26 09:53:49.934 21486 22251 I am_destroy_activity: [0,1018395692,2141,com.mediatek.connectivity/.CdsRadioMenuActivity,finish-imm]
01-26 09:53:49.954 21486 22177 I wm_task_removed: [2141,removeAppToken: last token]
01-26 09:53:49.954 21486 22177 I wm_task_removed: [2141,removeTask]
01-26 09:53:50.468 21486 22796 I wm_task_moved: [1966,0,0]
01-26 09:53:50.490 21486 22796 I am_pause_activity: [0,225416559,com.android.phone/.InCallScreen]
01-26 09:53:50.505 22179 22179 I [70302] : []
01-26 09:53:50.509 22179 22179 I am_on_paused_called: [0,com.android.phone.InCallScreen]
01-26 09:53:50.512 21486  7839 I am_resume_activity: [0,1049225652,2139,com.android.phone/.dualsim.DualSettingsSlotPreference]
01-26 09:53:50.516 21486  7839 I am_home_stack_moved: [0,0,1,1,completeResume setFocusedActivity]
01-26 09:53:50.518 21486  7839 I am_focused_activity: [0,com.android.phone/.dualsim.DualSettingsSlotPreference]
01-26 09:53:50.538 22179 22179 I am_on_resume_called: [0,com.android.phone.dualsim.DualSettingsSlotPreference]
01-26 09:53:50.615   341   341 I sf_frame_dur: [com.android.phone/com.android.phone.InCallScreen,1,0,0,0,1,0,0]
01-26 09:53:51.228 21486 22177 I am_finish_activity: [0,1049225652,2139,com.android.phone/.dualsim.DualSettingsSlotPreference,app-request]
01-26 09:53:51.230 21486 22177 I am_home_stack_moved: [0,0,1,1,finishActivity adjustTopFocus setFocusedActivity]
01-26 09:53:51.233 21486 22177 I am_focused_activity: [0,com.android.phone/.dualsim.DualSetting]
01-26 09:53:51.253 21486 22177 I am_pause_activity: [0,1049225652,com.android.phone/.dualsim.DualSettingsSlotPreference]
01-26 09:53:51.257 22179 22179 I am_on_paused_called: [0,com.android.phone.dualsim.DualSettingsSlotPreference]
01-26 09:53:51.260 21486 22074 I am_resume_activity: [0,115565272,2138,com.android.phone/.dualsim.DualSetting]
01-26 09:53:51.263 21486 22074 I am_focused_activity: [0,com.android.phone/.dualsim.DualSetting]
01-26 09:53:51.282 22179 22179 I am_on_resume_called: [0,com.android.phone.dualsim.DualSetting]
01-26 09:53:51.658   341   341 I sf_frame_dur: [com.android.phone/com.android.phone.dualsim.DualSettingsSlotPreference,0,1,0,0,0,0,0]
01-26 09:53:51.735 21486 21518 I am_destroy_activity: [0,1049225652,2139,com.android.phone/.dualsim.DualSettingsSlotPreference,finish-imm]
01-26 09:53:51.749 21486  7839 I wm_task_removed: [2139,removeAppToken: last token]
01-26 09:53:51.749 21486  7839 I wm_task_removed: [2139,removeTask]
01-26 09:53:51.924 21486 22177 I am_finish_activity: [0,115565272,2138,com.android.phone/.dualsim.DualSetting,app-request]
01-26 09:53:51.926 21486 22177 I am_home_stack_moved: [0,0,1,1,finishActivity adjustTopFocus setFocusedActivity]
01-26 09:53:51.928 21486 22177 I am_focused_activity: [0,com.facebook.katana/com.facebook.composer.activity.ComposerActivity]
01-26 09:53:51.951 21486 22177 I am_pause_activity: [0,115565272,com.android.phone/.dualsim.DualSetting]
01-26 09:53:51.957 22179 22179 I am_on_paused_called: [0,com.android.phone.dualsim.DualSetting]
01-26 09:53:51.968 21486 22203 I am_resume_activity: [0,388761529,2126,com.facebook.katana/com.facebook.composer.activity.ComposerActivity]
01-26 09:53:51.971 21486 22203 I am_focused_activity: [0,com.facebook.katana/com.facebook.composer.activity.ComposerActivity]
01-26 09:53:52.015  3445  3445 I am_on_resume_called: [0,com.facebook.composer.activity.ComposerActivity]
01-26 09:53:52.123  3445  3445 I binder_sample: [com.android.internal.view.IInputMethodManager,12,17,com.facebook.katana,3]
01-26 09:53:52.397 21486 21518 I am_destroy_activity: [0,115565272,2138,com.android.phone/.dualsim.DualSetting,finish-imm]
01-26 09:53:52.412   341   341 I sf_frame_dur: [com.android.phone/com.android.phone.dualsim.DualSetting,0,0,0,1,1,0,0]
01-26 09:53:52.416 21486 22796 I wm_task_removed: [2138,removeAppToken: last token]
01-26 09:53:52.421 21486 22796 I wm_task_removed: [2138,removeTask]
01-26 09:53:53.448 21486 23315 I am_home_stack_moved: [0,0,1,1,startingNewTask]
01-26 09:53:53.448 21486 23315 I wm_task_moved: [2126,1,7]
01-26 09:53:53.454 21486 23315 I am_create_task: [0,2142]
01-26 09:53:53.454 21486 23315 I am_create_activity: [0,375488142,2142,com.mediatek.connectivity/.CdsRadioMenuActivity,android.intent.action.MAIN,NULL,NULL,268435456]
01-26 09:53:53.454 21486 23315 I wm_task_created: [2142,1]
01-26 09:53:53.455 21486 23315 I wm_task_moved: [2142,1,8]
01-26 09:53:53.480 21486 23315 I am_pause_activity: [0,388761529,com.facebook.katana/com.facebook.composer.activity.ComposerActivity]
01-26 09:53:53.487 21486 23315 I am_home_stack_moved: [0,0,1,1,startedActivity setFocusedActivity]
01-26 09:53:53.507 21486 23315 I am_focused_activity: [0,com.mediatek.connectivity/.CdsRadioMenuActivity]
01-26 09:53:53.508  3445  3445 I am_on_paused_called: [0,com.facebook.composer.activity.ComposerActivity]
01-26 09:53:53.537 21486 22228 I am_restart_activity: [0,375488142,2142,com.mediatek.connectivity/.CdsRadioMenuActivity]
01-26 09:53:53.541 21486 22228 I am_focused_activity: [0,com.mediatek.connectivity/.CdsRadioMenuActivity]
01-26 09:53:53.571 22179 22179 I am_on_resume_called: [0,com.mediatek.connectivity.CdsRadioMenuActivity]
01-26 09:53:53.623 22179 22179 I binder_sample: [android.view.IWindowSession,6,29,com.android.phone,5]
01-26 09:53:53.698 21486 21528 I am_activity_launch_time: [0,375488142,com.mediatek.connectivity/.CdsRadioMenuActivity,188,188]
01-26 09:53:53.781 22078 31853 I c2dm    : [0,NULL,3,3]
01-26 09:53:53.808 22078 31888 I c2dm    : [1,NULL,3,3]
01-26 09:53:53.821   341   341 I sf_frame_dur: [com.facebook.katana/com.facebook.composer.activity.ComposerActivity,14,0,0,0,1,1,0]
01-26 09:53:54.491 21486 22251 I am_home_stack_moved: [0,0,1,1,sourceStackToFront]
01-26 09:53:54.491 21486 22251 I wm_task_moved: [2142,1,8]
01-26 09:53:54.495 21486 22251 I am_create_activity: [0,186629221,2142,com.mediatek.connectivity/.CdsRadioInfoActivity,NULL,NULL,NULL,0]
01-26 09:53:54.497 21486 22251 I am_pause_activity: [0,375488142,com.mediatek.connectivity/.CdsRadioMenuActivity]
01-26 09:53:54.501 21486 22251 I am_home_stack_moved: [0,0,1,1,startedActivity setFocusedActivity]
01-26 09:53:54.505 21486 22251 I am_focused_activity: [0,com.mediatek.connectivity/.CdsRadioInfoActivity]
01-26 09:53:54.510 22179 22179 I am_on_paused_called: [0,com.mediatek.connectivity.CdsRadioMenuActivity]
01-26 09:53:54.564 21486 21516 I am_restart_activity: [0,186629221,2142,com.mediatek.connectivity/.CdsRadioInfoActivity]
01-26 09:53:54.567 21486 21516 I am_focused_activity: [0,com.mediatek.connectivity/.CdsRadioInfoActivity]
01-26 09:53:54.654 22179 22179 I am_on_resume_called: [0,com.mediatek.connectivity.CdsRadioInfoActivity]
01-26 09:53:54.795 21486 21528 I am_activity_launch_time: [0,186629221,com.mediatek.connectivity/.CdsRadioInfoActivity,280,280]
01-26 09:53:54.861   341   341 I sf_frame_dur: [com.mediatek.connectivity/com.mediatek.connectivity.CdsRadioMenuActivity,0,1,0,0,0,1,0]
01-26 09:53:56.679 21486 21486 I notification_cancel: [10015,21690,com.android.systemui,100,low_battery,-1,0,64,8,NULL]
01-26 09:53:56.679 21486 21486 I notification_cancel: [10015,21690,com.android.systemui,2130838302,power_saver,-1,0,64,8,NULL]
01-26 09:53:56.708 21486 21486 I notification_cancel: [1000,22914,com.android.settings,17301624,NULL,0,0,0,8,NULL]
01-26 09:54:06.680 21486 21486 I notification_cancel: [10015,21690,com.android.systemui,100,low_battery,-1,0,64,8,NULL]
01-26 09:54:06.687 21486 21486 I notification_cancel: [10015,21690,com.android.systemui,2130838302,power_saver,-1,0,64,8,NULL]
01-26 09:54:09.775 26197 26197 I binder_sample: [android.location.ILocationManager,32,14,com.htc.ate.engine,2]
01-26 09:54:11.557   341   341 I sf_frame_dur: [PopupWindow:252de9eb,1,0,1,0,0,0,0]
01-26 09:54:16.712 21486 21486 I notification_cancel: [10015,21690,com.android.systemui,100,low_battery,-1,0,64,8,NULL]
01-26 09:54:16.712 21486 21486 I notification_cancel: [10015,21690,com.android.systemui,2130838302,power_saver,-1,0,64,8,NULL]
01-26 09:54:17.234   341   341 I sf_frame_dur: [com.mediatek.connectivity/com.mediatek.connectivity.CdsRadioInfoActivity,12,1,0,0,1,1,0]
01-26 09:54:17.997 21486 21486 I free_storage_changed: 5779632128
01-26 09:54:26.665 21486 21486 I notification_cancel: [10015,21690,com.android.systemui,100,low_battery,-1,0,64,8,NULL]
01-26 09:54:26.670 21486 21486 I notification_cancel: [10015,21690,com.android.systemui,2130838302,power_saver,-1,0,64,8,NULL]
01-26 09:54:27.876 21486 21486 I notification_cancel: [10092,3445,com.facebook.katana,714499313,com.facebook.rti.mqtt.common.analytics.MqttDiagnosticNotification,0,0,64,8,NULL]
01-26 09:54:28.064 21486 21486 I notification_cancel: [10092,3445,com.facebook.katana,714499313,com.facebook.rti.mqtt.common.analytics.MqttDiagnosticNotification,0,0,64,8,NULL]
01-26 09:54:36.684 21486 21486 I notification_cancel: [10015,21690,com.android.systemui,100,low_battery,-1,0,64,8,NULL]
01-26 09:54:36.684 21486 21486 I notification_cancel: [10015,21690,com.android.systemui,2130838302,power_saver,-1,0,64,8,NULL]
01-26 09:54:46.671 21486 21486 I notification_cancel: [10015,21690,com.android.systemui,100,low_battery,-1,0,64,8,NULL]
01-26 09:54:46.672 21486 21486 I notification_cancel: [10015,21690,com.android.systemui,2130838302,power_saver,-1,0,64,8,NULL]
01-26 09:54:47.999 21486 21486 I free_storage_changed: 5628395520
01-26 09:54:56.690 21486 21486 I notification_cancel: [10015,21690,com.android.systemui,100,low_battery,-1,0,64,8,NULL]
01-26 09:54:56.690 21486 21486 I notification_cancel: [10015,21690,com.android.systemui,2130838302,power_saver,-1,0,64,8,NULL]
01-26 09:55:01.726 21486 21486 I notification_light_decision: fully charge
01-26 09:55:01.728 21486 21486 I notification_light: [1,0xc800]
01-26 09:55:01.868 21486 22796 I wm_task_moved: [1966,0,0]
01-26 09:55:01.918 21486 22178 I status_bar_disable: disable=0x0 pkg=com.android.phone token=android.os.BinderProxy@3f1c758a
01-26 09:55:01.919 21690 21690 I sysui_statusbar_disable: disable: < expand icons alerts* system_info back home recent clock search >
01-26 09:55:02.046 21486 21486 I notification_cancel: [1001,22179,com.android.phone,2,NULL,0,0,64,8,NULL]
01-26 09:55:02.046 21486 21486 I notification_canceled: [0|com.android.phone|2|null|1001,8]
01-26 09:55:02.046 21486 21486 I notification_light_decision: fully charge
01-26 09:55:02.047 21486 21486 I notification_light: [1,0xc800]
01-26 09:55:02.047 21486 21486 I notification_cancel: [1001,22179,com.android.phone,2,NULL,0,0,64,8,NULL]
01-26 09:55:02.055 21486 21486 I notification_light_decision: fully charge
01-26 09:55:02.056 21486 21486 I notification_light: [1,0xc800]
01-26 09:55:02.061 21486 21506 I notification_expansion: [0|com.google.android.talk|0|com.google.android.talk1:UgwuN4wEScEkmvu_UHd4AaABAQ|10103,0,1]
01-26 09:55:02.404 21486 21486 I am_proc_start: [0,24626,1000,com.htc.usage,broadcast,com.htc.usage/.receiver.CallActionReceiver]
01-26 09:55:02.415 21486 21486 I notification_cancel: [1000,21486,com.htc.smartdim,0,NULL,0,0,0,8,NULL]
01-26 09:55:02.467 21486 22177 I am_proc_bound: [0,24626,com.htc.usage]
01-26 09:55:02.658 21486 21486 I notification_cancel: [1000,21486,com.htc.smartdim,0,NULL,0,0,0,8,NULL]
01-26 09:55:02.723 22078 22078 I binder_sample: [android.location.ILocationManager,32,9,com.google.android.gms.persistent,1]
01-26 09:55:04.883 22179 22359 I content_query_sample: Binder:22179, Query uri:content://mms-sms/conversations?FromThreadTable=true, selection:null, selectionArgs:null
01-26 09:55:05.829 22179 22200 I content_query_sample: Binder:20876, Query uri:content://mms-sms/draft?category=0, selection:null, selectionArgs:null
01-26 09:55:05.837 22179 22779 I content_query_sample: Binder:20902, Query uri:content://mms-sms/draft?category=0, selection:null, selectionArgs:null
01-26 09:55:05.911 21486 21518 I am_proc_start: [0,24750,10063,com.htc.mms.backupagent,broadcast,com.htc.mms.backupagent/.SMSBroadcastReceiver]
01-26 09:55:05.922 22078 22078 I binder_sample: [android.location.ILocationManager,32,91,com.google.android.gms.persistent,18]
01-26 09:55:05.931 21486 22178 I am_proc_bound: [0,24750,com.htc.mms.backupagent]
01-26 09:55:06.693 21486 21486 I notification_cancel: [10015,21690,com.android.systemui,100,low_battery,-1,0,64,8,NULL]
01-26 09:55:06.693 21486 21486 I notification_cancel: [10015,21690,com.android.systemui,2130838302,power_saver,-1,0,64,8,NULL]
01-26 09:55:09.774 21486 21486 I binder_sample: [com.android.internal.telephony.ITelephony,100,12,system_server,2]
01-26 09:55:10.112 21486 21486 I notification_cancel: [10008,23009,com.htc.CustomizationSetup,2131558478,SIM2StateChangeService,0,0,64,8,NULL]
01-26 09:55:10.147 21486 21486 I notification_cancel: [1001,22179,com.android.phone,8903,NULL,0,0,64,8,NULL]
01-26 09:55:10.149 21486 21486 I notification_cancel: [1001,22179,com.android.phone,17,NULL,0,0,64,8,NULL]
01-26 09:55:10.149 21486 21486 I notification_cancel: [1001,22179,com.android.phone,19,NULL,0,0,64,8,NULL]
01-26 09:55:10.249 22179 24881 I content_update_sample: Binder:22179, Delete uri:content://sms/icc-db/1, selection:null, selectionArgs:null
01-26 09:55:10.347 21486 21486 I notification_cancel: [1001,22179,com.android.phone,19,NULL,0,0,64,8,NULL]
01-26 09:55:10.374 21486 21486 I notification_cancel: [1001,22179,com.android.phone,16,NULL,0,0,64,8,NULL]
01-26 09:55:10.465 21486 21486 I notification_cancel: [1001,22179,com.android.phone,19,NULL,0,0,64,8,NULL]
01-26 09:55:10.471 22179 22913 I content_query_sample: Binder:20766, Query uri:content://sms, selection:null, selectionArgs:null
01-26 09:55:10.500 22179 22200 I content_query_sample: Binder:20766, Query uri:content://mms, selection:null, selectionArgs:null
01-26 09:55:10.523 22179 22913 I content_query_sample: Binder:20766, Query uri:content://sms/28, selection:null, selectionArgs:null
01-26 09:55:10.546 22179 22662 I content_query_sample: Binder:20766, Query uri:content://sms/40, selection:null, selectionArgs:null
01-26 09:55:10.586 22179 15920 I content_query_sample: Binder:20766, Query uri:content://sms, selection:_id > ?, selectionArgs:[Ljava.lang.String;@27eb739f
01-26 09:55:10.598 22179 22779 I content_query_sample: Binder:20766, Query uri:content://sms, selection:_id > ?, selectionArgs:[Ljava.lang.String;@3f9a28b5
01-26 09:55:10.615 22179 22662 I content_query_sample: Binder:20766, Query uri:content://mms, selection:_id > ?, selectionArgs:[Ljava.lang.String;@131daabb
01-26 09:55:10.641 22431 24876 I content_update_sample: [content://com.android.contacts/account_contact_remove?account_name=SIM&account_type=com.htc.contacts.sim_slot2&caller_is_syncadapter=true,delete,,590,com.android.providers.contacts,100]
01-26 09:55:11.847 21486 21486 I notification_cancel: [10020,20766,com.google.android.gms,10436,NULL,0,0,64,8,NULL]
01-26 09:55:11.957 22179 22179 I content_query_sample: [content://slot1gsmapn/carriers/preferapn_no_update/subId/1,_id/name/apn,,name ASC,7,com.android.phone,2]
01-26 09:55:12.100 21486 21486 I notification_cancel: [1001,22179,com.android.phone,16,NULL,0,0,64,8,NULL]
01-26 09:55:12.101 21486 21486 I notification_cancel: [1001,22179,com.android.phone,21,NULL,0,0,64,8,NULL]
01-26 09:55:13.355 22179 24948 I content_update_sample: [content://gsmapn/siminfo,update,_id=1,1212,com.android.phone,100]
01-26 09:55:13.355 22179 24948 I content_update_sample: [content://telephony/siminfo,update,_id=1,1216,com.android.phone,100]
01-26 09:55:13.434 21690 21690 I binder_sample: [,1,5,com.android.systemui,1]
01-26 09:55:13.485 21486 21486 I binder_sample: [com.android.internal.telephony.ITelephony,120,5,system_server,1]
01-26 09:55:13.492 22179 24967 I content_update_sample: Binder:22179, Delete uri:content://sms/icc-db/0, selection:null, selectionArgs:null
01-26 09:55:13.518 21486 21486 I notification_cancel: [1001,22179,com.android.phone,19,NULL,0,0,64,8,NULL]
01-26 09:55:16.370 22431 25046 I content_query_sample: [content://icc/phonebook/subId/1,name/number/hidden/recordNumber/number1/number2/emails,,,881,com.android.providers.contacts,100]
01-26 09:55:16.660 21486 21486 I notification_cancel: [10015,21690,com.android.systemui,100,low_battery,-1,0,64,8,NULL]
01-26 09:55:16.660 21486 21486 I notification_cancel: [10015,21690,com.android.systemui,2130838302,power_saver,-1,0,64,8,NULL]
01-26 09:55:18.000 21486 21486 I free_storage_changed: 5688377344
01-26 09:55:20.778   947  1004 I [0]     :  se specified tag [V01-26 09:55:22.695 21486 21486 I notification_enqueue: [1000,22130,com.htc.android.ssdtest,0,NULL,0,Notification(pri=0 contentView=null vibrate=null sound=null defaults=0x0 flags=0x2 color=0x00000000 vis=PRIVATE),1]
01-26 09:55:22.696 21486 21486 I notification_skip_beep_vibrate: [0,0,0,0,0,0,0,1,0,0]
01-26 09:55:22.696 21486 21486 I notification_skip_light: [1,0,1,0,0]
01-26 09:55:22.697 21486 21486 I notification_enqueue: [1000,22130,com.htc.android.ssdtest,9,NULL,0,Notification(pri=0 contentView=null vibrate=null sound=null defaults=0x0 flags=0x2 color=0x00000000 vis=PRIVATE),1]
01-26 09:55:22.698 21486 21486 I notification_skip_beep_vibrate: [0,0,0,0,0,0,0,1,0,0]
01-26 09:55:22.698 21486 21486 I notification_skip_light: [1,0,1,0,0]
01-26 09:55:24.993 22179 22179 I gsm_rat_switched_new: [79700749,3,14]
01-26 09:55:27.884 21486 21486 I notification_cancel: [10092,3445,com.facebook.katana,714499313,com.facebook.rti.mqtt.common.analytics.MqttDiagnosticNotification,0,0,64,8,NULL]
01-26 09:55:28.130 21486 21486 I notification_cancel: [10092,3445,com.facebook.katana,714499313,com.facebook.rti.mqtt.common.analytics.MqttDiagnosticNotification,0,0,64,8,NULL]
01-26 09:55:32.737 22078 22078 I binder_sample: [android.location.ILocationManager,32,14,com.google.android.gms.persistent,2]
01-26 09:55:35.737 22078 22078 I binder_sample: [android.location.ILocationManager,32,18,com.google.android.gms.persistent,3]
01-26 09:55:36.678 21486 21486 I notification_cancel: [10015,21690,com.android.systemui,100,low_battery,-1,0,64,8,NULL]
01-26 09:55:36.678 21486 21486 I notification_cancel: [10015,21690,com.android.systemui,2130838302,power_saver,-1,0,64,8,NULL]
01-26 09:55:36.846 21486 21486 I notification_cancel: [1000,22914,com.android.settings,17301624,NULL,0,0,0,8,NULL]
01-26 09:55:39.738 26197 26197 I binder_sample: [android.location.ILocationManager,32,6,com.htc.ate.engine,1]
01-26 09:55:45.728 22078 22078 I binder_sample: [android.location.ILocationManager,32,14,com.google.android.gms.persistent,2]
01-26 09:55:46.664 21486 21486 I notification_cancel: [10015,21690,com.android.systemui,100,low_battery,-1,0,64,8,NULL]
01-26 09:55:46.664 21486 21486 I notification_cancel: [10015,21690,com.android.systemui,2130838302,power_saver,-1,0,64,8,NULL]
01-26 09:55:46.723 21486 21486 I notification_cancel: [1000,22914,com.android.settings,17301624,NULL,0,0,0,8,NULL]
01-26 09:55:46.746 22078 22078 I binder_sample: [android.location.ILocationManager,32,16,com.google.android.gms.persistent,3]
01-26 09:55:48.000 21486 21486 I free_storage_changed: 5798416384
01-26 09:55:56.725 21486 21486 I notification_cancel: [10015,21690,com.android.systemui,100,low_battery,-1,0,64,8,NULL]
01-26 09:55:56.725 21486 21486 I notification_cancel: [10015,21690,com.android.systemui,2130838302,power_saver,-1,0,64,8,NULL]
01-26 09:55:56.785 21486 21486 I notification_cancel: [1000,22914,com.android.settings,17301624,NULL,0,0,0,8,NULL]
01-26 09:55:58.727 21486 21486 I notification_cancel: [10092,3445,com.facebook.katana,714499313,com.facebook.rti.mqtt.common.analytics.MqttDiagnosticNotification,0,0,64,8,NULL]
01-26 09:55:58.774 21486 21486 I notification_cancel: [10092,3445,com.facebook.katana,714499313,com.facebook.rti.mqtt.common.analytics.MqttDiagnosticNotification,0,0,64,8,NULL]
01-26 09:55:58.774 26197 26197 I binder_sample: [android.location.ILocationManager,32,50,com.htc.ate.engine,10]
01-26 09:55:58.917 21486 21486 I notification_cancel: [10092,3445,com.facebook.katana,714499313,com.facebook.rti.mqtt.common.analytics.MqttDiagnosticNotification,0,0,64,8,NULL]
01-26 09:55:58.933 21486 21486 I notification_cancel: [10092,3445,com.facebook.katana,714499313,com.facebook.rti.mqtt.common.analytics.MqttDiagnosticNotification,0,0,64,8,NULL]
01-26 09:56:00.819 26197 26197 I binder_sample: [android.location.ILocationManager,32,34,com.htc.ate.engine,6]
01-26 09:56:06.675 21486 21486 I notification_cancel: [10015,21690,com.android.systemui,100,low_battery,-1,0,64,8,NULL]
01-26 09:56:06.675 21486 21486 I notification_cancel: [10015,21690,com.android.systemui,2130838302,power_saver,-1,0,64,8,NULL]
01-26 09:56:06.766 21486 21486 I notification_cancel: [1000,22914,com.android.settings,17301624,NULL,0,0,0,8,NULL]
01-26 09:56:06.772 26197 26197 I binder_sample: [android.location.ILocationManager,32,18,com.htc.ate.engine,3]
01-26 09:56:13.573 22179 22179 I binder_sample: [com.android.internal.telephony.ITelephonyRegistry,10,69,com.android.phone,13]
01-26 09:56:16.701 21486 21486 I notification_cancel: [10015,21690,com.android.systemui,100,low_battery,-1,0,64,8,NULL]
01-26 09:56:16.701 21486 21486 I notification_cancel: [10015,21690,com.android.systemui,2130838302,power_saver,-1,0,64,8,NULL]
01-26 09:56:16.823 21486 21486 I notification_cancel: [1000,22914,com.android.settings,17301624,NULL,0,0,0,8,NULL]
01-26 09:56:18.001 21486 21486 I free_storage_changed: 6150721536
01-26 09:56:24.763 26197 26197 I binder_sample: [android.location.ILocationManager,32,7,com.htc.ate.engine,1]
01-26 09:56:26.718 21486 21486 I notification_cancel: [10015,21690,com.android.systemui,100,low_battery,-1,0,64,8,NULL]
01-26 09:56:26.719 21486 21486 I notification_cancel: [10015,21690,com.android.systemui,2130838302,power_saver,-1,0,64,8,NULL]
01-26 09:56:26.814 21486 21486 I notification_cancel: [1000,22914,com.android.settings,17301624,NULL,0,0,0,8,NULL]
01-26 09:56:30.808 22078 22078 I binder_sample: [android.location.ILocationManager,32,29,com.google.android.gms.persistent,5]
01-26 09:56:34.801 22078 22078 I binder_sample: [android.location.ILocationManager,32,41,com.google.android.gms.persistent,8]
01-26 09:56:36.711 21486 21486 I notification_cancel: [10015,21690,com.android.systemui,100,low_battery,-1,0,64,8,NULL]
01-26 09:56:36.712 21486 21486 I notification_cancel: [10015,21690,com.android.systemui,2130838302,power_saver,-1,0,64,8,NULL]
01-26 09:56:46.653 21486 21486 I notification_cancel: [10015,21690,com.android.systemui,100,low_battery,-1,0,64,8,NULL]
01-26 09:56:46.659 21486 21486 I notification_cancel: [10015,21690,com.android.systemui,2130838302,power_saver,-1,0,64,8,NULL]
01-26 09:56:48.001 21486 21486 I free_storage_changed: 6161735680
01-26 09:56:55.240 21486 22228 I am_home_stack_moved: [0,0,1,1,intentActivityFound]
01-26 09:56:55.240 21486 22228 I wm_task_moved: [2142,1,8]
01-26 09:56:55.937 21486 22154 I am_finish_activity: [0,186629221,2142,com.mediatek.connectivity/.CdsRadioInfoActivity,app-request]
01-26 09:56:55.938 21486 22154 I am_home_stack_moved: [0,0,1,1,finishActivity adjustTopFocus setFocusedActivity]
01-26 09:56:55.940 21486 22154 I am_focused_activity: [0,com.mediatek.connectivity/.CdsRadioMenuActivity]
01-26 09:56:55.941 21486 22154 I am_pause_activity: [0,186629221,com.mediatek.connectivity/.CdsRadioInfoActivity]
01-26 09:56:55.945 22179 22179 I am_on_paused_called: [0,com.mediatek.connectivity.CdsRadioInfoActivity]
01-26 09:56:55.949 21486  7839 I am_resume_activity: [0,375488142,2142,com.mediatek.connectivity/.CdsRadioMenuActivity]
01-26 09:56:55.953 21486  7839 I am_focused_activity: [0,com.mediatek.connectivity/.CdsRadioMenuActivity]
01-26 09:56:55.956 22179 22179 I am_on_resume_called: [0,com.mediatek.connectivity.CdsRadioMenuActivity]
01-26 09:56:56.293 21486 21518 I am_destroy_activity: [0,186629221,2142,com.mediatek.connectivity/.CdsRadioInfoActivity,finish-imm]
01-26 09:56:56.307   341   341 I sf_frame_dur: [com.mediatek.connectivity/com.mediatek.connectivity.CdsRadioInfoActivity,95,23,21,21,192,101,2]
01-26 09:56:56.615 21486 21516 I am_finish_activity: [0,375488142,2142,com.mediatek.connectivity/.CdsRadioMenuActivity,app-request]
01-26 09:56:56.620 21486 21516 I am_home_stack_moved: [0,0,1,1,finishActivity adjustTopFocus setFocusedActivity]
01-26 09:56:56.628 21486 21516 I am_focused_activity: [0,com.facebook.katana/com.facebook.composer.activity.ComposerActivity]
01-26 09:56:56.656 21486 21516 I am_pause_activity: [0,375488142,com.mediatek.connectivity/.CdsRadioMenuActivity]
01-26 09:56:56.658 22179 22179 I am_on_paused_called: [0,com.mediatek.connectivity.CdsRadioMenuActivity]
01-26 09:56:56.691 21486 22075 I am_resume_activity: [0,388761529,2126,com.facebook.katana/com.facebook.composer.activity.ComposerActivity]
01-26 09:56:56.709 21486 22075 I am_focused_activity: [0,com.facebook.katana/com.facebook.composer.activity.ComposerActivity]
01-26 09:56:56.735 21486 21486 I notification_cancel: [10015,21690,com.android.systemui,100,low_battery,-1,0,64,8,NULL]
01-26 09:56:56.736 21486 21486 I notification_cancel: [10015,21690,com.android.systemui,2130838302,power_saver,-1,0,64,8,NULL]
01-26 09:56:56.756 21486 21486 I notification_cancel: [10092,3445,com.facebook.katana,714499313,com.facebook.rti.mqtt.common.analytics.MqttDiagnosticNotification,0,0,64,8,NULL]
01-26 09:56:56.786 21486 21486 I notification_cancel: [10092,3445,com.facebook.katana,714499313,com.facebook.rti.mqtt.common.analytics.MqttDiagnosticNotification,0,0,64,8,NULL]
01-26 09:56:56.804  3445  3445 I am_on_resume_called: [0,com.facebook.composer.activity.ComposerActivity]
01-26 09:56:56.946 21486 21486 I notification_cancel: [10092,3445,com.facebook.katana,714499313,com.facebook.rti.mqtt.common.analytics.MqttDiagnosticNotification,0,0,64,8,NULL]
01-26 09:56:56.962 21486 21486 I notification_cancel: [10092,3445,com.facebook.katana,714499313,com.facebook.rti.mqtt.common.analytics.MqttDiagnosticNotification,0,0,64,8,NULL]
01-26 09:56:57.116 21486 21518 I am_destroy_activity: [0,375488142,2142,com.mediatek.connectivity/.CdsRadioMenuActivity,finish-imm]
01-26 09:56:57.144 21486 22202 I wm_task_removed: [2142,removeAppToken: last token]
01-26 09:56:57.144 21486 22202 I wm_task_removed: [2142,removeTask]
01-26 09:56:57.584 21690 21690 I binder_sample: [,1,8,com.android.systemui,1]
01-26 09:56:58.541 21486 22075 I am_home_stack_moved: [0,0,1,1,startingNewTask]
01-26 09:56:58.541 21486 22075 I wm_task_moved: [2126,1,7]
01-26 09:56:58.548 21486 22075 I am_create_task: [0,2143]
01-26 09:56:58.548 21486 22075 I am_create_activity: [0,631865327,2143,com.mediatek.connectivity/.CdsRadioMenuActivity,android.intent.action.MAIN,NULL,NULL,268435456]
01-26 09:56:58.549 21486 22075 I wm_task_created: [2143,1]
01-26 09:56:58.549 21486 22075 I wm_task_moved: [2143,1,8]
01-26 09:56:58.579 21486 22075 I am_pause_activity: [0,388761529,com.facebook.katana/com.facebook.composer.activity.ComposerActivity]
01-26 09:56:58.614 21486 22075 I am_home_stack_moved: [0,0,1,1,startedActivity setFocusedActivity]
01-26 09:56:58.622 21486 22075 I am_focused_activity: [0,com.mediatek.connectivity/.CdsRadioMenuActivity]
