01-26 09:44:06.064 22179 22912 I content_update_sample: Binder:15942, Update uri:content://mms, selection:st=129 AND m_type!=134, selectionArgs:null
01-26 09:44:06.064 22179 22692 I content_query_sample: Binder:15942, Query uri:content://mms-sms-v2/rawQuery, selection:select count(1) from blocklist, selectionArgs:null
01-26 09:44:06.072 22179 22662 I content_query_sample: Binder:15942, Query uri:content://mms/thread-allreport, selection:thread_id>0 AND m_id!= "" AND (m_type = 128 or m_type = 134 or m_type = 136), selectionArgs:null
01-26 09:44:06.082 21486 22228 I am_proc_died: [0,15840,com.htc.mms.backupagent]
01-26 09:44:06.096 22179 22742 I content_query_sample: Binder:15942, Query uri:content://mms-sms-v2/conversations?simple=true&formal=true&category=0, selection:null, selectionArgs:null
01-26 09:44:06.105 22179 22692 I content_query_sample: Binder:15942, Query uri:content://sms, selection:body Like 'BEGIN:VCARD%' AND thread_id > 0 , selectionArgs:null
01-26 09:44:06.119 22179 22662 I content_query_sample: Binder:15942, Query uri:content://mms-sms/draft?category=0, selection:null, selectionArgs:null
01-26 09:44:06.437 22431 16006 I content_query_sample: [content://icc/phonebook/subId/1,name/number/hidden/recordNumber/number1/number2/emails,,,508,com.android.providers.contacts,100]
01-26 09:44:06.683 21486 21486 I notification_cancel: [10015,21690,com.android.systemui,100,low_battery,-1,0,64,8,NULL]
01-26 09:44:06.696 21486 21486 I notification_cancel: [10015,21690,com.android.systemui,2130838302,power_saver,-1,0,64,8,NULL]
01-26 09:44:09.486 22179 22179 I binder_sample: [com.android.internal.telephony.ITelephonyRegistry,10,36,com.android.phone,7]
01-26 09:44:16.659 21486 21486 I notification_cancel: [10015,21690,com.android.systemui,100,low_battery,-1,0,64,8,NULL]
01-26 09:44:16.662 21486 21486 I notification_cancel: [10015,21690,com.android.systemui,2130838302,power_saver,-1,0,64,8,NULL]
01-26 09:44:16.763 26197 26197 I binder_sample: [android.location.ILocationManager,32,8,com.htc.ate.engine,1]
01-26 09:44:17.979 21486 21486 I free_storage_changed: 6001389568
01-26 09:44:24.768 21486 22074 I binder_sample: [,1,12,system_server,2]
01-26 09:44:26.660 21486 21486 I notification_cancel: [10015,21690,com.android.systemui,100,low_battery,-1,0,64,8,NULL]
01-26 09:44:26.666 21486 21486 I notification_cancel: [10015,21690,com.android.systemui,2130838302,power_saver,-1,0,64,8,NULL]
01-26 09:44:30.786 22078 22078 I binder_sample: [android.location.ILocationManager,32,35,com.google.android.gms.persistent,7]
01-26 09:44:36.678 21486 21486 I notification_cancel: [10015,21690,com.android.systemui,100,low_battery,-1,0,64,8,NULL]
01-26 09:44:36.692 21486 21486 I notification_cancel: [10015,21690,com.android.systemui,2130838302,power_saver,-1,0,64,8,NULL]
01-26 09:44:44.856 22078 22078 I binder_sample: [android.location.ILocationManager,32,34,com.google.android.gms.persistent,6]
01-26 09:44:46.674 21486 21486 I notification_cancel: [10015,21690,com.android.systemui,100,low_battery,-1,0,64,8,NULL]
01-26 09:44:46.677 21486 21486 I notification_cancel: [10015,21690,com.android.systemui,2130838302,power_saver,-1,0,64,8,NULL]
01-26 09:44:47.980 21486 21486 I free_storage_changed: 5994893312
01-26 09:44:48.796 26197 26197 I binder_sample: [android.location.ILocationManager,32,10,com.htc.ate.engine,2]
01-26 09:44:56.685 21486 21486 I notification_cancel: [10015,21690,com.android.systemui,100,low_battery,-1,0,64,8,NULL]
01-26 09:44:56.685 21486 21486 I notification_cancel: [10015,21690,com.android.systemui,2130838302,power_saver,-1,0,64,8,NULL]
01-26 09:45:00.815 26197 26197 I binder_sample: [android.location.ILocationManager,32,17,com.htc.ate.engine,3]
01-26 09:45:06.725 21486 21486 I notification_cancel: [10015,21690,com.android.systemui,100,low_battery,-1,0,64,8,NULL]
01-26 09:45:06.725 21486 21486 I notification_cancel: [10015,21690,com.android.systemui,2130838302,power_saver,-1,0,64,8,NULL]
01-26 09:45:08.726 22078 22078 I binder_sample: [android.location.ILocationManager,32,8,com.google.android.gms.persistent,1]
01-26 09:45:10.832 22179 22179 I binder_sample: [com.android.internal.telephony.ITelephonyRegistry,10,87,com.android.phone,17]
01-26 09:45:13.798 26197 26197 I binder_sample: [android.location.ILocationManager,32,11,com.htc.ate.engine,2]
01-26 09:45:16.684 21486 21486 I notification_cancel: [10015,21690,com.android.systemui,100,low_battery,-1,0,64,8,NULL]
01-26 09:45:16.684 21486 21486 I notification_cancel: [10015,21690,com.android.systemui,2130838302,power_saver,-1,0,64,8,NULL]
01-26 09:45:17.981 21486 21486 I free_storage_changed: 5988323328
01-26 09:45:21.051 22179 22179 I binder_sample: [com.android.internal.telephony.ITelephonyRegistry,10,72,com.android.phone,14]
01-26 09:45:23.198 21690 21690 I binder_sample: [com.android.internal.telephony.ITelephony,63,10,com.android.systemui,2]
01-26 09:45:26.694 21486 21486 I notification_cancel: [10015,21690,com.android.systemui,100,low_battery,-1,0,64,8,NULL]
01-26 09:45:26.695 21486 21486 I notification_cancel: [10015,21690,com.android.systemui,2130838302,power_saver,-1,0,64,8,NULL]
01-26 09:45:29.766 26197 26197 I binder_sample: [android.location.ILocationManager,32,18,com.htc.ate.engine,3]
01-26 09:45:29.790 22078 22078 I binder_sample: [android.location.ILocationManager,32,18,com.google.android.gms.persistent,3]
01-26 09:45:36.655 21486 21486 I notification_cancel: [10015,21690,com.android.systemui,100,low_battery,-1,0,64,8,NULL]
01-26 09:45:36.656 21486 21486 I notification_cancel: [10015,21690,com.android.systemui,2130838302,power_saver,-1,0,64,8,NULL]
01-26 09:45:41.158 21486 21507 I am_home_stack_moved: [0,0,1,1,intentActivityFound]
01-26 09:45:41.158 21486 21507 I wm_task_moved: [2124,1,7]
01-26 09:45:41.163 21486 21507 I am_home_stack_moved: [0,0,1,1,bringingFoundTaskToFront]
01-26 09:45:41.163 21486 21507 I wm_task_moved: [2123,1,7]
01-26 09:45:41.186 21486 21507 I am_pause_activity: [0,19655789,com.htc.contacts/.DialerTabActivity]
01-26 09:45:41.188 21486 21507 I am_task_to_front: [0,2123]
01-26 09:45:41.230 22361 22361 I am_on_paused_called: [0,com.htc.contacts.DialerTabActivity]
01-26 09:45:41.236 21486 22203 I am_resume_activity: [0,149502465,2123,com.mediatek.connectivity/.CdsRadioInfoActivity]
01-26 09:45:41.242 21486 22203 I am_home_stack_moved: [0,0,1,1,completeResume setFocusedActivity]
01-26 09:45:41.246 21486 22203 I am_focused_activity: [0,com.mediatek.connectivity/.CdsRadioInfoActivity]
01-26 09:45:41.296 22179 22179 I am_on_resume_called: [0,com.mediatek.connectivity.CdsRadioInfoActivity]
01-26 09:45:41.654   341   341 I sf_frame_dur: [com.htc.contacts/com.htc.contacts.DialerTabActivity,22,3,0,3,2,0,1]
01-26 09:45:45.280 21486 22074 I am_finish_activity: [0,149502465,2123,com.mediatek.connectivity/.CdsRadioInfoActivity,app-request]
01-26 09:45:45.284 21486 22074 I am_home_stack_moved: [0,0,1,1,finishActivity adjustTopFocus setFocusedActivity]
01-26 09:45:45.294 21486 22074 I am_focused_activity: [0,com.mediatek.connectivity/.CdsRadioMenuActivity]
01-26 09:45:45.295 21486 22074 I am_pause_activity: [0,149502465,com.mediatek.connectivity/.CdsRadioInfoActivity]
01-26 09:45:45.300 22179 22179 I am_on_paused_called: [0,com.mediatek.connectivity.CdsRadioInfoActivity]
01-26 09:45:45.304 21486 22177 I am_resume_activity: [0,214663971,2123,com.mediatek.connectivity/.CdsRadioMenuActivity]
01-26 09:45:45.308 21486 22177 I am_focused_activity: [0,com.mediatek.connectivity/.CdsRadioMenuActivity]
01-26 09:45:45.311 22179 22179 I am_on_resume_called: [0,com.mediatek.connectivity.CdsRadioMenuActivity]
01-26 09:45:45.652 21486 21518 I am_destroy_activity: [0,149502465,2123,com.mediatek.connectivity/.CdsRadioInfoActivity,finish-imm]
01-26 09:45:45.680   341   341 I sf_frame_dur: [com.mediatek.connectivity/com.mediatek.connectivity.CdsRadioInfoActivity,16,0,3,1,4,1,0]
01-26 09:45:45.972 21486 21516 I am_finish_activity: [0,214663971,2123,com.mediatek.connectivity/.CdsRadioMenuActivity,app-request]
01-26 09:45:45.976 21486 21516 I am_home_stack_moved: [0,0,1,1,finishActivity adjustTopFocus setFocusedActivity]
01-26 09:45:45.982 21486 21516 I am_focused_activity: [0,com.htc.contacts/.DialerTabActivity]
01-26 09:45:46.011 21486 21516 I am_pause_activity: [0,214663971,com.mediatek.connectivity/.CdsRadioMenuActivity]
01-26 09:45:46.012 22179 22179 I binder_sample: [android.app.IActivityManager,11,42,com.android.phone,8]
01-26 09:45:46.013 22179 22179 I am_on_paused_called: [0,com.mediatek.connectivity.CdsRadioMenuActivity]
01-26 09:45:46.017 21486 22228 I am_resume_activity: [0,19655789,2124,com.htc.contacts/.DialerTabActivity]
01-26 09:45:46.020 21486 22228 I am_focused_activity: [0,com.htc.contacts/.DialerTabActivity]
01-26 09:45:46.080 22361 22361 I am_on_resume_called: [0,com.htc.contacts.DialerTabActivity]
01-26 09:45:46.149 21486 21486 I notification_cancel: [1001,22179,com.android.phone,6001,NULL,0,0,64,8,NULL]
01-26 09:45:46.149 21486 21518 I am_destroy_activity: [0,214663971,2123,com.mediatek.connectivity/.CdsRadioMenuActivity,finish-imm]
01-26 09:45:46.152 21486 21486 I notification_cancel: [1000,21486,com.android.server.telecom,1,NULL,0,0,0,8,NULL]
01-26 09:45:46.209 21486 22074 I wm_task_removed: [2123,removeAppToken: last token]
01-26 09:45:46.209 21486 22074 I wm_task_removed: [2123,removeTask]
01-26 09:45:46.365 21486 21518 I am_proc_start: [0,17366,10036,com.htc.contacts,broadcast,com.htc.contacts/.LaunchHtcContactsProcessReceiver]
01-26 09:45:46.378 21486 22129 I am_proc_bound: [0,17366,com.htc.contacts]
01-26 09:45:46.663 21486 21486 I notification_cancel: [10015,21690,com.android.systemui,100,low_battery,-1,0,64,8,NULL]
01-26 09:45:46.663 21486 21486 I notification_cancel: [10015,21690,com.android.systemui,2130838302,power_saver,-1,0,64,8,NULL]
01-26 09:45:47.014 21486 22202 I wm_task_moved: [2124,0,0]
01-26 09:45:47.078 21486 22202 I am_pause_activity: [0,19655789,com.htc.contacts/.DialerTabActivity]
01-26 09:45:47.125 22361 22361 I am_on_paused_called: [0,com.htc.contacts.DialerTabActivity]
01-26 09:45:47.163 21486 22074 I configuration_changed: 1152
01-26 09:45:47.210 21486 22074 I am_resume_activity: [0,977809070,2121,com.htc.camera/.CameraEntry]
01-26 09:45:47.213 21486 22074 I am_home_stack_moved: [0,0,1,1,completeResume setFocusedActivity]
01-26 09:45:47.216 21486 22074 I am_focused_activity: [0,com.htc.camera/.CameraEntry]
01-26 09:45:47.281 27339 27339 I am_on_resume_called: [0,com.htc.camera.CameraEntry]
01-26 09:45:47.332 21486 22251 I am_proc_start: [0,17397,10024,com.htc.mediamanager,content provider,com.htc.album/com.htc.mediamanager.providers.media.MediaManagerProvider]
01-26 09:45:47.352 21486 21516 I am_proc_bound: [0,17397,com.htc.mediamanager]
01-26 09:45:47.601   341   341 I sf_frame_dur: [com.htc.contacts/com.htc.contacts.DialerTabActivity,0,0,1,1,0,1,0]
01-26 09:45:47.780 21486 22129 I am_proc_start: [0,17444,10013,android.process.media,content provider,com.android.providers.media/.MediaProvider]
01-26 09:45:47.782 21486 22203 I am_proc_died: [0,15754,com.htc.sense.mms]
01-26 09:45:47.817 21486 22228 I am_proc_bound: [0,17444,android.process.media]
01-26 09:45:47.945 21486 22178 I notification_cancel_all: [10013,17444,com.android.providers.downloads,0,0,64,9,NULL]
01-26 09:45:47.972 21486 21507 I am_proc_died: [0,12932,com.htc.calendar]
01-26 09:45:47.982 21486 21486 I free_storage_changed: 5980631040
01-26 09:45:48.232 21486 22202 I am_proc_died: [0,15801,com.htc.cs.pns]
01-26 09:45:48.482 21486 22203 I am_proc_died: [0,15942,com.htc.sense.mms:mms]
01-26 09:45:48.482 21486 22203 I am_schedule_service_restart: [0,com.htc.sense.mms/com.htc.messaging.service.MmsService,1000]
01-26 09:45:48.615 21486 22154 I am_home_stack_moved: [0,0,1,1,startingNewTask]
01-26 09:45:48.615 21486 22154 I wm_task_moved: [2121,1,6]
01-26 09:45:48.620 21486 22154 I am_create_task: [0,2125]
01-26 09:45:48.620 21486 22154 I am_create_activity: [0,1003643815,2125,com.mediatek.connectivity/.CdsRadioMenuActivity,android.intent.action.MAIN,NULL,NULL,268435456]
01-26 09:45:48.621 21486 22154 I wm_task_created: [2125,1]
01-26 09:45:48.621 21486 22154 I wm_task_moved: [2125,1,7]
01-26 09:45:48.665 21486 22154 I am_pause_activity: [0,977809070,com.htc.camera/.CameraEntry]
01-26 09:45:48.709 21486 22154 I am_home_stack_moved: [0,0,1,1,startedActivity setFocusedActivity]
01-26 09:45:48.714 27339 27339 I binder_sample: [android.view.IWindowSession,6,33,com.htc.camera,6]
01-26 09:45:48.719 21486 22154 I am_focused_activity: [0,com.mediatek.connectivity/.CdsRadioMenuActivity]
01-26 09:45:48.761 22078 22078 I binder_sample: [android.location.ILocationManager,32,43,com.google.android.gms.persistent,8]
01-26 09:45:48.815 21486 23315 I am_proc_died: [0,15503,com.htc.mobiledata:remote]
01-26 09:45:49.256 21486 21518 I configuration_changed: 1152
01-26 09:45:49.307 21486 21518 I am_restart_activity: [0,1003643815,2125,com.mediatek.connectivity/.CdsRadioMenuActivity]
01-26 09:45:49.309 30896 30896 I binder_sample: [android.hardware.display.IDisplayManager,1,35,tunein.player,7]
01-26 09:45:49.319 21486 21518 I am_focused_activity: [0,com.mediatek.connectivity/.CdsRadioMenuActivity]
01-26 09:45:49.334 27339 27339 I am_on_paused_called: [0,com.htc.camera.CameraEntry]
01-26 09:45:49.335 21486 23315 I am_failed_to_pause: [0,977809070,com.htc.camera/.CameraEntry,(none)]
01-26 09:45:49.353   341   341 I sf_frame_dur: [com.htc.camera/com.htc.camera.CameraEntry,18,3,0,1,1,0,0]
01-26 09:45:49.406 22179 22359 I content_query_sample: Binder:22179, Query uri:content://mms-sms/conversations?FromThreadTable=true, selection:null, selectionArgs:null
01-26 09:45:49.422   341   341 I sf_frame_dur: [SurfaceView,0,0,4,0,0,0,0]
01-26 09:45:49.459 22179 22179 I am_on_resume_called: [0,com.mediatek.connectivity.CdsRadioMenuActivity]
01-26 09:45:49.470 27339 27339 I binder_sample: [android.view.IWindowSession,6,9,com.htc.camera,1]
01-26 09:45:49.514 21486 21518 I am_proc_start: [0,17486,10055,com.htc.sense.mms:mms,service,com.htc.sense.mms/com.htc.messaging.service.MmsService]
01-26 09:45:49.576 21486 21516 I am_proc_bound: [0,17486,com.htc.sense.mms:mms]
01-26 09:45:49.624 21486 21528 I am_activity_launch_time: [0,1003643815,com.mediatek.connectivity/.CdsRadioMenuActivity,417,417]
01-26 09:45:50.242 21486 21518 I am_proc_start: [0,17514,10063,com.htc.mms.backupagent,broadcast,com.htc.mms.backupagent/.SMSBroadcastReceiver]
01-26 09:45:50.259 21486 21516 I am_proc_bound: [0,17514,com.htc.mms.backupagent]
01-26 09:45:50.371 21486 22075 I am_home_stack_moved: [0,0,1,1,sourceStackToFront]
01-26 09:45:50.371 21486 22075 I wm_task_moved: [2125,1,7]
01-26 09:45:50.375 21486 22075 I am_create_activity: [0,1059562516,2125,com.mediatek.connectivity/.CdsRadioInfoActivity,NULL,NULL,NULL,0]
01-26 09:45:50.375 21486 22075 I am_pause_activity: [0,1003643815,com.mediatek.connectivity/.CdsRadioMenuActivity]
01-26 09:45:50.378 21486 22075 I am_home_stack_moved: [0,0,1,1,startedActivity setFocusedActivity]
01-26 09:45:50.382 21486 22075 I am_focused_activity: [0,com.mediatek.connectivity/.CdsRadioInfoActivity]
01-26 09:45:50.385 22179 22179 I am_on_paused_called: [0,com.mediatek.connectivity.CdsRadioMenuActivity]
01-26 09:45:50.388 21486 22074 I am_restart_activity: [0,1059562516,2125,com.mediatek.connectivity/.CdsRadioInfoActivity]
01-26 09:45:50.397 21486 22074 I am_focused_activity: [0,com.mediatek.connectivity/.CdsRadioInfoActivity]
01-26 09:45:50.511 22179 22179 I am_on_resume_called: [0,com.mediatek.connectivity.CdsRadioInfoActivity]
01-26 09:45:50.639 21486 21528 I am_activity_launch_time: [0,1059562516,com.mediatek.connectivity/.CdsRadioInfoActivity,253,253]
01-26 09:45:50.684   341   341 I sf_frame_dur: [Starting com.mediatek.connectivity,1,0,0,0,0,0,0]
01-26 09:45:50.692 21486 23315 I am_proc_died: [0,15474,com.htc.mobiledata]
01-26 09:45:50.719   341   341 I sf_frame_dur: [com.mediatek.connectivity/com.mediatek.connectivity.CdsRadioMenuActivity,0,0,1,0,0,1,0]
01-26 09:45:50.858 22179 22692 I content_query_sample: Binder:16971, Query uri:content://sms, selection:null, selectionArgs:null
01-26 09:45:50.868 22179 22779 I content_query_sample: Binder:16971, Query uri:content://mms, selection:null, selectionArgs:null
01-26 09:45:50.876 22179 32542 I content_query_sample: Binder:16971, Query uri:content://sms/28, selection:null, selectionArgs:null
01-26 09:45:50.883 22179 22200 I content_query_sample: Binder:16971, Query uri:content://sms/40, selection:null, selectionArgs:null
01-26 09:45:50.891 22179 32544 I content_query_sample: Binder:16971, Query uri:content://sms, selection:_id > ?, selectionArgs:[Ljava.lang.String;@14e32a87
01-26 09:45:50.897 22179 22742 I content_query_sample: Binder:16971, Query uri:content://sms, selection:_id > ?, selectionArgs:[Ljava.lang.String;@40bbddd
01-26 09:45:50.904 22179 22201 I content_query_sample: Binder:16971, Query uri:content://mms, selection:_id > ?, selectionArgs:[Ljava.lang.String;@2cbde823
01-26 09:45:51.826 22179 15920 I content_query_sample: Binder:17486, Query uri:content://mms-sms-v2/rawQuery, selection:SELECT count(1) FROM sms WHERE date2 = 0, selectionArgs:null
01-26 09:45:51.833 22179 22693 I content_query_sample: Binder:17486, Query uri:content://mms-sms-v2/rawQuery, selection:select count(1) from contact_threads where htc_category =1 or htc_category = 2, selectionArgs:null
01-26 09:45:51.844 22179 22662 I content_query_sample: Binder:17486, Query uri:content://mms-sms-v2/rawQuery, selection:select _id,msg_id from addr where (type = 129 or type = 130 or type = 151), selectionArgs:null
01-26 09:45:51.851 22179 22692 I content_query_sample: Binder:17486, Query uri:content://mms/part, selection:null, selectionArgs:null
01-26 09:45:51.858 22179 32543 I content_query_sample: Binder:17486, Query uri:content://mms-sms-v2/rawQuery, selection:SELECT count(1) FROM pdu WHERE date2 = 0, selectionArgs:null
01-26 09:45:51.863 22179 15920 I content_query_sample: Binder:17486, Query uri:content://mms-sms-v2/rawQuery, selection:select count(1) from blocklist, selectionArgs:null
01-26 09:45:51.869 22179 22200 I content_query_sample: Binder:17486, Query uri:content://mms/thread-allreport, selection:thread_id>0 AND m_id!= "" AND (m_type = 128 or m_type = 134 or m_type = 136), selectionArgs:null
01-26 09:45:51.876 22179 22693 I content_update_sample: Binder:17486, Update uri:content://mms, selection:st=129 AND m_type!=134, selectionArgs:null
01-26 09:45:51.878 22179 22201 I content_query_sample: Binder:17486, Query uri:content://mms-sms-v2/conversations?simple=true&formal=true&category=0, selection:null, selectionArgs:null
01-26 09:45:51.905 22179 22779 I content_query_sample: Binder:17486, Query uri:content://sms, selection:body Like 'BEGIN:VCARD%' AND thread_id > 0 , selectionArgs:null
01-26 09:45:51.931 22179 22692 I content_query_sample: Binder:17486, Query uri:content://mms-sms/draft?category=0, selection:null, selectionArgs:null
01-26 09:45:56.695 21486 21486 I notification_cancel: [10015,21690,com.android.systemui,100,low_battery,-1,0,64,8,NULL]
01-26 09:45:56.695 21486 21486 I notification_cancel: [10015,21690,com.android.systemui,2130838302,power_saver,-1,0,64,8,NULL]
01-26 09:46:00.793 22078 22078 I binder_sample: [android.location.ILocationManager,32,34,com.google.android.gms.persistent,6]
01-26 09:46:01.965 22179 22179 I binder_sample: [android.view.IWindowSession,6,30,com.android.phone,6]
01-26 09:46:02.342   341   341 I sf_frame_dur: [PopupWindow:122b6570,0,1,0,0,0,0,0]
01-26 09:46:05.860 26197 26197 I binder_sample: [android.location.ILocationManager,32,115,com.htc.ate.engine,23]
01-26 09:46:06.701 21486 21486 I notification_cancel: [10015,21690,com.android.systemui,100,low_battery,-1,0,64,8,NULL]
01-26 09:46:06.701 21486 21486 I notification_cancel: [10015,21690,com.android.systemui,2130838302,power_saver,-1,0,64,8,NULL]
01-26 09:46:06.996 21486 21486 I notification_cancel: [1001,22179,com.android.phone,16,NULL,0,0,64,8,NULL]
01-26 09:46:07.047 21486 21486 I notification_cancel: [1001,22179,com.android.phone,16,NULL,0,0,64,8,NULL]
01-26 09:46:07.633 21486 22178 I am_proc_start: [0,17590,10041,com.htc.mobiledata,content provider,com.htc.mobiledata/.MobileDataProvider]
01-26 09:46:07.664 21486  7839 I am_proc_bound: [0,17590,com.htc.mobiledata]
01-26 09:46:07.774 21486 22154 I am_proc_start: [0,17612,10041,com.htc.mobiledata:remote,service,com.htc.mobiledata/.MobileDataService]
01-26 09:46:07.809 21486 22202 I am_proc_bound: [0,17612,com.htc.mobiledata:remote]
01-26 09:46:07.815 21486 23315 I am_proc_died: [0,17366,com.htc.contacts]
01-26 09:46:08.222   341   341 I sf_frame_dur: [com.mediatek.connectivity/com.mediatek.connectivity.CdsRadioInfoActivity,13,0,0,0,0,0,1]
01-26 09:46:08.254 21486 22202 I am_proc_died: [0,17397,com.htc.mediamanager]
01-26 09:46:12.489 22431 17786 I content_query_sample: [content://icc/phonebook/subId/1,name/number/hidden/recordNumber/number1/number2/emails,,,393,com.android.providers.contacts,79]
01-26 09:46:15.624 22179 22179 I binder_sample: [com.android.internal.telephony.ITelephonyRegistry,10,29,com.android.phone,5]
01-26 09:46:16.694 21486 21486 I notification_cancel: [10015,21690,com.android.systemui,100,low_battery,-1,0,64,8,NULL]
01-26 09:46:16.694 21486 21486 I notification_cancel: [10015,21690,com.android.systemui,2130838302,power_saver,-1,0,64,8,NULL]
01-26 09:46:17.820 22078 22078 I binder_sample: [android.location.ILocationManager,32,24,com.google.android.gms.persistent,4]
01-26 09:46:17.982 21486 21486 I free_storage_changed: 5956222976
01-26 09:46:25.013 22179 22179 I binder_sample: [com.android.internal.telephony.ITelephonyRegistry,10,34,com.android.phone,6]
01-26 09:46:26.323 21486 22228 I am_proc_died: [0,17444,android.process.media]
01-26 09:46:26.659 21486 21486 I notification_cancel: [10015,21690,com.android.systemui,100,low_battery,-1,0,64,8,NULL]
01-26 09:46:26.665 21486 21486 I notification_cancel: [10015,21690,com.android.systemui,2130838302,power_saver,-1,0,64,8,NULL]
01-26 09:46:27.198 21486 22228 I am_home_stack_moved: [0,0,1,1,startingNewTask]
01-26 09:46:27.198 21486 22228 I wm_task_moved: [2125,1,7]
01-26 09:46:27.204 21486 22228 I am_create_task: [0,2126]
01-26 09:46:27.204 21486 22228 I am_create_activity: [0,623720100,2126,com.facebook.katana/.FacebookLoginActivity,NULL,NULL,NULL,268435456]
01-26 09:46:27.205 21486 22228 I wm_task_created: [2126,1]
01-26 09:46:27.205 21486 22228 I wm_task_moved: [2126,1,8]
01-26 09:46:27.227 21486 22228 I am_pause_activity: [0,1059562516,com.mediatek.connectivity/.CdsRadioInfoActivity]
01-26 09:46:27.229 22179 22179 I am_on_paused_called: [0,com.mediatek.connectivity.CdsRadioInfoActivity]
01-26 09:46:27.250 21486 22228 I am_home_stack_moved: [0,0,1,1,startedActivity setFocusedActivity]
01-26 09:46:27.253 21486 22228 I am_focused_activity: [0,com.facebook.katana/.FacebookLoginActivity]
01-26 09:46:27.256 21486 21506 I am_restart_activity: [0,623720100,2126,com.facebook.katana/.FacebookLoginActivity]
01-26 09:46:27.261 21486 21506 I am_focused_activity: [0,com.facebook.katana/.FacebookLoginActivity]
01-26 09:46:27.546   341   341 I sf_frame_dur: [com.mediatek.connectivity/com.mediatek.connectivity.CdsRadioInfoActivity,98,12,10,7,30,20,0]
01-26 09:46:27.762 21486 21486 I notification_cancel: [10092,3445,com.facebook.katana,38,NULL,0,0,64,8,NULL]
01-26 09:46:27.763 21486 21486 I notification_cancel: [10092,3445,com.facebook.katana,10004,NULL,0,0,64,8,NULL]
01-26 09:46:27.854 21486 21486 I notification_cancel: [10092,3445,com.facebook.katana,714499313,com.facebook.rti.mqtt.common.analytics.MqttDiagnosticNotification,0,0,64,8,NULL]
01-26 09:46:27.867 21486 21486 I notification_cancel: [10092,3445,com.facebook.katana,714499313,com.facebook.rti.mqtt.common.analytics.MqttDiagnosticNotification,0,0,64,8,NULL]
01-26 09:46:28.043 21486 21486 I notification_cancel: [10092,3445,com.facebook.katana,714499313,com.facebook.rti.mqtt.common.analytics.MqttDiagnosticNotification,0,0,64,8,NULL]
01-26 09:46:28.057 21486 21486 I notification_cancel: [10092,3445,com.facebook.katana,714499313,com.facebook.rti.mqtt.common.analytics.MqttDiagnosticNotification,0,0,64,8,NULL]
01-26 09:46:28.118 21486 21507 I am_home_stack_moved: [0,0,1,1,intentActivityFound]
01-26 09:46:28.118 21486 21507 I wm_task_moved: [2126,1,8]
01-26 09:46:28.123 21486 21507 I am_home_stack_moved: [0,0,1,1,sourceStackToFront]
01-26 09:46:28.123 21486 21507 I wm_task_moved: [2126,1,8]
01-26 09:46:28.131 21486 21507 I am_create_activity: [0,47054756,2126,com.facebook.katana/.activity.FbMainTabActivity,NULL,NULL,NULL,268435456]
01-26 09:46:28.137 21486 21507 I am_pause_activity: [0,623720100,com.facebook.katana/.FacebookLoginActivity]
01-26 09:46:28.141 21486 21507 I am_home_stack_moved: [0,0,1,1,startedActivity setFocusedActivity]
01-26 09:46:28.142 21486 21507 I am_focused_activity: [0,com.facebook.katana/.activity.FbMainTabActivity]
01-26 09:46:28.143 21486 22177 I am_finish_activity: [0,623720100,2126,com.facebook.katana/.FacebookLoginActivity,app-request]
01-26 09:46:28.143  3445  3445 I am_on_resume_called: [0,com.facebook.katana.FacebookLoginActivity]
01-26 09:46:28.216  3445  3445 I am_on_paused_called: [0,com.facebook.katana.FacebookLoginActivity]
01-26 09:46:28.219 21486 22202 I am_restart_activity: [0,47054756,2126,com.facebook.katana/.activity.FbMainTabActivity]
01-26 09:46:28.242 21486 22202 I am_focused_activity: [0,com.facebook.katana/.activity.FbMainTabActivity]
01-26 09:46:28.454 21486 22228 I am_proc_start: [0,18270,10092,com.facebook.katana:videoplayer,service,com.facebook.katana/com.facebook.exoplayer.VideoPlayerService]
01-26 09:46:28.469  3445  3445 I am_on_resume_called: [0,com.facebook.katana.activity.FbMainTabActivity]
01-26 09:46:28.481 21486  7839 I am_proc_bound: [0,18270,com.facebook.katana:videoplayer]
01-26 09:46:28.913 21486 21528 I am_activity_launch_time: [0,47054756,com.facebook.katana/.activity.FbMainTabActivity,695,1659]
01-26 09:46:29.321 21486 22129 I am_proc_start: [0,18336,10013,android.process.media,content provider,com.android.providers.media/.MediaProvider]
01-26 09:46:29.364 21486 22154 I am_proc_bound: [0,18336,android.process.media]
01-26 09:46:29.392 21486 22177 I am_home_stack_moved: [0,0,1,1,sourceStackToFront]
01-26 09:46:29.392 21486 22177 I wm_task_moved: [2126,1,8]
01-26 09:46:29.396 21486 22177 I am_create_activity: [0,388761529,2126,com.facebook.katana/com.facebook.composer.activity.ComposerActivity,NULL,NULL,NULL,0]
01-26 09:46:29.398 21486 22177 I am_pause_activity: [0,47054756,com.facebook.katana/.activity.FbMainTabActivity]
01-26 09:46:29.401 21486 22177 I am_home_stack_moved: [0,0,1,1,startedActivity setFocusedActivity]
01-26 09:46:29.405 21486 22177 I am_focused_activity: [0,com.facebook.katana/com.facebook.composer.activity.ComposerActivity]
01-26 09:46:29.439 21486 22177 I notification_cancel_all: [10013,18336,com.android.providers.downloads,0,0,64,9,NULL]
01-26 09:46:29.473 21884 21884 I binder_sample: [android.view.IWindowSession,6,5,com.htc.sense.ime,1]
01-26 09:46:29.616  3445  3445 I am_on_paused_called: [0,com.facebook.katana.activity.FbMainTabActivity]
01-26 09:46:29.618 21486 22251 I am_restart_activity: [0,388761529,2126,com.facebook.katana/com.facebook.composer.activity.ComposerActivity]
01-26 09:46:29.621 21486 22251 I am_focused_activity: [0,com.facebook.katana/com.facebook.composer.activity.ComposerActivity]
01-26 09:46:29.622 21486 21518 I am_destroy_activity: [0,623720100,2126,com.facebook.katana/.FacebookLoginActivity,finish-idle]
01-26 09:46:30.371  3445  3445 I am_on_resume_called: [0,com.facebook.composer.activity.ComposerActivity]
01-26 09:46:30.643 21486 21528 I am_activity_launch_time: [0,388761529,com.facebook.katana/com.facebook.composer.activity.ComposerActivity,1026,1026]
01-26 09:46:30.932   341   341 I sf_frame_dur: [com.facebook.katana/com.facebook.katana.activity.FbMainTabActivity,0,0,0,0,4,1,0]
01-26 09:46:31.381 22078 22078 I binder_sample: [android.location.ILocationManager,32,15,com.google.android.gms.persistent,3]
01-26 09:46:32.414  3445 18400 I content_update_sample: [content://com.facebook.katana.properties/properties/com.facebook.contacts.database.DbPropertiesForContacts/contacts_db_properties,insert,,91,com.facebook.katana,19]
01-26 09:46:32.491  3445 18421 I content_query_sample: [content://com.facebook.katana.contacts/contacts_with_fbids,fbid/first_name/last_name/display_name/small_picture_url/big_picture_url/huge_picture_url/small_picture_size/big_picture_size/huge_picture_size/communication_rank/is_mobile_pushable/is_messenger_user/messenger_install_time_ms/added_time_ms/is_on_viewer_contact_list/type/link_type/phonebook_section_key/bday_month/bday_day/last_fetch_time_ms/is_partial,(type IN (?) AND link_type IN (?,?) AND fbid IN (?,?,?,?,?,?,?,?,?,?,?)),,166,com.facebook.katana,34]
01-26 09:46:36.683 21486 21486 I notification_cancel: [10015,21690,com.android.systemui,100,low_battery,-1,0,64,8,NULL]
01-26 09:46:36.685 21486 21486 I notification_cancel: [10015,21690,com.android.systemui,2130838302,power_saver,-1,0,64,8,NULL]
01-26 09:46:47.778 22078 22078 I binder_sample: [android.location.ILocationManager,32,20,com.google.android.gms.persistent,4]
01-26 09:46:47.983 21486 21486 I free_storage_changed: 5958746112
01-26 09:46:57.965 21486 22203 I am_proc_died: [0,16971,com.google.android.gms]
01-26 09:47:06.055 22179 22179 I binder_sample: [com.android.internal.telephony.ITelephonyRegistry,10,117,com.android.phone,23]
01-26 09:47:12.761 26197 26197 I binder_sample: [android.location.ILocationManager,32,17,com.htc.ate.engine,3]
01-26 09:47:16.694 21486 21486 I notification_cancel: [10015,21690,com.android.systemui,100,low_battery,-1,0,64,8,NULL]
01-26 09:47:16.709 21486 21486 I notification_cancel: [10015,21690,com.android.systemui,2130838302,power_saver,-1,0,64,8,NULL]
01-26 09:47:17.985 21486 21486 I free_storage_changed: 5952143360
01-26 09:47:24.816 26197 26197 I binder_sample: [android.location.ILocationManager,32,59,com.htc.ate.engine,11]
01-26 09:47:26.676 21486 21486 I notification_cancel: [10015,21690,com.android.systemui,100,low_battery,-1,0,64,8,NULL]
01-26 09:47:26.677 21486 21486 I notification_cancel: [10015,21690,com.android.systemui,2130838302,power_saver,-1,0,64,8,NULL]
01-26 09:47:27.841 21486 21486 I notification_cancel: [10092,3445,com.facebook.katana,714499313,com.facebook.rti.mqtt.common.analytics.MqttDiagnosticNotification,0,0,64,8,NULL]
01-26 09:47:28.025 21486 21486 I notification_cancel: [10092,3445,com.facebook.katana,714499313,com.facebook.rti.mqtt.common.analytics.MqttDiagnosticNotification,0,0,64,8,NULL]
01-26 09:47:36.694 21486 21486 I notification_cancel: [10015,21690,com.android.systemui,100,low_battery,-1,0,64,8,NULL]
01-26 09:47:36.715 21486 21486 I notification_cancel: [10015,21690,com.android.systemui,2130838302,power_saver,-1,0,64,8,NULL]
01-26 09:47:39.771 26197 26197 I binder_sample: [android.location.ILocationManager,32,9,com.htc.ate.engine,1]
01-26 09:47:41.885 22078 22078 I binder_sample: [android.location.ILocationManager,32,131,com.google.android.gms.persistent,26]
01-26 09:47:46.644 21486 21486 I notification_cancel: [10015,21690,com.android.systemui,100,low_battery,-1,0,64,8,NULL]
01-26 09:47:46.645 21486 21486 I notification_cancel: [10015,21690,com.android.systemui,2130838302,power_saver,-1,0,64,8,NULL]
01-26 09:47:47.986 21486 21486 I free_storage_changed: 5945729024
01-26 09:47:51.911 21486 21557 I am_proc_start: [0,19538,10055,com.htc.sense.mms,service,com.htc.sense.mms/.transaction.TransactionService]
01-26 09:47:51.955 21486 22202 I am_proc_bound: [0,19538,com.htc.sense.mms]
01-26 09:47:52.141 22179 22693 I content_query_sample: Binder:19538, Query uri:content://mms-sms/pending?protocol=mms, selection:err_type < ? AND due_time <= ?, selectionArgs:[Ljava.lang.String;@54cc1ca
01-26 09:47:54.156 22179 15920 I content_query_sample: Binder:19538, Query uri:content://mms-sms-v2/rawQuery, selection:select _id,msg_id from addr where (type = 129 or type = 130 or type = 151), selectionArgs:null
01-26 09:47:54.176 22179 22200 I content_query_sample: Binder:19538, Query uri:content://mms/thread-allreport, selection:thread_id>0 AND m_id!= "" AND (m_type = 128 or m_type = 134 or m_type = 136), selectionArgs:null
01-26 09:47:54.197 22179 22912 I content_query_sample: Binder:19538, Query uri:content://mms-sms-v2/rawQuery, selection:select count(1) from contact_threads where htc_category =1 or htc_category = 2, selectionArgs:null
01-26 09:47:54.207 22179 32544 I content_query_sample: Binder:19538, Query uri:content://mms/part, selection:null, selectionArgs:null
01-26 09:47:54.216 22179 22201 I content_query_sample: Binder:19538, Query uri:content://sms, selection:body Like 'BEGIN:VCARD%' AND thread_id > 0 , selectionArgs:null
01-26 09:47:54.222 22179 22779 I content_query_sample: Binder:19538, Query uri:content://mms-sms-v2/rawQuery, selection:select count(1) from blocklist, selectionArgs:null
01-26 09:47:54.232 22179 22913 I content_query_sample: Binder:19538, Query uri:content://mms-sms-v2/rawQuery, selection:SELECT count(1) FROM sms WHERE date2 = 0, selectionArgs:null
01-26 09:47:54.237 22179 32542 I content_query_sample: Binder:19538, Query uri:content://mms-sms-v2/rawQuery, selection:SELECT count(1) FROM pdu WHERE date2 = 0, selectionArgs:null
01-26 09:47:54.273 22179 22201 I content_query_sample: Binder:19538, Query uri:content://mms-sms/draft?category=0, selection:null, selectionArgs:null
01-26 09:47:54.286 22179 22779 I content_query_sample: Binder:19538, Query uri:content://mms-sms-v2/conversations?simple=true&formal=true&category=0, selection:null, selectionArgs:null
01-26 09:47:54.329 22179 22742 I content_update_sample: Binder:19538, Update uri:content://mms, selection:st=129 AND m_type!=134, selectionArgs:null
01-26 09:48:01.858 22078 22078 I binder_sample: [android.location.ILocationManager,32,71,com.google.android.gms.persistent,14]
01-26 09:48:06.698 21486 21486 I notification_cancel: [10015,21690,com.android.systemui,100,low_battery,-1,0,64,8,NULL]
01-26 09:48:06.708 21486 21486 I notification_cancel: [10015,21690,com.android.systemui,2130838302,power_saver,-1,0,64,8,NULL]
01-26 09:48:14.821 21486  7839 I am_home_stack_moved: [0,0,1,1,intentActivityFound]
01-26 09:48:14.821 21486  7839 I wm_task_moved: [2126,1,8]
01-26 09:48:14.826 21486  7839 I am_home_stack_moved: [0,0,1,1,bringingFoundTaskToFront]
01-26 09:48:14.826 21486  7839 I wm_task_moved: [2125,1,8]
01-26 09:48:14.854 21486  7839 I am_pause_activity: [0,388761529,com.facebook.katana/com.facebook.composer.activity.ComposerActivity]
01-26 09:48:14.856 21486  7839 I am_task_to_front: [0,2125]
01-26 09:48:14.874  3445  3445 I am_on_paused_called: [0,com.facebook.composer.activity.ComposerActivity]
01-26 09:48:14.877 21486 22203 I am_resume_activity: [0,1059562516,2125,com.mediatek.connectivity/.CdsRadioInfoActivity]
01-26 09:48:14.882 21486 22203 I am_home_stack_moved: [0,0,1,1,completeResume setFocusedActivity]
01-26 09:48:14.885 21486 22203 I am_focused_activity: [0,com.mediatek.connectivity/.CdsRadioInfoActivity]
01-26 09:48:14.911 22179 22179 I am_on_resume_called: [0,com.mediatek.connectivity.CdsRadioInfoActivity]
01-26 09:48:15.252   341   341 I sf_frame_dur: [com.facebook.katana/com.facebook.composer.activity.ComposerActivity,19,2,9,13,122,64,0]
01-26 09:48:16.503 21486 23315 I am_finish_activity: [0,1059562516,2125,com.mediatek.connectivity/.CdsRadioInfoActivity,app-request]
01-26 09:48:16.504 21486 23315 I am_home_stack_moved: [0,0,1,1,finishActivity adjustTopFocus setFocusedActivity]
01-26 09:48:16.506 21486 23315 I am_focused_activity: [0,com.mediatek.connectivity/.CdsRadioMenuActivity]
01-26 09:48:16.507 21486 23315 I am_pause_activity: [0,1059562516,com.mediatek.connectivity/.CdsRadioInfoActivity]
01-26 09:48:16.512 22179 22179 I am_on_paused_called: [0,com.mediatek.connectivity.CdsRadioInfoActivity]
01-26 09:48:16.514 21486 22228 I am_resume_activity: [0,1003643815,2125,com.mediatek.connectivity/.CdsRadioMenuActivity]
01-26 09:48:16.518 21486 22228 I am_focused_activity: [0,com.mediatek.connectivity/.CdsRadioMenuActivity]
01-26 09:48:16.522 22179 22179 I am_on_resume_called: [0,com.mediatek.connectivity.CdsRadioMenuActivity]
01-26 09:48:16.656 21486 21486 I notification_cancel: [10015,21690,com.android.systemui,100,low_battery,-1,0,64,8,NULL]
01-26 09:48:16.661 21486 21486 I notification_cancel: [10015,21690,com.android.systemui,2130838302,power_saver,-1,0,64,8,NULL]
01-26 09:48:16.853 21486 21518 I am_destroy_activity: [0,1059562516,2125,com.mediatek.connectivity/.CdsRadioInfoActivity,finish-imm]
01-26 09:48:16.869   341   341 I sf_frame_dur: [com.mediatek.connectivity/com.mediatek.connectivity.CdsRadioInfoActivity,16,2,1,2,2,0,0]
01-26 09:48:17.175 21486 21507 I am_finish_activity: [0,1003643815,2125,com.mediatek.connectivity/.CdsRadioMenuActivity,app-request]
01-26 09:48:17.180 21486 21507 I am_home_stack_moved: [0,0,1,1,finishActivity adjustTopFocus setFocusedActivity]
01-26 09:48:17.187 21486 21507 I am_focused_activity: [0,com.facebook.katana/com.facebook.composer.activity.ComposerActivity]
01-26 09:48:17.228 21486 21507 I am_pause_activity: [0,1003643815,com.mediatek.connectivity/.CdsRadioMenuActivity]
01-26 09:48:17.232 22179 22179 I binder_sample: [android.app.IActivityManager,11,57,com.android.phone,11]
01-26 09:48:17.233 22179 22179 I am_on_paused_called: [0,com.mediatek.connectivity.CdsRadioMenuActivity]
01-26 09:48:17.246 21486 22228 I am_resume_activity: [0,388761529,2126,com.facebook.katana/com.facebook.composer.activity.ComposerActivity]
01-26 09:48:17.253 21486 22228 I am_focused_activity: [0,com.facebook.katana/com.facebook.composer.activity.ComposerActivity]
01-26 09:48:17.282  3445  3445 I am_on_resume_called: [0,com.facebook.composer.activity.ComposerActivity]
01-26 09:48:17.635 21486 21518 I am_destroy_activity: [0,1003643815,2125,com.mediatek.connectivity/.CdsRadioMenuActivity,finish-imm]
01-26 09:48:17.706 21486 21516 I wm_task_removed: [2125,removeAppToken: last token]
01-26 09:48:17.706 21486 21516 I wm_task_removed: [2125,removeTask]
01-26 09:48:17.987 21486 21486 I free_storage_changed: 5938290688
01-26 09:48:18.134 21486  7839 I am_proc_died: [0,17612,com.htc.mobiledata:remote]
01-26 09:48:18.482 21486 22203 I am_home_stack_moved: [0,0,1,1,startingNewTask]
01-26 09:48:18.482 21486 22203 I wm_task_moved: [2126,1,7]
01-26 09:48:18.487 21486 22203 I am_create_task: [0,2127]
01-26 09:48:18.487 21486 22203 I am_create_activity: [0,226074969,2127,com.mediatek.connectivity/.CdsRadioMenuActivity,android.intent.action.MAIN,NULL,NULL,268435456]
01-26 09:48:18.488 21486 22203 I wm_task_created: [2127,1]
01-26 09:48:18.488 21486 22203 I wm_task_moved: [2127,1,8]
01-26 09:48:18.517 21486 22203 I am_pause_activity: [0,388761529,com.facebook.katana/com.facebook.composer.activity.ComposerActivity]
01-26 09:48:18.550 21486 22203 I am_home_stack_moved: [0,0,1,1,startedActivity setFocusedActivity]
01-26 09:48:18.555 21486 22203 I am_focused_activity: [0,com.mediatek.connectivity/.CdsRadioMenuActivity]
01-26 09:48:18.558  3445  3445 I am_on_paused_called: [0,com.facebook.composer.activity.ComposerActivity]
01-26 09:48:18.599 21486 21516 I am_restart_activity: [0,226074969,2127,com.mediatek.connectivity/.CdsRadioMenuActivity]
01-26 09:48:18.622 21486 21516 I am_focused_activity: [0,com.mediatek.connectivity/.CdsRadioMenuActivity]
01-26 09:48:18.672 22179 22179 I am_on_resume_called: [0,com.mediatek.connectivity.CdsRadioMenuActivity]
01-26 09:48:18.682 21486 22251 I am_proc_died: [0,17590,com.htc.mobiledata]
01-26 09:48:18.857 21486 21528 I am_activity_launch_time: [0,226074969,com.mediatek.connectivity/.CdsRadioMenuActivity,295,295]
01-26 09:48:18.873   341   341 I sf_frame_dur: [com.facebook.katana/com.facebook.composer.activity.ComposerActivity,0,1,0,1,0,1,0]
01-26 09:48:19.610 21486 22074 I am_home_stack_moved: [0,0,1,1,sourceStackToFront]
01-26 09:48:19.610 21486 22074 I wm_task_moved: [2127,1,8]
01-26 09:48:19.614 21486 22074 I am_create_activity: [0,153875950,2127,com.mediatek.connectivity/.CdsRadioInfoActivity,NULL,NULL,NULL,0]
01-26 09:48:19.616 21486 22074 I am_pause_activity: [0,226074969,com.mediatek.connectivity/.CdsRadioMenuActivity]
01-26 09:48:19.620 21486 22074 I am_home_stack_moved: [0,0,1,1,startedActivity setFocusedActivity]
01-26 09:48:19.624 21486 22074 I am_focused_activity: [0,com.mediatek.connectivity/.CdsRadioInfoActivity]
01-26 09:48:19.629 22179 22179 I am_on_paused_called: [0,com.mediatek.connectivity.CdsRadioMenuActivity]
01-26 09:48:19.633 21486  7839 I am_restart_activity: [0,153875950,2127,com.mediatek.connectivity/.CdsRadioInfoActivity]
01-26 09:48:19.654 21486  7839 I am_focused_activity: [0,com.mediatek.connectivity/.CdsRadioInfoActivity]
01-26 09:48:19.797 22179 22179 I am_on_resume_called: [0,com.mediatek.connectivity.CdsRadioInfoActivity]
01-26 09:48:19.967 21486 21528 I am_activity_launch_time: [0,153875950,com.mediatek.connectivity/.CdsRadioInfoActivity,335,335]
01-26 09:48:19.985   341   341 I sf_frame_dur: [com.mediatek.connectivity/com.mediatek.connectivity.CdsRadioMenuActivity,0,1,1,0,0,0,0]
01-26 09:48:20.002   341   341 I sf_frame_dur: [Starting com.mediatek.connectivity,1,0,0,0,0,0,0]
01-26 09:48:22.794 22078 22078 I binder_sample: [android.location.ILocationManager,32,71,com.google.android.gms.persistent,14]
01-26 09:48:27.951 21486 21486 I notification_cancel: [10092,3445,com.facebook.katana,714499313,com.facebook.rti.mqtt.common.analytics.MqttDiagnosticNotification,0,0,64,8,NULL]
01-26 09:48:28.144 21486 21486 I notification_cancel: [10092,3445,com.facebook.katana,714499313,com.facebook.rti.mqtt.common.analytics.MqttDiagnosticNotification,0,0,64,8,NULL]
01-26 09:48:29.235   341   341 I sf_frame_dur: [PopupWindow:3eef43bd,0,1,0,0,0,0,0]
01-26 09:48:29.807 21486 22074 I am_proc_died: [0,17514,com.htc.mms.backupagent]
01-26 09:48:34.963   341   341 I sf_frame_dur: [com.mediatek.connectivity/com.mediatek.connectivity.CdsRadioInfoActivity,7,2,0,0,1,1,0]
01-26 09:48:36.664 21486 21486 I notification_cancel: [10015,21690,com.android.systemui,100,low_battery,-1,0,64,8,NULL]
01-26 09:48:36.664 21486 21486 I notification_cancel: [10015,21690,com.android.systemui,2130838302,power_saver,-1,0,64,8,NULL]
01-26 09:48:46.680 21486 21486 I notification_cancel: [10015,21690,com.android.systemui,100,low_battery,-1,0,64,8,NULL]
01-26 09:48:46.680 21486 21486 I notification_cancel: [10015,21690,com.android.systemui,2130838302,power_saver,-1,0,64,8,NULL]
01-26 09:48:47.987 21486 21486 I free_storage_changed: 5816844288
01-26 09:48:48.559 26197 26197 I binder_sample: [android.location.ILocationManager,32,8,com.htc.ate.engine,1]
01-26 09:48:56.657 21486 21486 I notification_cancel: [10015,21690,com.android.systemui,100,low_battery,-1,0,64,8,NULL]
01-26 09:48:56.657 21486 21486 I notification_cancel: [10015,21690,com.android.systemui,2130838302,power_saver,-1,0,64,8,NULL]
01-26 09:48:59.779 26197 26197 I binder_sample: [android.location.ILocationManager,32,15,com.htc.ate.engine,3]
01-26 09:49:06.663 21486 21486 I notification_cancel: [10015,21690,com.android.systemui,100,low_battery,-1,0,64,8,NULL]
01-26 09:49:06.673 21486 21486 I notification_cancel: [10015,21690,com.android.systemui,2130838302,power_saver,-1,0,64,8,NULL]
01-26 09:49:16.661 21486 21486 I notification_cancel: [10015,21690,com.android.systemui,100,low_battery,-1,0,64,8,NULL]
01-26 09:49:16.661 21486 21486 I notification_cancel: [10015,21690,com.android.systemui,2130838302,power_saver,-1,0,64,8,NULL]
01-26 09:49:17.989 21486 21486 I free_storage_changed: 6003642368
01-26 09:49:24.752 22078 22078 I binder_sample: [android.location.ILocationManager,32,12,com.google.android.gms.persistent,2]
01-26 09:49:25.165 21486 22129 I am_proc_start: [0,20491,10041,com.htc.mobiledata,content provider,com.htc.mobiledata/.MobileDataProvider]
01-26 09:49:25.243 21486 21516 I am_proc_bound: [0,20491,com.htc.mobiledata]
01-26 09:49:25.328 21486 22129 I am_proc_start: [0,20513,10041,com.htc.mobiledata:remote,service,com.htc.mobiledata/.MobileDataService]
01-26 09:49:25.363 21486 22228 I am_proc_start: [0,20535,1000,com.android.settings,broadcast,com.android.settings/.framework.app.HtcSystemReceiver]
01-26 09:49:25.364 21486 21506 I am_proc_bound: [0,20513,com.htc.mobiledata:remote]
01-26 09:49:25.388 21486 22177 I am_proc_bound: [0,20535,com.android.settings]
01-26 09:49:25.572 21486 21486 I notification_cancel: [1000,20535,com.android.settings,17301624,NULL,0,0,0,8,NULL]
01-26 09:49:26.661 21486 21486 I notification_cancel: [10015,21690,com.android.systemui,100,low_battery,-1,0,64,8,NULL]
01-26 09:49:26.662 21486 21486 I notification_cancel: [10015,21690,com.android.systemui,2130838302,power_saver,-1,0,64,8,NULL]
01-26 09:49:26.665 21486 21486 I notification_cancel: [1000,20535,com.android.settings,17301624,NULL,0,0,0,8,NULL]
01-26 09:49:27.874 21486 21486 I notification_cancel: [10092,3445,com.facebook.katana,714499313,com.facebook.rti.mqtt.common.analytics.MqttDiagnosticNotification,0,0,64,8,NULL]
01-26 09:49:28.060 21486 21486 I notification_cancel: [10092,3445,com.facebook.katana,714499313,com.facebook.rti.mqtt.common.analytics.MqttDiagnosticNotification,0,0,64,8,NULL]
01-26 09:49:30.039 21486 22203 I am_home_stack_moved: [0,0,1,1,startingNewTask]
01-26 09:49:30.039 21486 22203 I wm_task_moved: [2127,1,8]
01-26 09:49:30.044 21486 22203 I am_create_task: [0,2128]
01-26 09:49:30.044 21486 22203 I am_create_activity: [0,1028575866,2128,com.android.phone/.dualsim.DualNetworkSettingsPreference,android.intent.action.MAIN,NULL,NULL,268435456]
01-26 09:49:30.045 21486 22203 I wm_task_created: [2128,1]
01-26 09:49:30.045 21486 22203 I wm_task_moved: [2128,1,9]
01-26 09:49:30.071 21486 22203 I am_pause_activity: [0,153875950,com.mediatek.connectivity/.CdsRadioInfoActivity]
01-26 09:49:30.073 22179 22179 I am_on_paused_called: [0,com.mediatek.connectivity.CdsRadioInfoActivity]
01-26 09:49:30.076 21486 22203 I am_home_stack_moved: [0,0,1,1,startedActivity setFocusedActivity]
01-26 09:49:30.112 21486 22203 I am_focused_activity: [0,com.android.phone/.dualsim.DualNetworkSettingsPreference]
01-26 09:49:30.116 21486 21506 I am_restart_activity: [0,1028575866,2128,com.android.phone/.dualsim.DualNetworkSettingsPreference]
01-26 09:49:30.121 21486 21506 I am_focused_activity: [0,com.android.phone/.dualsim.DualNetworkSettingsPreference]
01-26 09:49:30.315 22179 22179 I am_on_resume_called: [0,com.android.phone.dualsim.DualNetworkSettingsPreference]
01-26 09:49:30.492   341   341 I sf_frame_dur: [com.mediatek.connectivity/com.mediatek.connectivity.CdsRadioInfoActivity,78,12,24,9,63,40,2]
01-26 09:49:30.513 21486 22251 I am_proc_died: [0,18336,android.process.media]
01-26 09:49:30.518 21486 21528 I am_activity_launch_time: [0,1028575866,com.android.phone/.dualsim.DualNetworkSettingsPreference,403,403]
01-26 09:49:33.188 21486 21516 I am_finish_activity: [0,1028575866,2128,com.android.phone/.dualsim.DualNetworkSettingsPreference,app-request]
01-26 09:49:33.191 21486 21516 I am_home_stack_moved: [0,0,1,1,finishActivity adjustTopFocus setFocusedActivity]
01-26 09:49:33.194 21486 21516 I am_focused_activity: [0,com.mediatek.connectivity/.CdsRadioInfoActivity]
01-26 09:49:33.216 21486 21516 I am_pause_activity: [0,1028575866,com.android.phone/.dualsim.DualNetworkSettingsPreference]
01-26 09:49:33.247 22179 22179 I am_on_paused_called: [0,com.android.phone.dualsim.DualNetworkSettingsPreference]
01-26 09:49:33.252 21486 22177 I am_resume_activity: [0,153875950,2127,com.mediatek.connectivity/.CdsRadioInfoActivity]
01-26 09:49:33.256 21486 22177 I am_focused_activity: [0,com.mediatek.connectivity/.CdsRadioInfoActivity]
01-26 09:49:33.314 22179 22179 I am_on_resume_called: [0,com.mediatek.connectivity.CdsRadioInfoActivity]
01-26 09:49:33.396 21486 21486 I notification_cancel: [10008,15528,com.htc.CustomizationSetup,2131558478,SIM2StateChangeService,0,0,64,8,NULL]
01-26 09:49:33.497 21486 22178 I am_proc_start: [0,20649,10058,com.htc.cs.pns,broadcast,com.htc.cs.pns/com.htc.lib1.cs.push.receiver.SimStateChangeReceiver]
01-26 09:49:33.511 22431 20644 I content_update_sample: [content://com.android.contacts/account_contact_remove?account_name=SIM&account_type=com.htc.contacts.sim_slot2&caller_is_syncadapter=true,delete,,117,com.android.providers.contacts,24]
01-26 09:49:33.534 21486 21486 I notification_cancel: [1001,22179,com.android.phone,8903,NULL,0,0,64,8,NULL]
01-26 09:49:33.538 21486 21486 I notification_cancel: [1001,22179,com.android.phone,17,NULL,0,0,64,8,NULL]
01-26 09:49:33.539 21486 21486 I notification_cancel: [1001,22179,com.android.phone,19,NULL,0,0,64,8,NULL]
01-26 09:49:33.580 21486 22074 I am_proc_bound: [0,20649,com.htc.cs.pns]
01-26 09:49:33.604 21486  7839 I am_proc_died: [0,15528,com.htc.bgp]
01-26 09:49:33.711 22179 20671 I content_update_sample: Binder:22179, Delete uri:content://sms/icc-db/1, selection:null, selectionArgs:null
01-26 09:49:33.740 21486 21517 I binder_sample: [,1,16,system_server,3]
01-26 09:49:33.966 21486 21486 I notification_cancel: [1001,22179,com.android.phone,19,NULL,0,0,64,8,NULL]
01-26 09:49:34.030   341   341 I sf_frame_dur: [com.android.phone/com.android.phone.dualsim.DualNetworkSettingsPreference,16,0,1,1,0,0,0]
01-26 09:49:34.064 21486 21486 I notification_cancel: [1001,22179,com.android.phone,16,NULL,0,0,64,8,NULL]
01-26 09:49:34.120 21486 21486 I notification_cancel: [1001,22179,com.android.phone,19,NULL,0,0,64,8,NULL]
01-26 09:49:34.161 21486 22228 I am_destroy_activity: [0,1028575866,2128,com.android.phone/.dualsim.DualNetworkSettingsPreference,finish-imm]
01-26 09:49:34.191 21486 22796 I wm_task_removed: [2128,removeAppToken: last token]
01-26 09:49:34.191 21486 22796 I wm_task_removed: [2128,removeTask]
01-26 09:49:34.243 21486 22075 I am_proc_start: [0,20682,10008,com.htc.bgp,broadcast,com.htc.CustomizationSetup/.SIMStateChangeReceiver]
01-26 09:49:34.266 21486 22178 I am_proc_bound: [0,20682,com.htc.bgp]
